[INFO] Scanning for projects...
[INFO] ------------------------------------------------------------------------
[INFO] Reactor Build Order:
[INFO] 
[INFO] Apache StreamPipes                                                 [pom]
[INFO] streampipes-archetype-extensions-jvm                   [maven-archetype]
[INFO] streampipes-archetype-pe-sinks-flink                   [maven-archetype]
[INFO] streampipes-archetype-pe-processors-flink              [maven-archetype]
[INFO] StreamPipes Commons                                                [jar]
[INFO] streampipes-service-discovery-api                                  [jar]
[INFO] StreamPipes Logging                                                [jar]
[INFO] streampipes-model-shared                                           [jar]
[INFO] streampipes-vocabulary                                             [jar]
[INFO] streampipes-model                                                  [jar]
[INFO] streampipes-model-client                                           [jar]
[INFO] streampipes-test-utils                                             [jar]
[INFO] streampipes-serializers-json                                       [jar]
[INFO] streampipes-service-discovery-consul                               [jar]
[INFO] streampipes-service-discovery                                      [jar]
[INFO] streampipes-service-base                                           [jar]
[INFO] streampipes-config                                                 [jar]
[INFO] streampipes-messaging                                              [jar]
[INFO] streampipes-messaging-kafka                                        [jar]
[INFO] streampipes-dataformat                                             [jar]
[INFO] streampipes-dataformat-json                                        [jar]
[INFO] streampipes-dataformat-cbor                                        [jar]
[INFO] streampipes-dataformat-fst                                         [jar]
[INFO] streampipes-security-jwt                                           [jar]
[INFO] streampipes-client                                                 [jar]
[INFO] streampipes-data-explorer-commons                                  [jar]
[INFO] streampipes-storage-api                                            [jar]
[INFO] streampipes-storage-couchdb                                        [jar]
[INFO] streampipes-storage-management                                     [jar]
[INFO] streampipes-data-explorer                                          [jar]
[INFO] streampipes-sdk                                                    [jar]
[INFO] streampipes-extensions-api                                         [jar]
[INFO] streampipes-dataformat-smile                                       [jar]
[INFO] streampipes-measurement-units                                      [jar]
[INFO] streampipes-messaging-jms                                          [jar]
[INFO] streampipes-messaging-mqtt                                         [jar]
[INFO] streampipes-messaging-nats                                         [jar]
[INFO] streampipes-extensions-management                                  [jar]
[INFO] streampipes-user-management                                        [jar]
[INFO] streampipes-mail                                                   [jar]
[INFO] streampipes-resource-management                                    [jar]
[INFO] streampipes-pipeline-management                                    [jar]
[INFO] streampipes-data-export                                            [jar]
[INFO] streampipes-rest-shared                                            [jar]
[INFO] streampipes-rest-core-base                                         [jar]
[INFO] streampipes-connect-management                                     [jar]
[INFO] StreamPipes REST API                                               [jar]
[INFO] streampipes-platform-services                                      [jar]
[INFO] StreamPipes Core                                                   [jar]
[INFO] streampipes-rest-extensions                                        [jar]
[INFO] streampipes-service-extensions                                     [jar]
[INFO] Apache StreamPipes Maven Plugin                           [maven-plugin]
[INFO] streampipes-extensions                                             [pom]
[INFO] streampipes-pipeline-elements-shared                               [jar]
[INFO] streampipes-connect-adapters                                       [jar]
[INFO] streampipes-connect-adapters-iiot                                  [jar]
[INFO] streampipes-sdk-bundle                                             [jar]
[INFO] streampipes-wrapper                                                [jar]
[INFO] StreamPipes Wrapper for Standalone Pipeline Element Implementations [jar]
[INFO] streampipes-processors-filters-jvm                                 [jar]
[INFO] streampipes-connectors-influx                                      [jar]
[INFO] streampipes-wrapper-siddhi                                         [jar]
[INFO] streampipes-processors-filters-siddhi                              [jar]
[INFO] streampipes-processors-transformation-jvm                          [jar]
[INFO] streampipes-sinks-brokers-jvm                                      [jar]
[INFO] streampipes-sinks-databases-jvm                                    [jar]
[INFO] streampipes-sinks-internal-jvm                                     [jar]
[INFO] streampipes-sinks-notifications-jvm                                [jar]
[INFO] streampipes-processors-enricher-jvm                                [jar]
[INFO] streampipes-processors-change-detection-jvm                        [jar]
[INFO] streampipes-extensions-all-iiot                                    [jar]
[INFO] streampipes-processors-image-processing-jvm                        [jar]
[INFO] streampipes-processors-text-mining-jvm                             [jar]
[INFO] streampipes-processors-geo-jvm                                     [jar]
[INFO] streampipes-pipeline-elements-all-jvm                              [jar]
[INFO] streampipes-extensions-all-jvm                                     [jar]
[INFO] streampipes-wrapper-distributed                                    [jar]
[INFO] StreamPipes Wrapper for Apache Flink                               [jar]
[INFO] streampipes-processors-aggregation-flink                           [jar]
[INFO] streampipes-processors-enricher-flink                              [jar]
[INFO] streampipes-processors-geo-flink                                   [jar]
[INFO] streampipes-processors-pattern-detection-flink                     [jar]
[INFO] streampipes-processors-statistics-flink                            [jar]
[INFO] streampipes-processors-text-mining-flink                           [jar]
[INFO] streampipes-processors-transformation-flink                        [jar]
[INFO] streampipes-sinks-databases-flink                                  [jar]
[INFO] streampipes-pipeline-elements-all-flink                            [jar]
[INFO] streampipes-pipeline-elements-data-simulator                       [jar]
[INFO] streampipes-sources                                                [jar]
[INFO] streampipes-sources-watertank-simulator                            [jar]
[INFO] streampipes-sources-vehicle-simulator                              [jar]
[INFO] streampipes-wrapper-kafka-streams                                  [jar]
[INFO] streampipes-wrapper-python                                         [jar]
[INFO] StreamPipes Integration Tests                                      [jar]
[INFO] 
[INFO] -------------< org.apache.streampipes:streampipes-parent >--------------
[INFO] Building Apache StreamPipes 0.92.0-SNAPSHOT                       [1/94]
[INFO] --------------------------------[ pom ]---------------------------------
[INFO] 
[INFO] --- maven-clean-plugin:3.2.0:clean (default-clean) @ streampipes-parent ---
[INFO] 
[INFO] --- maven-enforcer-plugin:3.1.0:enforce (enforce-maven-version) @ streampipes-parent ---
[INFO] 
[INFO] --- maven-enforcer-plugin:3.1.0:enforce (enforce-java-version) @ streampipes-parent ---
[INFO] 
[INFO] --- maven-enforcer-plugin:3.1.0:enforce (check-at-least-java-17) @ streampipes-parent ---
[INFO] 
[INFO] --- maven-enforcer-plugin:3.1.0:enforce (enforce-version-convergence) @ streampipes-parent ---
[INFO] 
[INFO] --- maven-checkstyle-plugin:3.2.1:check (validate) @ streampipes-parent ---
[INFO] 
[INFO] --- maven-remote-resources-plugin:1.7.0:process (process-resource-bundles) @ streampipes-parent ---
[INFO] Preparing remote bundle org.apache:apache-jar-resource-bundle:1.4
[INFO] Copying 3 resources from 1 bundle.
[INFO] 
[INFO] --- maven-site-plugin:3.12.1:attach-descriptor (attach-descriptor) @ streampipes-parent ---
[INFO] No site descriptor found: nothing to attach.
[INFO] 
[INFO] --- maven-javadoc-plugin:3.4.1:jar (attach-javadocs) @ streampipes-parent ---
[INFO] Not executing Javadoc as the project is not a Java classpath-capable package
[INFO] 
[INFO] >>> maven-source-plugin:3.2.1:jar (attach-sources) > generate-sources @ streampipes-parent >>>
[INFO] 
[INFO] --- maven-enforcer-plugin:3.1.0:enforce (enforce-maven-version) @ streampipes-parent ---
[INFO] 
[INFO] --- maven-enforcer-plugin:3.1.0:enforce (enforce-java-version) @ streampipes-parent ---
[INFO] 
[INFO] --- maven-enforcer-plugin:3.1.0:enforce (check-at-least-java-17) @ streampipes-parent ---
[INFO] 
[INFO] --- maven-enforcer-plugin:3.1.0:enforce (enforce-version-convergence) @ streampipes-parent ---
[INFO] 
[INFO] --- maven-checkstyle-plugin:3.2.1:check (validate) @ streampipes-parent ---
[INFO] 
[INFO] <<< maven-source-plugin:3.2.1:jar (attach-sources) < generate-sources @ streampipes-parent <<<
[INFO] 
[INFO] 
[INFO] --- maven-source-plugin:3.2.1:jar (attach-sources) @ streampipes-parent ---
[INFO] 
[INFO] ----< org.apache.streampipes:streampipes-archetype-extensions-jvm >-----
[INFO] Building streampipes-archetype-extensions-jvm 0.92.0-SNAPSHOT     [2/94]
[INFO] --------------------------[ maven-archetype ]---------------------------
[INFO] 
[INFO] --- maven-clean-plugin:3.2.0:clean (default-clean) @ streampipes-archetype-extensions-jvm ---
[INFO] 
[INFO] --- maven-enforcer-plugin:3.1.0:enforce (enforce-maven-version) @ streampipes-archetype-extensions-jvm ---
[INFO] 
[INFO] --- maven-enforcer-plugin:3.1.0:enforce (enforce-java-version) @ streampipes-archetype-extensions-jvm ---
[INFO] 
[INFO] --- maven-enforcer-plugin:3.1.0:enforce (check-at-least-java-17) @ streampipes-archetype-extensions-jvm ---
[INFO] 
[INFO] --- maven-enforcer-plugin:3.1.0:enforce (enforce-version-convergence) @ streampipes-archetype-extensions-jvm ---
[INFO] 
[INFO] --- maven-checkstyle-plugin:3.2.1:check (validate) @ streampipes-archetype-extensions-jvm ---
[INFO] 
[INFO] --- maven-remote-resources-plugin:1.7.0:process (process-resource-bundles) @ streampipes-archetype-extensions-jvm ---
[INFO] Preparing remote bundle org.apache:apache-jar-resource-bundle:1.4
[INFO] Copying 3 resources from 1 bundle.
[INFO] 
[INFO] --- maven-resources-plugin:3.3.0:resources (default-resources) @ streampipes-archetype-extensions-jvm ---
[INFO] Copying 14 resources
[INFO] Copying 3 resources
[INFO] 
[INFO] --- maven-resources-plugin:3.3.0:testResources (default-testResources) @ streampipes-archetype-extensions-jvm ---
[INFO] skip non existing resourceDirectory /Users/arian/edu/kth/softfund_dd2480/assignment4/DD2480-Assignment-4/archetypes/streampipes-archetype-extensions-jvm/src/test/resources
[INFO] Copying 3 resources
[INFO] 
[INFO] --- maven-archetype-plugin:3.2.1:jar (default-jar) @ streampipes-archetype-extensions-jvm ---
[INFO] Building archetype jar: /Users/arian/edu/kth/softfund_dd2480/assignment4/DD2480-Assignment-4/archetypes/streampipes-archetype-extensions-jvm/target/streampipes-archetype-extensions-jvm-0.92.0-SNAPSHOT.jar
[INFO] Building jar: /Users/arian/edu/kth/softfund_dd2480/assignment4/DD2480-Assignment-4/archetypes/streampipes-archetype-extensions-jvm/target/streampipes-archetype-extensions-jvm-0.92.0-SNAPSHOT.jar
[INFO] 
[INFO] --- maven-site-plugin:3.12.1:attach-descriptor (attach-descriptor) @ streampipes-archetype-extensions-jvm ---
[INFO] Skipping because packaging 'maven-archetype' is not pom.
[INFO] 
[INFO] --- maven-javadoc-plugin:3.4.1:jar (attach-javadocs) @ streampipes-archetype-extensions-jvm ---
[INFO] Not executing Javadoc as the project is not a Java classpath-capable package
[INFO] 
[INFO] >>> maven-source-plugin:3.2.1:jar (attach-sources) > generate-sources @ streampipes-archetype-extensions-jvm >>>
[INFO] 
[INFO] --- maven-enforcer-plugin:3.1.0:enforce (enforce-maven-version) @ streampipes-archetype-extensions-jvm ---
[INFO] 
[INFO] --- maven-enforcer-plugin:3.1.0:enforce (enforce-java-version) @ streampipes-archetype-extensions-jvm ---
[INFO] 
[INFO] --- maven-enforcer-plugin:3.1.0:enforce (check-at-least-java-17) @ streampipes-archetype-extensions-jvm ---
[INFO] 
[INFO] --- maven-enforcer-plugin:3.1.0:enforce (enforce-version-convergence) @ streampipes-archetype-extensions-jvm ---
[INFO] 
[INFO] --- maven-checkstyle-plugin:3.2.1:check (validate) @ streampipes-archetype-extensions-jvm ---
[INFO] 
[INFO] <<< maven-source-plugin:3.2.1:jar (attach-sources) < generate-sources @ streampipes-archetype-extensions-jvm <<<
[INFO] 
[INFO] 
[INFO] --- maven-source-plugin:3.2.1:jar (attach-sources) @ streampipes-archetype-extensions-jvm ---
[INFO] Building jar: /Users/arian/edu/kth/softfund_dd2480/assignment4/DD2480-Assignment-4/archetypes/streampipes-archetype-extensions-jvm/target/streampipes-archetype-extensions-jvm-0.92.0-SNAPSHOT-sources.jar
[INFO] 
[INFO] ----< org.apache.streampipes:streampipes-archetype-pe-sinks-flink >-----
[INFO] Building streampipes-archetype-pe-sinks-flink 0.92.0-SNAPSHOT     [3/94]
[INFO] --------------------------[ maven-archetype ]---------------------------
[INFO] 
[INFO] --- maven-clean-plugin:3.2.0:clean (default-clean) @ streampipes-archetype-pe-sinks-flink ---
[INFO] 
[INFO] --- maven-enforcer-plugin:3.1.0:enforce (enforce-maven-version) @ streampipes-archetype-pe-sinks-flink ---
[INFO] 
[INFO] --- maven-enforcer-plugin:3.1.0:enforce (enforce-java-version) @ streampipes-archetype-pe-sinks-flink ---
[INFO] 
[INFO] --- maven-enforcer-plugin:3.1.0:enforce (check-at-least-java-17) @ streampipes-archetype-pe-sinks-flink ---
[INFO] 
[INFO] --- maven-enforcer-plugin:3.1.0:enforce (enforce-version-convergence) @ streampipes-archetype-pe-sinks-flink ---
[INFO] 
[INFO] --- maven-checkstyle-plugin:3.2.1:check (validate) @ streampipes-archetype-pe-sinks-flink ---
[INFO] 
[INFO] --- maven-remote-resources-plugin:1.7.0:process (process-resource-bundles) @ streampipes-archetype-pe-sinks-flink ---
[INFO] Preparing remote bundle org.apache:apache-jar-resource-bundle:1.4
[INFO] Copying 3 resources from 1 bundle.
[INFO] 
[INFO] --- maven-resources-plugin:3.3.0:resources (default-resources) @ streampipes-archetype-pe-sinks-flink ---
[INFO] Copying 13 resources
[INFO] Copying 3 resources
[INFO] 
[INFO] --- maven-resources-plugin:3.3.0:testResources (default-testResources) @ streampipes-archetype-pe-sinks-flink ---
[INFO] skip non existing resourceDirectory /Users/arian/edu/kth/softfund_dd2480/assignment4/DD2480-Assignment-4/archetypes/streampipes-archetype-pe-sinks-flink/src/test/resources
[INFO] Copying 3 resources
[INFO] 
[INFO] --- maven-archetype-plugin:3.2.1:jar (default-jar) @ streampipes-archetype-pe-sinks-flink ---
[INFO] Building archetype jar: /Users/arian/edu/kth/softfund_dd2480/assignment4/DD2480-Assignment-4/archetypes/streampipes-archetype-pe-sinks-flink/target/streampipes-archetype-pe-sinks-flink-0.92.0-SNAPSHOT.jar
[INFO] Building jar: /Users/arian/edu/kth/softfund_dd2480/assignment4/DD2480-Assignment-4/archetypes/streampipes-archetype-pe-sinks-flink/target/streampipes-archetype-pe-sinks-flink-0.92.0-SNAPSHOT.jar
[INFO] 
[INFO] --- maven-site-plugin:3.12.1:attach-descriptor (attach-descriptor) @ streampipes-archetype-pe-sinks-flink ---
[INFO] Skipping because packaging 'maven-archetype' is not pom.
[INFO] 
[INFO] --- maven-javadoc-plugin:3.4.1:jar (attach-javadocs) @ streampipes-archetype-pe-sinks-flink ---
[INFO] Not executing Javadoc as the project is not a Java classpath-capable package
[INFO] 
[INFO] >>> maven-source-plugin:3.2.1:jar (attach-sources) > generate-sources @ streampipes-archetype-pe-sinks-flink >>>
[INFO] 
[INFO] --- maven-enforcer-plugin:3.1.0:enforce (enforce-maven-version) @ streampipes-archetype-pe-sinks-flink ---
[INFO] 
[INFO] --- maven-enforcer-plugin:3.1.0:enforce (enforce-java-version) @ streampipes-archetype-pe-sinks-flink ---
[INFO] 
[INFO] --- maven-enforcer-plugin:3.1.0:enforce (check-at-least-java-17) @ streampipes-archetype-pe-sinks-flink ---
[INFO] 
[INFO] --- maven-enforcer-plugin:3.1.0:enforce (enforce-version-convergence) @ streampipes-archetype-pe-sinks-flink ---
[INFO] 
[INFO] --- maven-checkstyle-plugin:3.2.1:check (validate) @ streampipes-archetype-pe-sinks-flink ---
[INFO] 
[INFO] <<< maven-source-plugin:3.2.1:jar (attach-sources) < generate-sources @ streampipes-archetype-pe-sinks-flink <<<
[INFO] 
[INFO] 
[INFO] --- maven-source-plugin:3.2.1:jar (attach-sources) @ streampipes-archetype-pe-sinks-flink ---
[INFO] Building jar: /Users/arian/edu/kth/softfund_dd2480/assignment4/DD2480-Assignment-4/archetypes/streampipes-archetype-pe-sinks-flink/target/streampipes-archetype-pe-sinks-flink-0.92.0-SNAPSHOT-sources.jar
[INFO] 
[INFO] --< org.apache.streampipes:streampipes-archetype-pe-processors-flink >--
[INFO] Building streampipes-archetype-pe-processors-flink 0.92.0-SNAPSHOT [4/94]
[INFO] --------------------------[ maven-archetype ]---------------------------
[INFO] 
[INFO] --- maven-clean-plugin:3.2.0:clean (default-clean) @ streampipes-archetype-pe-processors-flink ---
[INFO] 
[INFO] --- maven-enforcer-plugin:3.1.0:enforce (enforce-maven-version) @ streampipes-archetype-pe-processors-flink ---
[INFO] 
[INFO] --- maven-enforcer-plugin:3.1.0:enforce (enforce-java-version) @ streampipes-archetype-pe-processors-flink ---
[INFO] 
[INFO] --- maven-enforcer-plugin:3.1.0:enforce (check-at-least-java-17) @ streampipes-archetype-pe-processors-flink ---
[INFO] 
[INFO] --- maven-enforcer-plugin:3.1.0:enforce (enforce-version-convergence) @ streampipes-archetype-pe-processors-flink ---
[INFO] 
[INFO] --- maven-checkstyle-plugin:3.2.1:check (validate) @ streampipes-archetype-pe-processors-flink ---
[INFO] 
[INFO] --- maven-remote-resources-plugin:1.7.0:process (process-resource-bundles) @ streampipes-archetype-pe-processors-flink ---
[INFO] Preparing remote bundle org.apache:apache-jar-resource-bundle:1.4
[INFO] Copying 3 resources from 1 bundle.
[INFO] 
[INFO] --- maven-resources-plugin:3.3.0:resources (default-resources) @ streampipes-archetype-pe-processors-flink ---
[INFO] Copying 13 resources
[INFO] Copying 3 resources
[INFO] 
[INFO] --- maven-resources-plugin:3.3.0:testResources (default-testResources) @ streampipes-archetype-pe-processors-flink ---
[INFO] skip non existing resourceDirectory /Users/arian/edu/kth/softfund_dd2480/assignment4/DD2480-Assignment-4/archetypes/streampipes-archetype-pe-processors-flink/src/test/resources
[INFO] Copying 3 resources
[INFO] 
[INFO] --- maven-archetype-plugin:3.2.1:jar (default-jar) @ streampipes-archetype-pe-processors-flink ---
[INFO] Building archetype jar: /Users/arian/edu/kth/softfund_dd2480/assignment4/DD2480-Assignment-4/archetypes/streampipes-archetype-pe-processors-flink/target/streampipes-archetype-pe-processors-flink-0.92.0-SNAPSHOT.jar
[INFO] Building jar: /Users/arian/edu/kth/softfund_dd2480/assignment4/DD2480-Assignment-4/archetypes/streampipes-archetype-pe-processors-flink/target/streampipes-archetype-pe-processors-flink-0.92.0-SNAPSHOT.jar
[INFO] 
[INFO] --- maven-site-plugin:3.12.1:attach-descriptor (attach-descriptor) @ streampipes-archetype-pe-processors-flink ---
[INFO] Skipping because packaging 'maven-archetype' is not pom.
[INFO] 
[INFO] --- maven-javadoc-plugin:3.4.1:jar (attach-javadocs) @ streampipes-archetype-pe-processors-flink ---
[INFO] Not executing Javadoc as the project is not a Java classpath-capable package
[INFO] 
[INFO] >>> maven-source-plugin:3.2.1:jar (attach-sources) > generate-sources @ streampipes-archetype-pe-processors-flink >>>
[INFO] 
[INFO] --- maven-enforcer-plugin:3.1.0:enforce (enforce-maven-version) @ streampipes-archetype-pe-processors-flink ---
[INFO] 
[INFO] --- maven-enforcer-plugin:3.1.0:enforce (enforce-java-version) @ streampipes-archetype-pe-processors-flink ---
[INFO] 
[INFO] --- maven-enforcer-plugin:3.1.0:enforce (check-at-least-java-17) @ streampipes-archetype-pe-processors-flink ---
[INFO] 
[INFO] --- maven-enforcer-plugin:3.1.0:enforce (enforce-version-convergence) @ streampipes-archetype-pe-processors-flink ---
[INFO] 
[INFO] --- maven-checkstyle-plugin:3.2.1:check (validate) @ streampipes-archetype-pe-processors-flink ---
[INFO] 
[INFO] <<< maven-source-plugin:3.2.1:jar (attach-sources) < generate-sources @ streampipes-archetype-pe-processors-flink <<<
[INFO] 
[INFO] 
[INFO] --- maven-source-plugin:3.2.1:jar (attach-sources) @ streampipes-archetype-pe-processors-flink ---
[INFO] Building jar: /Users/arian/edu/kth/softfund_dd2480/assignment4/DD2480-Assignment-4/archetypes/streampipes-archetype-pe-processors-flink/target/streampipes-archetype-pe-processors-flink-0.92.0-SNAPSHOT-sources.jar
[INFO] 
[INFO] -------------< org.apache.streampipes:streampipes-commons >-------------
[INFO] Building StreamPipes Commons 0.92.0-SNAPSHOT                      [5/94]
[INFO] --------------------------------[ jar ]---------------------------------
[INFO] 
[INFO] --- maven-clean-plugin:3.2.0:clean (default-clean) @ streampipes-commons ---
[INFO] Deleting /Users/arian/edu/kth/softfund_dd2480/assignment4/DD2480-Assignment-4/streampipes-commons/target
[INFO] 
[INFO] --- maven-enforcer-plugin:3.1.0:enforce (enforce-maven-version) @ streampipes-commons ---
[INFO] 
[INFO] --- maven-enforcer-plugin:3.1.0:enforce (enforce-java-version) @ streampipes-commons ---
[INFO] 
[INFO] --- maven-enforcer-plugin:3.1.0:enforce (check-at-least-java-17) @ streampipes-commons ---
[INFO] 
[INFO] --- maven-enforcer-plugin:3.1.0:enforce (enforce-version-convergence) @ streampipes-commons ---
[INFO] 
[INFO] --- maven-remote-resources-plugin:1.7.0:process (process-resource-bundles) @ streampipes-commons ---
[INFO] Preparing remote bundle org.apache:apache-jar-resource-bundle:1.4
[INFO] Copying 3 resources from 1 bundle.
[INFO] 
[INFO] --- maven-resources-plugin:3.3.0:resources (default-resources) @ streampipes-commons ---
[INFO] skip non existing resourceDirectory /Users/arian/edu/kth/softfund_dd2480/assignment4/DD2480-Assignment-4/streampipes-commons/src/main/resources
[INFO] Copying 3 resources
[INFO] 
[INFO] --- maven-compiler-plugin:3.10.1:compile (default-compile) @ streampipes-commons ---
[INFO] Changes detected - recompiling the module!
[INFO] Compiling 48 source files to /Users/arian/edu/kth/softfund_dd2480/assignment4/DD2480-Assignment-4/streampipes-commons/target/classes
[INFO] /Users/arian/edu/kth/softfund_dd2480/assignment4/DD2480-Assignment-4/streampipes-commons/src/main/java/org/apache/streampipes/commons/environment/DefaultEnvironment.java: /Users/arian/edu/kth/softfund_dd2480/assignment4/DD2480-Assignment-4/streampipes-commons/src/main/java/org/apache/streampipes/commons/environment/DefaultEnvironment.java uses or overrides a deprecated API that is marked for removal.
[INFO] /Users/arian/edu/kth/softfund_dd2480/assignment4/DD2480-Assignment-4/streampipes-commons/src/main/java/org/apache/streampipes/commons/environment/DefaultEnvironment.java: Recompile with -Xlint:removal for details.
[INFO] 
[INFO] --- maven-resources-plugin:3.3.0:testResources (default-testResources) @ streampipes-commons ---
[INFO] skip non existing resourceDirectory /Users/arian/edu/kth/softfund_dd2480/assignment4/DD2480-Assignment-4/streampipes-commons/src/test/resources
[INFO] Copying 3 resources
[INFO] 
[INFO] --- maven-compiler-plugin:3.10.1:testCompile (default-testCompile) @ streampipes-commons ---
[INFO] No sources to compile
[INFO] 
[INFO] --- maven-surefire-plugin:2.22.2:test (default-test) @ streampipes-commons ---
[INFO] 
[INFO] --- maven-jar-plugin:3.3.0:jar (default-jar) @ streampipes-commons ---
[INFO] Building jar: /Users/arian/edu/kth/softfund_dd2480/assignment4/DD2480-Assignment-4/streampipes-commons/target/streampipes-commons-0.92.0-SNAPSHOT.jar
[INFO] 
[INFO] --- maven-site-plugin:3.12.1:attach-descriptor (attach-descriptor) @ streampipes-commons ---
[INFO] Skipping because packaging 'jar' is not pom.
[INFO] 
[INFO] --- maven-javadoc-plugin:3.4.1:jar (attach-javadocs) @ streampipes-commons ---
[INFO] No previous run data found, generating javadoc.
[INFO] Building jar: /Users/arian/edu/kth/softfund_dd2480/assignment4/DD2480-Assignment-4/streampipes-commons/target/streampipes-commons-0.92.0-SNAPSHOT-javadoc.jar
[INFO] 
[INFO] >>> maven-source-plugin:3.2.1:jar (attach-sources) > generate-sources @ streampipes-commons >>>
[INFO] 
[INFO] --- maven-enforcer-plugin:3.1.0:enforce (enforce-maven-version) @ streampipes-commons ---
[INFO] 
[INFO] --- maven-enforcer-plugin:3.1.0:enforce (enforce-java-version) @ streampipes-commons ---
[INFO] 
[INFO] --- maven-enforcer-plugin:3.1.0:enforce (check-at-least-java-17) @ streampipes-commons ---
[INFO] 
[INFO] --- maven-enforcer-plugin:3.1.0:enforce (enforce-version-convergence) @ streampipes-commons ---
[INFO] 
[INFO] <<< maven-source-plugin:3.2.1:jar (attach-sources) < generate-sources @ streampipes-commons <<<
[INFO] 
[INFO] 
[INFO] --- maven-source-plugin:3.2.1:jar (attach-sources) @ streampipes-commons ---
[INFO] Building jar: /Users/arian/edu/kth/softfund_dd2480/assignment4/DD2480-Assignment-4/streampipes-commons/target/streampipes-commons-0.92.0-SNAPSHOT-sources.jar
[INFO] 
[INFO] ------< org.apache.streampipes:streampipes-service-discovery-api >------
[INFO] Building streampipes-service-discovery-api 0.92.0-SNAPSHOT        [6/94]
[INFO] --------------------------------[ jar ]---------------------------------
[INFO] 
[INFO] --- maven-clean-plugin:3.2.0:clean (default-clean) @ streampipes-service-discovery-api ---
[INFO] Deleting /Users/arian/edu/kth/softfund_dd2480/assignment4/DD2480-Assignment-4/streampipes-service-discovery-api/target
[INFO] 
[INFO] --- maven-enforcer-plugin:3.1.0:enforce (enforce-maven-version) @ streampipes-service-discovery-api ---
[INFO] 
[INFO] --- maven-enforcer-plugin:3.1.0:enforce (enforce-java-version) @ streampipes-service-discovery-api ---
[INFO] 
[INFO] --- maven-enforcer-plugin:3.1.0:enforce (check-at-least-java-17) @ streampipes-service-discovery-api ---
[INFO] 
[INFO] --- maven-enforcer-plugin:3.1.0:enforce (enforce-version-convergence) @ streampipes-service-discovery-api ---
[INFO] 
[INFO] --- maven-checkstyle-plugin:3.2.1:check (validate) @ streampipes-service-discovery-api ---
[INFO] 
[INFO] --- maven-remote-resources-plugin:1.7.0:process (process-resource-bundles) @ streampipes-service-discovery-api ---
[INFO] Preparing remote bundle org.apache:apache-jar-resource-bundle:1.4
[INFO] Copying 3 resources from 1 bundle.
[INFO] 
[INFO] --- maven-resources-plugin:3.3.0:resources (default-resources) @ streampipes-service-discovery-api ---
[INFO] skip non existing resourceDirectory /Users/arian/edu/kth/softfund_dd2480/assignment4/DD2480-Assignment-4/streampipes-service-discovery-api/src/main/resources
[INFO] Copying 3 resources
[INFO] 
[INFO] --- maven-compiler-plugin:3.10.1:compile (default-compile) @ streampipes-service-discovery-api ---
[INFO] Changes detected - recompiling the module!
[INFO] Compiling 14 source files to /Users/arian/edu/kth/softfund_dd2480/assignment4/DD2480-Assignment-4/streampipes-service-discovery-api/target/classes
[INFO] 
[INFO] --- maven-resources-plugin:3.3.0:testResources (default-testResources) @ streampipes-service-discovery-api ---
[INFO] skip non existing resourceDirectory /Users/arian/edu/kth/softfund_dd2480/assignment4/DD2480-Assignment-4/streampipes-service-discovery-api/src/test/resources
[INFO] Copying 3 resources
[INFO] 
[INFO] --- maven-compiler-plugin:3.10.1:testCompile (default-testCompile) @ streampipes-service-discovery-api ---
[INFO] No sources to compile
[INFO] 
[INFO] --- maven-surefire-plugin:2.22.2:test (default-test) @ streampipes-service-discovery-api ---
[INFO] 
[INFO] --- maven-jar-plugin:3.3.0:jar (default-jar) @ streampipes-service-discovery-api ---
[INFO] Building jar: /Users/arian/edu/kth/softfund_dd2480/assignment4/DD2480-Assignment-4/streampipes-service-discovery-api/target/streampipes-service-discovery-api-0.92.0-SNAPSHOT.jar
[INFO] 
[INFO] --- maven-site-plugin:3.12.1:attach-descriptor (attach-descriptor) @ streampipes-service-discovery-api ---
[INFO] Skipping because packaging 'jar' is not pom.
[INFO] 
[INFO] --- maven-javadoc-plugin:3.4.1:jar (attach-javadocs) @ streampipes-service-discovery-api ---
[INFO] No previous run data found, generating javadoc.
[INFO] Building jar: /Users/arian/edu/kth/softfund_dd2480/assignment4/DD2480-Assignment-4/streampipes-service-discovery-api/target/streampipes-service-discovery-api-0.92.0-SNAPSHOT-javadoc.jar
[INFO] 
[INFO] >>> maven-source-plugin:3.2.1:jar (attach-sources) > generate-sources @ streampipes-service-discovery-api >>>
[INFO] 
[INFO] --- maven-enforcer-plugin:3.1.0:enforce (enforce-maven-version) @ streampipes-service-discovery-api ---
[INFO] 
[INFO] --- maven-enforcer-plugin:3.1.0:enforce (enforce-java-version) @ streampipes-service-discovery-api ---
[INFO] 
[INFO] --- maven-enforcer-plugin:3.1.0:enforce (check-at-least-java-17) @ streampipes-service-discovery-api ---
[INFO] 
[INFO] --- maven-enforcer-plugin:3.1.0:enforce (enforce-version-convergence) @ streampipes-service-discovery-api ---
[INFO] 
[INFO] --- maven-checkstyle-plugin:3.2.1:check (validate) @ streampipes-service-discovery-api ---
[INFO] 
[INFO] <<< maven-source-plugin:3.2.1:jar (attach-sources) < generate-sources @ streampipes-service-discovery-api <<<
[INFO] 
[INFO] 
[INFO] --- maven-source-plugin:3.2.1:jar (attach-sources) @ streampipes-service-discovery-api ---
[INFO] Building jar: /Users/arian/edu/kth/softfund_dd2480/assignment4/DD2480-Assignment-4/streampipes-service-discovery-api/target/streampipes-service-discovery-api-0.92.0-SNAPSHOT-sources.jar
[INFO] 
[INFO] -------------< org.apache.streampipes:streampipes-logging >-------------
[INFO] Building StreamPipes Logging 0.92.0-SNAPSHOT                      [7/94]
[INFO] --------------------------------[ jar ]---------------------------------
[INFO] 
[INFO] --- maven-clean-plugin:3.2.0:clean (default-clean) @ streampipes-logging ---
[INFO] Deleting /Users/arian/edu/kth/softfund_dd2480/assignment4/DD2480-Assignment-4/streampipes-logging/target
[INFO] 
[INFO] --- maven-enforcer-plugin:3.1.0:enforce (enforce-maven-version) @ streampipes-logging ---
[INFO] 
[INFO] --- maven-enforcer-plugin:3.1.0:enforce (enforce-java-version) @ streampipes-logging ---
[INFO] 
[INFO] --- maven-enforcer-plugin:3.1.0:enforce (check-at-least-java-17) @ streampipes-logging ---
[INFO] 
[INFO] --- maven-enforcer-plugin:3.1.0:enforce (enforce-version-convergence) @ streampipes-logging ---
[INFO] 
[INFO] --- maven-checkstyle-plugin:3.2.1:check (validate) @ streampipes-logging ---
[INFO] 
[INFO] --- maven-remote-resources-plugin:1.7.0:process (process-resource-bundles) @ streampipes-logging ---
[INFO] Preparing remote bundle org.apache:apache-jar-resource-bundle:1.4
[INFO] Copying 3 resources from 1 bundle.
[INFO] 
[INFO] --- maven-resources-plugin:3.3.0:resources (default-resources) @ streampipes-logging ---
[INFO] skip non existing resourceDirectory /Users/arian/edu/kth/softfund_dd2480/assignment4/DD2480-Assignment-4/streampipes-logging/src/main/resources
[INFO] Copying 3 resources
[INFO] 
[INFO] --- maven-compiler-plugin:3.10.1:compile (default-compile) @ streampipes-logging ---
[INFO] Changes detected - recompiling the module!
[INFO] Compiling 6 source files to /Users/arian/edu/kth/softfund_dd2480/assignment4/DD2480-Assignment-4/streampipes-logging/target/classes
[INFO] 
[INFO] --- maven-resources-plugin:3.3.0:testResources (default-testResources) @ streampipes-logging ---
[INFO] skip non existing resourceDirectory /Users/arian/edu/kth/softfund_dd2480/assignment4/DD2480-Assignment-4/streampipes-logging/src/test/resources
[INFO] Copying 3 resources
[INFO] 
[INFO] --- maven-compiler-plugin:3.10.1:testCompile (default-testCompile) @ streampipes-logging ---
[INFO] No sources to compile
[INFO] 
[INFO] --- maven-surefire-plugin:2.22.2:test (default-test) @ streampipes-logging ---
[INFO] 
[INFO] --- maven-jar-plugin:3.3.0:jar (default-jar) @ streampipes-logging ---
[INFO] Building jar: /Users/arian/edu/kth/softfund_dd2480/assignment4/DD2480-Assignment-4/streampipes-logging/target/streampipes-logging-0.92.0-SNAPSHOT.jar
[INFO] 
[INFO] --- maven-site-plugin:3.12.1:attach-descriptor (attach-descriptor) @ streampipes-logging ---
[INFO] Skipping because packaging 'jar' is not pom.
[INFO] 
[INFO] --- maven-javadoc-plugin:3.4.1:jar (attach-javadocs) @ streampipes-logging ---
[INFO] No previous run data found, generating javadoc.
[INFO] Building jar: /Users/arian/edu/kth/softfund_dd2480/assignment4/DD2480-Assignment-4/streampipes-logging/target/streampipes-logging-0.92.0-SNAPSHOT-javadoc.jar
[INFO] 
[INFO] >>> maven-source-plugin:3.2.1:jar (attach-sources) > generate-sources @ streampipes-logging >>>
[INFO] 
[INFO] --- maven-enforcer-plugin:3.1.0:enforce (enforce-maven-version) @ streampipes-logging ---
[INFO] 
[INFO] --- maven-enforcer-plugin:3.1.0:enforce (enforce-java-version) @ streampipes-logging ---
[INFO] 
[INFO] --- maven-enforcer-plugin:3.1.0:enforce (check-at-least-java-17) @ streampipes-logging ---
[INFO] 
[INFO] --- maven-enforcer-plugin:3.1.0:enforce (enforce-version-convergence) @ streampipes-logging ---
[INFO] 
[INFO] --- maven-checkstyle-plugin:3.2.1:check (validate) @ streampipes-logging ---
[INFO] 
[INFO] <<< maven-source-plugin:3.2.1:jar (attach-sources) < generate-sources @ streampipes-logging <<<
[INFO] 
[INFO] 
[INFO] --- maven-source-plugin:3.2.1:jar (attach-sources) @ streampipes-logging ---
[INFO] Building jar: /Users/arian/edu/kth/softfund_dd2480/assignment4/DD2480-Assignment-4/streampipes-logging/target/streampipes-logging-0.92.0-SNAPSHOT-sources.jar
[INFO] 
[INFO] ----------< org.apache.streampipes:streampipes-model-shared >-----------
[INFO] Building streampipes-model-shared 0.92.0-SNAPSHOT                 [8/94]
[INFO] --------------------------------[ jar ]---------------------------------
[INFO] 
[INFO] --- maven-clean-plugin:3.2.0:clean (default-clean) @ streampipes-model-shared ---
[INFO] Deleting /Users/arian/edu/kth/softfund_dd2480/assignment4/DD2480-Assignment-4/streampipes-model-shared/target
[INFO] 
[INFO] --- maven-enforcer-plugin:3.1.0:enforce (enforce-maven-version) @ streampipes-model-shared ---
[INFO] 
[INFO] --- maven-enforcer-plugin:3.1.0:enforce (enforce-java-version) @ streampipes-model-shared ---
[INFO] 
[INFO] --- maven-enforcer-plugin:3.1.0:enforce (check-at-least-java-17) @ streampipes-model-shared ---
[INFO] 
[INFO] --- maven-enforcer-plugin:3.1.0:enforce (enforce-version-convergence) @ streampipes-model-shared ---
[INFO] 
[INFO] --- maven-checkstyle-plugin:3.2.1:check (validate) @ streampipes-model-shared ---
[INFO] 
[INFO] --- maven-remote-resources-plugin:1.7.0:process (process-resource-bundles) @ streampipes-model-shared ---
[INFO] Preparing remote bundle org.apache:apache-jar-resource-bundle:1.4
[INFO] Copying 3 resources from 1 bundle.
[INFO] 
[INFO] --- maven-resources-plugin:3.3.0:resources (default-resources) @ streampipes-model-shared ---
[INFO] skip non existing resourceDirectory /Users/arian/edu/kth/softfund_dd2480/assignment4/DD2480-Assignment-4/streampipes-model-shared/src/main/resources
[INFO] Copying 3 resources
[INFO] 
[INFO] --- maven-compiler-plugin:3.10.1:compile (default-compile) @ streampipes-model-shared ---
[INFO] Changes detected - recompiling the module!
[INFO] Compiling 2 source files to /Users/arian/edu/kth/softfund_dd2480/assignment4/DD2480-Assignment-4/streampipes-model-shared/target/classes
[INFO] 
[INFO] --- maven-resources-plugin:3.3.0:testResources (default-testResources) @ streampipes-model-shared ---
[INFO] skip non existing resourceDirectory /Users/arian/edu/kth/softfund_dd2480/assignment4/DD2480-Assignment-4/streampipes-model-shared/src/test/resources
[INFO] Copying 3 resources
[INFO] 
[INFO] --- maven-compiler-plugin:3.10.1:testCompile (default-testCompile) @ streampipes-model-shared ---
[INFO] No sources to compile
[INFO] 
[INFO] --- maven-surefire-plugin:2.22.2:test (default-test) @ streampipes-model-shared ---
[INFO] 
[INFO] --- maven-jar-plugin:3.3.0:jar (default-jar) @ streampipes-model-shared ---
[INFO] Building jar: /Users/arian/edu/kth/softfund_dd2480/assignment4/DD2480-Assignment-4/streampipes-model-shared/target/streampipes-model-shared-0.92.0-SNAPSHOT.jar
[INFO] 
[INFO] --- maven-site-plugin:3.12.1:attach-descriptor (attach-descriptor) @ streampipes-model-shared ---
[INFO] Skipping because packaging 'jar' is not pom.
[INFO] 
[INFO] --- maven-javadoc-plugin:3.4.1:jar (attach-javadocs) @ streampipes-model-shared ---
[INFO] No previous run data found, generating javadoc.
[INFO] Building jar: /Users/arian/edu/kth/softfund_dd2480/assignment4/DD2480-Assignment-4/streampipes-model-shared/target/streampipes-model-shared-0.92.0-SNAPSHOT-javadoc.jar
[INFO] 
[INFO] >>> maven-source-plugin:3.2.1:jar (attach-sources) > generate-sources @ streampipes-model-shared >>>
[INFO] 
[INFO] --- maven-enforcer-plugin:3.1.0:enforce (enforce-maven-version) @ streampipes-model-shared ---
[INFO] 
[INFO] --- maven-enforcer-plugin:3.1.0:enforce (enforce-java-version) @ streampipes-model-shared ---
[INFO] 
[INFO] --- maven-enforcer-plugin:3.1.0:enforce (check-at-least-java-17) @ streampipes-model-shared ---
[INFO] 
[INFO] --- maven-enforcer-plugin:3.1.0:enforce (enforce-version-convergence) @ streampipes-model-shared ---
[INFO] 
[INFO] --- maven-checkstyle-plugin:3.2.1:check (validate) @ streampipes-model-shared ---
[INFO] 
[INFO] <<< maven-source-plugin:3.2.1:jar (attach-sources) < generate-sources @ streampipes-model-shared <<<
[INFO] 
[INFO] 
[INFO] --- maven-source-plugin:3.2.1:jar (attach-sources) @ streampipes-model-shared ---
[INFO] Building jar: /Users/arian/edu/kth/softfund_dd2480/assignment4/DD2480-Assignment-4/streampipes-model-shared/target/streampipes-model-shared-0.92.0-SNAPSHOT-sources.jar
[INFO] 
[INFO] -----------< org.apache.streampipes:streampipes-vocabulary >------------
[INFO] Building streampipes-vocabulary 0.92.0-SNAPSHOT                   [9/94]
[INFO] --------------------------------[ jar ]---------------------------------
[INFO] 
[INFO] --- maven-clean-plugin:3.2.0:clean (default-clean) @ streampipes-vocabulary ---
[INFO] Deleting /Users/arian/edu/kth/softfund_dd2480/assignment4/DD2480-Assignment-4/streampipes-vocabulary/target
[INFO] 
[INFO] --- maven-enforcer-plugin:3.1.0:enforce (enforce-maven-version) @ streampipes-vocabulary ---
[INFO] 
[INFO] --- maven-enforcer-plugin:3.1.0:enforce (enforce-java-version) @ streampipes-vocabulary ---
[INFO] 
[INFO] --- maven-enforcer-plugin:3.1.0:enforce (check-at-least-java-17) @ streampipes-vocabulary ---
[INFO] 
[INFO] --- maven-enforcer-plugin:3.1.0:enforce (enforce-version-convergence) @ streampipes-vocabulary ---
[INFO] 
[INFO] --- maven-checkstyle-plugin:3.2.1:check (validate) @ streampipes-vocabulary ---
[INFO] 
[INFO] --- maven-remote-resources-plugin:1.7.0:process (process-resource-bundles) @ streampipes-vocabulary ---
[INFO] Preparing remote bundle org.apache:apache-jar-resource-bundle:1.4
[INFO] Copying 3 resources from 1 bundle.
[INFO] 
[INFO] --- maven-resources-plugin:3.3.0:resources (default-resources) @ streampipes-vocabulary ---
[INFO] skip non existing resourceDirectory /Users/arian/edu/kth/softfund_dd2480/assignment4/DD2480-Assignment-4/streampipes-vocabulary/src/main/resources
[INFO] Copying 3 resources
[INFO] 
[INFO] --- maven-compiler-plugin:3.10.1:compile (default-compile) @ streampipes-vocabulary ---
[INFO] Changes detected - recompiling the module!
[INFO] Compiling 14 source files to /Users/arian/edu/kth/softfund_dd2480/assignment4/DD2480-Assignment-4/streampipes-vocabulary/target/classes
[INFO] 
[INFO] --- maven-resources-plugin:3.3.0:testResources (default-testResources) @ streampipes-vocabulary ---
[INFO] skip non existing resourceDirectory /Users/arian/edu/kth/softfund_dd2480/assignment4/DD2480-Assignment-4/streampipes-vocabulary/src/test/resources
[INFO] Copying 3 resources
[INFO] 
[INFO] --- maven-compiler-plugin:3.10.1:testCompile (default-testCompile) @ streampipes-vocabulary ---
[INFO] No sources to compile
[INFO] 
[INFO] --- maven-surefire-plugin:2.22.2:test (default-test) @ streampipes-vocabulary ---
[INFO] 
[INFO] --- maven-jar-plugin:3.3.0:jar (default-jar) @ streampipes-vocabulary ---
[INFO] Building jar: /Users/arian/edu/kth/softfund_dd2480/assignment4/DD2480-Assignment-4/streampipes-vocabulary/target/streampipes-vocabulary-0.92.0-SNAPSHOT.jar
[INFO] 
[INFO] --- maven-site-plugin:3.12.1:attach-descriptor (attach-descriptor) @ streampipes-vocabulary ---
[INFO] Skipping because packaging 'jar' is not pom.
[INFO] 
[INFO] --- maven-javadoc-plugin:3.4.1:jar (attach-javadocs) @ streampipes-vocabulary ---
[INFO] No previous run data found, generating javadoc.
[INFO] Building jar: /Users/arian/edu/kth/softfund_dd2480/assignment4/DD2480-Assignment-4/streampipes-vocabulary/target/streampipes-vocabulary-0.92.0-SNAPSHOT-javadoc.jar
[INFO] 
[INFO] >>> maven-source-plugin:3.2.1:jar (attach-sources) > generate-sources @ streampipes-vocabulary >>>
[INFO] 
[INFO] --- maven-enforcer-plugin:3.1.0:enforce (enforce-maven-version) @ streampipes-vocabulary ---
[INFO] 
[INFO] --- maven-enforcer-plugin:3.1.0:enforce (enforce-java-version) @ streampipes-vocabulary ---
[INFO] 
[INFO] --- maven-enforcer-plugin:3.1.0:enforce (check-at-least-java-17) @ streampipes-vocabulary ---
[INFO] 
[INFO] --- maven-enforcer-plugin:3.1.0:enforce (enforce-version-convergence) @ streampipes-vocabulary ---
[INFO] 
[INFO] --- maven-checkstyle-plugin:3.2.1:check (validate) @ streampipes-vocabulary ---
[INFO] 
[INFO] <<< maven-source-plugin:3.2.1:jar (attach-sources) < generate-sources @ streampipes-vocabulary <<<
[INFO] 
[INFO] 
[INFO] --- maven-source-plugin:3.2.1:jar (attach-sources) @ streampipes-vocabulary ---
[INFO] Building jar: /Users/arian/edu/kth/softfund_dd2480/assignment4/DD2480-Assignment-4/streampipes-vocabulary/target/streampipes-vocabulary-0.92.0-SNAPSHOT-sources.jar
[INFO] 
[INFO] --------------< org.apache.streampipes:streampipes-model >--------------
[INFO] Building streampipes-model 0.92.0-SNAPSHOT                       [10/94]
[INFO] --------------------------------[ jar ]---------------------------------
[INFO] 
[INFO] --- maven-clean-plugin:3.2.0:clean (default-clean) @ streampipes-model ---
[INFO] Deleting /Users/arian/edu/kth/softfund_dd2480/assignment4/DD2480-Assignment-4/streampipes-model/target
[INFO] 
[INFO] --- maven-enforcer-plugin:3.1.0:enforce (enforce-maven-version) @ streampipes-model ---
[INFO] 
[INFO] --- maven-enforcer-plugin:3.1.0:enforce (enforce-java-version) @ streampipes-model ---
[INFO] 
[INFO] --- maven-enforcer-plugin:3.1.0:enforce (check-at-least-java-17) @ streampipes-model ---
[INFO] 
[INFO] --- maven-enforcer-plugin:3.1.0:enforce (enforce-version-convergence) @ streampipes-model ---
[INFO] 
[INFO] --- maven-checkstyle-plugin:3.2.1:check (validate) @ streampipes-model ---
[INFO] 
[INFO] --- maven-remote-resources-plugin:1.7.0:process (process-resource-bundles) @ streampipes-model ---
[INFO] Preparing remote bundle org.apache:apache-jar-resource-bundle:1.4
[INFO] Copying 3 resources from 1 bundle.
[INFO] 
[INFO] --- maven-resources-plugin:3.3.0:resources (default-resources) @ streampipes-model ---
[INFO] skip non existing resourceDirectory /Users/arian/edu/kth/softfund_dd2480/assignment4/DD2480-Assignment-4/streampipes-model/src/main/resources
[INFO] Copying 3 resources
[INFO] 
[INFO] --- maven-compiler-plugin:3.10.1:compile (default-compile) @ streampipes-model ---
[INFO] Changes detected - recompiling the module!
[INFO] Compiling 230 source files to /Users/arian/edu/kth/softfund_dd2480/assignment4/DD2480-Assignment-4/streampipes-model/target/classes
[INFO] /Users/arian/edu/kth/softfund_dd2480/assignment4/DD2480-Assignment-4/streampipes-model/src/main/java/org/apache/streampipes/model/staticproperty/StaticPropertyVisitor.java: Some input files use or override a deprecated API.
[INFO] /Users/arian/edu/kth/softfund_dd2480/assignment4/DD2480-Assignment-4/streampipes-model/src/main/java/org/apache/streampipes/model/staticproperty/StaticPropertyVisitor.java: Recompile with -Xlint:deprecation for details.
[INFO] /Users/arian/edu/kth/softfund_dd2480/assignment4/DD2480-Assignment-4/streampipes-model/src/main/java/org/apache/streampipes/model/runtime/EventFactory.java: /Users/arian/edu/kth/softfund_dd2480/assignment4/DD2480-Assignment-4/streampipes-model/src/main/java/org/apache/streampipes/model/runtime/EventFactory.java uses unchecked or unsafe operations.
[INFO] /Users/arian/edu/kth/softfund_dd2480/assignment4/DD2480-Assignment-4/streampipes-model/src/main/java/org/apache/streampipes/model/runtime/EventFactory.java: Recompile with -Xlint:unchecked for details.
[INFO] 
[INFO] --- typescript-generator-maven-plugin:3.1.1185:generate (generate) @ streampipes-model ---
Running TypeScriptGenerator version 3.1.1185
Loading class cz.habarta.typescript.generator.ext.JsonDeserializationExtension
Loading class org.apache.streampipes.model.shared.annotation.TsIgnore
Loading class java.net.URI
Warning: Annotation 'org.apache.streampipes.model.shared.annotation.TsIgnore' has no effect because it doesn't have 'RUNTIME' retention.
Scanning classpath
Scanning finished in 0.31 seconds. Total number of classes: 3084.
Parsing 'org.apache.streampipes.model.AdapterType'
Parsing 'org.apache.streampipes.model.DataProcessorType'
Parsing 'org.apache.streampipes.model.DataSinkType'
Parsing 'org.apache.streampipes.model.SpDataStreamContainer'
Parsing 'org.apache.streampipes.model.StreamPipesErrorMessage'
Parsing 'org.apache.streampipes.model.UserInfo'
Parsing 'org.apache.streampipes.model.base.NamedStreamPipesEntity'
Parsing 'org.apache.streampipes.model.canvas.PipelineCanvasMetadata'
Parsing 'org.apache.streampipes.model.connect.adapter.AdapterDescription'
Parsing 'org.apache.streampipes.model.connect.adapter.GenericAdapterSetDescription'
Parsing 'org.apache.streampipes.model.connect.adapter.GenericAdapterStreamDescription'
Parsing 'org.apache.streampipes.model.connect.adapter.SpecificAdapterSetDescription'
Parsing 'org.apache.streampipes.model.connect.adapter.SpecificAdapterStreamDescription'
Parsing 'org.apache.streampipes.model.connect.grounding.ProtocolDescription'
Parsing 'org.apache.streampipes.model.connect.guess.AdapterEventPreview'
Parsing 'org.apache.streampipes.model.connect.guess.GuessSchema'
Parsing 'org.apache.streampipes.model.connect.rules.DebugSinkRuleDescription'
Parsing 'org.apache.streampipes.model.connect.rules.TransformationRuleDescription'
Parsing 'org.apache.streampipes.model.dashboard.DashboardModel'
Parsing 'org.apache.streampipes.model.dashboard.DashboardWidgetModel'
Parsing 'org.apache.streampipes.model.dashboard.DashboardWidgetSettings'
Parsing 'org.apache.streampipes.model.dashboard.VisualizablePipeline'
Parsing 'org.apache.streampipes.model.datalake.DataLakeMeasure'
Parsing 'org.apache.streampipes.model.datalake.DataSeries'
Parsing 'org.apache.streampipes.model.datalake.PageResult'
Parsing 'org.apache.streampipes.model.datalake.PersistedDataStream'
Parsing 'org.apache.streampipes.model.datalake.SpQueryResult'
Parsing 'org.apache.streampipes.model.export.ExportConfiguration'
Parsing 'org.apache.streampipes.model.export.StreamPipesApplicationPackage'
Parsing 'org.apache.streampipes.model.file.FileMetadata'
Parsing 'org.apache.streampipes.model.function.FunctionDefinition'
Parsing 'org.apache.streampipes.model.function.FunctionId'
Parsing 'org.apache.streampipes.model.labeling.Category'
Parsing 'org.apache.streampipes.model.labeling.Label'
Parsing 'org.apache.streampipes.model.message.DataSetModificationMessage'
Parsing 'org.apache.streampipes.model.message.ErrorMessage'
Parsing 'org.apache.streampipes.model.message.Message'
Parsing 'org.apache.streampipes.model.message.PipelineModificationMessage'
Parsing 'org.apache.streampipes.model.message.PipelineStatusMessage'
Parsing 'org.apache.streampipes.model.message.SuccessMessage'
Parsing 'org.apache.streampipes.model.monitoring.ConsumedMessagesInfo'
Parsing 'org.apache.streampipes.model.monitoring.PipelineMonitoringInfo'
Parsing 'org.apache.streampipes.model.monitoring.ProducedMessagesInfo'
Parsing 'org.apache.streampipes.model.monitoring.SpLogEntry'
Parsing 'org.apache.streampipes.model.monitoring.SpMetricsEntry'
Parsing 'org.apache.streampipes.model.pipeline.Pipeline'
Parsing 'org.apache.streampipes.model.pipeline.PipelineCategory'
Parsing 'org.apache.streampipes.model.pipeline.PipelineElementRecommendationMessage'
Parsing 'org.apache.streampipes.model.pipeline.PipelineOperationStatus'
Parsing 'org.apache.streampipes.model.preview.PipelinePreviewModel'
Parsing 'org.apache.streampipes.model.runtime.RuntimeOptionsRequest'
Parsing 'org.apache.streampipes.model.runtime.RuntimeOptionsResponse'
Parsing 'org.apache.streampipes.model.staticproperty.StaticProperty'
Parsing 'org.apache.streampipes.model.template.PipelineElementTemplate'
Parsing 'org.apache.streampipes.model.template.PipelineTemplateDescription'
Parsing 'org.apache.streampipes.model.template.PipelineTemplateInvocation'
Parsing 'org.apache.streampipes.model.SpDataStream' used in 'SpDataStreamContainer.list'
Parsing 'org.apache.streampipes.model.canvas.PipelineElementMetadata' used in 'PipelineCanvasMetadata.pipelineElementMetadata'
Parsing 'org.apache.streampipes.model.canvas.PipelineCanvasComment' used in 'PipelineCanvasMetadata.comments'
Parsing 'org.apache.streampipes.model.grounding.EventGrounding' used in 'AdapterDescription.eventGrounding'
Parsing 'org.apache.streampipes.model.schema.EventSchema' used in 'AdapterDescription.eventSchema'
Parsing 'org.apache.streampipes.model.SpDataSet' used in 'GenericAdapterSetDescription.dataSet'
Parsing 'org.apache.streampipes.model.connect.grounding.FormatDescription' used in 'GenericAdapterSetDescription.formatDescription'
Parsing 'org.apache.streampipes.model.connect.adapter.AdapterSetDescription' used in 'GenericAdapterSetDescription.<superClass>'
Parsing 'org.apache.streampipes.model.connect.adapter.GenericAdapterDescription' used in 'GenericAdapterSetDescription.<interface>'
Parsing 'org.apache.streampipes.model.connect.adapter.AdapterStreamDescription' used in 'GenericAdapterStreamDescription.<superClass>'
Parsing 'org.apache.streampipes.model.connect.guess.GuessTypeInfo' used in 'AdapterEventPreview.inputData'
Parsing 'org.apache.streampipes.model.connect.guess.FieldStatusInfo' used in 'GuessSchema.fieldStatusInfo'
Parsing 'org.apache.streampipes.model.connect.rules.value.AddTimestampRuleDescription' used in 'TransformationRuleDescription.<subClass>'
Parsing 'org.apache.streampipes.model.connect.rules.value.AddValueTransformationRuleDescription' used in 'TransformationRuleDescription.<subClass>'
Parsing 'org.apache.streampipes.model.connect.rules.value.TimestampTranfsformationRuleDescription' used in 'TransformationRuleDescription.<subClass>'
Parsing 'org.apache.streampipes.model.connect.rules.value.UnitTransformRuleDescription' used in 'TransformationRuleDescription.<subClass>'
Parsing 'org.apache.streampipes.model.connect.rules.stream.EventRateTransformationRuleDescription' used in 'TransformationRuleDescription.<subClass>'
Parsing 'org.apache.streampipes.model.connect.rules.stream.RemoveDuplicatesTransformationRuleDescription' used in 'TransformationRuleDescription.<subClass>'
Parsing 'org.apache.streampipes.model.connect.rules.schema.CreateNestedRuleDescription' used in 'TransformationRuleDescription.<subClass>'
Parsing 'org.apache.streampipes.model.connect.rules.schema.DeleteRuleDescription' used in 'TransformationRuleDescription.<subClass>'
Parsing 'org.apache.streampipes.model.connect.rules.schema.RenameRuleDescription' used in 'TransformationRuleDescription.<subClass>'
Parsing 'org.apache.streampipes.model.connect.rules.schema.MoveRuleDescription' used in 'TransformationRuleDescription.<subClass>'
Parsing 'org.apache.streampipes.model.connect.rules.value.ChangeDatatypeTransformationRuleDescription' used in 'TransformationRuleDescription.<subClass>'
Parsing 'org.apache.streampipes.model.connect.rules.value.CorrectionValueTransformationRuleDescription' used in 'TransformationRuleDescription.<subClass>'
Parsing 'org.apache.streampipes.model.dashboard.DashboardItem' used in 'DashboardModel.widgets'
Parsing 'org.apache.streampipes.model.dashboard.DashboardEntity' used in 'DashboardWidgetModel.<superClass>'
Parsing 'org.apache.streampipes.model.datalake.SpQueryStatus' used in 'SpQueryResult.spQueryStatus'
Parsing 'org.apache.streampipes.model.export.AssetExportConfiguration' used in 'ExportConfiguration.assetExportConfiguration'
Parsing 'org.apache.streampipes.model.message.Notification' used in 'DataSetModificationMessage.notifications'
Parsing 'org.apache.streampipes.model.pipeline.PipelineModification' used in 'PipelineModificationMessage.pipelineModifications'
Parsing 'org.apache.streampipes.model.message.PipelineEdgeValidation' used in 'PipelineModificationMessage.edgeValidations'
Parsing 'org.apache.streampipes.model.monitoring.MessagesInfo' used in 'ConsumedMessagesInfo.<superClass>'
Parsing 'org.apache.streampipes.model.monitoring.PipelineElementMonitoringInfo' used in 'PipelineMonitoringInfo.pipelineElementMonitoringInfo'
Parsing 'org.apache.streampipes.model.monitoring.MessageCounter' used in 'SpMetricsEntry.messagesIn'
Parsing 'org.apache.streampipes.model.graph.DataProcessorInvocation' used in 'Pipeline.sepas'
Parsing 'org.apache.streampipes.model.graph.DataSinkInvocation' used in 'Pipeline.actions'
Parsing 'org.apache.streampipes.model.pipeline.PipelineHealthStatus' used in 'Pipeline.healthStatus'
Parsing 'org.apache.streampipes.model.pipeline.ElementComposition' used in 'Pipeline.<superClass>'
Parsing 'org.apache.streampipes.model.pipeline.PipelineElementRecommendation' used in 'PipelineElementRecommendationMessage.possibleElements'
Parsing 'org.apache.streampipes.model.pipeline.PipelineElementStatus' used in 'PipelineOperationStatus.elementStatus'
Parsing 'org.apache.streampipes.model.staticproperty.StaticPropertyType' used in 'StaticProperty.staticPropertyType'
Parsing 'org.apache.streampipes.model.staticproperty.AnyStaticProperty' used in 'StaticProperty.<subClass>'
Parsing 'org.apache.streampipes.model.staticproperty.CodeInputStaticProperty' used in 'StaticProperty.<subClass>'
Parsing 'org.apache.streampipes.model.staticproperty.CollectionStaticProperty' used in 'StaticProperty.<subClass>'
Parsing 'org.apache.streampipes.model.staticproperty.ColorPickerStaticProperty' used in 'StaticProperty.<subClass>'
Parsing 'org.apache.streampipes.model.staticproperty.DomainStaticProperty' used in 'StaticProperty.<subClass>'
Parsing 'org.apache.streampipes.model.staticproperty.FileStaticProperty' used in 'StaticProperty.<subClass>'
Parsing 'org.apache.streampipes.model.staticproperty.FreeTextStaticProperty' used in 'StaticProperty.<subClass>'
Parsing 'org.apache.streampipes.model.staticproperty.MappingPropertyUnary' used in 'StaticProperty.<subClass>'
Parsing 'org.apache.streampipes.model.staticproperty.MappingPropertyNary' used in 'StaticProperty.<subClass>'
Parsing 'org.apache.streampipes.model.staticproperty.MatchingStaticProperty' used in 'StaticProperty.<subClass>'
Parsing 'org.apache.streampipes.model.staticproperty.OneOfStaticProperty' used in 'StaticProperty.<subClass>'
Parsing 'org.apache.streampipes.model.staticproperty.RuntimeResolvableAnyStaticProperty' used in 'StaticProperty.<subClass>'
Parsing 'org.apache.streampipes.model.staticproperty.RuntimeResolvableOneOfStaticProperty' used in 'StaticProperty.<subClass>'
Parsing 'org.apache.streampipes.model.staticproperty.RuntimeResolvableTreeInputStaticProperty' used in 'StaticProperty.<subClass>'
Parsing 'org.apache.streampipes.model.staticproperty.SecretStaticProperty' used in 'StaticProperty.<subClass>'
Parsing 'org.apache.streampipes.model.staticproperty.StaticPropertyAlternative' used in 'StaticProperty.<subClass>'
Parsing 'org.apache.streampipes.model.staticproperty.StaticPropertyAlternatives' used in 'StaticProperty.<subClass>'
Parsing 'org.apache.streampipes.model.staticproperty.StaticPropertyGroup' used in 'StaticProperty.<subClass>'
Parsing 'org.apache.streampipes.model.staticproperty.SlideToggleStaticProperty' used in 'StaticProperty.<subClass>'
Parsing 'org.apache.streampipes.model.template.PipelineElementTemplateConfig' used in 'PipelineElementTemplate.templateConfigs'
Parsing 'org.apache.streampipes.model.template.BoundPipelineElement' used in 'PipelineTemplateDescription.boundTo'
Parsing 'org.apache.streampipes.model.canvas.CanvasPosition' used in 'PipelineElementMetadata.position'
Parsing 'org.apache.streampipes.model.grounding.TransportProtocol' used in 'EventGrounding.transportProtocols'
Parsing 'org.apache.streampipes.model.grounding.TransportFormat' used in 'EventGrounding.transportFormats'
Parsing 'org.apache.streampipes.model.schema.EventProperty' used in 'EventSchema.eventProperties'
Parsing 'org.apache.streampipes.model.api.EndpointSelectable' used in 'SpDataSet.<interface>'
Parsing 'org.apache.streampipes.model.connect.guess.FieldStatus' used in 'FieldStatusInfo.fieldStatus'
Parsing 'org.apache.streampipes.model.connect.rules.value.ValueTransformationRuleDescription' used in 'AddTimestampRuleDescription.<superClass>'
Parsing 'org.apache.streampipes.model.connect.rules.stream.StreamTransformationRuleDescription' used in 'EventRateTransformationRuleDescription.<superClass>'
Parsing 'org.apache.streampipes.model.connect.rules.schema.SchemaTransformationRuleDescription' used in 'CreateNestedRuleDescription.<superClass>'
Parsing 'org.apache.streampipes.model.datalake.DataExplorerWidgetModel' used in 'DashboardEntity.<subClass>'
Parsing 'org.apache.streampipes.model.export.ExportItem' used in 'AssetExportConfiguration.assets'
Parsing 'org.apache.streampipes.model.pipeline.PipelineElementValidationInfo' used in 'PipelineModification.validationInfos'
Parsing 'org.apache.streampipes.model.output.OutputStrategy' used in 'PipelineModification.outputStrategies'
Parsing 'org.apache.streampipes.model.message.EdgeValidationStatus' used in 'PipelineEdgeValidation.status'
Parsing 'org.apache.streampipes.model.monitoring.ElementStatusInfoSettings' used in 'DataProcessorInvocation.statusInfoSettings'
Parsing 'org.apache.streampipes.model.base.InvocableStreamPipesEntity' used in 'DataProcessorInvocation.<superClass>'
Parsing 'org.apache.streampipes.model.staticproperty.Option' used in 'AnyStaticProperty.options'
Parsing 'org.apache.streampipes.model.staticproperty.SelectionStaticProperty' used in 'AnyStaticProperty.<superClass>'
Parsing 'org.apache.streampipes.model.staticproperty.SupportedProperty' used in 'DomainStaticProperty.supportedProperties'
Parsing 'org.apache.streampipes.model.staticproperty.PropertyValueSpecification' used in 'FreeTextStaticProperty.valueSpecification'
Parsing 'org.apache.streampipes.model.staticproperty.MappingProperty' used in 'MappingPropertyUnary.<superClass>'
Parsing 'org.apache.streampipes.model.staticproperty.TreeInputNode' used in 'RuntimeResolvableTreeInputStaticProperty.nodes'
Parsing 'org.apache.streampipes.model.grounding.TopicDefinition' used in 'TransportProtocol.topicDefinition'
Parsing 'org.apache.streampipes.model.grounding.JmsTransportProtocol' used in 'TransportProtocol.<subClass>'
Parsing 'org.apache.streampipes.model.grounding.KafkaTransportProtocol' used in 'TransportProtocol.<subClass>'
Parsing 'org.apache.streampipes.model.grounding.MqttTransportProtocol' used in 'TransportProtocol.<subClass>'
Parsing 'org.apache.streampipes.model.grounding.NatsTransportProtocol' used in 'TransportProtocol.<subClass>'
Parsing 'org.apache.streampipes.model.schema.EventPropertyList' used in 'EventProperty.<subClass>'
Parsing 'org.apache.streampipes.model.schema.EventPropertyNested' used in 'EventProperty.<subClass>'
Parsing 'org.apache.streampipes.model.schema.EventPropertyPrimitive' used in 'EventProperty.<subClass>'
Parsing 'org.apache.streampipes.model.pipeline.ValidationInfoLevel' used in 'PipelineElementValidationInfo.level'
Parsing 'org.apache.streampipes.model.output.PropertyRenameRule' used in 'OutputStrategy.renameRules'
Parsing 'org.apache.streampipes.model.output.AppendOutputStrategy' used in 'OutputStrategy.<subClass>'
Parsing 'org.apache.streampipes.model.output.CustomOutputStrategy' used in 'OutputStrategy.<subClass>'
Parsing 'org.apache.streampipes.model.output.CustomTransformOutputStrategy' used in 'OutputStrategy.<subClass>'
Parsing 'org.apache.streampipes.model.output.FixedOutputStrategy' used in 'OutputStrategy.<subClass>'
Parsing 'org.apache.streampipes.model.output.KeepOutputStrategy' used in 'OutputStrategy.<subClass>'
Parsing 'org.apache.streampipes.model.output.ListOutputStrategy' used in 'OutputStrategy.<subClass>'
Parsing 'org.apache.streampipes.model.output.TransformOutputStrategy' used in 'OutputStrategy.<subClass>'
Parsing 'org.apache.streampipes.model.output.UserDefinedOutputStrategy' used in 'OutputStrategy.<subClass>'
Parsing 'org.apache.streampipes.model.message.EdgeValidationStatusType' used in 'EdgeValidationStatus.validationStatusType'
Parsing 'org.apache.streampipes.model.grounding.SimpleTopicDefinition' used in 'TopicDefinition.<subClass>'
Parsing 'org.apache.streampipes.model.grounding.WildcardTopicDefinition' used in 'TopicDefinition.<subClass>'
Parsing 'org.apache.streampipes.model.schema.ValueSpecification' used in 'EventPropertyPrimitive.valueSpecification'
Parsing 'org.apache.streampipes.model.output.TransformOperation' used in 'TransformOutputStrategy.transformOperations'
Parsing 'org.apache.streampipes.model.grounding.WildcardTopicMapping' used in 'WildcardTopicDefinition.wildcardTopicMappings'
Parsing 'org.apache.streampipes.model.schema.QuantitativeValue' used in 'ValueSpecification.<subClass>'
Parsing 'org.apache.streampipes.model.schema.Enumeration' used in 'ValueSpecification.<subClass>'
Writing declarations to: /Users/arian/edu/kth/softfund_dd2480/assignment4/DD2480-Assignment-4/streampipes-model/target/typescript-generator/streampipes-model.ts
[INFO] 
[INFO] --- maven-resources-plugin:3.3.0:testResources (default-testResources) @ streampipes-model ---
[INFO] skip non existing resourceDirectory /Users/arian/edu/kth/softfund_dd2480/assignment4/DD2480-Assignment-4/streampipes-model/src/test/resources
[INFO] Copying 3 resources
[INFO] 
[INFO] --- maven-compiler-plugin:3.10.1:testCompile (default-testCompile) @ streampipes-model ---
[INFO] Changes detected - recompiling the module!
[INFO] Compiling 13 source files to /Users/arian/edu/kth/softfund_dd2480/assignment4/DD2480-Assignment-4/streampipes-model/target/test-classes
[INFO] /Users/arian/edu/kth/softfund_dd2480/assignment4/DD2480-Assignment-4/streampipes-model/src/test/java/org/apache/streampipes/model/runtime/TestEventConverter.java: Some input files use unchecked or unsafe operations.
[INFO] /Users/arian/edu/kth/softfund_dd2480/assignment4/DD2480-Assignment-4/streampipes-model/src/test/java/org/apache/streampipes/model/runtime/TestEventConverter.java: Recompile with -Xlint:unchecked for details.
[INFO] 
[INFO] --- maven-surefire-plugin:2.22.2:test (default-test) @ streampipes-model ---
[INFO] 
[INFO] -------------------------------------------------------
[INFO]  T E S T S
[INFO] -------------------------------------------------------
[INFO] Running org.apache.streampipes.model.runtime.TestListField
[INFO] Tests run: 1, Failures: 0, Errors: 0, Skipped: 0, Time elapsed: 0.173 s - in org.apache.streampipes.model.runtime.TestListField
[INFO] Running org.apache.streampipes.model.runtime.TestEventFactory
[INFO] Tests run: 2, Failures: 0, Errors: 0, Skipped: 0, Time elapsed: 0 s - in org.apache.streampipes.model.runtime.TestEventFactory
[INFO] Running org.apache.streampipes.model.runtime.TestEvent
[INFO] Tests run: 6, Failures: 0, Errors: 0, Skipped: 0, Time elapsed: 0.001 s - in org.apache.streampipes.model.runtime.TestEvent
[INFO] Running org.apache.streampipes.model.runtime.TestFieldAddition
[INFO] Tests run: 1, Failures: 0, Errors: 0, Skipped: 0, Time elapsed: 0 s - in org.apache.streampipes.model.runtime.TestFieldAddition
[INFO] Running org.apache.streampipes.model.runtime.TestPropertyRenaming
[INFO] Tests run: 3, Failures: 0, Errors: 0, Skipped: 0, Time elapsed: 0.001 s - in org.apache.streampipes.model.runtime.TestPropertyRenaming
[INFO] Running org.apache.streampipes.model.runtime.TestEventConverter
[INFO] Tests run: 2, Failures: 0, Errors: 0, Skipped: 0, Time elapsed: 0 s - in org.apache.streampipes.model.runtime.TestEventConverter
[INFO] Running org.apache.streampipes.model.runtime.TestSubset
[INFO] Tests run: 2, Failures: 0, Errors: 0, Skipped: 0, Time elapsed: 0 s - in org.apache.streampipes.model.runtime.TestSubset
[INFO] Running org.apache.streampipes.model.datalake.DataLakeMeasureTest
[INFO] Tests run: 3, Failures: 0, Errors: 0, Skipped: 0, Time elapsed: 0 s - in org.apache.streampipes.model.datalake.DataLakeMeasureTest
[INFO] Running org.apache.streampipes.model.datalake.DataSeriesBuilderTest
[INFO] Tests run: 5, Failures: 0, Errors: 0, Skipped: 0, Time elapsed: 0.001 s - in org.apache.streampipes.model.datalake.DataSeriesBuilderTest
[INFO] Running org.apache.streampipes.model.datalake.SpQueryResultBuilderTest
[INFO] Tests run: 7, Failures: 0, Errors: 0, Skipped: 0, Time elapsed: 0.001 s - in org.apache.streampipes.model.datalake.SpQueryResultBuilderTest
[INFO] Running org.apache.streampipes.model.connect.adapter.AdapterDescriptionTest
[INFO] Tests run: 3, Failures: 0, Errors: 0, Skipped: 0, Time elapsed: 0.005 s - in org.apache.streampipes.model.connect.adapter.AdapterDescriptionTest
[INFO] 
[INFO] Results:
[INFO] 
[INFO] Tests run: 35, Failures: 0, Errors: 0, Skipped: 0
[INFO] 
[INFO] 
[INFO] --- maven-jar-plugin:3.3.0:jar (default-jar) @ streampipes-model ---
[INFO] Building jar: /Users/arian/edu/kth/softfund_dd2480/assignment4/DD2480-Assignment-4/streampipes-model/target/streampipes-model-0.92.0-SNAPSHOT.jar
[INFO] 
[INFO] --- maven-site-plugin:3.12.1:attach-descriptor (attach-descriptor) @ streampipes-model ---
[INFO] Skipping because packaging 'jar' is not pom.
[INFO] 
[INFO] --- maven-javadoc-plugin:3.4.1:jar (attach-javadocs) @ streampipes-model ---
[INFO] No previous run data found, generating javadoc.
[INFO] Building jar: /Users/arian/edu/kth/softfund_dd2480/assignment4/DD2480-Assignment-4/streampipes-model/target/streampipes-model-0.92.0-SNAPSHOT-javadoc.jar
[INFO] 
[INFO] >>> maven-source-plugin:3.2.1:jar (attach-sources) > generate-sources @ streampipes-model >>>
[INFO] 
[INFO] --- maven-enforcer-plugin:3.1.0:enforce (enforce-maven-version) @ streampipes-model ---
[INFO] 
[INFO] --- maven-enforcer-plugin:3.1.0:enforce (enforce-java-version) @ streampipes-model ---
[INFO] 
[INFO] --- maven-enforcer-plugin:3.1.0:enforce (check-at-least-java-17) @ streampipes-model ---
[INFO] 
[INFO] --- maven-enforcer-plugin:3.1.0:enforce (enforce-version-convergence) @ streampipes-model ---
[INFO] 
[INFO] --- maven-checkstyle-plugin:3.2.1:check (validate) @ streampipes-model ---
[INFO] 
[INFO] <<< maven-source-plugin:3.2.1:jar (attach-sources) < generate-sources @ streampipes-model <<<
[INFO] 
[INFO] 
[INFO] --- maven-source-plugin:3.2.1:jar (attach-sources) @ streampipes-model ---
[INFO] Building jar: /Users/arian/edu/kth/softfund_dd2480/assignment4/DD2480-Assignment-4/streampipes-model/target/streampipes-model-0.92.0-SNAPSHOT-sources.jar
[INFO] 
[INFO] ----------< org.apache.streampipes:streampipes-model-client >-----------
[INFO] Building streampipes-model-client 0.92.0-SNAPSHOT                [11/94]
[INFO] --------------------------------[ jar ]---------------------------------
[INFO] 
[INFO] --- maven-clean-plugin:3.2.0:clean (default-clean) @ streampipes-model-client ---
[INFO] Deleting /Users/arian/edu/kth/softfund_dd2480/assignment4/DD2480-Assignment-4/streampipes-model-client/target
[INFO] 
[INFO] --- maven-enforcer-plugin:3.1.0:enforce (enforce-maven-version) @ streampipes-model-client ---
[INFO] 
[INFO] --- maven-enforcer-plugin:3.1.0:enforce (enforce-java-version) @ streampipes-model-client ---
[INFO] 
[INFO] --- maven-enforcer-plugin:3.1.0:enforce (check-at-least-java-17) @ streampipes-model-client ---
[INFO] 
[INFO] --- maven-enforcer-plugin:3.1.0:enforce (enforce-version-convergence) @ streampipes-model-client ---
[INFO] 
[INFO] --- maven-checkstyle-plugin:3.2.1:check (validate) @ streampipes-model-client ---
[INFO] 
[INFO] --- maven-remote-resources-plugin:1.7.0:process (process-resource-bundles) @ streampipes-model-client ---
[INFO] Preparing remote bundle org.apache:apache-jar-resource-bundle:1.4
[INFO] Copying 3 resources from 1 bundle.
[INFO] 
[INFO] --- maven-resources-plugin:3.3.0:resources (default-resources) @ streampipes-model-client ---
[INFO] skip non existing resourceDirectory /Users/arian/edu/kth/softfund_dd2480/assignment4/DD2480-Assignment-4/streampipes-model-client/src/main/resources
[INFO] Copying 3 resources
[INFO] 
[INFO] --- maven-compiler-plugin:3.10.1:compile (default-compile) @ streampipes-model-client ---
[INFO] Changes detected - recompiling the module!
[INFO] Compiling 74 source files to /Users/arian/edu/kth/softfund_dd2480/assignment4/DD2480-Assignment-4/streampipes-model-client/target/classes
[INFO] 
[INFO] --- typescript-generator-maven-plugin:3.1.1185:generate (generate) @ streampipes-model-client ---
Running TypeScriptGenerator version 3.1.1185
Loading class cz.habarta.typescript.generator.ext.JsonDeserializationExtension
Loading class org.apache.streampipes.model.shared.annotation.TsIgnore
Warning: Annotation 'org.apache.streampipes.model.shared.annotation.TsIgnore' has no effect because it doesn't have 'RUNTIME' retention.
Scanning classpath
Scanning finished in 0.07 seconds. Total number of classes: 1520.
Parsing 'org.apache.streampipes.model.client.endpoint.ExtensionsServiceEndpointItem'
Parsing 'org.apache.streampipes.model.client.matching.MatchingResultMessage'
Parsing 'org.apache.streampipes.model.client.user.Group'
Parsing 'org.apache.streampipes.model.client.user.Permission'
Parsing 'org.apache.streampipes.model.client.user.Privilege'
Parsing 'org.apache.streampipes.model.client.user.RawUserApiToken'
Parsing 'org.apache.streampipes.model.client.user.Role'
Parsing 'org.apache.streampipes.model.client.user.ServiceAccount'
Parsing 'org.apache.streampipes.model.client.user.UserAccount'
Parsing 'org.apache.streampipes.model.client.user.PermissionEntry' used in 'Permission.grantedAuthorities'
Parsing 'org.apache.streampipes.model.client.user.PrincipalType' used in 'ServiceAccount.principalType'
Parsing 'org.apache.streampipes.model.client.user.Principal' used in 'ServiceAccount.<superClass>'
Parsing 'org.apache.streampipes.model.client.user.UserApiToken' used in 'UserAccount.userApiTokens'
Writing declarations to: /Users/arian/edu/kth/softfund_dd2480/assignment4/DD2480-Assignment-4/streampipes-model-client/target/typescript-generator/streampipes-model-client.ts
[INFO] 
[INFO] --- maven-resources-plugin:3.3.0:testResources (default-testResources) @ streampipes-model-client ---
[INFO] skip non existing resourceDirectory /Users/arian/edu/kth/softfund_dd2480/assignment4/DD2480-Assignment-4/streampipes-model-client/src/test/resources
[INFO] Copying 3 resources
[INFO] 
[INFO] --- maven-compiler-plugin:3.10.1:testCompile (default-testCompile) @ streampipes-model-client ---
[INFO] No sources to compile
[INFO] 
[INFO] --- maven-surefire-plugin:2.22.2:test (default-test) @ streampipes-model-client ---
[INFO] 
[INFO] --- maven-jar-plugin:3.3.0:jar (default-jar) @ streampipes-model-client ---
[INFO] Building jar: /Users/arian/edu/kth/softfund_dd2480/assignment4/DD2480-Assignment-4/streampipes-model-client/target/streampipes-model-client-0.92.0-SNAPSHOT.jar
[INFO] 
[INFO] --- maven-site-plugin:3.12.1:attach-descriptor (attach-descriptor) @ streampipes-model-client ---
[INFO] Skipping because packaging 'jar' is not pom.
[INFO] 
[INFO] --- maven-javadoc-plugin:3.4.1:jar (attach-javadocs) @ streampipes-model-client ---
[INFO] No previous run data found, generating javadoc.
[INFO] Building jar: /Users/arian/edu/kth/softfund_dd2480/assignment4/DD2480-Assignment-4/streampipes-model-client/target/streampipes-model-client-0.92.0-SNAPSHOT-javadoc.jar
[INFO] 
[INFO] >>> maven-source-plugin:3.2.1:jar (attach-sources) > generate-sources @ streampipes-model-client >>>
[INFO] 
[INFO] --- maven-enforcer-plugin:3.1.0:enforce (enforce-maven-version) @ streampipes-model-client ---
[INFO] 
[INFO] --- maven-enforcer-plugin:3.1.0:enforce (enforce-java-version) @ streampipes-model-client ---
[INFO] 
[INFO] --- maven-enforcer-plugin:3.1.0:enforce (check-at-least-java-17) @ streampipes-model-client ---
[INFO] 
[INFO] --- maven-enforcer-plugin:3.1.0:enforce (enforce-version-convergence) @ streampipes-model-client ---
[INFO] 
[INFO] --- maven-checkstyle-plugin:3.2.1:check (validate) @ streampipes-model-client ---
[INFO] 
[INFO] <<< maven-source-plugin:3.2.1:jar (attach-sources) < generate-sources @ streampipes-model-client <<<
[INFO] 
[INFO] 
[INFO] --- maven-source-plugin:3.2.1:jar (attach-sources) @ streampipes-model-client ---
[INFO] Building jar: /Users/arian/edu/kth/softfund_dd2480/assignment4/DD2480-Assignment-4/streampipes-model-client/target/streampipes-model-client-0.92.0-SNAPSHOT-sources.jar
[INFO] 
[INFO] -----------< org.apache.streampipes:streampipes-test-utils >------------
[INFO] Building streampipes-test-utils 0.92.0-SNAPSHOT                  [12/94]
[INFO] --------------------------------[ jar ]---------------------------------
[INFO] 
[INFO] --- maven-clean-plugin:3.2.0:clean (default-clean) @ streampipes-test-utils ---
[INFO] Deleting /Users/arian/edu/kth/softfund_dd2480/assignment4/DD2480-Assignment-4/streampipes-test-utils/target
[INFO] 
[INFO] --- maven-enforcer-plugin:3.1.0:enforce (enforce-maven-version) @ streampipes-test-utils ---
[INFO] 
[INFO] --- maven-enforcer-plugin:3.1.0:enforce (enforce-java-version) @ streampipes-test-utils ---
[INFO] 
[INFO] --- maven-enforcer-plugin:3.1.0:enforce (check-at-least-java-17) @ streampipes-test-utils ---
[INFO] 
[INFO] --- maven-enforcer-plugin:3.1.0:enforce (enforce-version-convergence) @ streampipes-test-utils ---
[INFO] 
[INFO] --- maven-checkstyle-plugin:3.2.1:check (validate) @ streampipes-test-utils ---
[INFO] 
[INFO] --- maven-remote-resources-plugin:1.7.0:process (process-resource-bundles) @ streampipes-test-utils ---
[INFO] Preparing remote bundle org.apache:apache-jar-resource-bundle:1.4
[INFO] Copying 3 resources from 1 bundle.
[INFO] 
[INFO] --- maven-resources-plugin:3.3.0:resources (default-resources) @ streampipes-test-utils ---
[INFO] skip non existing resourceDirectory /Users/arian/edu/kth/softfund_dd2480/assignment4/DD2480-Assignment-4/streampipes-test-utils/src/main/resources
[INFO] Copying 3 resources
[INFO] 
[INFO] --- maven-compiler-plugin:3.10.1:compile (default-compile) @ streampipes-test-utils ---
[INFO] Changes detected - recompiling the module!
[INFO] Compiling 13 source files to /Users/arian/edu/kth/softfund_dd2480/assignment4/DD2480-Assignment-4/streampipes-test-utils/target/classes
[INFO] 
[INFO] --- maven-resources-plugin:3.3.0:testResources (default-testResources) @ streampipes-test-utils ---
[INFO] skip non existing resourceDirectory /Users/arian/edu/kth/softfund_dd2480/assignment4/DD2480-Assignment-4/streampipes-test-utils/src/test/resources
[INFO] Copying 3 resources
[INFO] 
[INFO] --- maven-compiler-plugin:3.10.1:testCompile (default-testCompile) @ streampipes-test-utils ---
[INFO] No sources to compile
[INFO] 
[INFO] --- maven-surefire-plugin:2.22.2:test (default-test) @ streampipes-test-utils ---
[INFO] 
[INFO] --- maven-jar-plugin:3.3.0:jar (default-jar) @ streampipes-test-utils ---
[INFO] Building jar: /Users/arian/edu/kth/softfund_dd2480/assignment4/DD2480-Assignment-4/streampipes-test-utils/target/streampipes-test-utils-0.92.0-SNAPSHOT.jar
[INFO] 
[INFO] --- maven-site-plugin:3.12.1:attach-descriptor (attach-descriptor) @ streampipes-test-utils ---
[INFO] Skipping because packaging 'jar' is not pom.
[INFO] 
[INFO] --- maven-javadoc-plugin:3.4.1:jar (attach-javadocs) @ streampipes-test-utils ---
[INFO] No previous run data found, generating javadoc.
[INFO] Building jar: /Users/arian/edu/kth/softfund_dd2480/assignment4/DD2480-Assignment-4/streampipes-test-utils/target/streampipes-test-utils-0.92.0-SNAPSHOT-javadoc.jar
[INFO] 
[INFO] >>> maven-source-plugin:3.2.1:jar (attach-sources) > generate-sources @ streampipes-test-utils >>>
[INFO] 
[INFO] --- maven-enforcer-plugin:3.1.0:enforce (enforce-maven-version) @ streampipes-test-utils ---
[INFO] 
[INFO] --- maven-enforcer-plugin:3.1.0:enforce (enforce-java-version) @ streampipes-test-utils ---
[INFO] 
[INFO] --- maven-enforcer-plugin:3.1.0:enforce (check-at-least-java-17) @ streampipes-test-utils ---
[INFO] 
[INFO] --- maven-enforcer-plugin:3.1.0:enforce (enforce-version-convergence) @ streampipes-test-utils ---
[INFO] 
[INFO] --- maven-checkstyle-plugin:3.2.1:check (validate) @ streampipes-test-utils ---
[INFO] 
[INFO] <<< maven-source-plugin:3.2.1:jar (attach-sources) < generate-sources @ streampipes-test-utils <<<
[INFO] 
[INFO] 
[INFO] --- maven-source-plugin:3.2.1:jar (attach-sources) @ streampipes-test-utils ---
[INFO] Building jar: /Users/arian/edu/kth/softfund_dd2480/assignment4/DD2480-Assignment-4/streampipes-test-utils/target/streampipes-test-utils-0.92.0-SNAPSHOT-sources.jar
[INFO] 
[INFO] --------< org.apache.streampipes:streampipes-serializers-json >---------
[INFO] Building streampipes-serializers-json 0.92.0-SNAPSHOT            [13/94]
[INFO] --------------------------------[ jar ]---------------------------------
[INFO] 
[INFO] --- maven-clean-plugin:3.2.0:clean (default-clean) @ streampipes-serializers-json ---
[INFO] Deleting /Users/arian/edu/kth/softfund_dd2480/assignment4/DD2480-Assignment-4/streampipes-serializers-json/target
[INFO] 
[INFO] --- maven-enforcer-plugin:3.1.0:enforce (enforce-maven-version) @ streampipes-serializers-json ---
[INFO] 
[INFO] --- maven-enforcer-plugin:3.1.0:enforce (enforce-java-version) @ streampipes-serializers-json ---
[INFO] 
[INFO] --- maven-enforcer-plugin:3.1.0:enforce (check-at-least-java-17) @ streampipes-serializers-json ---
[INFO] 
[INFO] --- maven-enforcer-plugin:3.1.0:enforce (enforce-version-convergence) @ streampipes-serializers-json ---
[INFO] 
[INFO] --- maven-checkstyle-plugin:3.2.1:check (validate) @ streampipes-serializers-json ---
[INFO] 
[INFO] --- maven-remote-resources-plugin:1.7.0:process (process-resource-bundles) @ streampipes-serializers-json ---
[INFO] Preparing remote bundle org.apache:apache-jar-resource-bundle:1.4
[INFO] Copying 3 resources from 1 bundle.
[INFO] 
[INFO] --- maven-resources-plugin:3.3.0:resources (default-resources) @ streampipes-serializers-json ---
[INFO] skip non existing resourceDirectory /Users/arian/edu/kth/softfund_dd2480/assignment4/DD2480-Assignment-4/streampipes-serializers-json/src/main/resources
[INFO] Copying 3 resources
[INFO] 
[INFO] --- maven-compiler-plugin:3.10.1:compile (default-compile) @ streampipes-serializers-json ---
[INFO] Changes detected - recompiling the module!
[INFO] Compiling 1 source file to /Users/arian/edu/kth/softfund_dd2480/assignment4/DD2480-Assignment-4/streampipes-serializers-json/target/classes
[INFO] 
[INFO] --- maven-resources-plugin:3.3.0:testResources (default-testResources) @ streampipes-serializers-json ---
[INFO] skip non existing resourceDirectory /Users/arian/edu/kth/softfund_dd2480/assignment4/DD2480-Assignment-4/streampipes-serializers-json/src/test/resources
[INFO] Copying 3 resources
[INFO] 
[INFO] --- maven-compiler-plugin:3.10.1:testCompile (default-testCompile) @ streampipes-serializers-json ---
[INFO] Changes detected - recompiling the module!
[INFO] Compiling 1 source file to /Users/arian/edu/kth/softfund_dd2480/assignment4/DD2480-Assignment-4/streampipes-serializers-json/target/test-classes
[INFO] 
[INFO] --- maven-surefire-plugin:2.22.2:test (default-test) @ streampipes-serializers-json ---
[INFO] 
[INFO] -------------------------------------------------------
[INFO]  T E S T S
[INFO] -------------------------------------------------------
[INFO] Running org.apache.streampipes.serializers.json.TestJacksonSerializer
[INFO] Tests run: 1, Failures: 0, Errors: 0, Skipped: 0, Time elapsed: 0.557 s - in org.apache.streampipes.serializers.json.TestJacksonSerializer
[INFO] 
[INFO] Results:
[INFO] 
[INFO] Tests run: 1, Failures: 0, Errors: 0, Skipped: 0
[INFO] 
[INFO] 
[INFO] --- maven-jar-plugin:3.3.0:jar (default-jar) @ streampipes-serializers-json ---
[INFO] Building jar: /Users/arian/edu/kth/softfund_dd2480/assignment4/DD2480-Assignment-4/streampipes-serializers-json/target/streampipes-serializers-json-0.92.0-SNAPSHOT.jar
[INFO] 
[INFO] --- maven-site-plugin:3.12.1:attach-descriptor (attach-descriptor) @ streampipes-serializers-json ---
[INFO] Skipping because packaging 'jar' is not pom.
[INFO] 
[INFO] --- maven-javadoc-plugin:3.4.1:jar (attach-javadocs) @ streampipes-serializers-json ---
[INFO] No previous run data found, generating javadoc.
[INFO] Building jar: /Users/arian/edu/kth/softfund_dd2480/assignment4/DD2480-Assignment-4/streampipes-serializers-json/target/streampipes-serializers-json-0.92.0-SNAPSHOT-javadoc.jar
[INFO] 
[INFO] >>> maven-source-plugin:3.2.1:jar (attach-sources) > generate-sources @ streampipes-serializers-json >>>
[INFO] 
[INFO] --- maven-enforcer-plugin:3.1.0:enforce (enforce-maven-version) @ streampipes-serializers-json ---
[INFO] 
[INFO] --- maven-enforcer-plugin:3.1.0:enforce (enforce-java-version) @ streampipes-serializers-json ---
[INFO] 
[INFO] --- maven-enforcer-plugin:3.1.0:enforce (check-at-least-java-17) @ streampipes-serializers-json ---
[INFO] 
[INFO] --- maven-enforcer-plugin:3.1.0:enforce (enforce-version-convergence) @ streampipes-serializers-json ---
[INFO] 
[INFO] --- maven-checkstyle-plugin:3.2.1:check (validate) @ streampipes-serializers-json ---
[INFO] 
[INFO] <<< maven-source-plugin:3.2.1:jar (attach-sources) < generate-sources @ streampipes-serializers-json <<<
[INFO] 
[INFO] 
[INFO] --- maven-source-plugin:3.2.1:jar (attach-sources) @ streampipes-serializers-json ---
[INFO] Building jar: /Users/arian/edu/kth/softfund_dd2480/assignment4/DD2480-Assignment-4/streampipes-serializers-json/target/streampipes-serializers-json-0.92.0-SNAPSHOT-sources.jar
[INFO] 
[INFO] ----< org.apache.streampipes:streampipes-service-discovery-consul >-----
[INFO] Building streampipes-service-discovery-consul 0.92.0-SNAPSHOT    [14/94]
[INFO] --------------------------------[ jar ]---------------------------------
[INFO] 
[INFO] --- maven-clean-plugin:3.2.0:clean (default-clean) @ streampipes-service-discovery-consul ---
[INFO] Deleting /Users/arian/edu/kth/softfund_dd2480/assignment4/DD2480-Assignment-4/streampipes-service-discovery-consul/target
[INFO] 
[INFO] --- maven-enforcer-plugin:3.1.0:enforce (enforce-maven-version) @ streampipes-service-discovery-consul ---
[INFO] 
[INFO] --- maven-enforcer-plugin:3.1.0:enforce (enforce-java-version) @ streampipes-service-discovery-consul ---
[INFO] 
[INFO] --- maven-enforcer-plugin:3.1.0:enforce (check-at-least-java-17) @ streampipes-service-discovery-consul ---
[INFO] 
[INFO] --- maven-enforcer-plugin:3.1.0:enforce (enforce-version-convergence) @ streampipes-service-discovery-consul ---
[INFO] 
[INFO] --- maven-checkstyle-plugin:3.2.1:check (validate) @ streampipes-service-discovery-consul ---
[INFO] 
[INFO] --- maven-remote-resources-plugin:1.7.0:process (process-resource-bundles) @ streampipes-service-discovery-consul ---
[INFO] Preparing remote bundle org.apache:apache-jar-resource-bundle:1.4
[INFO] Copying 3 resources from 1 bundle.
[INFO] 
[INFO] --- maven-resources-plugin:3.3.0:resources (default-resources) @ streampipes-service-discovery-consul ---
[INFO] skip non existing resourceDirectory /Users/arian/edu/kth/softfund_dd2480/assignment4/DD2480-Assignment-4/streampipes-service-discovery-consul/src/main/resources
[INFO] Copying 3 resources
[INFO] 
[INFO] --- maven-compiler-plugin:3.10.1:compile (default-compile) @ streampipes-service-discovery-consul ---
[INFO] Changes detected - recompiling the module!
[INFO] Compiling 6 source files to /Users/arian/edu/kth/softfund_dd2480/assignment4/DD2480-Assignment-4/streampipes-service-discovery-consul/target/classes
[INFO] /Users/arian/edu/kth/softfund_dd2480/assignment4/DD2480-Assignment-4/streampipes-service-discovery-consul/src/main/java/org/apache/streampipes/svcdiscovery/consul/ConsulProvider.java: /Users/arian/edu/kth/softfund_dd2480/assignment4/DD2480-Assignment-4/streampipes-service-discovery-consul/src/main/java/org/apache/streampipes/svcdiscovery/consul/ConsulProvider.java uses or overrides a deprecated API that is marked for removal.
[INFO] /Users/arian/edu/kth/softfund_dd2480/assignment4/DD2480-Assignment-4/streampipes-service-discovery-consul/src/main/java/org/apache/streampipes/svcdiscovery/consul/ConsulProvider.java: Recompile with -Xlint:removal for details.
[INFO] 
[INFO] --- maven-resources-plugin:3.3.0:testResources (default-testResources) @ streampipes-service-discovery-consul ---
[INFO] skip non existing resourceDirectory /Users/arian/edu/kth/softfund_dd2480/assignment4/DD2480-Assignment-4/streampipes-service-discovery-consul/src/test/resources
[INFO] Copying 3 resources
[INFO] 
[INFO] --- maven-compiler-plugin:3.10.1:testCompile (default-testCompile) @ streampipes-service-discovery-consul ---
[INFO] No sources to compile
[INFO] 
[INFO] --- maven-surefire-plugin:2.22.2:test (default-test) @ streampipes-service-discovery-consul ---
[INFO] 
[INFO] --- maven-jar-plugin:3.3.0:jar (default-jar) @ streampipes-service-discovery-consul ---
[INFO] Building jar: /Users/arian/edu/kth/softfund_dd2480/assignment4/DD2480-Assignment-4/streampipes-service-discovery-consul/target/streampipes-service-discovery-consul-0.92.0-SNAPSHOT.jar
[INFO] 
[INFO] --- maven-site-plugin:3.12.1:attach-descriptor (attach-descriptor) @ streampipes-service-discovery-consul ---
[INFO] Skipping because packaging 'jar' is not pom.
[INFO] 
[INFO] --- maven-javadoc-plugin:3.4.1:jar (attach-javadocs) @ streampipes-service-discovery-consul ---
[INFO] No previous run data found, generating javadoc.
[INFO] Building jar: /Users/arian/edu/kth/softfund_dd2480/assignment4/DD2480-Assignment-4/streampipes-service-discovery-consul/target/streampipes-service-discovery-consul-0.92.0-SNAPSHOT-javadoc.jar
[INFO] 
[INFO] >>> maven-source-plugin:3.2.1:jar (attach-sources) > generate-sources @ streampipes-service-discovery-consul >>>
[INFO] 
[INFO] --- maven-enforcer-plugin:3.1.0:enforce (enforce-maven-version) @ streampipes-service-discovery-consul ---
[INFO] 
[INFO] --- maven-enforcer-plugin:3.1.0:enforce (enforce-java-version) @ streampipes-service-discovery-consul ---
[INFO] 
[INFO] --- maven-enforcer-plugin:3.1.0:enforce (check-at-least-java-17) @ streampipes-service-discovery-consul ---
[INFO] 
[INFO] --- maven-enforcer-plugin:3.1.0:enforce (enforce-version-convergence) @ streampipes-service-discovery-consul ---
[INFO] 
[INFO] --- maven-checkstyle-plugin:3.2.1:check (validate) @ streampipes-service-discovery-consul ---
[INFO] 
[INFO] <<< maven-source-plugin:3.2.1:jar (attach-sources) < generate-sources @ streampipes-service-discovery-consul <<<
[INFO] 
[INFO] 
[INFO] --- maven-source-plugin:3.2.1:jar (attach-sources) @ streampipes-service-discovery-consul ---
[INFO] Building jar: /Users/arian/edu/kth/softfund_dd2480/assignment4/DD2480-Assignment-4/streampipes-service-discovery-consul/target/streampipes-service-discovery-consul-0.92.0-SNAPSHOT-sources.jar
[INFO] 
[INFO] --------< org.apache.streampipes:streampipes-service-discovery >--------
[INFO] Building streampipes-service-discovery 0.92.0-SNAPSHOT           [15/94]
[INFO] --------------------------------[ jar ]---------------------------------
[INFO] 
[INFO] --- maven-clean-plugin:3.2.0:clean (default-clean) @ streampipes-service-discovery ---
[INFO] Deleting /Users/arian/edu/kth/softfund_dd2480/assignment4/DD2480-Assignment-4/streampipes-service-discovery/target
[INFO] 
[INFO] --- maven-enforcer-plugin:3.1.0:enforce (enforce-maven-version) @ streampipes-service-discovery ---
[INFO] 
[INFO] --- maven-enforcer-plugin:3.1.0:enforce (enforce-java-version) @ streampipes-service-discovery ---
[INFO] 
[INFO] --- maven-enforcer-plugin:3.1.0:enforce (check-at-least-java-17) @ streampipes-service-discovery ---
[INFO] 
[INFO] --- maven-enforcer-plugin:3.1.0:enforce (enforce-version-convergence) @ streampipes-service-discovery ---
[INFO] 
[INFO] --- maven-checkstyle-plugin:3.2.1:check (validate) @ streampipes-service-discovery ---
[INFO] 
[INFO] --- maven-remote-resources-plugin:1.7.0:process (process-resource-bundles) @ streampipes-service-discovery ---
[INFO] Preparing remote bundle org.apache:apache-jar-resource-bundle:1.4
[INFO] Copying 3 resources from 1 bundle.
[INFO] 
[INFO] --- maven-resources-plugin:3.3.0:resources (default-resources) @ streampipes-service-discovery ---
[INFO] skip non existing resourceDirectory /Users/arian/edu/kth/softfund_dd2480/assignment4/DD2480-Assignment-4/streampipes-service-discovery/src/main/resources
[INFO] Copying 3 resources
[INFO] 
[INFO] --- maven-compiler-plugin:3.10.1:compile (default-compile) @ streampipes-service-discovery ---
[INFO] Changes detected - recompiling the module!
[INFO] Compiling 1 source file to /Users/arian/edu/kth/softfund_dd2480/assignment4/DD2480-Assignment-4/streampipes-service-discovery/target/classes
[INFO] 
[INFO] --- maven-resources-plugin:3.3.0:testResources (default-testResources) @ streampipes-service-discovery ---
[INFO] skip non existing resourceDirectory /Users/arian/edu/kth/softfund_dd2480/assignment4/DD2480-Assignment-4/streampipes-service-discovery/src/test/resources
[INFO] Copying 3 resources
[INFO] 
[INFO] --- maven-compiler-plugin:3.10.1:testCompile (default-testCompile) @ streampipes-service-discovery ---
[INFO] No sources to compile
[INFO] 
[INFO] --- maven-surefire-plugin:2.22.2:test (default-test) @ streampipes-service-discovery ---
[INFO] 
[INFO] --- maven-jar-plugin:3.3.0:jar (default-jar) @ streampipes-service-discovery ---
[INFO] Building jar: /Users/arian/edu/kth/softfund_dd2480/assignment4/DD2480-Assignment-4/streampipes-service-discovery/target/streampipes-service-discovery-0.92.0-SNAPSHOT.jar
[INFO] 
[INFO] --- maven-site-plugin:3.12.1:attach-descriptor (attach-descriptor) @ streampipes-service-discovery ---
[INFO] Skipping because packaging 'jar' is not pom.
[INFO] 
[INFO] --- maven-javadoc-plugin:3.4.1:jar (attach-javadocs) @ streampipes-service-discovery ---
[INFO] No previous run data found, generating javadoc.
[INFO] Building jar: /Users/arian/edu/kth/softfund_dd2480/assignment4/DD2480-Assignment-4/streampipes-service-discovery/target/streampipes-service-discovery-0.92.0-SNAPSHOT-javadoc.jar
[INFO] 
[INFO] >>> maven-source-plugin:3.2.1:jar (attach-sources) > generate-sources @ streampipes-service-discovery >>>
[INFO] 
[INFO] --- maven-enforcer-plugin:3.1.0:enforce (enforce-maven-version) @ streampipes-service-discovery ---
[INFO] 
[INFO] --- maven-enforcer-plugin:3.1.0:enforce (enforce-java-version) @ streampipes-service-discovery ---
[INFO] 
[INFO] --- maven-enforcer-plugin:3.1.0:enforce (check-at-least-java-17) @ streampipes-service-discovery ---
[INFO] 
[INFO] --- maven-enforcer-plugin:3.1.0:enforce (enforce-version-convergence) @ streampipes-service-discovery ---
[INFO] 
[INFO] --- maven-checkstyle-plugin:3.2.1:check (validate) @ streampipes-service-discovery ---
[INFO] 
[INFO] <<< maven-source-plugin:3.2.1:jar (attach-sources) < generate-sources @ streampipes-service-discovery <<<
[INFO] 
[INFO] 
[INFO] --- maven-source-plugin:3.2.1:jar (attach-sources) @ streampipes-service-discovery ---
[INFO] Building jar: /Users/arian/edu/kth/softfund_dd2480/assignment4/DD2480-Assignment-4/streampipes-service-discovery/target/streampipes-service-discovery-0.92.0-SNAPSHOT-sources.jar
[INFO] 
[INFO] ----------< org.apache.streampipes:streampipes-service-base >-----------
[INFO] Building streampipes-service-base 0.92.0-SNAPSHOT                [16/94]
[INFO] --------------------------------[ jar ]---------------------------------
[INFO] 
[INFO] --- maven-clean-plugin:3.2.0:clean (default-clean) @ streampipes-service-base ---
[INFO] Deleting /Users/arian/edu/kth/softfund_dd2480/assignment4/DD2480-Assignment-4/streampipes-service-base/target
[INFO] 
[INFO] --- maven-enforcer-plugin:3.1.0:enforce (enforce-maven-version) @ streampipes-service-base ---
[INFO] 
[INFO] --- maven-enforcer-plugin:3.1.0:enforce (enforce-java-version) @ streampipes-service-base ---
[INFO] 
[INFO] --- maven-enforcer-plugin:3.1.0:enforce (check-at-least-java-17) @ streampipes-service-base ---
[INFO] 
[INFO] --- maven-enforcer-plugin:3.1.0:enforce (enforce-version-convergence) @ streampipes-service-base ---
[INFO] 
[INFO] --- maven-checkstyle-plugin:3.2.1:check (validate) @ streampipes-service-base ---
[INFO] 
[INFO] --- maven-remote-resources-plugin:1.7.0:process (process-resource-bundles) @ streampipes-service-base ---
[INFO] Preparing remote bundle org.apache:apache-jar-resource-bundle:1.4
[INFO] Copying 3 resources from 1 bundle.
[INFO] 
[INFO] --- maven-resources-plugin:3.3.0:resources (default-resources) @ streampipes-service-base ---
[INFO] Copying 1 resource
[INFO] Copying 3 resources
[INFO] 
[INFO] --- maven-compiler-plugin:3.10.1:compile (default-compile) @ streampipes-service-base ---
[INFO] Changes detected - recompiling the module!
[INFO] Compiling 5 source files to /Users/arian/edu/kth/softfund_dd2480/assignment4/DD2480-Assignment-4/streampipes-service-base/target/classes
[INFO] 
[INFO] --- maven-resources-plugin:3.3.0:testResources (default-testResources) @ streampipes-service-base ---
[INFO] skip non existing resourceDirectory /Users/arian/edu/kth/softfund_dd2480/assignment4/DD2480-Assignment-4/streampipes-service-base/src/test/resources
[INFO] Copying 3 resources
[INFO] 
[INFO] --- maven-compiler-plugin:3.10.1:testCompile (default-testCompile) @ streampipes-service-base ---
[INFO] No sources to compile
[INFO] 
[INFO] --- maven-surefire-plugin:2.22.2:test (default-test) @ streampipes-service-base ---
[INFO] 
[INFO] --- maven-jar-plugin:3.3.0:jar (default-jar) @ streampipes-service-base ---
[INFO] Building jar: /Users/arian/edu/kth/softfund_dd2480/assignment4/DD2480-Assignment-4/streampipes-service-base/target/streampipes-service-base-0.92.0-SNAPSHOT.jar
[INFO] 
[INFO] --- maven-site-plugin:3.12.1:attach-descriptor (attach-descriptor) @ streampipes-service-base ---
[INFO] Skipping because packaging 'jar' is not pom.
[INFO] 
[INFO] --- maven-javadoc-plugin:3.4.1:jar (attach-javadocs) @ streampipes-service-base ---
[INFO] No previous run data found, generating javadoc.
[INFO] Building jar: /Users/arian/edu/kth/softfund_dd2480/assignment4/DD2480-Assignment-4/streampipes-service-base/target/streampipes-service-base-0.92.0-SNAPSHOT-javadoc.jar
[INFO] 
[INFO] >>> maven-source-plugin:3.2.1:jar (attach-sources) > generate-sources @ streampipes-service-base >>>
[INFO] 
[INFO] --- maven-enforcer-plugin:3.1.0:enforce (enforce-maven-version) @ streampipes-service-base ---
[INFO] 
[INFO] --- maven-enforcer-plugin:3.1.0:enforce (enforce-java-version) @ streampipes-service-base ---
[INFO] 
[INFO] --- maven-enforcer-plugin:3.1.0:enforce (check-at-least-java-17) @ streampipes-service-base ---
[INFO] 
[INFO] --- maven-enforcer-plugin:3.1.0:enforce (enforce-version-convergence) @ streampipes-service-base ---
[INFO] 
[INFO] --- maven-checkstyle-plugin:3.2.1:check (validate) @ streampipes-service-base ---
[INFO] 
[INFO] <<< maven-source-plugin:3.2.1:jar (attach-sources) < generate-sources @ streampipes-service-base <<<
[INFO] 
[INFO] 
[INFO] --- maven-source-plugin:3.2.1:jar (attach-sources) @ streampipes-service-base ---
[INFO] Building jar: /Users/arian/edu/kth/softfund_dd2480/assignment4/DD2480-Assignment-4/streampipes-service-base/target/streampipes-service-base-0.92.0-SNAPSHOT-sources.jar
[INFO] 
[INFO] -------------< org.apache.streampipes:streampipes-config >--------------
[INFO] Building streampipes-config 0.92.0-SNAPSHOT                      [17/94]
[INFO] --------------------------------[ jar ]---------------------------------
[INFO] 
[INFO] --- maven-clean-plugin:3.2.0:clean (default-clean) @ streampipes-config ---
[INFO] Deleting /Users/arian/edu/kth/softfund_dd2480/assignment4/DD2480-Assignment-4/streampipes-config/target
[INFO] 
[INFO] --- maven-enforcer-plugin:3.1.0:enforce (enforce-maven-version) @ streampipes-config ---
[INFO] 
[INFO] --- maven-enforcer-plugin:3.1.0:enforce (enforce-java-version) @ streampipes-config ---
[INFO] 
[INFO] --- maven-enforcer-plugin:3.1.0:enforce (check-at-least-java-17) @ streampipes-config ---
[INFO] 
[INFO] --- maven-enforcer-plugin:3.1.0:enforce (enforce-version-convergence) @ streampipes-config ---
[INFO] 
[INFO] --- maven-checkstyle-plugin:3.2.1:check (validate) @ streampipes-config ---
[INFO] 
[INFO] --- maven-remote-resources-plugin:1.7.0:process (process-resource-bundles) @ streampipes-config ---
[INFO] Preparing remote bundle org.apache:apache-jar-resource-bundle:1.4
[INFO] Copying 3 resources from 1 bundle.
[INFO] 
[INFO] --- maven-resources-plugin:3.3.0:resources (default-resources) @ streampipes-config ---
[INFO] skip non existing resourceDirectory /Users/arian/edu/kth/softfund_dd2480/assignment4/DD2480-Assignment-4/streampipes-config/src/main/resources
[INFO] Copying 3 resources
[INFO] 
[INFO] --- maven-compiler-plugin:3.10.1:compile (default-compile) @ streampipes-config ---
[INFO] Changes detected - recompiling the module!
[INFO] Compiling 8 source files to /Users/arian/edu/kth/softfund_dd2480/assignment4/DD2480-Assignment-4/streampipes-config/target/classes
[INFO] 
[INFO] --- maven-resources-plugin:3.3.0:testResources (default-testResources) @ streampipes-config ---
[INFO] skip non existing resourceDirectory /Users/arian/edu/kth/softfund_dd2480/assignment4/DD2480-Assignment-4/streampipes-config/src/test/resources
[INFO] Copying 3 resources
[INFO] 
[INFO] --- maven-compiler-plugin:3.10.1:testCompile (default-testCompile) @ streampipes-config ---
[INFO] No sources to compile
[INFO] 
[INFO] --- maven-surefire-plugin:2.22.2:test (default-test) @ streampipes-config ---
[INFO] 
[INFO] --- maven-jar-plugin:3.3.0:jar (default-jar) @ streampipes-config ---
[INFO] Building jar: /Users/arian/edu/kth/softfund_dd2480/assignment4/DD2480-Assignment-4/streampipes-config/target/streampipes-config-0.92.0-SNAPSHOT.jar
[INFO] 
[INFO] --- maven-site-plugin:3.12.1:attach-descriptor (attach-descriptor) @ streampipes-config ---
[INFO] Skipping because packaging 'jar' is not pom.
[INFO] 
[INFO] --- maven-javadoc-plugin:3.4.1:jar (attach-javadocs) @ streampipes-config ---
[INFO] No previous run data found, generating javadoc.
[INFO] Building jar: /Users/arian/edu/kth/softfund_dd2480/assignment4/DD2480-Assignment-4/streampipes-config/target/streampipes-config-0.92.0-SNAPSHOT-javadoc.jar
[INFO] 
[INFO] >>> maven-source-plugin:3.2.1:jar (attach-sources) > generate-sources @ streampipes-config >>>
[INFO] 
[INFO] --- maven-enforcer-plugin:3.1.0:enforce (enforce-maven-version) @ streampipes-config ---
[INFO] 
[INFO] --- maven-enforcer-plugin:3.1.0:enforce (enforce-java-version) @ streampipes-config ---
[INFO] 
[INFO] --- maven-enforcer-plugin:3.1.0:enforce (check-at-least-java-17) @ streampipes-config ---
[INFO] 
[INFO] --- maven-enforcer-plugin:3.1.0:enforce (enforce-version-convergence) @ streampipes-config ---
[INFO] 
[INFO] --- maven-checkstyle-plugin:3.2.1:check (validate) @ streampipes-config ---
[INFO] 
[INFO] <<< maven-source-plugin:3.2.1:jar (attach-sources) < generate-sources @ streampipes-config <<<
[INFO] 
[INFO] 
[INFO] --- maven-source-plugin:3.2.1:jar (attach-sources) @ streampipes-config ---
[INFO] Building jar: /Users/arian/edu/kth/softfund_dd2480/assignment4/DD2480-Assignment-4/streampipes-config/target/streampipes-config-0.92.0-SNAPSHOT-sources.jar
[INFO] 
[INFO] ------------< org.apache.streampipes:streampipes-messaging >------------
[INFO] Building streampipes-messaging 0.92.0-SNAPSHOT                   [18/94]
[INFO] --------------------------------[ jar ]---------------------------------
[INFO] 
[INFO] --- maven-clean-plugin:3.2.0:clean (default-clean) @ streampipes-messaging ---
[INFO] Deleting /Users/arian/edu/kth/softfund_dd2480/assignment4/DD2480-Assignment-4/streampipes-messaging/target
[INFO] 
[INFO] --- maven-enforcer-plugin:3.1.0:enforce (enforce-maven-version) @ streampipes-messaging ---
[INFO] 
[INFO] --- maven-enforcer-plugin:3.1.0:enforce (enforce-java-version) @ streampipes-messaging ---
[INFO] 
[INFO] --- maven-enforcer-plugin:3.1.0:enforce (check-at-least-java-17) @ streampipes-messaging ---
[INFO] 
[INFO] --- maven-enforcer-plugin:3.1.0:enforce (enforce-version-convergence) @ streampipes-messaging ---
[INFO] 
[INFO] --- maven-checkstyle-plugin:3.2.1:check (validate) @ streampipes-messaging ---
[INFO] 
[INFO] --- maven-remote-resources-plugin:1.7.0:process (process-resource-bundles) @ streampipes-messaging ---
[INFO] Preparing remote bundle org.apache:apache-jar-resource-bundle:1.4
[INFO] Copying 3 resources from 1 bundle.
[INFO] 
[INFO] --- maven-resources-plugin:3.3.0:resources (default-resources) @ streampipes-messaging ---
[INFO] skip non existing resourceDirectory /Users/arian/edu/kth/softfund_dd2480/assignment4/DD2480-Assignment-4/streampipes-messaging/src/main/resources
[INFO] Copying 3 resources
[INFO] 
[INFO] --- maven-compiler-plugin:3.10.1:compile (default-compile) @ streampipes-messaging ---
[INFO] Changes detected - recompiling the module!
[INFO] Compiling 6 source files to /Users/arian/edu/kth/softfund_dd2480/assignment4/DD2480-Assignment-4/streampipes-messaging/target/classes
[INFO] /Users/arian/edu/kth/softfund_dd2480/assignment4/DD2480-Assignment-4/streampipes-messaging/src/main/java/org/apache/streampipes/messaging/SpProtocolManager.java: /Users/arian/edu/kth/softfund_dd2480/assignment4/DD2480-Assignment-4/streampipes-messaging/src/main/java/org/apache/streampipes/messaging/SpProtocolManager.java uses unchecked or unsafe operations.
[INFO] /Users/arian/edu/kth/softfund_dd2480/assignment4/DD2480-Assignment-4/streampipes-messaging/src/main/java/org/apache/streampipes/messaging/SpProtocolManager.java: Recompile with -Xlint:unchecked for details.
[INFO] 
[INFO] --- maven-resources-plugin:3.3.0:testResources (default-testResources) @ streampipes-messaging ---
[INFO] skip non existing resourceDirectory /Users/arian/edu/kth/softfund_dd2480/assignment4/DD2480-Assignment-4/streampipes-messaging/src/test/resources
[INFO] Copying 3 resources
[INFO] 
[INFO] --- maven-compiler-plugin:3.10.1:testCompile (default-testCompile) @ streampipes-messaging ---
[INFO] No sources to compile
[INFO] 
[INFO] --- maven-surefire-plugin:2.22.2:test (default-test) @ streampipes-messaging ---
[INFO] 
[INFO] --- maven-jar-plugin:3.3.0:jar (default-jar) @ streampipes-messaging ---
[INFO] Building jar: /Users/arian/edu/kth/softfund_dd2480/assignment4/DD2480-Assignment-4/streampipes-messaging/target/streampipes-messaging-0.92.0-SNAPSHOT.jar
[INFO] 
[INFO] --- maven-site-plugin:3.12.1:attach-descriptor (attach-descriptor) @ streampipes-messaging ---
[INFO] Skipping because packaging 'jar' is not pom.
[INFO] 
[INFO] --- maven-javadoc-plugin:3.4.1:jar (attach-javadocs) @ streampipes-messaging ---
[INFO] No previous run data found, generating javadoc.
[INFO] Building jar: /Users/arian/edu/kth/softfund_dd2480/assignment4/DD2480-Assignment-4/streampipes-messaging/target/streampipes-messaging-0.92.0-SNAPSHOT-javadoc.jar
[INFO] 
[INFO] >>> maven-source-plugin:3.2.1:jar (attach-sources) > generate-sources @ streampipes-messaging >>>
[INFO] 
[INFO] --- maven-enforcer-plugin:3.1.0:enforce (enforce-maven-version) @ streampipes-messaging ---
[INFO] 
[INFO] --- maven-enforcer-plugin:3.1.0:enforce (enforce-java-version) @ streampipes-messaging ---
[INFO] 
[INFO] --- maven-enforcer-plugin:3.1.0:enforce (check-at-least-java-17) @ streampipes-messaging ---
[INFO] 
[INFO] --- maven-enforcer-plugin:3.1.0:enforce (enforce-version-convergence) @ streampipes-messaging ---
[INFO] 
[INFO] --- maven-checkstyle-plugin:3.2.1:check (validate) @ streampipes-messaging ---
[INFO] 
[INFO] <<< maven-source-plugin:3.2.1:jar (attach-sources) < generate-sources @ streampipes-messaging <<<
[INFO] 
[INFO] 
[INFO] --- maven-source-plugin:3.2.1:jar (attach-sources) @ streampipes-messaging ---
[INFO] Building jar: /Users/arian/edu/kth/softfund_dd2480/assignment4/DD2480-Assignment-4/streampipes-messaging/target/streampipes-messaging-0.92.0-SNAPSHOT-sources.jar
[INFO] 
[INFO] ---------< org.apache.streampipes:streampipes-messaging-kafka >---------
[INFO] Building streampipes-messaging-kafka 0.92.0-SNAPSHOT             [19/94]
[INFO] --------------------------------[ jar ]---------------------------------
[INFO] 
[INFO] --- maven-clean-plugin:3.2.0:clean (default-clean) @ streampipes-messaging-kafka ---
[INFO] Deleting /Users/arian/edu/kth/softfund_dd2480/assignment4/DD2480-Assignment-4/streampipes-messaging-kafka/target
[INFO] 
[INFO] --- maven-enforcer-plugin:3.1.0:enforce (enforce-maven-version) @ streampipes-messaging-kafka ---
[INFO] 
[INFO] --- maven-enforcer-plugin:3.1.0:enforce (enforce-java-version) @ streampipes-messaging-kafka ---
[INFO] 
[INFO] --- maven-enforcer-plugin:3.1.0:enforce (check-at-least-java-17) @ streampipes-messaging-kafka ---
[INFO] 
[INFO] --- maven-enforcer-plugin:3.1.0:enforce (enforce-version-convergence) @ streampipes-messaging-kafka ---
[INFO] 
[INFO] --- maven-checkstyle-plugin:3.2.1:check (validate) @ streampipes-messaging-kafka ---
[INFO] 
[INFO] --- maven-remote-resources-plugin:1.7.0:process (process-resource-bundles) @ streampipes-messaging-kafka ---
[INFO] Preparing remote bundle org.apache:apache-jar-resource-bundle:1.4
[INFO] Copying 3 resources from 1 bundle.
[INFO] 
[INFO] --- maven-resources-plugin:3.3.0:resources (default-resources) @ streampipes-messaging-kafka ---
[INFO] skip non existing resourceDirectory /Users/arian/edu/kth/softfund_dd2480/assignment4/DD2480-Assignment-4/streampipes-messaging-kafka/src/main/resources
[INFO] Copying 3 resources
[INFO] 
[INFO] --- maven-compiler-plugin:3.10.1:compile (default-compile) @ streampipes-messaging-kafka ---
[INFO] Changes detected - recompiling the module!
[INFO] Compiling 13 source files to /Users/arian/edu/kth/softfund_dd2480/assignment4/DD2480-Assignment-4/streampipes-messaging-kafka/target/classes
[INFO] 
[INFO] --- maven-resources-plugin:3.3.0:testResources (default-testResources) @ streampipes-messaging-kafka ---
[INFO] skip non existing resourceDirectory /Users/arian/edu/kth/softfund_dd2480/assignment4/DD2480-Assignment-4/streampipes-messaging-kafka/src/test/resources
[INFO] Copying 3 resources
[INFO] 
[INFO] --- maven-compiler-plugin:3.10.1:testCompile (default-testCompile) @ streampipes-messaging-kafka ---
[INFO] No sources to compile
[INFO] 
[INFO] --- maven-surefire-plugin:2.22.2:test (default-test) @ streampipes-messaging-kafka ---
[INFO] 
[INFO] --- maven-jar-plugin:3.3.0:jar (default-jar) @ streampipes-messaging-kafka ---
[INFO] Building jar: /Users/arian/edu/kth/softfund_dd2480/assignment4/DD2480-Assignment-4/streampipes-messaging-kafka/target/streampipes-messaging-kafka-0.92.0-SNAPSHOT.jar
[INFO] 
[INFO] --- maven-site-plugin:3.12.1:attach-descriptor (attach-descriptor) @ streampipes-messaging-kafka ---
[INFO] Skipping because packaging 'jar' is not pom.
[INFO] 
[INFO] --- maven-javadoc-plugin:3.4.1:jar (attach-javadocs) @ streampipes-messaging-kafka ---
[INFO] No previous run data found, generating javadoc.
[INFO] Building jar: /Users/arian/edu/kth/softfund_dd2480/assignment4/DD2480-Assignment-4/streampipes-messaging-kafka/target/streampipes-messaging-kafka-0.92.0-SNAPSHOT-javadoc.jar
[INFO] 
[INFO] >>> maven-source-plugin:3.2.1:jar (attach-sources) > generate-sources @ streampipes-messaging-kafka >>>
[INFO] 
[INFO] --- maven-enforcer-plugin:3.1.0:enforce (enforce-maven-version) @ streampipes-messaging-kafka ---
[INFO] 
[INFO] --- maven-enforcer-plugin:3.1.0:enforce (enforce-java-version) @ streampipes-messaging-kafka ---
[INFO] 
[INFO] --- maven-enforcer-plugin:3.1.0:enforce (check-at-least-java-17) @ streampipes-messaging-kafka ---
[INFO] 
[INFO] --- maven-enforcer-plugin:3.1.0:enforce (enforce-version-convergence) @ streampipes-messaging-kafka ---
[INFO] 
[INFO] --- maven-checkstyle-plugin:3.2.1:check (validate) @ streampipes-messaging-kafka ---
[INFO] 
[INFO] <<< maven-source-plugin:3.2.1:jar (attach-sources) < generate-sources @ streampipes-messaging-kafka <<<
[INFO] 
[INFO] 
[INFO] --- maven-source-plugin:3.2.1:jar (attach-sources) @ streampipes-messaging-kafka ---
[INFO] Building jar: /Users/arian/edu/kth/softfund_dd2480/assignment4/DD2480-Assignment-4/streampipes-messaging-kafka/target/streampipes-messaging-kafka-0.92.0-SNAPSHOT-sources.jar
[INFO] 
[INFO] -----------< org.apache.streampipes:streampipes-dataformat >------------
[INFO] Building streampipes-dataformat 0.92.0-SNAPSHOT                  [20/94]
[INFO] --------------------------------[ jar ]---------------------------------
[INFO] 
[INFO] --- maven-clean-plugin:3.2.0:clean (default-clean) @ streampipes-dataformat ---
[INFO] Deleting /Users/arian/edu/kth/softfund_dd2480/assignment4/DD2480-Assignment-4/streampipes-dataformat/target
[INFO] 
[INFO] --- maven-enforcer-plugin:3.1.0:enforce (enforce-maven-version) @ streampipes-dataformat ---
[INFO] 
[INFO] --- maven-enforcer-plugin:3.1.0:enforce (enforce-java-version) @ streampipes-dataformat ---
[INFO] 
[INFO] --- maven-enforcer-plugin:3.1.0:enforce (check-at-least-java-17) @ streampipes-dataformat ---
[INFO] 
[INFO] --- maven-enforcer-plugin:3.1.0:enforce (enforce-version-convergence) @ streampipes-dataformat ---
[INFO] 
[INFO] --- maven-checkstyle-plugin:3.2.1:check (validate) @ streampipes-dataformat ---
[INFO] 
[INFO] --- maven-remote-resources-plugin:1.7.0:process (process-resource-bundles) @ streampipes-dataformat ---
[INFO] Preparing remote bundle org.apache:apache-jar-resource-bundle:1.4
[INFO] Copying 3 resources from 1 bundle.
[INFO] 
[INFO] --- maven-resources-plugin:3.3.0:resources (default-resources) @ streampipes-dataformat ---
[INFO] skip non existing resourceDirectory /Users/arian/edu/kth/softfund_dd2480/assignment4/DD2480-Assignment-4/streampipes-dataformat/src/main/resources
[INFO] Copying 3 resources
[INFO] 
[INFO] --- maven-compiler-plugin:3.10.1:compile (default-compile) @ streampipes-dataformat ---
[INFO] Changes detected - recompiling the module!
[INFO] Compiling 3 source files to /Users/arian/edu/kth/softfund_dd2480/assignment4/DD2480-Assignment-4/streampipes-dataformat/target/classes
[INFO] 
[INFO] --- maven-resources-plugin:3.3.0:testResources (default-testResources) @ streampipes-dataformat ---
[INFO] skip non existing resourceDirectory /Users/arian/edu/kth/softfund_dd2480/assignment4/DD2480-Assignment-4/streampipes-dataformat/src/test/resources
[INFO] Copying 3 resources
[INFO] 
[INFO] --- maven-compiler-plugin:3.10.1:testCompile (default-testCompile) @ streampipes-dataformat ---
[INFO] No sources to compile
[INFO] 
[INFO] --- maven-surefire-plugin:2.22.2:test (default-test) @ streampipes-dataformat ---
[INFO] 
[INFO] --- maven-jar-plugin:3.3.0:jar (default-jar) @ streampipes-dataformat ---
[INFO] Building jar: /Users/arian/edu/kth/softfund_dd2480/assignment4/DD2480-Assignment-4/streampipes-dataformat/target/streampipes-dataformat-0.92.0-SNAPSHOT.jar
[INFO] 
[INFO] --- maven-site-plugin:3.12.1:attach-descriptor (attach-descriptor) @ streampipes-dataformat ---
[INFO] Skipping because packaging 'jar' is not pom.
[INFO] 
[INFO] --- maven-javadoc-plugin:3.4.1:jar (attach-javadocs) @ streampipes-dataformat ---
[INFO] No previous run data found, generating javadoc.
[INFO] Building jar: /Users/arian/edu/kth/softfund_dd2480/assignment4/DD2480-Assignment-4/streampipes-dataformat/target/streampipes-dataformat-0.92.0-SNAPSHOT-javadoc.jar
[INFO] 
[INFO] >>> maven-source-plugin:3.2.1:jar (attach-sources) > generate-sources @ streampipes-dataformat >>>
[INFO] 
[INFO] --- maven-enforcer-plugin:3.1.0:enforce (enforce-maven-version) @ streampipes-dataformat ---
[INFO] 
[INFO] --- maven-enforcer-plugin:3.1.0:enforce (enforce-java-version) @ streampipes-dataformat ---
[INFO] 
[INFO] --- maven-enforcer-plugin:3.1.0:enforce (check-at-least-java-17) @ streampipes-dataformat ---
[INFO] 
[INFO] --- maven-enforcer-plugin:3.1.0:enforce (enforce-version-convergence) @ streampipes-dataformat ---
[INFO] 
[INFO] --- maven-checkstyle-plugin:3.2.1:check (validate) @ streampipes-dataformat ---
[INFO] 
[INFO] <<< maven-source-plugin:3.2.1:jar (attach-sources) < generate-sources @ streampipes-dataformat <<<
[INFO] 
[INFO] 
[INFO] --- maven-source-plugin:3.2.1:jar (attach-sources) @ streampipes-dataformat ---
[INFO] Building jar: /Users/arian/edu/kth/softfund_dd2480/assignment4/DD2480-Assignment-4/streampipes-dataformat/target/streampipes-dataformat-0.92.0-SNAPSHOT-sources.jar
[INFO] 
[INFO] ---------< org.apache.streampipes:streampipes-dataformat-json >---------
[INFO] Building streampipes-dataformat-json 0.92.0-SNAPSHOT             [21/94]
[INFO] --------------------------------[ jar ]---------------------------------
[INFO] 
[INFO] --- maven-clean-plugin:3.2.0:clean (default-clean) @ streampipes-dataformat-json ---
[INFO] Deleting /Users/arian/edu/kth/softfund_dd2480/assignment4/DD2480-Assignment-4/streampipes-dataformat-json/target
[INFO] 
[INFO] --- maven-enforcer-plugin:3.1.0:enforce (enforce-maven-version) @ streampipes-dataformat-json ---
[INFO] 
[INFO] --- maven-enforcer-plugin:3.1.0:enforce (enforce-java-version) @ streampipes-dataformat-json ---
[INFO] 
[INFO] --- maven-enforcer-plugin:3.1.0:enforce (check-at-least-java-17) @ streampipes-dataformat-json ---
[INFO] 
[INFO] --- maven-enforcer-plugin:3.1.0:enforce (enforce-version-convergence) @ streampipes-dataformat-json ---
[INFO] 
[INFO] --- maven-checkstyle-plugin:3.2.1:check (validate) @ streampipes-dataformat-json ---
[INFO] 
[INFO] --- maven-remote-resources-plugin:1.7.0:process (process-resource-bundles) @ streampipes-dataformat-json ---
[INFO] Preparing remote bundle org.apache:apache-jar-resource-bundle:1.4
[INFO] Copying 3 resources from 1 bundle.
[INFO] 
[INFO] --- maven-resources-plugin:3.3.0:resources (default-resources) @ streampipes-dataformat-json ---
[INFO] skip non existing resourceDirectory /Users/arian/edu/kth/softfund_dd2480/assignment4/DD2480-Assignment-4/streampipes-dataformat-json/src/main/resources
[INFO] Copying 3 resources
[INFO] 
[INFO] --- maven-compiler-plugin:3.10.1:compile (default-compile) @ streampipes-dataformat-json ---
[INFO] Changes detected - recompiling the module!
[INFO] Compiling 2 source files to /Users/arian/edu/kth/softfund_dd2480/assignment4/DD2480-Assignment-4/streampipes-dataformat-json/target/classes
[INFO] /Users/arian/edu/kth/softfund_dd2480/assignment4/DD2480-Assignment-4/streampipes-dataformat-json/src/main/java/org/apache/streampipes/dataformat/json/JsonDataFormatDefinition.java: /Users/arian/edu/kth/softfund_dd2480/assignment4/DD2480-Assignment-4/streampipes-dataformat-json/src/main/java/org/apache/streampipes/dataformat/json/JsonDataFormatDefinition.java uses unchecked or unsafe operations.
[INFO] /Users/arian/edu/kth/softfund_dd2480/assignment4/DD2480-Assignment-4/streampipes-dataformat-json/src/main/java/org/apache/streampipes/dataformat/json/JsonDataFormatDefinition.java: Recompile with -Xlint:unchecked for details.
[INFO] 
[INFO] --- maven-resources-plugin:3.3.0:testResources (default-testResources) @ streampipes-dataformat-json ---
[INFO] skip non existing resourceDirectory /Users/arian/edu/kth/softfund_dd2480/assignment4/DD2480-Assignment-4/streampipes-dataformat-json/src/test/resources
[INFO] Copying 3 resources
[INFO] 
[INFO] --- maven-compiler-plugin:3.10.1:testCompile (default-testCompile) @ streampipes-dataformat-json ---
[INFO] No sources to compile
[INFO] 
[INFO] --- maven-surefire-plugin:2.22.2:test (default-test) @ streampipes-dataformat-json ---
[INFO] 
[INFO] --- maven-jar-plugin:3.3.0:jar (default-jar) @ streampipes-dataformat-json ---
[INFO] Building jar: /Users/arian/edu/kth/softfund_dd2480/assignment4/DD2480-Assignment-4/streampipes-dataformat-json/target/streampipes-dataformat-json-0.92.0-SNAPSHOT.jar
[INFO] 
[INFO] --- maven-site-plugin:3.12.1:attach-descriptor (attach-descriptor) @ streampipes-dataformat-json ---
[INFO] Skipping because packaging 'jar' is not pom.
[INFO] 
[INFO] --- maven-javadoc-plugin:3.4.1:jar (attach-javadocs) @ streampipes-dataformat-json ---
[INFO] No previous run data found, generating javadoc.
[INFO] Building jar: /Users/arian/edu/kth/softfund_dd2480/assignment4/DD2480-Assignment-4/streampipes-dataformat-json/target/streampipes-dataformat-json-0.92.0-SNAPSHOT-javadoc.jar
[INFO] 
[INFO] >>> maven-source-plugin:3.2.1:jar (attach-sources) > generate-sources @ streampipes-dataformat-json >>>
[INFO] 
[INFO] --- maven-enforcer-plugin:3.1.0:enforce (enforce-maven-version) @ streampipes-dataformat-json ---
[INFO] 
[INFO] --- maven-enforcer-plugin:3.1.0:enforce (enforce-java-version) @ streampipes-dataformat-json ---
[INFO] 
[INFO] --- maven-enforcer-plugin:3.1.0:enforce (check-at-least-java-17) @ streampipes-dataformat-json ---
[INFO] 
[INFO] --- maven-enforcer-plugin:3.1.0:enforce (enforce-version-convergence) @ streampipes-dataformat-json ---
[INFO] 
[INFO] --- maven-checkstyle-plugin:3.2.1:check (validate) @ streampipes-dataformat-json ---
[INFO] 
[INFO] <<< maven-source-plugin:3.2.1:jar (attach-sources) < generate-sources @ streampipes-dataformat-json <<<
[INFO] 
[INFO] 
[INFO] --- maven-source-plugin:3.2.1:jar (attach-sources) @ streampipes-dataformat-json ---
[INFO] Building jar: /Users/arian/edu/kth/softfund_dd2480/assignment4/DD2480-Assignment-4/streampipes-dataformat-json/target/streampipes-dataformat-json-0.92.0-SNAPSHOT-sources.jar
[INFO] 
[INFO] ---------< org.apache.streampipes:streampipes-dataformat-cbor >---------
[INFO] Building streampipes-dataformat-cbor 0.92.0-SNAPSHOT             [22/94]
[INFO] --------------------------------[ jar ]---------------------------------
[INFO] 
[INFO] --- maven-clean-plugin:3.2.0:clean (default-clean) @ streampipes-dataformat-cbor ---
[INFO] Deleting /Users/arian/edu/kth/softfund_dd2480/assignment4/DD2480-Assignment-4/streampipes-dataformat-cbor/target
[INFO] 
[INFO] --- maven-enforcer-plugin:3.1.0:enforce (enforce-maven-version) @ streampipes-dataformat-cbor ---
[INFO] 
[INFO] --- maven-enforcer-plugin:3.1.0:enforce (enforce-java-version) @ streampipes-dataformat-cbor ---
[INFO] 
[INFO] --- maven-enforcer-plugin:3.1.0:enforce (check-at-least-java-17) @ streampipes-dataformat-cbor ---
[INFO] 
[INFO] --- maven-enforcer-plugin:3.1.0:enforce (enforce-version-convergence) @ streampipes-dataformat-cbor ---
[INFO] 
[INFO] --- maven-checkstyle-plugin:3.2.1:check (validate) @ streampipes-dataformat-cbor ---
[INFO] 
[INFO] --- maven-remote-resources-plugin:1.7.0:process (process-resource-bundles) @ streampipes-dataformat-cbor ---
[INFO] Preparing remote bundle org.apache:apache-jar-resource-bundle:1.4
[INFO] Copying 3 resources from 1 bundle.
[INFO] 
[INFO] --- maven-resources-plugin:3.3.0:resources (default-resources) @ streampipes-dataformat-cbor ---
[INFO] skip non existing resourceDirectory /Users/arian/edu/kth/softfund_dd2480/assignment4/DD2480-Assignment-4/streampipes-dataformat-cbor/src/main/resources
[INFO] Copying 3 resources
[INFO] 
[INFO] --- maven-compiler-plugin:3.10.1:compile (default-compile) @ streampipes-dataformat-cbor ---
[INFO] Changes detected - recompiling the module!
[INFO] Compiling 2 source files to /Users/arian/edu/kth/softfund_dd2480/assignment4/DD2480-Assignment-4/streampipes-dataformat-cbor/target/classes
[INFO] /Users/arian/edu/kth/softfund_dd2480/assignment4/DD2480-Assignment-4/streampipes-dataformat-cbor/src/main/java/org/apache/streampipes/dataformat/cbor/CborDataFormatDefinition.java: /Users/arian/edu/kth/softfund_dd2480/assignment4/DD2480-Assignment-4/streampipes-dataformat-cbor/src/main/java/org/apache/streampipes/dataformat/cbor/CborDataFormatDefinition.java uses unchecked or unsafe operations.
[INFO] /Users/arian/edu/kth/softfund_dd2480/assignment4/DD2480-Assignment-4/streampipes-dataformat-cbor/src/main/java/org/apache/streampipes/dataformat/cbor/CborDataFormatDefinition.java: Recompile with -Xlint:unchecked for details.
[INFO] 
[INFO] --- maven-resources-plugin:3.3.0:testResources (default-testResources) @ streampipes-dataformat-cbor ---
[INFO] skip non existing resourceDirectory /Users/arian/edu/kth/softfund_dd2480/assignment4/DD2480-Assignment-4/streampipes-dataformat-cbor/src/test/resources
[INFO] Copying 3 resources
[INFO] 
[INFO] --- maven-compiler-plugin:3.10.1:testCompile (default-testCompile) @ streampipes-dataformat-cbor ---
[INFO] No sources to compile
[INFO] 
[INFO] --- maven-surefire-plugin:2.22.2:test (default-test) @ streampipes-dataformat-cbor ---
[INFO] 
[INFO] --- maven-jar-plugin:3.3.0:jar (default-jar) @ streampipes-dataformat-cbor ---
[INFO] Building jar: /Users/arian/edu/kth/softfund_dd2480/assignment4/DD2480-Assignment-4/streampipes-dataformat-cbor/target/streampipes-dataformat-cbor-0.92.0-SNAPSHOT.jar
[INFO] 
[INFO] --- maven-site-plugin:3.12.1:attach-descriptor (attach-descriptor) @ streampipes-dataformat-cbor ---
[INFO] Skipping because packaging 'jar' is not pom.
[INFO] 
[INFO] --- maven-javadoc-plugin:3.4.1:jar (attach-javadocs) @ streampipes-dataformat-cbor ---
[INFO] No previous run data found, generating javadoc.
[INFO] Building jar: /Users/arian/edu/kth/softfund_dd2480/assignment4/DD2480-Assignment-4/streampipes-dataformat-cbor/target/streampipes-dataformat-cbor-0.92.0-SNAPSHOT-javadoc.jar
[INFO] 
[INFO] >>> maven-source-plugin:3.2.1:jar (attach-sources) > generate-sources @ streampipes-dataformat-cbor >>>
[INFO] 
[INFO] --- maven-enforcer-plugin:3.1.0:enforce (enforce-maven-version) @ streampipes-dataformat-cbor ---
[INFO] 
[INFO] --- maven-enforcer-plugin:3.1.0:enforce (enforce-java-version) @ streampipes-dataformat-cbor ---
[INFO] 
[INFO] --- maven-enforcer-plugin:3.1.0:enforce (check-at-least-java-17) @ streampipes-dataformat-cbor ---
[INFO] 
[INFO] --- maven-enforcer-plugin:3.1.0:enforce (enforce-version-convergence) @ streampipes-dataformat-cbor ---
[INFO] 
[INFO] --- maven-checkstyle-plugin:3.2.1:check (validate) @ streampipes-dataformat-cbor ---
[INFO] 
[INFO] <<< maven-source-plugin:3.2.1:jar (attach-sources) < generate-sources @ streampipes-dataformat-cbor <<<
[INFO] 
[INFO] 
[INFO] --- maven-source-plugin:3.2.1:jar (attach-sources) @ streampipes-dataformat-cbor ---
[INFO] Building jar: /Users/arian/edu/kth/softfund_dd2480/assignment4/DD2480-Assignment-4/streampipes-dataformat-cbor/target/streampipes-dataformat-cbor-0.92.0-SNAPSHOT-sources.jar
[INFO] 
[INFO] ---------< org.apache.streampipes:streampipes-dataformat-fst >----------
[INFO] Building streampipes-dataformat-fst 0.92.0-SNAPSHOT              [23/94]
[INFO] --------------------------------[ jar ]---------------------------------
[INFO] 
[INFO] --- maven-clean-plugin:3.2.0:clean (default-clean) @ streampipes-dataformat-fst ---
[INFO] Deleting /Users/arian/edu/kth/softfund_dd2480/assignment4/DD2480-Assignment-4/streampipes-dataformat-fst/target
[INFO] 
[INFO] --- maven-enforcer-plugin:3.1.0:enforce (enforce-maven-version) @ streampipes-dataformat-fst ---
[INFO] 
[INFO] --- maven-enforcer-plugin:3.1.0:enforce (enforce-java-version) @ streampipes-dataformat-fst ---
[INFO] 
[INFO] --- maven-enforcer-plugin:3.1.0:enforce (check-at-least-java-17) @ streampipes-dataformat-fst ---
[INFO] 
[INFO] --- maven-enforcer-plugin:3.1.0:enforce (enforce-version-convergence) @ streampipes-dataformat-fst ---
[INFO] 
[INFO] --- maven-checkstyle-plugin:3.2.1:check (validate) @ streampipes-dataformat-fst ---
[INFO] 
[INFO] --- maven-remote-resources-plugin:1.7.0:process (process-resource-bundles) @ streampipes-dataformat-fst ---
[INFO] Preparing remote bundle org.apache:apache-jar-resource-bundle:1.4
[INFO] Copying 3 resources from 1 bundle.
[INFO] 
[INFO] --- maven-resources-plugin:3.3.0:resources (default-resources) @ streampipes-dataformat-fst ---
[INFO] skip non existing resourceDirectory /Users/arian/edu/kth/softfund_dd2480/assignment4/DD2480-Assignment-4/streampipes-dataformat-fst/src/main/resources
[INFO] Copying 3 resources
[INFO] 
[INFO] --- maven-compiler-plugin:3.10.1:compile (default-compile) @ streampipes-dataformat-fst ---
[INFO] Changes detected - recompiling the module!
[INFO] Compiling 2 source files to /Users/arian/edu/kth/softfund_dd2480/assignment4/DD2480-Assignment-4/streampipes-dataformat-fst/target/classes
[INFO] /Users/arian/edu/kth/softfund_dd2480/assignment4/DD2480-Assignment-4/streampipes-dataformat-fst/src/main/java/org/apache/streampipes/dataformat/fst/FstDataFormatDefinition.java: /Users/arian/edu/kth/softfund_dd2480/assignment4/DD2480-Assignment-4/streampipes-dataformat-fst/src/main/java/org/apache/streampipes/dataformat/fst/FstDataFormatDefinition.java uses unchecked or unsafe operations.
[INFO] /Users/arian/edu/kth/softfund_dd2480/assignment4/DD2480-Assignment-4/streampipes-dataformat-fst/src/main/java/org/apache/streampipes/dataformat/fst/FstDataFormatDefinition.java: Recompile with -Xlint:unchecked for details.
[INFO] 
[INFO] --- maven-resources-plugin:3.3.0:testResources (default-testResources) @ streampipes-dataformat-fst ---
[INFO] skip non existing resourceDirectory /Users/arian/edu/kth/softfund_dd2480/assignment4/DD2480-Assignment-4/streampipes-dataformat-fst/src/test/resources
[INFO] Copying 3 resources
[INFO] 
[INFO] --- maven-compiler-plugin:3.10.1:testCompile (default-testCompile) @ streampipes-dataformat-fst ---
[INFO] No sources to compile
[INFO] 
[INFO] --- maven-surefire-plugin:2.22.2:test (default-test) @ streampipes-dataformat-fst ---
[INFO] 
[INFO] --- maven-jar-plugin:3.3.0:jar (default-jar) @ streampipes-dataformat-fst ---
[INFO] Building jar: /Users/arian/edu/kth/softfund_dd2480/assignment4/DD2480-Assignment-4/streampipes-dataformat-fst/target/streampipes-dataformat-fst-0.92.0-SNAPSHOT.jar
[INFO] 
[INFO] --- maven-site-plugin:3.12.1:attach-descriptor (attach-descriptor) @ streampipes-dataformat-fst ---
[INFO] Skipping because packaging 'jar' is not pom.
[INFO] 
[INFO] --- maven-javadoc-plugin:3.4.1:jar (attach-javadocs) @ streampipes-dataformat-fst ---
[INFO] No previous run data found, generating javadoc.
[INFO] Building jar: /Users/arian/edu/kth/softfund_dd2480/assignment4/DD2480-Assignment-4/streampipes-dataformat-fst/target/streampipes-dataformat-fst-0.92.0-SNAPSHOT-javadoc.jar
[INFO] 
[INFO] >>> maven-source-plugin:3.2.1:jar (attach-sources) > generate-sources @ streampipes-dataformat-fst >>>
[INFO] 
[INFO] --- maven-enforcer-plugin:3.1.0:enforce (enforce-maven-version) @ streampipes-dataformat-fst ---
[INFO] 
[INFO] --- maven-enforcer-plugin:3.1.0:enforce (enforce-java-version) @ streampipes-dataformat-fst ---
[INFO] 
[INFO] --- maven-enforcer-plugin:3.1.0:enforce (check-at-least-java-17) @ streampipes-dataformat-fst ---
[INFO] 
[INFO] --- maven-enforcer-plugin:3.1.0:enforce (enforce-version-convergence) @ streampipes-dataformat-fst ---
[INFO] 
[INFO] --- maven-checkstyle-plugin:3.2.1:check (validate) @ streampipes-dataformat-fst ---
[INFO] 
[INFO] <<< maven-source-plugin:3.2.1:jar (attach-sources) < generate-sources @ streampipes-dataformat-fst <<<
[INFO] 
[INFO] 
[INFO] --- maven-source-plugin:3.2.1:jar (attach-sources) @ streampipes-dataformat-fst ---
[INFO] Building jar: /Users/arian/edu/kth/softfund_dd2480/assignment4/DD2480-Assignment-4/streampipes-dataformat-fst/target/streampipes-dataformat-fst-0.92.0-SNAPSHOT-sources.jar
[INFO] 
[INFO] ----------< org.apache.streampipes:streampipes-security-jwt >-----------
[INFO] Building streampipes-security-jwt 0.92.0-SNAPSHOT                [24/94]
[INFO] --------------------------------[ jar ]---------------------------------
[INFO] 
[INFO] --- maven-clean-plugin:3.2.0:clean (default-clean) @ streampipes-security-jwt ---
[INFO] Deleting /Users/arian/edu/kth/softfund_dd2480/assignment4/DD2480-Assignment-4/streampipes-security-jwt/target
[INFO] 
[INFO] --- maven-enforcer-plugin:3.1.0:enforce (enforce-maven-version) @ streampipes-security-jwt ---
[INFO] 
[INFO] --- maven-enforcer-plugin:3.1.0:enforce (enforce-java-version) @ streampipes-security-jwt ---
[INFO] 
[INFO] --- maven-enforcer-plugin:3.1.0:enforce (check-at-least-java-17) @ streampipes-security-jwt ---
[INFO] 
[INFO] --- maven-enforcer-plugin:3.1.0:enforce (enforce-version-convergence) @ streampipes-security-jwt ---
[INFO] 
[INFO] --- maven-checkstyle-plugin:3.2.1:check (validate) @ streampipes-security-jwt ---
[INFO] 
[INFO] --- maven-remote-resources-plugin:1.7.0:process (process-resource-bundles) @ streampipes-security-jwt ---
[INFO] Preparing remote bundle org.apache:apache-jar-resource-bundle:1.4
[INFO] Copying 3 resources from 1 bundle.
[INFO] 
[INFO] --- maven-resources-plugin:3.3.0:resources (default-resources) @ streampipes-security-jwt ---
[INFO] skip non existing resourceDirectory /Users/arian/edu/kth/softfund_dd2480/assignment4/DD2480-Assignment-4/streampipes-security-jwt/src/main/resources
[INFO] Copying 3 resources
[INFO] 
[INFO] --- maven-compiler-plugin:3.10.1:compile (default-compile) @ streampipes-security-jwt ---
[INFO] Changes detected - recompiling the module!
[INFO] Compiling 6 source files to /Users/arian/edu/kth/softfund_dd2480/assignment4/DD2480-Assignment-4/streampipes-security-jwt/target/classes
[INFO] 
[INFO] --- maven-resources-plugin:3.3.0:testResources (default-testResources) @ streampipes-security-jwt ---
[INFO] skip non existing resourceDirectory /Users/arian/edu/kth/softfund_dd2480/assignment4/DD2480-Assignment-4/streampipes-security-jwt/src/test/resources
[INFO] Copying 3 resources
[INFO] 
[INFO] --- maven-compiler-plugin:3.10.1:testCompile (default-testCompile) @ streampipes-security-jwt ---
[INFO] No sources to compile
[INFO] 
[INFO] --- maven-surefire-plugin:2.22.2:test (default-test) @ streampipes-security-jwt ---
[INFO] 
[INFO] --- maven-jar-plugin:3.3.0:jar (default-jar) @ streampipes-security-jwt ---
[INFO] Building jar: /Users/arian/edu/kth/softfund_dd2480/assignment4/DD2480-Assignment-4/streampipes-security-jwt/target/streampipes-security-jwt-0.92.0-SNAPSHOT.jar
[INFO] 
[INFO] --- maven-site-plugin:3.12.1:attach-descriptor (attach-descriptor) @ streampipes-security-jwt ---
[INFO] Skipping because packaging 'jar' is not pom.
[INFO] 
[INFO] --- maven-javadoc-plugin:3.4.1:jar (attach-javadocs) @ streampipes-security-jwt ---
[INFO] No previous run data found, generating javadoc.
[INFO] Building jar: /Users/arian/edu/kth/softfund_dd2480/assignment4/DD2480-Assignment-4/streampipes-security-jwt/target/streampipes-security-jwt-0.92.0-SNAPSHOT-javadoc.jar
[INFO] 
[INFO] >>> maven-source-plugin:3.2.1:jar (attach-sources) > generate-sources @ streampipes-security-jwt >>>
[INFO] 
[INFO] --- maven-enforcer-plugin:3.1.0:enforce (enforce-maven-version) @ streampipes-security-jwt ---
[INFO] 
[INFO] --- maven-enforcer-plugin:3.1.0:enforce (enforce-java-version) @ streampipes-security-jwt ---
[INFO] 
[INFO] --- maven-enforcer-plugin:3.1.0:enforce (check-at-least-java-17) @ streampipes-security-jwt ---
[INFO] 
[INFO] --- maven-enforcer-plugin:3.1.0:enforce (enforce-version-convergence) @ streampipes-security-jwt ---
[INFO] 
[INFO] --- maven-checkstyle-plugin:3.2.1:check (validate) @ streampipes-security-jwt ---
[INFO] 
[INFO] <<< maven-source-plugin:3.2.1:jar (attach-sources) < generate-sources @ streampipes-security-jwt <<<
[INFO] 
[INFO] 
[INFO] --- maven-source-plugin:3.2.1:jar (attach-sources) @ streampipes-security-jwt ---
[INFO] Building jar: /Users/arian/edu/kth/softfund_dd2480/assignment4/DD2480-Assignment-4/streampipes-security-jwt/target/streampipes-security-jwt-0.92.0-SNAPSHOT-sources.jar
[INFO] 
[INFO] -------------< org.apache.streampipes:streampipes-client >--------------
[INFO] Building streampipes-client 0.92.0-SNAPSHOT                      [25/94]
[INFO] --------------------------------[ jar ]---------------------------------
[INFO] 
[INFO] --- maven-clean-plugin:3.2.0:clean (default-clean) @ streampipes-client ---
[INFO] Deleting /Users/arian/edu/kth/softfund_dd2480/assignment4/DD2480-Assignment-4/streampipes-client/target
[INFO] 
[INFO] --- maven-enforcer-plugin:3.1.0:enforce (enforce-maven-version) @ streampipes-client ---
[INFO] 
[INFO] --- maven-enforcer-plugin:3.1.0:enforce (enforce-java-version) @ streampipes-client ---
[INFO] 
[INFO] --- maven-enforcer-plugin:3.1.0:enforce (check-at-least-java-17) @ streampipes-client ---
[INFO] 
[INFO] --- maven-enforcer-plugin:3.1.0:enforce (enforce-version-convergence) @ streampipes-client ---
[INFO] 
[INFO] --- maven-checkstyle-plugin:3.2.1:check (validate) @ streampipes-client ---
[INFO] 
[INFO] --- maven-remote-resources-plugin:1.7.0:process (process-resource-bundles) @ streampipes-client ---
[INFO] Preparing remote bundle org.apache:apache-jar-resource-bundle:1.4
[INFO] Copying 3 resources from 1 bundle.
[INFO] 
[INFO] --- maven-resources-plugin:3.3.0:resources (default-resources) @ streampipes-client ---
[INFO] skip non existing resourceDirectory /Users/arian/edu/kth/softfund_dd2480/assignment4/DD2480-Assignment-4/streampipes-client/src/main/resources
[INFO] Copying 3 resources
[INFO] 
[INFO] --- maven-compiler-plugin:3.10.1:compile (default-compile) @ streampipes-client ---
[INFO] Changes detected - recompiling the module!
[INFO] Compiling 46 source files to /Users/arian/edu/kth/softfund_dd2480/assignment4/DD2480-Assignment-4/streampipes-client/target/classes
[INFO] /Users/arian/edu/kth/softfund_dd2480/assignment4/DD2480-Assignment-4/streampipes-client/src/main/java/org/apache/streampipes/client/api/DataStreamApi.java: /Users/arian/edu/kth/softfund_dd2480/assignment4/DD2480-Assignment-4/streampipes-client/src/main/java/org/apache/streampipes/client/api/DataStreamApi.java uses or overrides a deprecated API.
[INFO] /Users/arian/edu/kth/softfund_dd2480/assignment4/DD2480-Assignment-4/streampipes-client/src/main/java/org/apache/streampipes/client/api/DataStreamApi.java: Recompile with -Xlint:deprecation for details.
[INFO] 
[INFO] --- maven-resources-plugin:3.3.0:testResources (default-testResources) @ streampipes-client ---
[INFO] skip non existing resourceDirectory /Users/arian/edu/kth/softfund_dd2480/assignment4/DD2480-Assignment-4/streampipes-client/src/test/resources
[INFO] Copying 3 resources
[INFO] 
[INFO] --- maven-compiler-plugin:3.10.1:testCompile (default-testCompile) @ streampipes-client ---
[INFO] Changes detected - recompiling the module!
[INFO] Compiling 1 source file to /Users/arian/edu/kth/softfund_dd2480/assignment4/DD2480-Assignment-4/streampipes-client/target/test-classes
[INFO] /Users/arian/edu/kth/softfund_dd2480/assignment4/DD2480-Assignment-4/streampipes-client/src/test/java/org/apache/streampipes/client/util/StreamPipesApiPathTest.java: /Users/arian/edu/kth/softfund_dd2480/assignment4/DD2480-Assignment-4/streampipes-client/src/test/java/org/apache/streampipes/client/util/StreamPipesApiPathTest.java uses unchecked or unsafe operations.
[INFO] /Users/arian/edu/kth/softfund_dd2480/assignment4/DD2480-Assignment-4/streampipes-client/src/test/java/org/apache/streampipes/client/util/StreamPipesApiPathTest.java: Recompile with -Xlint:unchecked for details.
[INFO] 
[INFO] --- maven-surefire-plugin:2.22.2:test (default-test) @ streampipes-client ---
[INFO] 
[INFO] -------------------------------------------------------
[INFO]  T E S T S
[INFO] -------------------------------------------------------
[INFO] Running org.apache.streampipes.client.util.StreamPipesApiPathTest
[INFO] Tests run: 4, Failures: 0, Errors: 0, Skipped: 0, Time elapsed: 0.075 s - in org.apache.streampipes.client.util.StreamPipesApiPathTest
[INFO] 
[INFO] Results:
[INFO] 
[INFO] Tests run: 4, Failures: 0, Errors: 0, Skipped: 0
[INFO] 
[INFO] 
[INFO] --- maven-jar-plugin:3.3.0:jar (default-jar) @ streampipes-client ---
[INFO] Building jar: /Users/arian/edu/kth/softfund_dd2480/assignment4/DD2480-Assignment-4/streampipes-client/target/streampipes-client-0.92.0-SNAPSHOT.jar
[INFO] 
[INFO] --- maven-site-plugin:3.12.1:attach-descriptor (attach-descriptor) @ streampipes-client ---
[INFO] Skipping because packaging 'jar' is not pom.
[INFO] 
[INFO] --- maven-javadoc-plugin:3.4.1:jar (attach-javadocs) @ streampipes-client ---
[INFO] No previous run data found, generating javadoc.
[INFO] Building jar: /Users/arian/edu/kth/softfund_dd2480/assignment4/DD2480-Assignment-4/streampipes-client/target/streampipes-client-0.92.0-SNAPSHOT-javadoc.jar
[INFO] 
[INFO] >>> maven-source-plugin:3.2.1:jar (attach-sources) > generate-sources @ streampipes-client >>>
[INFO] 
[INFO] --- maven-enforcer-plugin:3.1.0:enforce (enforce-maven-version) @ streampipes-client ---
[INFO] 
[INFO] --- maven-enforcer-plugin:3.1.0:enforce (enforce-java-version) @ streampipes-client ---
[INFO] 
[INFO] --- maven-enforcer-plugin:3.1.0:enforce (check-at-least-java-17) @ streampipes-client ---
[INFO] 
[INFO] --- maven-enforcer-plugin:3.1.0:enforce (enforce-version-convergence) @ streampipes-client ---
[INFO] 
[INFO] --- maven-checkstyle-plugin:3.2.1:check (validate) @ streampipes-client ---
[INFO] 
[INFO] <<< maven-source-plugin:3.2.1:jar (attach-sources) < generate-sources @ streampipes-client <<<
[INFO] 
[INFO] 
[INFO] --- maven-source-plugin:3.2.1:jar (attach-sources) @ streampipes-client ---
[INFO] Building jar: /Users/arian/edu/kth/softfund_dd2480/assignment4/DD2480-Assignment-4/streampipes-client/target/streampipes-client-0.92.0-SNAPSHOT-sources.jar
[INFO] 
[INFO] ------< org.apache.streampipes:streampipes-data-explorer-commons >------
[INFO] Building streampipes-data-explorer-commons 0.92.0-SNAPSHOT       [26/94]
[INFO] --------------------------------[ jar ]---------------------------------
[INFO] 
[INFO] --- maven-clean-plugin:3.2.0:clean (default-clean) @ streampipes-data-explorer-commons ---
[INFO] 
[INFO] --- maven-enforcer-plugin:3.1.0:enforce (enforce-maven-version) @ streampipes-data-explorer-commons ---
[INFO] 
[INFO] --- maven-enforcer-plugin:3.1.0:enforce (enforce-java-version) @ streampipes-data-explorer-commons ---
[INFO] 
[INFO] --- maven-enforcer-plugin:3.1.0:enforce (check-at-least-java-17) @ streampipes-data-explorer-commons ---
[INFO] 
[INFO] --- maven-enforcer-plugin:3.1.0:enforce (enforce-version-convergence) @ streampipes-data-explorer-commons ---
[INFO] 
[INFO] --- maven-checkstyle-plugin:3.2.1:check (validate) @ streampipes-data-explorer-commons ---
[INFO] 
[INFO] --- maven-remote-resources-plugin:1.7.0:process (process-resource-bundles) @ streampipes-data-explorer-commons ---
[INFO] Preparing remote bundle org.apache:apache-jar-resource-bundle:1.4
[INFO] Copying 3 resources from 1 bundle.
[INFO] 
[INFO] --- maven-resources-plugin:3.3.0:resources (default-resources) @ streampipes-data-explorer-commons ---
[INFO] skip non existing resourceDirectory /Users/arian/edu/kth/softfund_dd2480/assignment4/DD2480-Assignment-4/streampipes-data-explorer-commons/src/main/resources
[INFO] Copying 3 resources
[INFO] 
[INFO] --- maven-compiler-plugin:3.10.1:compile (default-compile) @ streampipes-data-explorer-commons ---
[INFO] Changes detected - recompiling the module!
[INFO] Compiling 17 source files to /Users/arian/edu/kth/softfund_dd2480/assignment4/DD2480-Assignment-4/streampipes-data-explorer-commons/target/classes
[INFO] 
[INFO] --- maven-resources-plugin:3.3.0:testResources (default-testResources) @ streampipes-data-explorer-commons ---
[INFO] skip non existing resourceDirectory /Users/arian/edu/kth/softfund_dd2480/assignment4/DD2480-Assignment-4/streampipes-data-explorer-commons/src/test/resources
[INFO] Copying 3 resources
[INFO] 
[INFO] --- maven-compiler-plugin:3.10.1:testCompile (default-testCompile) @ streampipes-data-explorer-commons ---
[INFO] No sources to compile
[INFO] 
[INFO] --- maven-surefire-plugin:2.22.2:test (default-test) @ streampipes-data-explorer-commons ---
[INFO] 
[INFO] --- maven-jar-plugin:3.3.0:jar (default-jar) @ streampipes-data-explorer-commons ---
[INFO] Building jar: /Users/arian/edu/kth/softfund_dd2480/assignment4/DD2480-Assignment-4/streampipes-data-explorer-commons/target/streampipes-data-explorer-commons-0.92.0-SNAPSHOT.jar
[INFO] 
[INFO] --- maven-site-plugin:3.12.1:attach-descriptor (attach-descriptor) @ streampipes-data-explorer-commons ---
[INFO] Skipping because packaging 'jar' is not pom.
[INFO] 
[INFO] --- maven-javadoc-plugin:3.4.1:jar (attach-javadocs) @ streampipes-data-explorer-commons ---
[INFO] No previous run data found, generating javadoc.
[INFO] Building jar: /Users/arian/edu/kth/softfund_dd2480/assignment4/DD2480-Assignment-4/streampipes-data-explorer-commons/target/streampipes-data-explorer-commons-0.92.0-SNAPSHOT-javadoc.jar
[INFO] 
[INFO] >>> maven-source-plugin:3.2.1:jar (attach-sources) > generate-sources @ streampipes-data-explorer-commons >>>
[INFO] 
[INFO] --- maven-enforcer-plugin:3.1.0:enforce (enforce-maven-version) @ streampipes-data-explorer-commons ---
[INFO] 
[INFO] --- maven-enforcer-plugin:3.1.0:enforce (enforce-java-version) @ streampipes-data-explorer-commons ---
[INFO] 
[INFO] --- maven-enforcer-plugin:3.1.0:enforce (check-at-least-java-17) @ streampipes-data-explorer-commons ---
[INFO] 
[INFO] --- maven-enforcer-plugin:3.1.0:enforce (enforce-version-convergence) @ streampipes-data-explorer-commons ---
[INFO] 
[INFO] --- maven-checkstyle-plugin:3.2.1:check (validate) @ streampipes-data-explorer-commons ---
[INFO] 
[INFO] <<< maven-source-plugin:3.2.1:jar (attach-sources) < generate-sources @ streampipes-data-explorer-commons <<<
[INFO] 
[INFO] 
[INFO] --- maven-source-plugin:3.2.1:jar (attach-sources) @ streampipes-data-explorer-commons ---
[INFO] Building jar: /Users/arian/edu/kth/softfund_dd2480/assignment4/DD2480-Assignment-4/streampipes-data-explorer-commons/target/streampipes-data-explorer-commons-0.92.0-SNAPSHOT-sources.jar
[INFO] 
[INFO] -----------< org.apache.streampipes:streampipes-storage-api >-----------
[INFO] Building streampipes-storage-api 0.92.0-SNAPSHOT                 [27/94]
[INFO] --------------------------------[ jar ]---------------------------------
[INFO] 
[INFO] --- maven-clean-plugin:3.2.0:clean (default-clean) @ streampipes-storage-api ---
[INFO] 
[INFO] --- maven-enforcer-plugin:3.1.0:enforce (enforce-maven-version) @ streampipes-storage-api ---
[INFO] 
[INFO] --- maven-enforcer-plugin:3.1.0:enforce (enforce-java-version) @ streampipes-storage-api ---
[INFO] 
[INFO] --- maven-enforcer-plugin:3.1.0:enforce (check-at-least-java-17) @ streampipes-storage-api ---
[INFO] 
[INFO] --- maven-enforcer-plugin:3.1.0:enforce (enforce-version-convergence) @ streampipes-storage-api ---
[INFO] 
[INFO] --- maven-checkstyle-plugin:3.2.1:check (validate) @ streampipes-storage-api ---
[INFO] 
[INFO] --- maven-remote-resources-plugin:1.7.0:process (process-resource-bundles) @ streampipes-storage-api ---
[INFO] Preparing remote bundle org.apache:apache-jar-resource-bundle:1.4
[INFO] Copying 3 resources from 1 bundle.
[INFO] 
[INFO] --- maven-resources-plugin:3.3.0:resources (default-resources) @ streampipes-storage-api ---
[INFO] skip non existing resourceDirectory /Users/arian/edu/kth/softfund_dd2480/assignment4/DD2480-Assignment-4/streampipes-storage-api/src/main/resources
[INFO] Copying 3 resources
[INFO] 
[INFO] --- maven-compiler-plugin:3.10.1:compile (default-compile) @ streampipes-storage-api ---
[INFO] Changes detected - recompiling the module!
[INFO] Compiling 33 source files to /Users/arian/edu/kth/softfund_dd2480/assignment4/DD2480-Assignment-4/streampipes-storage-api/target/classes
[INFO] 
[INFO] --- maven-resources-plugin:3.3.0:testResources (default-testResources) @ streampipes-storage-api ---
[INFO] skip non existing resourceDirectory /Users/arian/edu/kth/softfund_dd2480/assignment4/DD2480-Assignment-4/streampipes-storage-api/src/test/resources
[INFO] Copying 3 resources
[INFO] 
[INFO] --- maven-compiler-plugin:3.10.1:testCompile (default-testCompile) @ streampipes-storage-api ---
[INFO] No sources to compile
[INFO] 
[INFO] --- maven-surefire-plugin:2.22.2:test (default-test) @ streampipes-storage-api ---
[INFO] 
[INFO] --- maven-jar-plugin:3.3.0:jar (default-jar) @ streampipes-storage-api ---
[INFO] Building jar: /Users/arian/edu/kth/softfund_dd2480/assignment4/DD2480-Assignment-4/streampipes-storage-api/target/streampipes-storage-api-0.92.0-SNAPSHOT.jar
[INFO] 
[INFO] --- maven-site-plugin:3.12.1:attach-descriptor (attach-descriptor) @ streampipes-storage-api ---
[INFO] Skipping because packaging 'jar' is not pom.
[INFO] 
[INFO] --- maven-javadoc-plugin:3.4.1:jar (attach-javadocs) @ streampipes-storage-api ---
[INFO] No previous run data found, generating javadoc.
[INFO] Building jar: /Users/arian/edu/kth/softfund_dd2480/assignment4/DD2480-Assignment-4/streampipes-storage-api/target/streampipes-storage-api-0.92.0-SNAPSHOT-javadoc.jar
[INFO] 
[INFO] >>> maven-source-plugin:3.2.1:jar (attach-sources) > generate-sources @ streampipes-storage-api >>>
[INFO] 
[INFO] --- maven-enforcer-plugin:3.1.0:enforce (enforce-maven-version) @ streampipes-storage-api ---
[INFO] 
[INFO] --- maven-enforcer-plugin:3.1.0:enforce (enforce-java-version) @ streampipes-storage-api ---
[INFO] 
[INFO] --- maven-enforcer-plugin:3.1.0:enforce (check-at-least-java-17) @ streampipes-storage-api ---
[INFO] 
[INFO] --- maven-enforcer-plugin:3.1.0:enforce (enforce-version-convergence) @ streampipes-storage-api ---
[INFO] 
[INFO] --- maven-checkstyle-plugin:3.2.1:check (validate) @ streampipes-storage-api ---
[INFO] 
[INFO] <<< maven-source-plugin:3.2.1:jar (attach-sources) < generate-sources @ streampipes-storage-api <<<
[INFO] 
[INFO] 
[INFO] --- maven-source-plugin:3.2.1:jar (attach-sources) @ streampipes-storage-api ---
[INFO] Building jar: /Users/arian/edu/kth/softfund_dd2480/assignment4/DD2480-Assignment-4/streampipes-storage-api/target/streampipes-storage-api-0.92.0-SNAPSHOT-sources.jar
[INFO] 
[INFO] ---------< org.apache.streampipes:streampipes-storage-couchdb >---------
[INFO] Building streampipes-storage-couchdb 0.92.0-SNAPSHOT             [28/94]
[INFO] --------------------------------[ jar ]---------------------------------
[INFO] 
[INFO] --- maven-clean-plugin:3.2.0:clean (default-clean) @ streampipes-storage-couchdb ---
[INFO] 
[INFO] --- maven-enforcer-plugin:3.1.0:enforce (enforce-maven-version) @ streampipes-storage-couchdb ---
[INFO] 
[INFO] --- maven-enforcer-plugin:3.1.0:enforce (enforce-java-version) @ streampipes-storage-couchdb ---
[INFO] 
[INFO] --- maven-enforcer-plugin:3.1.0:enforce (check-at-least-java-17) @ streampipes-storage-couchdb ---
[INFO] 
[INFO] --- maven-enforcer-plugin:3.1.0:enforce (enforce-version-convergence) @ streampipes-storage-couchdb ---
[INFO] 
[INFO] --- maven-checkstyle-plugin:3.2.1:check (validate) @ streampipes-storage-couchdb ---
[INFO] 
[INFO] --- maven-remote-resources-plugin:1.7.0:process (process-resource-bundles) @ streampipes-storage-couchdb ---
[INFO] Preparing remote bundle org.apache:apache-jar-resource-bundle:1.4
[INFO] Copying 3 resources from 1 bundle.
[INFO] 
[INFO] --- maven-resources-plugin:3.3.0:resources (default-resources) @ streampipes-storage-couchdb ---
[INFO] skip non existing resourceDirectory /Users/arian/edu/kth/softfund_dd2480/assignment4/DD2480-Assignment-4/streampipes-storage-couchdb/src/main/resources
[INFO] Copying 3 resources
[INFO] 
[INFO] --- maven-compiler-plugin:3.10.1:compile (default-compile) @ streampipes-storage-couchdb ---
[INFO] Changes detected - recompiling the module!
[INFO] Compiling 56 source files to /Users/arian/edu/kth/softfund_dd2480/assignment4/DD2480-Assignment-4/streampipes-storage-couchdb/target/classes
[INFO] /Users/arian/edu/kth/softfund_dd2480/assignment4/DD2480-Assignment-4/streampipes-storage-couchdb/src/main/java/org/apache/streampipes/storage/couchdb/impl/ConnectionStorageImpl.java: Some input files use or override a deprecated API.
[INFO] /Users/arian/edu/kth/softfund_dd2480/assignment4/DD2480-Assignment-4/streampipes-storage-couchdb/src/main/java/org/apache/streampipes/storage/couchdb/impl/ConnectionStorageImpl.java: Recompile with -Xlint:deprecation for details.
[INFO] /Users/arian/edu/kth/softfund_dd2480/assignment4/DD2480-Assignment-4/streampipes-storage-couchdb/src/main/java/org/apache/streampipes/storage/couchdb/impl/GenericStorageImpl.java: /Users/arian/edu/kth/softfund_dd2480/assignment4/DD2480-Assignment-4/streampipes-storage-couchdb/src/main/java/org/apache/streampipes/storage/couchdb/impl/GenericStorageImpl.java uses unchecked or unsafe operations.
[INFO] /Users/arian/edu/kth/softfund_dd2480/assignment4/DD2480-Assignment-4/streampipes-storage-couchdb/src/main/java/org/apache/streampipes/storage/couchdb/impl/GenericStorageImpl.java: Recompile with -Xlint:unchecked for details.
[INFO] 
[INFO] --- maven-resources-plugin:3.3.0:testResources (default-testResources) @ streampipes-storage-couchdb ---
[INFO] skip non existing resourceDirectory /Users/arian/edu/kth/softfund_dd2480/assignment4/DD2480-Assignment-4/streampipes-storage-couchdb/src/test/resources
[INFO] Copying 3 resources
[INFO] 
[INFO] --- maven-compiler-plugin:3.10.1:testCompile (default-testCompile) @ streampipes-storage-couchdb ---
[INFO] Changes detected - recompiling the module!
[INFO] Compiling 1 source file to /Users/arian/edu/kth/softfund_dd2480/assignment4/DD2480-Assignment-4/streampipes-storage-couchdb/target/test-classes
[INFO] 
[INFO] --- maven-surefire-plugin:2.22.2:test (default-test) @ streampipes-storage-couchdb ---
[INFO] 
[INFO] -------------------------------------------------------
[INFO]  T E S T S
[INFO] -------------------------------------------------------
[INFO] Running org.apache.streampipes.storage.couchdb.serializer.TestGsonSerializer
[INFO] Tests run: 1, Failures: 0, Errors: 0, Skipped: 0, Time elapsed: 0.211 s - in org.apache.streampipes.storage.couchdb.serializer.TestGsonSerializer
[INFO] 
[INFO] Results:
[INFO] 
[INFO] Tests run: 1, Failures: 0, Errors: 0, Skipped: 0
[INFO] 
[INFO] 
[INFO] --- maven-jar-plugin:3.3.0:jar (default-jar) @ streampipes-storage-couchdb ---
[INFO] Building jar: /Users/arian/edu/kth/softfund_dd2480/assignment4/DD2480-Assignment-4/streampipes-storage-couchdb/target/streampipes-storage-couchdb-0.92.0-SNAPSHOT.jar
[INFO] 
[INFO] --- maven-site-plugin:3.12.1:attach-descriptor (attach-descriptor) @ streampipes-storage-couchdb ---
[INFO] Skipping because packaging 'jar' is not pom.
[INFO] 
[INFO] --- maven-javadoc-plugin:3.4.1:jar (attach-javadocs) @ streampipes-storage-couchdb ---
[INFO] No previous run data found, generating javadoc.
[INFO] Building jar: /Users/arian/edu/kth/softfund_dd2480/assignment4/DD2480-Assignment-4/streampipes-storage-couchdb/target/streampipes-storage-couchdb-0.92.0-SNAPSHOT-javadoc.jar
[INFO] 
[INFO] >>> maven-source-plugin:3.2.1:jar (attach-sources) > generate-sources @ streampipes-storage-couchdb >>>
[INFO] 
[INFO] --- maven-enforcer-plugin:3.1.0:enforce (enforce-maven-version) @ streampipes-storage-couchdb ---
[INFO] 
[INFO] --- maven-enforcer-plugin:3.1.0:enforce (enforce-java-version) @ streampipes-storage-couchdb ---
[INFO] 
[INFO] --- maven-enforcer-plugin:3.1.0:enforce (check-at-least-java-17) @ streampipes-storage-couchdb ---
[INFO] 
[INFO] --- maven-enforcer-plugin:3.1.0:enforce (enforce-version-convergence) @ streampipes-storage-couchdb ---
[INFO] 
[INFO] --- maven-checkstyle-plugin:3.2.1:check (validate) @ streampipes-storage-couchdb ---
[INFO] 
[INFO] <<< maven-source-plugin:3.2.1:jar (attach-sources) < generate-sources @ streampipes-storage-couchdb <<<
[INFO] 
[INFO] 
[INFO] --- maven-source-plugin:3.2.1:jar (attach-sources) @ streampipes-storage-couchdb ---
[INFO] Building jar: /Users/arian/edu/kth/softfund_dd2480/assignment4/DD2480-Assignment-4/streampipes-storage-couchdb/target/streampipes-storage-couchdb-0.92.0-SNAPSHOT-sources.jar
[INFO] 
[INFO] -------< org.apache.streampipes:streampipes-storage-management >--------
[INFO] Building streampipes-storage-management 0.92.0-SNAPSHOT          [29/94]
[INFO] --------------------------------[ jar ]---------------------------------
[INFO] 
[INFO] --- maven-clean-plugin:3.2.0:clean (default-clean) @ streampipes-storage-management ---
[INFO] 
[INFO] --- maven-enforcer-plugin:3.1.0:enforce (enforce-maven-version) @ streampipes-storage-management ---
[INFO] 
[INFO] --- maven-enforcer-plugin:3.1.0:enforce (enforce-java-version) @ streampipes-storage-management ---
[INFO] 
[INFO] --- maven-enforcer-plugin:3.1.0:enforce (check-at-least-java-17) @ streampipes-storage-management ---
[INFO] 
[INFO] --- maven-enforcer-plugin:3.1.0:enforce (enforce-version-convergence) @ streampipes-storage-management ---
[INFO] 
[INFO] --- maven-checkstyle-plugin:3.2.1:check (validate) @ streampipes-storage-management ---
[INFO] 
[INFO] --- maven-remote-resources-plugin:1.7.0:process (process-resource-bundles) @ streampipes-storage-management ---
[INFO] Preparing remote bundle org.apache:apache-jar-resource-bundle:1.4
[INFO] Copying 3 resources from 1 bundle.
[INFO] 
[INFO] --- maven-resources-plugin:3.3.0:resources (default-resources) @ streampipes-storage-management ---
[INFO] skip non existing resourceDirectory /Users/arian/edu/kth/softfund_dd2480/assignment4/DD2480-Assignment-4/streampipes-storage-management/src/main/resources
[INFO] Copying 3 resources
[INFO] 
[INFO] --- maven-compiler-plugin:3.10.1:compile (default-compile) @ streampipes-storage-management ---
[INFO] Changes detected - recompiling the module!
[INFO] Compiling 2 source files to /Users/arian/edu/kth/softfund_dd2480/assignment4/DD2480-Assignment-4/streampipes-storage-management/target/classes
[INFO] 
[INFO] --- maven-resources-plugin:3.3.0:testResources (default-testResources) @ streampipes-storage-management ---
[INFO] skip non existing resourceDirectory /Users/arian/edu/kth/softfund_dd2480/assignment4/DD2480-Assignment-4/streampipes-storage-management/src/test/resources
[INFO] Copying 3 resources
[INFO] 
[INFO] --- maven-compiler-plugin:3.10.1:testCompile (default-testCompile) @ streampipes-storage-management ---
[INFO] No sources to compile
[INFO] 
[INFO] --- maven-surefire-plugin:2.22.2:test (default-test) @ streampipes-storage-management ---
[INFO] 
[INFO] --- maven-jar-plugin:3.3.0:jar (default-jar) @ streampipes-storage-management ---
[INFO] Building jar: /Users/arian/edu/kth/softfund_dd2480/assignment4/DD2480-Assignment-4/streampipes-storage-management/target/streampipes-storage-management-0.92.0-SNAPSHOT.jar
[INFO] 
[INFO] --- maven-site-plugin:3.12.1:attach-descriptor (attach-descriptor) @ streampipes-storage-management ---
[INFO] Skipping because packaging 'jar' is not pom.
[INFO] 
[INFO] --- maven-javadoc-plugin:3.4.1:jar (attach-javadocs) @ streampipes-storage-management ---
[INFO] No previous run data found, generating javadoc.
[INFO] Building jar: /Users/arian/edu/kth/softfund_dd2480/assignment4/DD2480-Assignment-4/streampipes-storage-management/target/streampipes-storage-management-0.92.0-SNAPSHOT-javadoc.jar
[INFO] 
[INFO] >>> maven-source-plugin:3.2.1:jar (attach-sources) > generate-sources @ streampipes-storage-management >>>
[INFO] 
[INFO] --- maven-enforcer-plugin:3.1.0:enforce (enforce-maven-version) @ streampipes-storage-management ---
[INFO] 
[INFO] --- maven-enforcer-plugin:3.1.0:enforce (enforce-java-version) @ streampipes-storage-management ---
[INFO] 
[INFO] --- maven-enforcer-plugin:3.1.0:enforce (check-at-least-java-17) @ streampipes-storage-management ---
[INFO] 
[INFO] --- maven-enforcer-plugin:3.1.0:enforce (enforce-version-convergence) @ streampipes-storage-management ---
[INFO] 
[INFO] --- maven-checkstyle-plugin:3.2.1:check (validate) @ streampipes-storage-management ---
[INFO] 
[INFO] <<< maven-source-plugin:3.2.1:jar (attach-sources) < generate-sources @ streampipes-storage-management <<<
[INFO] 
[INFO] 
[INFO] --- maven-source-plugin:3.2.1:jar (attach-sources) @ streampipes-storage-management ---
[INFO] Building jar: /Users/arian/edu/kth/softfund_dd2480/assignment4/DD2480-Assignment-4/streampipes-storage-management/target/streampipes-storage-management-0.92.0-SNAPSHOT-sources.jar
[INFO] 
[INFO] ----------< org.apache.streampipes:streampipes-data-explorer >----------
[INFO] Building streampipes-data-explorer 0.92.0-SNAPSHOT               [30/94]
[INFO] --------------------------------[ jar ]---------------------------------
[INFO] 
[INFO] --- maven-clean-plugin:3.2.0:clean (default-clean) @ streampipes-data-explorer ---
[INFO] 
[INFO] --- maven-enforcer-plugin:3.1.0:enforce (enforce-maven-version) @ streampipes-data-explorer ---
[INFO] 
[INFO] --- maven-enforcer-plugin:3.1.0:enforce (enforce-java-version) @ streampipes-data-explorer ---
[INFO] 
[INFO] --- maven-enforcer-plugin:3.1.0:enforce (check-at-least-java-17) @ streampipes-data-explorer ---
[INFO] 
[INFO] --- maven-enforcer-plugin:3.1.0:enforce (enforce-version-convergence) @ streampipes-data-explorer ---
[INFO] 
[INFO] --- maven-checkstyle-plugin:3.2.1:check (validate) @ streampipes-data-explorer ---
[INFO] 
[INFO] --- maven-remote-resources-plugin:1.7.0:process (process-resource-bundles) @ streampipes-data-explorer ---
[INFO] Preparing remote bundle org.apache:apache-jar-resource-bundle:1.4
[INFO] Copying 3 resources from 1 bundle.
[INFO] 
[INFO] --- maven-resources-plugin:3.3.0:resources (default-resources) @ streampipes-data-explorer ---
[INFO] skip non existing resourceDirectory /Users/arian/edu/kth/softfund_dd2480/assignment4/DD2480-Assignment-4/streampipes-data-explorer/src/main/resources
[INFO] Copying 3 resources
[INFO] 
[INFO] --- maven-compiler-plugin:3.10.1:compile (default-compile) @ streampipes-data-explorer ---
[INFO] Changes detected - recompiling the module!
[INFO] Compiling 59 source files to /Users/arian/edu/kth/softfund_dd2480/assignment4/DD2480-Assignment-4/streampipes-data-explorer/target/classes
[INFO] /Users/arian/edu/kth/softfund_dd2480/assignment4/DD2480-Assignment-4/streampipes-data-explorer/src/main/java/org/apache/streampipes/dataexplorer/query/DataExplorerQuery.java: /Users/arian/edu/kth/softfund_dd2480/assignment4/DD2480-Assignment-4/streampipes-data-explorer/src/main/java/org/apache/streampipes/dataexplorer/query/DataExplorerQuery.java uses unchecked or unsafe operations.
[INFO] /Users/arian/edu/kth/softfund_dd2480/assignment4/DD2480-Assignment-4/streampipes-data-explorer/src/main/java/org/apache/streampipes/dataexplorer/query/DataExplorerQuery.java: Recompile with -Xlint:unchecked for details.
[INFO] 
[INFO] --- maven-resources-plugin:3.3.0:testResources (default-testResources) @ streampipes-data-explorer ---
[INFO] skip non existing resourceDirectory /Users/arian/edu/kth/softfund_dd2480/assignment4/DD2480-Assignment-4/streampipes-data-explorer/src/test/resources
[INFO] Copying 3 resources
[INFO] 
[INFO] --- maven-compiler-plugin:3.10.1:testCompile (default-testCompile) @ streampipes-data-explorer ---
[INFO] Changes detected - recompiling the module!
[INFO] Compiling 6 source files to /Users/arian/edu/kth/softfund_dd2480/assignment4/DD2480-Assignment-4/streampipes-data-explorer/target/test-classes
[INFO] 
[INFO] --- maven-surefire-plugin:2.22.2:test (default-test) @ streampipes-data-explorer ---
[INFO] 
[INFO] -------------------------------------------------------
[INFO]  T E S T S
[INFO] -------------------------------------------------------
[INFO] Running org.apache.streampipesdataexplorer.v4.query.writer.TestConfiguredJsonOutputWriter
[INFO] Tests run: 1, Failures: 0, Errors: 0, Skipped: 0, Time elapsed: 0.113 s - in org.apache.streampipesdataexplorer.v4.query.writer.TestConfiguredJsonOutputWriter
[INFO] Running org.apache.streampipesdataexplorer.v4.query.writer.TestConfiguredCsvOutputWriter
[INFO] Tests run: 1, Failures: 0, Errors: 0, Skipped: 0, Time elapsed: 0.001 s - in org.apache.streampipesdataexplorer.v4.query.writer.TestConfiguredCsvOutputWriter
[INFO] Running org.apache.streampipesdataexplorer.v4.query.writer.item.TestCsvItemWriter
[INFO] Tests run: 2, Failures: 0, Errors: 0, Skipped: 0, Time elapsed: 0 s - in org.apache.streampipesdataexplorer.v4.query.writer.item.TestCsvItemWriter
[INFO] Running org.apache.streampipesdataexplorer.v4.query.writer.item.TestJsonItemWriter
[INFO] Tests run: 1, Failures: 0, Errors: 0, Skipped: 0, Time elapsed: 0 s - in org.apache.streampipesdataexplorer.v4.query.writer.item.TestJsonItemWriter
[INFO] 
[INFO] Results:
[INFO] 
[INFO] Tests run: 5, Failures: 0, Errors: 0, Skipped: 0
[INFO] 
[INFO] 
[INFO] --- maven-jar-plugin:3.3.0:jar (default-jar) @ streampipes-data-explorer ---
[INFO] Building jar: /Users/arian/edu/kth/softfund_dd2480/assignment4/DD2480-Assignment-4/streampipes-data-explorer/target/streampipes-data-explorer-0.92.0-SNAPSHOT.jar
[INFO] 
[INFO] --- maven-site-plugin:3.12.1:attach-descriptor (attach-descriptor) @ streampipes-data-explorer ---
[INFO] Skipping because packaging 'jar' is not pom.
[INFO] 
[INFO] --- maven-javadoc-plugin:3.4.1:jar (attach-javadocs) @ streampipes-data-explorer ---
[INFO] No previous run data found, generating javadoc.
[INFO] Building jar: /Users/arian/edu/kth/softfund_dd2480/assignment4/DD2480-Assignment-4/streampipes-data-explorer/target/streampipes-data-explorer-0.92.0-SNAPSHOT-javadoc.jar
[INFO] 
[INFO] >>> maven-source-plugin:3.2.1:jar (attach-sources) > generate-sources @ streampipes-data-explorer >>>
[INFO] 
[INFO] --- maven-enforcer-plugin:3.1.0:enforce (enforce-maven-version) @ streampipes-data-explorer ---
[INFO] 
[INFO] --- maven-enforcer-plugin:3.1.0:enforce (enforce-java-version) @ streampipes-data-explorer ---
[INFO] 
[INFO] --- maven-enforcer-plugin:3.1.0:enforce (check-at-least-java-17) @ streampipes-data-explorer ---
[INFO] 
[INFO] --- maven-enforcer-plugin:3.1.0:enforce (enforce-version-convergence) @ streampipes-data-explorer ---
[INFO] 
[INFO] --- maven-checkstyle-plugin:3.2.1:check (validate) @ streampipes-data-explorer ---
[INFO] 
[INFO] <<< maven-source-plugin:3.2.1:jar (attach-sources) < generate-sources @ streampipes-data-explorer <<<
[INFO] 
[INFO] 
[INFO] --- maven-source-plugin:3.2.1:jar (attach-sources) @ streampipes-data-explorer ---
[INFO] Building jar: /Users/arian/edu/kth/softfund_dd2480/assignment4/DD2480-Assignment-4/streampipes-data-explorer/target/streampipes-data-explorer-0.92.0-SNAPSHOT-sources.jar
[INFO] 
[INFO] ---------------< org.apache.streampipes:streampipes-sdk >---------------
[INFO] Building streampipes-sdk 0.92.0-SNAPSHOT                         [31/94]
[INFO] --------------------------------[ jar ]---------------------------------
[INFO] 
[INFO] --- maven-clean-plugin:3.2.0:clean (default-clean) @ streampipes-sdk ---
[INFO] Deleting /Users/arian/edu/kth/softfund_dd2480/assignment4/DD2480-Assignment-4/streampipes-sdk/target
[INFO] 
[INFO] --- maven-enforcer-plugin:3.1.0:enforce (enforce-maven-version) @ streampipes-sdk ---
[INFO] 
[INFO] --- maven-enforcer-plugin:3.1.0:enforce (enforce-java-version) @ streampipes-sdk ---
[INFO] 
[INFO] --- maven-enforcer-plugin:3.1.0:enforce (check-at-least-java-17) @ streampipes-sdk ---
[INFO] 
[INFO] --- maven-enforcer-plugin:3.1.0:enforce (enforce-version-convergence) @ streampipes-sdk ---
[INFO] 
[INFO] --- maven-checkstyle-plugin:3.2.1:check (validate) @ streampipes-sdk ---
[INFO] 
[INFO] --- maven-remote-resources-plugin:1.7.0:process (process-resource-bundles) @ streampipes-sdk ---
[INFO] Preparing remote bundle org.apache:apache-jar-resource-bundle:1.4
[INFO] Copying 3 resources from 1 bundle.
[INFO] 
[INFO] --- maven-resources-plugin:3.3.0:resources (default-resources) @ streampipes-sdk ---
[INFO] skip non existing resourceDirectory /Users/arian/edu/kth/softfund_dd2480/assignment4/DD2480-Assignment-4/streampipes-sdk/src/main/resources
[INFO] Copying 3 resources
[INFO] 
[INFO] --- maven-compiler-plugin:3.10.1:compile (default-compile) @ streampipes-sdk ---
[INFO] Changes detected - recompiling the module!
[INFO] Compiling 54 source files to /Users/arian/edu/kth/softfund_dd2480/assignment4/DD2480-Assignment-4/streampipes-sdk/target/classes
[INFO] /Users/arian/edu/kth/softfund_dd2480/assignment4/DD2480-Assignment-4/streampipes-sdk/src/main/java/org/apache/streampipes/sdk/helpers/EpRequirements.java: /Users/arian/edu/kth/softfund_dd2480/assignment4/DD2480-Assignment-4/streampipes-sdk/src/main/java/org/apache/streampipes/sdk/helpers/EpRequirements.java uses or overrides a deprecated API.
[INFO] /Users/arian/edu/kth/softfund_dd2480/assignment4/DD2480-Assignment-4/streampipes-sdk/src/main/java/org/apache/streampipes/sdk/helpers/EpRequirements.java: Recompile with -Xlint:deprecation for details.
[INFO] /Users/arian/edu/kth/softfund_dd2480/assignment4/DD2480-Assignment-4/streampipes-sdk/src/main/java/org/apache/streampipes/sdk/builder/AbstractConfigurablePipelineElementBuilder.java: Some input files use or override a deprecated API that is marked for removal.
[INFO] /Users/arian/edu/kth/softfund_dd2480/assignment4/DD2480-Assignment-4/streampipes-sdk/src/main/java/org/apache/streampipes/sdk/builder/AbstractConfigurablePipelineElementBuilder.java: Recompile with -Xlint:removal for details.
[INFO] 
[INFO] --- maven-resources-plugin:3.3.0:testResources (default-testResources) @ streampipes-sdk ---
[INFO] skip non existing resourceDirectory /Users/arian/edu/kth/softfund_dd2480/assignment4/DD2480-Assignment-4/streampipes-sdk/src/test/resources
[INFO] Copying 3 resources
[INFO] 
[INFO] --- maven-compiler-plugin:3.10.1:testCompile (default-testCompile) @ streampipes-sdk ---
[INFO] Changes detected - recompiling the module!
[INFO] Compiling 1 source file to /Users/arian/edu/kth/softfund_dd2480/assignment4/DD2480-Assignment-4/streampipes-sdk/target/test-classes
[INFO] 
[INFO] --- maven-surefire-plugin:2.22.2:test (default-test) @ streampipes-sdk ---
[INFO] 
[INFO] -------------------------------------------------------
[INFO]  T E S T S
[INFO] -------------------------------------------------------
[INFO] Running org.apache.streampipes.sdk.builder.adapter.GenericDataStreamAdapterBuilderTest
[INFO] Tests run: 4, Failures: 0, Errors: 0, Skipped: 0, Time elapsed: 0.088 s - in org.apache.streampipes.sdk.builder.adapter.GenericDataStreamAdapterBuilderTest
[INFO] 
[INFO] Results:
[INFO] 
[INFO] Tests run: 4, Failures: 0, Errors: 0, Skipped: 0
[INFO] 
[INFO] 
[INFO] --- maven-jar-plugin:3.3.0:jar (default-jar) @ streampipes-sdk ---
[INFO] Building jar: /Users/arian/edu/kth/softfund_dd2480/assignment4/DD2480-Assignment-4/streampipes-sdk/target/streampipes-sdk-0.92.0-SNAPSHOT.jar
[INFO] 
[INFO] --- maven-site-plugin:3.12.1:attach-descriptor (attach-descriptor) @ streampipes-sdk ---
[INFO] Skipping because packaging 'jar' is not pom.
[INFO] 
[INFO] --- maven-javadoc-plugin:3.4.1:jar (attach-javadocs) @ streampipes-sdk ---
[INFO] No previous run data found, generating javadoc.
[INFO] Building jar: /Users/arian/edu/kth/softfund_dd2480/assignment4/DD2480-Assignment-4/streampipes-sdk/target/streampipes-sdk-0.92.0-SNAPSHOT-javadoc.jar
[INFO] 
[INFO] >>> maven-source-plugin:3.2.1:jar (attach-sources) > generate-sources @ streampipes-sdk >>>
[INFO] 
[INFO] --- maven-enforcer-plugin:3.1.0:enforce (enforce-maven-version) @ streampipes-sdk ---
[INFO] 
[INFO] --- maven-enforcer-plugin:3.1.0:enforce (enforce-java-version) @ streampipes-sdk ---
[INFO] 
[INFO] --- maven-enforcer-plugin:3.1.0:enforce (check-at-least-java-17) @ streampipes-sdk ---
[INFO] 
[INFO] --- maven-enforcer-plugin:3.1.0:enforce (enforce-version-convergence) @ streampipes-sdk ---
[INFO] 
[INFO] --- maven-checkstyle-plugin:3.2.1:check (validate) @ streampipes-sdk ---
[INFO] 
[INFO] <<< maven-source-plugin:3.2.1:jar (attach-sources) < generate-sources @ streampipes-sdk <<<
[INFO] 
[INFO] 
[INFO] --- maven-source-plugin:3.2.1:jar (attach-sources) @ streampipes-sdk ---
[INFO] Building jar: /Users/arian/edu/kth/softfund_dd2480/assignment4/DD2480-Assignment-4/streampipes-sdk/target/streampipes-sdk-0.92.0-SNAPSHOT-sources.jar
[INFO] 
[INFO] ---------< org.apache.streampipes:streampipes-extensions-api >----------
[INFO] Building streampipes-extensions-api 0.92.0-SNAPSHOT              [32/94]
[INFO] --------------------------------[ jar ]---------------------------------
[INFO] 
[INFO] --- maven-clean-plugin:3.2.0:clean (default-clean) @ streampipes-extensions-api ---
[INFO] Deleting /Users/arian/edu/kth/softfund_dd2480/assignment4/DD2480-Assignment-4/streampipes-extensions-api/target
[INFO] 
[INFO] --- maven-enforcer-plugin:3.1.0:enforce (enforce-maven-version) @ streampipes-extensions-api ---
[INFO] 
[INFO] --- maven-enforcer-plugin:3.1.0:enforce (enforce-java-version) @ streampipes-extensions-api ---
[INFO] 
[INFO] --- maven-enforcer-plugin:3.1.0:enforce (check-at-least-java-17) @ streampipes-extensions-api ---
[INFO] 
[INFO] --- maven-enforcer-plugin:3.1.0:enforce (enforce-version-convergence) @ streampipes-extensions-api ---
[INFO] 
[INFO] --- maven-checkstyle-plugin:3.2.1:check (validate) @ streampipes-extensions-api ---
[INFO] 
[INFO] --- maven-remote-resources-plugin:1.7.0:process (process-resource-bundles) @ streampipes-extensions-api ---
[INFO] Preparing remote bundle org.apache:apache-jar-resource-bundle:1.4
[INFO] Copying 3 resources from 1 bundle.
[INFO] 
[INFO] --- maven-resources-plugin:3.3.0:resources (default-resources) @ streampipes-extensions-api ---
[INFO] skip non existing resourceDirectory /Users/arian/edu/kth/softfund_dd2480/assignment4/DD2480-Assignment-4/streampipes-extensions-api/src/main/resources
[INFO] Copying 3 resources
[INFO] 
[INFO] --- maven-compiler-plugin:3.10.1:compile (default-compile) @ streampipes-extensions-api ---
[INFO] Changes detected - recompiling the module!
[INFO] Compiling 25 source files to /Users/arian/edu/kth/softfund_dd2480/assignment4/DD2480-Assignment-4/streampipes-extensions-api/target/classes
[INFO] 
[INFO] --- maven-resources-plugin:3.3.0:testResources (default-testResources) @ streampipes-extensions-api ---
[INFO] skip non existing resourceDirectory /Users/arian/edu/kth/softfund_dd2480/assignment4/DD2480-Assignment-4/streampipes-extensions-api/src/test/resources
[INFO] Copying 3 resources
[INFO] 
[INFO] --- maven-compiler-plugin:3.10.1:testCompile (default-testCompile) @ streampipes-extensions-api ---
[INFO] No sources to compile
[INFO] 
[INFO] --- maven-surefire-plugin:2.22.2:test (default-test) @ streampipes-extensions-api ---
[INFO] 
[INFO] --- maven-jar-plugin:3.3.0:jar (default-jar) @ streampipes-extensions-api ---
[INFO] Building jar: /Users/arian/edu/kth/softfund_dd2480/assignment4/DD2480-Assignment-4/streampipes-extensions-api/target/streampipes-extensions-api-0.92.0-SNAPSHOT.jar
[INFO] 
[INFO] --- maven-site-plugin:3.12.1:attach-descriptor (attach-descriptor) @ streampipes-extensions-api ---
[INFO] Skipping because packaging 'jar' is not pom.
[INFO] 
[INFO] --- maven-javadoc-plugin:3.4.1:jar (attach-javadocs) @ streampipes-extensions-api ---
[INFO] No previous run data found, generating javadoc.
[INFO] Building jar: /Users/arian/edu/kth/softfund_dd2480/assignment4/DD2480-Assignment-4/streampipes-extensions-api/target/streampipes-extensions-api-0.92.0-SNAPSHOT-javadoc.jar
[INFO] 
[INFO] >>> maven-source-plugin:3.2.1:jar (attach-sources) > generate-sources @ streampipes-extensions-api >>>
[INFO] 
[INFO] --- maven-enforcer-plugin:3.1.0:enforce (enforce-maven-version) @ streampipes-extensions-api ---
[INFO] 
[INFO] --- maven-enforcer-plugin:3.1.0:enforce (enforce-java-version) @ streampipes-extensions-api ---
[INFO] 
[INFO] --- maven-enforcer-plugin:3.1.0:enforce (check-at-least-java-17) @ streampipes-extensions-api ---
[INFO] 
[INFO] --- maven-enforcer-plugin:3.1.0:enforce (enforce-version-convergence) @ streampipes-extensions-api ---
[INFO] 
[INFO] --- maven-checkstyle-plugin:3.2.1:check (validate) @ streampipes-extensions-api ---
[INFO] 
[INFO] <<< maven-source-plugin:3.2.1:jar (attach-sources) < generate-sources @ streampipes-extensions-api <<<
[INFO] 
[INFO] 
[INFO] --- maven-source-plugin:3.2.1:jar (attach-sources) @ streampipes-extensions-api ---
[INFO] Building jar: /Users/arian/edu/kth/softfund_dd2480/assignment4/DD2480-Assignment-4/streampipes-extensions-api/target/streampipes-extensions-api-0.92.0-SNAPSHOT-sources.jar
[INFO] 
[INFO] --------< org.apache.streampipes:streampipes-dataformat-smile >---------
[INFO] Building streampipes-dataformat-smile 0.92.0-SNAPSHOT            [33/94]
[INFO] --------------------------------[ jar ]---------------------------------
[INFO] 
[INFO] --- maven-clean-plugin:3.2.0:clean (default-clean) @ streampipes-dataformat-smile ---
[INFO] Deleting /Users/arian/edu/kth/softfund_dd2480/assignment4/DD2480-Assignment-4/streampipes-dataformat-smile/target
[INFO] 
[INFO] --- maven-enforcer-plugin:3.1.0:enforce (enforce-maven-version) @ streampipes-dataformat-smile ---
[INFO] 
[INFO] --- maven-enforcer-plugin:3.1.0:enforce (enforce-java-version) @ streampipes-dataformat-smile ---
[INFO] 
[INFO] --- maven-enforcer-plugin:3.1.0:enforce (check-at-least-java-17) @ streampipes-dataformat-smile ---
[INFO] 
[INFO] --- maven-enforcer-plugin:3.1.0:enforce (enforce-version-convergence) @ streampipes-dataformat-smile ---
[INFO] 
[INFO] --- maven-checkstyle-plugin:3.2.1:check (validate) @ streampipes-dataformat-smile ---
[INFO] 
[INFO] --- maven-remote-resources-plugin:1.7.0:process (process-resource-bundles) @ streampipes-dataformat-smile ---
[INFO] Preparing remote bundle org.apache:apache-jar-resource-bundle:1.4
[INFO] Copying 3 resources from 1 bundle.
[INFO] 
[INFO] --- maven-resources-plugin:3.3.0:resources (default-resources) @ streampipes-dataformat-smile ---
[INFO] skip non existing resourceDirectory /Users/arian/edu/kth/softfund_dd2480/assignment4/DD2480-Assignment-4/streampipes-dataformat-smile/src/main/resources
[INFO] Copying 3 resources
[INFO] 
[INFO] --- maven-compiler-plugin:3.10.1:compile (default-compile) @ streampipes-dataformat-smile ---
[INFO] Changes detected - recompiling the module!
[INFO] Compiling 2 source files to /Users/arian/edu/kth/softfund_dd2480/assignment4/DD2480-Assignment-4/streampipes-dataformat-smile/target/classes
[INFO] /Users/arian/edu/kth/softfund_dd2480/assignment4/DD2480-Assignment-4/streampipes-dataformat-smile/src/main/java/org/apache/streampipes/dataformat/smile/SmileDataFormatDefinition.java: /Users/arian/edu/kth/softfund_dd2480/assignment4/DD2480-Assignment-4/streampipes-dataformat-smile/src/main/java/org/apache/streampipes/dataformat/smile/SmileDataFormatDefinition.java uses unchecked or unsafe operations.
[INFO] /Users/arian/edu/kth/softfund_dd2480/assignment4/DD2480-Assignment-4/streampipes-dataformat-smile/src/main/java/org/apache/streampipes/dataformat/smile/SmileDataFormatDefinition.java: Recompile with -Xlint:unchecked for details.
[INFO] 
[INFO] --- maven-resources-plugin:3.3.0:testResources (default-testResources) @ streampipes-dataformat-smile ---
[INFO] skip non existing resourceDirectory /Users/arian/edu/kth/softfund_dd2480/assignment4/DD2480-Assignment-4/streampipes-dataformat-smile/src/test/resources
[INFO] Copying 3 resources
[INFO] 
[INFO] --- maven-compiler-plugin:3.10.1:testCompile (default-testCompile) @ streampipes-dataformat-smile ---
[INFO] No sources to compile
[INFO] 
[INFO] --- maven-surefire-plugin:2.22.2:test (default-test) @ streampipes-dataformat-smile ---
[INFO] 
[INFO] --- maven-jar-plugin:3.3.0:jar (default-jar) @ streampipes-dataformat-smile ---
[INFO] Building jar: /Users/arian/edu/kth/softfund_dd2480/assignment4/DD2480-Assignment-4/streampipes-dataformat-smile/target/streampipes-dataformat-smile-0.92.0-SNAPSHOT.jar
[INFO] 
[INFO] --- maven-site-plugin:3.12.1:attach-descriptor (attach-descriptor) @ streampipes-dataformat-smile ---
[INFO] Skipping because packaging 'jar' is not pom.
[INFO] 
[INFO] --- maven-javadoc-plugin:3.4.1:jar (attach-javadocs) @ streampipes-dataformat-smile ---
[INFO] No previous run data found, generating javadoc.
[INFO] Building jar: /Users/arian/edu/kth/softfund_dd2480/assignment4/DD2480-Assignment-4/streampipes-dataformat-smile/target/streampipes-dataformat-smile-0.92.0-SNAPSHOT-javadoc.jar
[INFO] 
[INFO] >>> maven-source-plugin:3.2.1:jar (attach-sources) > generate-sources @ streampipes-dataformat-smile >>>
[INFO] 
[INFO] --- maven-enforcer-plugin:3.1.0:enforce (enforce-maven-version) @ streampipes-dataformat-smile ---
[INFO] 
[INFO] --- maven-enforcer-plugin:3.1.0:enforce (enforce-java-version) @ streampipes-dataformat-smile ---
[INFO] 
[INFO] --- maven-enforcer-plugin:3.1.0:enforce (check-at-least-java-17) @ streampipes-dataformat-smile ---
[INFO] 
[INFO] --- maven-enforcer-plugin:3.1.0:enforce (enforce-version-convergence) @ streampipes-dataformat-smile ---
[INFO] 
[INFO] --- maven-checkstyle-plugin:3.2.1:check (validate) @ streampipes-dataformat-smile ---
[INFO] 
[INFO] <<< maven-source-plugin:3.2.1:jar (attach-sources) < generate-sources @ streampipes-dataformat-smile <<<
[INFO] 
[INFO] 
[INFO] --- maven-source-plugin:3.2.1:jar (attach-sources) @ streampipes-dataformat-smile ---
[INFO] Building jar: /Users/arian/edu/kth/softfund_dd2480/assignment4/DD2480-Assignment-4/streampipes-dataformat-smile/target/streampipes-dataformat-smile-0.92.0-SNAPSHOT-sources.jar
[INFO] 
[INFO] --------< org.apache.streampipes:streampipes-measurement-units >--------
[INFO] Building streampipes-measurement-units 0.92.0-SNAPSHOT           [34/94]
[INFO] --------------------------------[ jar ]---------------------------------
[INFO] 
[INFO] --- maven-clean-plugin:3.2.0:clean (default-clean) @ streampipes-measurement-units ---
[INFO] Deleting /Users/arian/edu/kth/softfund_dd2480/assignment4/DD2480-Assignment-4/streampipes-measurement-units/target
[INFO] 
[INFO] --- maven-enforcer-plugin:3.1.0:enforce (enforce-maven-version) @ streampipes-measurement-units ---
[INFO] 
[INFO] --- maven-enforcer-plugin:3.1.0:enforce (enforce-java-version) @ streampipes-measurement-units ---
[INFO] 
[INFO] --- maven-enforcer-plugin:3.1.0:enforce (check-at-least-java-17) @ streampipes-measurement-units ---
[INFO] 
[INFO] --- maven-enforcer-plugin:3.1.0:enforce (enforce-version-convergence) @ streampipes-measurement-units ---
[INFO] 
[INFO] --- maven-checkstyle-plugin:3.2.1:check (validate) @ streampipes-measurement-units ---
[INFO] 
[INFO] --- maven-remote-resources-plugin:1.7.0:process (process-resource-bundles) @ streampipes-measurement-units ---
[INFO] Preparing remote bundle org.apache:apache-jar-resource-bundle:1.4
[INFO] Copying 3 resources from 1 bundle.
[INFO] 
[INFO] --- maven-resources-plugin:3.3.0:resources (default-resources) @ streampipes-measurement-units ---
[INFO] skip non existing resourceDirectory /Users/arian/edu/kth/softfund_dd2480/assignment4/DD2480-Assignment-4/streampipes-measurement-units/src/main/resources
[INFO] Copying 3 resources
[INFO] 
[INFO] --- maven-compiler-plugin:3.10.1:compile (default-compile) @ streampipes-measurement-units ---
[INFO] Changes detected - recompiling the module!
[INFO] Compiling 18 source files to /Users/arian/edu/kth/softfund_dd2480/assignment4/DD2480-Assignment-4/streampipes-measurement-units/target/classes
[INFO] /Users/arian/edu/kth/softfund_dd2480/assignment4/DD2480-Assignment-4/streampipes-measurement-units/src/main/java/com/github/jqudt/onto/QUDT.java: Some input files use or override a deprecated API.
[INFO] /Users/arian/edu/kth/softfund_dd2480/assignment4/DD2480-Assignment-4/streampipes-measurement-units/src/main/java/com/github/jqudt/onto/QUDT.java: Recompile with -Xlint:deprecation for details.
[INFO] 
[INFO] --- maven-resources-plugin:3.3.0:testResources (default-testResources) @ streampipes-measurement-units ---
[INFO] skip non existing resourceDirectory /Users/arian/edu/kth/softfund_dd2480/assignment4/DD2480-Assignment-4/streampipes-measurement-units/src/test/resources
[INFO] Copying 3 resources
[INFO] 
[INFO] --- maven-compiler-plugin:3.10.1:testCompile (default-testCompile) @ streampipes-measurement-units ---
[INFO] Changes detected - recompiling the module!
[INFO] Compiling 1 source file to /Users/arian/edu/kth/softfund_dd2480/assignment4/DD2480-Assignment-4/streampipes-measurement-units/target/test-classes
[INFO] 
[INFO] --- maven-surefire-plugin:2.22.2:test (default-test) @ streampipes-measurement-units ---
[INFO] 
[INFO] -------------------------------------------------------
[INFO]  T E S T S
[INFO] -------------------------------------------------------
[INFO] Running org.apache.streampipes.units.test.TestUnitProvider
18:26:29.795 [main] DEBUG org.eclipse.rdf4j.rio.RDFParserRegistry - Registered service class org.eclipse.rdf4j.rio.rdfxml.RDFXMLParserFactory
18:26:29.801 [main] DEBUG org.eclipse.rdf4j.rio.RDFParserRegistry - Registered service class org.eclipse.rdf4j.rio.turtle.TurtleParserFactory
18:26:29.802 [main] DEBUG org.eclipse.rdf4j.rio.RDFParserRegistry - Registered service class org.eclipse.rdf4j.rio.turtlestar.TurtleStarParserFactory
18:26:29.837 [main] DEBUG org.eclipse.rdf4j.rio.DatatypeHandlerRegistry - Registered service class org.eclipse.rdf4j.rio.datatypes.XMLSchemaDatatypeHandler
18:26:29.838 [main] DEBUG org.eclipse.rdf4j.rio.DatatypeHandlerRegistry - Registered service class org.eclipse.rdf4j.rio.datatypes.RDFDatatypeHandler
18:26:29.838 [main] DEBUG org.eclipse.rdf4j.rio.DatatypeHandlerRegistry - Registered service class org.eclipse.rdf4j.rio.datatypes.DBPediaDatatypeHandler
18:26:29.839 [main] DEBUG org.eclipse.rdf4j.rio.DatatypeHandlerRegistry - Registered service class org.eclipse.rdf4j.rio.datatypes.VirtuosoGeometryDatatypeHandler
18:26:29.839 [main] DEBUG org.eclipse.rdf4j.rio.DatatypeHandlerRegistry - Registered service class org.eclipse.rdf4j.rio.datatypes.GeoSPARQLDatatypeHandler
18:26:29.841 [main] DEBUG org.eclipse.rdf4j.rio.LanguageHandlerRegistry - Registered service class org.eclipse.rdf4j.rio.languages.RFC3066LanguageHandler
18:26:29.842 [main] DEBUG org.eclipse.rdf4j.rio.LanguageHandlerRegistry - Registered service class org.eclipse.rdf4j.rio.languages.BCP47LanguageHandler
18:26:29.878 [main] DEBUG org.xml.sax.XMLReader - XMLReader initialized using JAXP: com.sun.org.apache.xerces.internal.jaxp.SAXParserImpl$JAXPSAXParser@6dbb137d
18:26:30.122 [main] DEBUG org.xml.sax.XMLReader - XMLReader initialized using JAXP: com.sun.org.apache.xerces.internal.jaxp.SAXParserImpl$JAXPSAXParser@70e8f8e
18:26:30.151 [main] DEBUG org.xml.sax.XMLReader - XMLReader initialized using JAXP: com.sun.org.apache.xerces.internal.jaxp.SAXParserImpl$JAXPSAXParser@67a20f67
18:26:30.219 [main] WARN org.apache.streampipes.units.UnitCollector - No entry found
18:26:30.233 [main] WARN org.apache.streampipes.units.UnitCollector - No entry found
18:26:30.234 [main] WARN org.apache.streampipes.units.UnitCollector - No entry found
18:26:30.234 [main] WARN org.apache.streampipes.units.UnitCollector - No entry found
[INFO] Tests run: 1, Failures: 0, Errors: 0, Skipped: 0, Time elapsed: 0.671 s - in org.apache.streampipes.units.test.TestUnitProvider
[INFO] 
[INFO] Results:
[INFO] 
[INFO] Tests run: 1, Failures: 0, Errors: 0, Skipped: 0
[INFO] 
[INFO] 
[INFO] --- maven-jar-plugin:3.3.0:jar (default-jar) @ streampipes-measurement-units ---
[INFO] Building jar: /Users/arian/edu/kth/softfund_dd2480/assignment4/DD2480-Assignment-4/streampipes-measurement-units/target/streampipes-measurement-units-0.92.0-SNAPSHOT.jar
[INFO] 
[INFO] --- maven-site-plugin:3.12.1:attach-descriptor (attach-descriptor) @ streampipes-measurement-units ---
[INFO] Skipping because packaging 'jar' is not pom.
[INFO] 
[INFO] --- maven-javadoc-plugin:3.4.1:jar (attach-javadocs) @ streampipes-measurement-units ---
[INFO] No previous run data found, generating javadoc.
[INFO] Building jar: /Users/arian/edu/kth/softfund_dd2480/assignment4/DD2480-Assignment-4/streampipes-measurement-units/target/streampipes-measurement-units-0.92.0-SNAPSHOT-javadoc.jar
[INFO] 
[INFO] >>> maven-source-plugin:3.2.1:jar (attach-sources) > generate-sources @ streampipes-measurement-units >>>
[INFO] 
[INFO] --- maven-enforcer-plugin:3.1.0:enforce (enforce-maven-version) @ streampipes-measurement-units ---
[INFO] 
[INFO] --- maven-enforcer-plugin:3.1.0:enforce (enforce-java-version) @ streampipes-measurement-units ---
[INFO] 
[INFO] --- maven-enforcer-plugin:3.1.0:enforce (check-at-least-java-17) @ streampipes-measurement-units ---
[INFO] 
[INFO] --- maven-enforcer-plugin:3.1.0:enforce (enforce-version-convergence) @ streampipes-measurement-units ---
[INFO] 
[INFO] --- maven-checkstyle-plugin:3.2.1:check (validate) @ streampipes-measurement-units ---
[INFO] 
[INFO] <<< maven-source-plugin:3.2.1:jar (attach-sources) < generate-sources @ streampipes-measurement-units <<<
[INFO] 
[INFO] 
[INFO] --- maven-source-plugin:3.2.1:jar (attach-sources) @ streampipes-measurement-units ---
[INFO] Building jar: /Users/arian/edu/kth/softfund_dd2480/assignment4/DD2480-Assignment-4/streampipes-measurement-units/target/streampipes-measurement-units-0.92.0-SNAPSHOT-sources.jar
[INFO] 
[INFO] ----------< org.apache.streampipes:streampipes-messaging-jms >----------
[INFO] Building streampipes-messaging-jms 0.92.0-SNAPSHOT               [35/94]
[INFO] --------------------------------[ jar ]---------------------------------
[INFO] 
[INFO] --- maven-clean-plugin:3.2.0:clean (default-clean) @ streampipes-messaging-jms ---
[INFO] Deleting /Users/arian/edu/kth/softfund_dd2480/assignment4/DD2480-Assignment-4/streampipes-messaging-jms/target
[INFO] 
[INFO] --- maven-enforcer-plugin:3.1.0:enforce (enforce-maven-version) @ streampipes-messaging-jms ---
[INFO] 
[INFO] --- maven-enforcer-plugin:3.1.0:enforce (enforce-java-version) @ streampipes-messaging-jms ---
[INFO] 
[INFO] --- maven-enforcer-plugin:3.1.0:enforce (check-at-least-java-17) @ streampipes-messaging-jms ---
[INFO] 
[INFO] --- maven-enforcer-plugin:3.1.0:enforce (enforce-version-convergence) @ streampipes-messaging-jms ---
[INFO] 
[INFO] --- maven-checkstyle-plugin:3.2.1:check (validate) @ streampipes-messaging-jms ---
[INFO] 
[INFO] --- maven-remote-resources-plugin:1.7.0:process (process-resource-bundles) @ streampipes-messaging-jms ---
[INFO] Preparing remote bundle org.apache:apache-jar-resource-bundle:1.4
[INFO] Copying 3 resources from 1 bundle.
[INFO] 
[INFO] --- maven-resources-plugin:3.3.0:resources (default-resources) @ streampipes-messaging-jms ---
[INFO] skip non existing resourceDirectory /Users/arian/edu/kth/softfund_dd2480/assignment4/DD2480-Assignment-4/streampipes-messaging-jms/src/main/resources
[INFO] Copying 3 resources
[INFO] 
[INFO] --- maven-compiler-plugin:3.10.1:compile (default-compile) @ streampipes-messaging-jms ---
[INFO] Changes detected - recompiling the module!
[INFO] Compiling 6 source files to /Users/arian/edu/kth/softfund_dd2480/assignment4/DD2480-Assignment-4/streampipes-messaging-jms/target/classes
[INFO] 
[INFO] --- maven-resources-plugin:3.3.0:testResources (default-testResources) @ streampipes-messaging-jms ---
[INFO] skip non existing resourceDirectory /Users/arian/edu/kth/softfund_dd2480/assignment4/DD2480-Assignment-4/streampipes-messaging-jms/src/test/resources
[INFO] Copying 3 resources
[INFO] 
[INFO] --- maven-compiler-plugin:3.10.1:testCompile (default-testCompile) @ streampipes-messaging-jms ---
[INFO] No sources to compile
[INFO] 
[INFO] --- maven-surefire-plugin:2.22.2:test (default-test) @ streampipes-messaging-jms ---
[INFO] 
[INFO] --- maven-jar-plugin:3.3.0:jar (default-jar) @ streampipes-messaging-jms ---
[INFO] Building jar: /Users/arian/edu/kth/softfund_dd2480/assignment4/DD2480-Assignment-4/streampipes-messaging-jms/target/streampipes-messaging-jms-0.92.0-SNAPSHOT.jar
[INFO] 
[INFO] --- maven-site-plugin:3.12.1:attach-descriptor (attach-descriptor) @ streampipes-messaging-jms ---
[INFO] Skipping because packaging 'jar' is not pom.
[INFO] 
[INFO] --- maven-javadoc-plugin:3.4.1:jar (attach-javadocs) @ streampipes-messaging-jms ---
[INFO] No previous run data found, generating javadoc.
[INFO] Building jar: /Users/arian/edu/kth/softfund_dd2480/assignment4/DD2480-Assignment-4/streampipes-messaging-jms/target/streampipes-messaging-jms-0.92.0-SNAPSHOT-javadoc.jar
[INFO] 
[INFO] >>> maven-source-plugin:3.2.1:jar (attach-sources) > generate-sources @ streampipes-messaging-jms >>>
[INFO] 
[INFO] --- maven-enforcer-plugin:3.1.0:enforce (enforce-maven-version) @ streampipes-messaging-jms ---
[INFO] 
[INFO] --- maven-enforcer-plugin:3.1.0:enforce (enforce-java-version) @ streampipes-messaging-jms ---
[INFO] 
[INFO] --- maven-enforcer-plugin:3.1.0:enforce (check-at-least-java-17) @ streampipes-messaging-jms ---
[INFO] 
[INFO] --- maven-enforcer-plugin:3.1.0:enforce (enforce-version-convergence) @ streampipes-messaging-jms ---
[INFO] 
[INFO] --- maven-checkstyle-plugin:3.2.1:check (validate) @ streampipes-messaging-jms ---
[INFO] 
[INFO] <<< maven-source-plugin:3.2.1:jar (attach-sources) < generate-sources @ streampipes-messaging-jms <<<
[INFO] 
[INFO] 
[INFO] --- maven-source-plugin:3.2.1:jar (attach-sources) @ streampipes-messaging-jms ---
[INFO] Building jar: /Users/arian/edu/kth/softfund_dd2480/assignment4/DD2480-Assignment-4/streampipes-messaging-jms/target/streampipes-messaging-jms-0.92.0-SNAPSHOT-sources.jar
[INFO] 
[INFO] ---------< org.apache.streampipes:streampipes-messaging-mqtt >----------
[INFO] Building streampipes-messaging-mqtt 0.92.0-SNAPSHOT              [36/94]
[INFO] --------------------------------[ jar ]---------------------------------
[INFO] 
[INFO] --- maven-clean-plugin:3.2.0:clean (default-clean) @ streampipes-messaging-mqtt ---
[INFO] Deleting /Users/arian/edu/kth/softfund_dd2480/assignment4/DD2480-Assignment-4/streampipes-messaging-mqtt/target
[INFO] 
[INFO] --- maven-enforcer-plugin:3.1.0:enforce (enforce-maven-version) @ streampipes-messaging-mqtt ---
[INFO] 
[INFO] --- maven-enforcer-plugin:3.1.0:enforce (enforce-java-version) @ streampipes-messaging-mqtt ---
[INFO] 
[INFO] --- maven-enforcer-plugin:3.1.0:enforce (check-at-least-java-17) @ streampipes-messaging-mqtt ---
[INFO] 
[INFO] --- maven-enforcer-plugin:3.1.0:enforce (enforce-version-convergence) @ streampipes-messaging-mqtt ---
[INFO] 
[INFO] --- maven-checkstyle-plugin:3.2.1:check (validate) @ streampipes-messaging-mqtt ---
[INFO] 
[INFO] --- maven-remote-resources-plugin:1.7.0:process (process-resource-bundles) @ streampipes-messaging-mqtt ---
[INFO] Preparing remote bundle org.apache:apache-jar-resource-bundle:1.4
[INFO] Copying 3 resources from 1 bundle.
[INFO] 
[INFO] --- maven-resources-plugin:3.3.0:resources (default-resources) @ streampipes-messaging-mqtt ---
[INFO] skip non existing resourceDirectory /Users/arian/edu/kth/softfund_dd2480/assignment4/DD2480-Assignment-4/streampipes-messaging-mqtt/src/main/resources
[INFO] Copying 3 resources
[INFO] 
[INFO] --- maven-compiler-plugin:3.10.1:compile (default-compile) @ streampipes-messaging-mqtt ---
[INFO] Changes detected - recompiling the module!
[INFO] Compiling 5 source files to /Users/arian/edu/kth/softfund_dd2480/assignment4/DD2480-Assignment-4/streampipes-messaging-mqtt/target/classes
[INFO] 
[INFO] --- maven-resources-plugin:3.3.0:testResources (default-testResources) @ streampipes-messaging-mqtt ---
[INFO] skip non existing resourceDirectory /Users/arian/edu/kth/softfund_dd2480/assignment4/DD2480-Assignment-4/streampipes-messaging-mqtt/src/test/resources
[INFO] Copying 3 resources
[INFO] 
[INFO] --- maven-compiler-plugin:3.10.1:testCompile (default-testCompile) @ streampipes-messaging-mqtt ---
[INFO] No sources to compile
[INFO] 
[INFO] --- maven-surefire-plugin:2.22.2:test (default-test) @ streampipes-messaging-mqtt ---
[INFO] 
[INFO] --- maven-jar-plugin:3.3.0:jar (default-jar) @ streampipes-messaging-mqtt ---
[INFO] Building jar: /Users/arian/edu/kth/softfund_dd2480/assignment4/DD2480-Assignment-4/streampipes-messaging-mqtt/target/streampipes-messaging-mqtt-0.92.0-SNAPSHOT.jar
[INFO] 
[INFO] --- maven-site-plugin:3.12.1:attach-descriptor (attach-descriptor) @ streampipes-messaging-mqtt ---
[INFO] Skipping because packaging 'jar' is not pom.
[INFO] 
[INFO] --- maven-javadoc-plugin:3.4.1:jar (attach-javadocs) @ streampipes-messaging-mqtt ---
[INFO] No previous run data found, generating javadoc.
[INFO] Building jar: /Users/arian/edu/kth/softfund_dd2480/assignment4/DD2480-Assignment-4/streampipes-messaging-mqtt/target/streampipes-messaging-mqtt-0.92.0-SNAPSHOT-javadoc.jar
[INFO] 
[INFO] >>> maven-source-plugin:3.2.1:jar (attach-sources) > generate-sources @ streampipes-messaging-mqtt >>>
[INFO] 
[INFO] --- maven-enforcer-plugin:3.1.0:enforce (enforce-maven-version) @ streampipes-messaging-mqtt ---
[INFO] 
[INFO] --- maven-enforcer-plugin:3.1.0:enforce (enforce-java-version) @ streampipes-messaging-mqtt ---
[INFO] 
[INFO] --- maven-enforcer-plugin:3.1.0:enforce (check-at-least-java-17) @ streampipes-messaging-mqtt ---
[INFO] 
[INFO] --- maven-enforcer-plugin:3.1.0:enforce (enforce-version-convergence) @ streampipes-messaging-mqtt ---
[INFO] 
[INFO] --- maven-checkstyle-plugin:3.2.1:check (validate) @ streampipes-messaging-mqtt ---
[INFO] 
[INFO] <<< maven-source-plugin:3.2.1:jar (attach-sources) < generate-sources @ streampipes-messaging-mqtt <<<
[INFO] 
[INFO] 
[INFO] --- maven-source-plugin:3.2.1:jar (attach-sources) @ streampipes-messaging-mqtt ---
[INFO] Building jar: /Users/arian/edu/kth/softfund_dd2480/assignment4/DD2480-Assignment-4/streampipes-messaging-mqtt/target/streampipes-messaging-mqtt-0.92.0-SNAPSHOT-sources.jar
[INFO] 
[INFO] ---------< org.apache.streampipes:streampipes-messaging-nats >----------
[INFO] Building streampipes-messaging-nats 0.92.0-SNAPSHOT              [37/94]
[INFO] --------------------------------[ jar ]---------------------------------
[INFO] 
[INFO] --- maven-clean-plugin:3.2.0:clean (default-clean) @ streampipes-messaging-nats ---
[INFO] Deleting /Users/arian/edu/kth/softfund_dd2480/assignment4/DD2480-Assignment-4/streampipes-messaging-nats/target
[INFO] 
[INFO] --- maven-enforcer-plugin:3.1.0:enforce (enforce-maven-version) @ streampipes-messaging-nats ---
[INFO] 
[INFO] --- maven-enforcer-plugin:3.1.0:enforce (enforce-java-version) @ streampipes-messaging-nats ---
[INFO] 
[INFO] --- maven-enforcer-plugin:3.1.0:enforce (check-at-least-java-17) @ streampipes-messaging-nats ---
[INFO] 
[INFO] --- maven-enforcer-plugin:3.1.0:enforce (enforce-version-convergence) @ streampipes-messaging-nats ---
[INFO] 
[INFO] --- maven-checkstyle-plugin:3.2.1:check (validate) @ streampipes-messaging-nats ---
[INFO] 
[INFO] --- maven-remote-resources-plugin:1.7.0:process (process-resource-bundles) @ streampipes-messaging-nats ---
[INFO] Preparing remote bundle org.apache:apache-jar-resource-bundle:1.4
[INFO] Copying 3 resources from 1 bundle.
[INFO] 
[INFO] --- maven-resources-plugin:3.3.0:resources (default-resources) @ streampipes-messaging-nats ---
[INFO] skip non existing resourceDirectory /Users/arian/edu/kth/softfund_dd2480/assignment4/DD2480-Assignment-4/streampipes-messaging-nats/src/main/resources
[INFO] Copying 3 resources
[INFO] 
[INFO] --- maven-compiler-plugin:3.10.1:compile (default-compile) @ streampipes-messaging-nats ---
[INFO] Changes detected - recompiling the module!
[INFO] Compiling 6 source files to /Users/arian/edu/kth/softfund_dd2480/assignment4/DD2480-Assignment-4/streampipes-messaging-nats/target/classes
[INFO] 
[INFO] --- maven-resources-plugin:3.3.0:testResources (default-testResources) @ streampipes-messaging-nats ---
[INFO] skip non existing resourceDirectory /Users/arian/edu/kth/softfund_dd2480/assignment4/DD2480-Assignment-4/streampipes-messaging-nats/src/test/resources
[INFO] Copying 3 resources
[INFO] 
[INFO] --- maven-compiler-plugin:3.10.1:testCompile (default-testCompile) @ streampipes-messaging-nats ---
[INFO] No sources to compile
[INFO] 
[INFO] --- maven-surefire-plugin:2.22.2:test (default-test) @ streampipes-messaging-nats ---
[INFO] 
[INFO] --- maven-jar-plugin:3.3.0:jar (default-jar) @ streampipes-messaging-nats ---
[INFO] Building jar: /Users/arian/edu/kth/softfund_dd2480/assignment4/DD2480-Assignment-4/streampipes-messaging-nats/target/streampipes-messaging-nats-0.92.0-SNAPSHOT.jar
[INFO] 
[INFO] --- maven-site-plugin:3.12.1:attach-descriptor (attach-descriptor) @ streampipes-messaging-nats ---
[INFO] Skipping because packaging 'jar' is not pom.
[INFO] 
[INFO] --- maven-javadoc-plugin:3.4.1:jar (attach-javadocs) @ streampipes-messaging-nats ---
[INFO] No previous run data found, generating javadoc.
[INFO] Building jar: /Users/arian/edu/kth/softfund_dd2480/assignment4/DD2480-Assignment-4/streampipes-messaging-nats/target/streampipes-messaging-nats-0.92.0-SNAPSHOT-javadoc.jar
[INFO] 
[INFO] >>> maven-source-plugin:3.2.1:jar (attach-sources) > generate-sources @ streampipes-messaging-nats >>>
[INFO] 
[INFO] --- maven-enforcer-plugin:3.1.0:enforce (enforce-maven-version) @ streampipes-messaging-nats ---
[INFO] 
[INFO] --- maven-enforcer-plugin:3.1.0:enforce (enforce-java-version) @ streampipes-messaging-nats ---
[INFO] 
[INFO] --- maven-enforcer-plugin:3.1.0:enforce (check-at-least-java-17) @ streampipes-messaging-nats ---
[INFO] 
[INFO] --- maven-enforcer-plugin:3.1.0:enforce (enforce-version-convergence) @ streampipes-messaging-nats ---
[INFO] 
[INFO] --- maven-checkstyle-plugin:3.2.1:check (validate) @ streampipes-messaging-nats ---
[INFO] 
[INFO] <<< maven-source-plugin:3.2.1:jar (attach-sources) < generate-sources @ streampipes-messaging-nats <<<
[INFO] 
[INFO] 
[INFO] --- maven-source-plugin:3.2.1:jar (attach-sources) @ streampipes-messaging-nats ---
[INFO] Building jar: /Users/arian/edu/kth/softfund_dd2480/assignment4/DD2480-Assignment-4/streampipes-messaging-nats/target/streampipes-messaging-nats-0.92.0-SNAPSHOT-sources.jar
[INFO] 
[INFO] ------< org.apache.streampipes:streampipes-extensions-management >------
[INFO] Building streampipes-extensions-management 0.92.0-SNAPSHOT       [38/94]
[INFO] --------------------------------[ jar ]---------------------------------
[INFO] 
[INFO] --- maven-clean-plugin:3.2.0:clean (default-clean) @ streampipes-extensions-management ---
[INFO] Deleting /Users/arian/edu/kth/softfund_dd2480/assignment4/DD2480-Assignment-4/streampipes-extensions-management/target
[INFO] 
[INFO] --- maven-enforcer-plugin:3.1.0:enforce (enforce-maven-version) @ streampipes-extensions-management ---
[INFO] 
[INFO] --- maven-enforcer-plugin:3.1.0:enforce (enforce-java-version) @ streampipes-extensions-management ---
[INFO] 
[INFO] --- maven-enforcer-plugin:3.1.0:enforce (check-at-least-java-17) @ streampipes-extensions-management ---
[INFO] 
[INFO] --- maven-enforcer-plugin:3.1.0:enforce (enforce-version-convergence) @ streampipes-extensions-management ---
[INFO] 
[INFO] --- maven-checkstyle-plugin:3.2.1:check (validate) @ streampipes-extensions-management ---
[INFO] 
[INFO] --- maven-remote-resources-plugin:1.7.0:process (process-resource-bundles) @ streampipes-extensions-management ---
[INFO] Preparing remote bundle org.apache:apache-jar-resource-bundle:1.4
[INFO] Copying 3 resources from 1 bundle.
[INFO] 
[INFO] --- maven-resources-plugin:3.3.0:resources (default-resources) @ streampipes-extensions-management ---
[INFO] skip non existing resourceDirectory /Users/arian/edu/kth/softfund_dd2480/assignment4/DD2480-Assignment-4/streampipes-extensions-management/src/main/resources
[INFO] Copying 3 resources
[INFO] 
[INFO] --- maven-compiler-plugin:3.10.1:compile (default-compile) @ streampipes-extensions-management ---
[INFO] Changes detected - recompiling the module!
[INFO] Compiling 97 source files to /Users/arian/edu/kth/softfund_dd2480/assignment4/DD2480-Assignment-4/streampipes-extensions-management/target/classes
[INFO] /Users/arian/edu/kth/softfund_dd2480/assignment4/DD2480-Assignment-4/streampipes-extensions-management/src/main/java/org/apache/streampipes/extensions/management/connect/adapter/format/csv/CsvParser.java: Some input files use or override a deprecated API.
[INFO] /Users/arian/edu/kth/softfund_dd2480/assignment4/DD2480-Assignment-4/streampipes-extensions-management/src/main/java/org/apache/streampipes/extensions/management/connect/adapter/format/csv/CsvParser.java: Recompile with -Xlint:deprecation for details.
[INFO] /Users/arian/edu/kth/softfund_dd2480/assignment4/DD2480-Assignment-4/streampipes-extensions-management/src/main/java/org/apache/streampipes/extensions/management/connect/adapter/format/xml/XmlFormat.java: Some input files use or override a deprecated API that is marked for removal.
[INFO] /Users/arian/edu/kth/softfund_dd2480/assignment4/DD2480-Assignment-4/streampipes-extensions-management/src/main/java/org/apache/streampipes/extensions/management/connect/adapter/format/xml/XmlFormat.java: Recompile with -Xlint:removal for details.
[INFO] /Users/arian/edu/kth/softfund_dd2480/assignment4/DD2480-Assignment-4/streampipes-extensions-management/src/main/java/org/apache/streampipes/extensions/management/connect/adapter/preprocessing/transform/schema/DeleteTransformationRule.java: Some input files use unchecked or unsafe operations.
[INFO] /Users/arian/edu/kth/softfund_dd2480/assignment4/DD2480-Assignment-4/streampipes-extensions-management/src/main/java/org/apache/streampipes/extensions/management/connect/adapter/preprocessing/transform/schema/DeleteTransformationRule.java: Recompile with -Xlint:unchecked for details.
[INFO] 
[INFO] --- maven-resources-plugin:3.3.0:testResources (default-testResources) @ streampipes-extensions-management ---
[INFO] skip non existing resourceDirectory /Users/arian/edu/kth/softfund_dd2480/assignment4/DD2480-Assignment-4/streampipes-extensions-management/src/test/resources
[INFO] Copying 3 resources
[INFO] 
[INFO] --- maven-compiler-plugin:3.10.1:testCompile (default-testCompile) @ streampipes-extensions-management ---
[INFO] Changes detected - recompiling the module!
[INFO] Compiling 20 source files to /Users/arian/edu/kth/softfund_dd2480/assignment4/DD2480-Assignment-4/streampipes-extensions-management/target/test-classes
[INFO] 
[INFO] --- maven-surefire-plugin:2.22.2:test (default-test) @ streampipes-extensions-management ---
[INFO] 
[INFO] -------------------------------------------------------
[INFO]  T E S T S
[INFO] -------------------------------------------------------
[INFO] Running org.apache.streampipes.extensions.management.util.EventSchemaUtilsTest
[INFO] Tests run: 3, Failures: 0, Errors: 0, Skipped: 0, Time elapsed: 0.068 s - in org.apache.streampipes.extensions.management.util.EventSchemaUtilsTest
[INFO] Running org.apache.streampipes.extensions.management.connect.adapter.util.DatatypeUtilsTest
[INFO] Tests run: 13, Failures: 0, Errors: 0, Skipped: 0, Time elapsed: 0.088 s - in org.apache.streampipes.extensions.management.connect.adapter.util.DatatypeUtilsTest
[INFO] Running org.apache.streampipes.extensions.management.connect.adapter.format.xml.XmlMapConverterTest
[INFO] Tests run: 2, Failures: 0, Errors: 0, Skipped: 0, Time elapsed: 0.001 s - in org.apache.streampipes.extensions.management.connect.adapter.format.xml.XmlMapConverterTest
[INFO] Running org.apache.streampipes.extensions.management.connect.adapter.format.json.geojson.GeoJsonTest
18:26:40.601 [main] INFO org.apache.streampipes.extensions.management.connect.adapter.format.util.JsonEventProperty - Key: coordinatesMultiPolygon
18:26:40.605 [main] INFO org.apache.streampipes.extensions.management.connect.adapter.format.util.JsonEventProperty - Class: class java.util.ArrayList
18:26:40.609 [main] INFO org.apache.streampipes.extensions.management.connect.adapter.format.util.JsonEventProperty - Primitive: false
18:26:40.609 [main] INFO org.apache.streampipes.extensions.management.connect.adapter.format.util.JsonEventProperty - Array: false
18:26:40.609 [main] INFO org.apache.streampipes.extensions.management.connect.adapter.format.util.JsonEventProperty - TypeName: java.util.ArrayList
18:26:40.610 [main] INFO org.apache.streampipes.extensions.management.connect.adapter.format.util.JsonEventProperty - Key: measurementOrCalculationTime
18:26:40.610 [main] INFO org.apache.streampipes.extensions.management.connect.adapter.format.util.JsonEventProperty - Class: class java.lang.String
18:26:40.610 [main] INFO org.apache.streampipes.extensions.management.connect.adapter.format.util.JsonEventProperty - Primitive: false
18:26:40.610 [main] INFO org.apache.streampipes.extensions.management.connect.adapter.format.util.JsonEventProperty - Array: false
18:26:40.610 [main] INFO org.apache.streampipes.extensions.management.connect.adapter.format.util.JsonEventProperty - TypeName: java.lang.String
18:26:40.610 [main] INFO org.apache.streampipes.extensions.management.connect.adapter.format.util.JsonEventProperty - Key: publicationTime
18:26:40.611 [main] INFO org.apache.streampipes.extensions.management.connect.adapter.format.util.JsonEventProperty - Class: class java.lang.String
18:26:40.611 [main] INFO org.apache.streampipes.extensions.management.connect.adapter.format.util.JsonEventProperty - Primitive: false
18:26:40.611 [main] INFO org.apache.streampipes.extensions.management.connect.adapter.format.util.JsonEventProperty - Array: false
18:26:40.611 [main] INFO org.apache.streampipes.extensions.management.connect.adapter.format.util.JsonEventProperty - TypeName: java.lang.String
18:26:40.611 [main] INFO org.apache.streampipes.extensions.management.connect.adapter.format.util.JsonEventProperty - Key: lorryFlowRate
18:26:40.611 [main] INFO org.apache.streampipes.extensions.management.connect.adapter.format.util.JsonEventProperty - Class: class java.lang.String
18:26:40.611 [main] INFO org.apache.streampipes.extensions.management.connect.adapter.format.util.JsonEventProperty - Primitive: false
18:26:40.611 [main] INFO org.apache.streampipes.extensions.management.connect.adapter.format.util.JsonEventProperty - Array: false
18:26:40.611 [main] INFO org.apache.streampipes.extensions.management.connect.adapter.format.util.JsonEventProperty - TypeName: java.lang.String
18:26:40.611 [main] INFO org.apache.streampipes.extensions.management.connect.adapter.format.util.JsonEventProperty - Key: lorryAverageVehicleSpeed
18:26:40.611 [main] INFO org.apache.streampipes.extensions.management.connect.adapter.format.util.JsonEventProperty - Class: class java.lang.String
18:26:40.611 [main] INFO org.apache.streampipes.extensions.management.connect.adapter.format.util.JsonEventProperty - Primitive: false
18:26:40.611 [main] INFO org.apache.streampipes.extensions.management.connect.adapter.format.util.JsonEventProperty - Array: false
18:26:40.611 [main] INFO org.apache.streampipes.extensions.management.connect.adapter.format.util.JsonEventProperty - TypeName: java.lang.String
18:26:40.611 [main] INFO org.apache.streampipes.extensions.management.connect.adapter.format.util.JsonEventProperty - Key: anyVehicleAverageVehicleSpeed
18:26:40.611 [main] INFO org.apache.streampipes.extensions.management.connect.adapter.format.util.JsonEventProperty - Class: class java.lang.String
18:26:40.611 [main] INFO org.apache.streampipes.extensions.management.connect.adapter.format.util.JsonEventProperty - Primitive: false
18:26:40.611 [main] INFO org.apache.streampipes.extensions.management.connect.adapter.format.util.JsonEventProperty - Array: false
18:26:40.611 [main] INFO org.apache.streampipes.extensions.management.connect.adapter.format.util.JsonEventProperty - TypeName: java.lang.String
18:26:40.611 [main] INFO org.apache.streampipes.extensions.management.connect.adapter.format.util.JsonEventProperty - Key: carAverageVehicleSpeed
18:26:40.612 [main] INFO org.apache.streampipes.extensions.management.connect.adapter.format.util.JsonEventProperty - Class: class java.lang.String
18:26:40.612 [main] INFO org.apache.streampipes.extensions.management.connect.adapter.format.util.JsonEventProperty - Primitive: false
18:26:40.612 [main] INFO org.apache.streampipes.extensions.management.connect.adapter.format.util.JsonEventProperty - Array: false
18:26:40.612 [main] INFO org.apache.streampipes.extensions.management.connect.adapter.format.util.JsonEventProperty - TypeName: java.lang.String
18:26:40.612 [main] INFO org.apache.streampipes.extensions.management.connect.adapter.format.util.JsonEventProperty - Key: anyVehicleFlowRate
18:26:40.612 [main] INFO org.apache.streampipes.extensions.management.connect.adapter.format.util.JsonEventProperty - Class: class java.lang.String
18:26:40.612 [main] INFO org.apache.streampipes.extensions.management.connect.adapter.format.util.JsonEventProperty - Primitive: false
18:26:40.612 [main] INFO org.apache.streampipes.extensions.management.connect.adapter.format.util.JsonEventProperty - Array: false
18:26:40.612 [main] INFO org.apache.streampipes.extensions.management.connect.adapter.format.util.JsonEventProperty - TypeName: java.lang.String
18:26:40.612 [main] INFO org.apache.streampipes.extensions.management.connect.adapter.format.util.JsonEventProperty - Key: anyVehiclePercentageLongVehicle
18:26:40.612 [main] INFO org.apache.streampipes.extensions.management.connect.adapter.format.util.JsonEventProperty - Class: class java.lang.String
18:26:40.612 [main] INFO org.apache.streampipes.extensions.management.connect.adapter.format.util.JsonEventProperty - Primitive: false
18:26:40.612 [main] INFO org.apache.streampipes.extensions.management.connect.adapter.format.util.JsonEventProperty - Array: false
18:26:40.612 [main] INFO org.apache.streampipes.extensions.management.connect.adapter.format.util.JsonEventProperty - TypeName: java.lang.String
18:26:40.612 [main] INFO org.apache.streampipes.extensions.management.connect.adapter.format.util.JsonEventProperty - Key: carFlowRate
18:26:40.612 [main] INFO org.apache.streampipes.extensions.management.connect.adapter.format.util.JsonEventProperty - Class: class java.lang.String
18:26:40.612 [main] INFO org.apache.streampipes.extensions.management.connect.adapter.format.util.JsonEventProperty - Primitive: false
18:26:40.612 [main] INFO org.apache.streampipes.extensions.management.connect.adapter.format.util.JsonEventProperty - Array: false
18:26:40.612 [main] INFO org.apache.streampipes.extensions.management.connect.adapter.format.util.JsonEventProperty - TypeName: java.lang.String
18:26:40.612 [main] INFO org.apache.streampipes.extensions.management.connect.adapter.format.util.JsonEventProperty - Key: id
18:26:40.613 [main] INFO org.apache.streampipes.extensions.management.connect.adapter.format.util.JsonEventProperty - Class: class java.lang.String
18:26:40.613 [main] INFO org.apache.streampipes.extensions.management.connect.adapter.format.util.JsonEventProperty - Primitive: false
18:26:40.613 [main] INFO org.apache.streampipes.extensions.management.connect.adapter.format.util.JsonEventProperty - Array: false
18:26:40.613 [main] INFO org.apache.streampipes.extensions.management.connect.adapter.format.util.JsonEventProperty - TypeName: java.lang.String
18:26:40.623 [main] INFO org.apache.streampipes.extensions.management.connect.adapter.format.util.JsonEventProperty - Key: longitude
18:26:40.623 [main] INFO org.apache.streampipes.extensions.management.connect.adapter.format.util.JsonEventProperty - Class: class java.lang.Double
18:26:40.623 [main] INFO org.apache.streampipes.extensions.management.connect.adapter.format.util.JsonEventProperty - Primitive: false
18:26:40.623 [main] INFO org.apache.streampipes.extensions.management.connect.adapter.format.util.JsonEventProperty - Array: false
18:26:40.623 [main] INFO org.apache.streampipes.extensions.management.connect.adapter.format.util.JsonEventProperty - TypeName: java.lang.Double
18:26:40.623 [main] INFO org.apache.streampipes.extensions.management.connect.adapter.format.util.JsonEventProperty - Key: latitude
18:26:40.624 [main] INFO org.apache.streampipes.extensions.management.connect.adapter.format.util.JsonEventProperty - Class: class java.lang.Double
18:26:40.624 [main] INFO org.apache.streampipes.extensions.management.connect.adapter.format.util.JsonEventProperty - Primitive: false
18:26:40.624 [main] INFO org.apache.streampipes.extensions.management.connect.adapter.format.util.JsonEventProperty - Array: false
18:26:40.624 [main] INFO org.apache.streampipes.extensions.management.connect.adapter.format.util.JsonEventProperty - TypeName: java.lang.Double
18:26:40.624 [main] INFO org.apache.streampipes.extensions.management.connect.adapter.format.util.JsonEventProperty - Key: measurementOrCalculationTime
18:26:40.624 [main] INFO org.apache.streampipes.extensions.management.connect.adapter.format.util.JsonEventProperty - Class: class java.lang.String
18:26:40.624 [main] INFO org.apache.streampipes.extensions.management.connect.adapter.format.util.JsonEventProperty - Primitive: false
18:26:40.624 [main] INFO org.apache.streampipes.extensions.management.connect.adapter.format.util.JsonEventProperty - Array: false
18:26:40.624 [main] INFO org.apache.streampipes.extensions.management.connect.adapter.format.util.JsonEventProperty - TypeName: java.lang.String
18:26:40.624 [main] INFO org.apache.streampipes.extensions.management.connect.adapter.format.util.JsonEventProperty - Key: publicationTime
18:26:40.624 [main] INFO org.apache.streampipes.extensions.management.connect.adapter.format.util.JsonEventProperty - Class: class java.lang.String
18:26:40.624 [main] INFO org.apache.streampipes.extensions.management.connect.adapter.format.util.JsonEventProperty - Primitive: false
18:26:40.624 [main] INFO org.apache.streampipes.extensions.management.connect.adapter.format.util.JsonEventProperty - Array: false
18:26:40.624 [main] INFO org.apache.streampipes.extensions.management.connect.adapter.format.util.JsonEventProperty - TypeName: java.lang.String
18:26:40.624 [main] INFO org.apache.streampipes.extensions.management.connect.adapter.format.util.JsonEventProperty - Key: lorryFlowRate
18:26:40.624 [main] INFO org.apache.streampipes.extensions.management.connect.adapter.format.util.JsonEventProperty - Class: class java.lang.String
18:26:40.624 [main] INFO org.apache.streampipes.extensions.management.connect.adapter.format.util.JsonEventProperty - Primitive: false
18:26:40.624 [main] INFO org.apache.streampipes.extensions.management.connect.adapter.format.util.JsonEventProperty - Array: false
18:26:40.624 [main] INFO org.apache.streampipes.extensions.management.connect.adapter.format.util.JsonEventProperty - TypeName: java.lang.String
18:26:40.624 [main] INFO org.apache.streampipes.extensions.management.connect.adapter.format.util.JsonEventProperty - Key: lorryAverageVehicleSpeed
18:26:40.624 [main] INFO org.apache.streampipes.extensions.management.connect.adapter.format.util.JsonEventProperty - Class: class java.lang.String
18:26:40.624 [main] INFO org.apache.streampipes.extensions.management.connect.adapter.format.util.JsonEventProperty - Primitive: false
18:26:40.624 [main] INFO org.apache.streampipes.extensions.management.connect.adapter.format.util.JsonEventProperty - Array: false
18:26:40.624 [main] INFO org.apache.streampipes.extensions.management.connect.adapter.format.util.JsonEventProperty - TypeName: java.lang.String
18:26:40.624 [main] INFO org.apache.streampipes.extensions.management.connect.adapter.format.util.JsonEventProperty - Key: anyVehicleAverageVehicleSpeed
18:26:40.624 [main] INFO org.apache.streampipes.extensions.management.connect.adapter.format.util.JsonEventProperty - Class: class java.lang.String
18:26:40.624 [main] INFO org.apache.streampipes.extensions.management.connect.adapter.format.util.JsonEventProperty - Primitive: false
18:26:40.625 [main] INFO org.apache.streampipes.extensions.management.connect.adapter.format.util.JsonEventProperty - Array: false
18:26:40.625 [main] INFO org.apache.streampipes.extensions.management.connect.adapter.format.util.JsonEventProperty - TypeName: java.lang.String
18:26:40.625 [main] INFO org.apache.streampipes.extensions.management.connect.adapter.format.util.JsonEventProperty - Key: carAverageVehicleSpeed
18:26:40.625 [main] INFO org.apache.streampipes.extensions.management.connect.adapter.format.util.JsonEventProperty - Class: class java.lang.String
18:26:40.625 [main] INFO org.apache.streampipes.extensions.management.connect.adapter.format.util.JsonEventProperty - Primitive: false
18:26:40.625 [main] INFO org.apache.streampipes.extensions.management.connect.adapter.format.util.JsonEventProperty - Array: false
18:26:40.625 [main] INFO org.apache.streampipes.extensions.management.connect.adapter.format.util.JsonEventProperty - TypeName: java.lang.String
18:26:40.625 [main] INFO org.apache.streampipes.extensions.management.connect.adapter.format.util.JsonEventProperty - Key: anyVehicleFlowRate
18:26:40.625 [main] INFO org.apache.streampipes.extensions.management.connect.adapter.format.util.JsonEventProperty - Class: class java.lang.String
18:26:40.625 [main] INFO org.apache.streampipes.extensions.management.connect.adapter.format.util.JsonEventProperty - Primitive: false
18:26:40.625 [main] INFO org.apache.streampipes.extensions.management.connect.adapter.format.util.JsonEventProperty - Array: false
18:26:40.625 [main] INFO org.apache.streampipes.extensions.management.connect.adapter.format.util.JsonEventProperty - TypeName: java.lang.String
18:26:40.625 [main] INFO org.apache.streampipes.extensions.management.connect.adapter.format.util.JsonEventProperty - Key: anyVehiclePercentageLongVehicle
18:26:40.625 [main] INFO org.apache.streampipes.extensions.management.connect.adapter.format.util.JsonEventProperty - Class: class java.lang.String
18:26:40.625 [main] INFO org.apache.streampipes.extensions.management.connect.adapter.format.util.JsonEventProperty - Primitive: false
18:26:40.625 [main] INFO org.apache.streampipes.extensions.management.connect.adapter.format.util.JsonEventProperty - Array: false
18:26:40.625 [main] INFO org.apache.streampipes.extensions.management.connect.adapter.format.util.JsonEventProperty - TypeName: java.lang.String
18:26:40.625 [main] INFO org.apache.streampipes.extensions.management.connect.adapter.format.util.JsonEventProperty - Key: carFlowRate
18:26:40.625 [main] INFO org.apache.streampipes.extensions.management.connect.adapter.format.util.JsonEventProperty - Class: class java.lang.String
18:26:40.625 [main] INFO org.apache.streampipes.extensions.management.connect.adapter.format.util.JsonEventProperty - Primitive: false
18:26:40.626 [main] INFO org.apache.streampipes.extensions.management.connect.adapter.format.util.JsonEventProperty - Array: false
18:26:40.626 [main] INFO org.apache.streampipes.extensions.management.connect.adapter.format.util.JsonEventProperty - TypeName: java.lang.String
18:26:40.626 [main] INFO org.apache.streampipes.extensions.management.connect.adapter.format.util.JsonEventProperty - Key: id
18:26:40.626 [main] INFO org.apache.streampipes.extensions.management.connect.adapter.format.util.JsonEventProperty - Class: class java.lang.String
18:26:40.626 [main] INFO org.apache.streampipes.extensions.management.connect.adapter.format.util.JsonEventProperty - Primitive: false
18:26:40.626 [main] INFO org.apache.streampipes.extensions.management.connect.adapter.format.util.JsonEventProperty - Array: false
18:26:40.626 [main] INFO org.apache.streampipes.extensions.management.connect.adapter.format.util.JsonEventProperty - TypeName: java.lang.String
[INFO] Tests run: 4, Failures: 0, Errors: 0, Skipped: 0, Time elapsed: 0.322 s - in org.apache.streampipes.extensions.management.connect.adapter.format.json.geojson.GeoJsonTest
[INFO] Running org.apache.streampipes.extensions.management.connect.adapter.format.json.xml.XmlTest
18:26:40.749 [main] INFO org.apache.streampipes.extensions.management.connect.adapter.format.util.JsonEventProperty - Key: parkingFacilityReference
18:26:40.749 [main] INFO org.apache.streampipes.extensions.management.connect.adapter.format.util.JsonEventProperty - Class: class java.util.LinkedHashMap
18:26:40.749 [main] INFO org.apache.streampipes.extensions.management.connect.adapter.format.util.JsonEventProperty - Primitive: false
18:26:40.749 [main] INFO org.apache.streampipes.extensions.management.connect.adapter.format.util.JsonEventProperty - Array: false
18:26:40.749 [main] INFO org.apache.streampipes.extensions.management.connect.adapter.format.util.JsonEventProperty - TypeName: java.util.LinkedHashMap
18:26:40.749 [main] INFO org.apache.streampipes.extensions.management.connect.adapter.format.util.JsonEventProperty - Key: targetClass
18:26:40.749 [main] INFO org.apache.streampipes.extensions.management.connect.adapter.format.util.JsonEventProperty - Class: class java.lang.String
18:26:40.749 [main] INFO org.apache.streampipes.extensions.management.connect.adapter.format.util.JsonEventProperty - Primitive: false
18:26:40.749 [main] INFO org.apache.streampipes.extensions.management.connect.adapter.format.util.JsonEventProperty - Array: false
18:26:40.749 [main] INFO org.apache.streampipes.extensions.management.connect.adapter.format.util.JsonEventProperty - TypeName: java.lang.String
18:26:40.749 [main] INFO org.apache.streampipes.extensions.management.connect.adapter.format.util.JsonEventProperty - Key: id
18:26:40.749 [main] INFO org.apache.streampipes.extensions.management.connect.adapter.format.util.JsonEventProperty - Class: class java.lang.String
18:26:40.750 [main] INFO org.apache.streampipes.extensions.management.connect.adapter.format.util.JsonEventProperty - Primitive: false
18:26:40.750 [main] INFO org.apache.streampipes.extensions.management.connect.adapter.format.util.JsonEventProperty - Array: false
18:26:40.750 [main] INFO org.apache.streampipes.extensions.management.connect.adapter.format.util.JsonEventProperty - TypeName: java.lang.String
18:26:40.750 [main] INFO org.apache.streampipes.extensions.management.connect.adapter.format.util.JsonEventProperty - Key: version
18:26:40.750 [main] INFO org.apache.streampipes.extensions.management.connect.adapter.format.util.JsonEventProperty - Class: class java.lang.Double
18:26:40.750 [main] INFO org.apache.streampipes.extensions.management.connect.adapter.format.util.JsonEventProperty - Primitive: false
18:26:40.750 [main] INFO org.apache.streampipes.extensions.management.connect.adapter.format.util.JsonEventProperty - Array: false
18:26:40.750 [main] INFO org.apache.streampipes.extensions.management.connect.adapter.format.util.JsonEventProperty - TypeName: java.lang.Double
18:26:40.750 [main] INFO org.apache.streampipes.extensions.management.connect.adapter.format.util.JsonEventProperty - Key: parkingFacilityStatus
18:26:40.750 [main] INFO org.apache.streampipes.extensions.management.connect.adapter.format.util.JsonEventProperty - Class: class java.lang.String
18:26:40.750 [main] INFO org.apache.streampipes.extensions.management.connect.adapter.format.util.JsonEventProperty - Primitive: false
18:26:40.750 [main] INFO org.apache.streampipes.extensions.management.connect.adapter.format.util.JsonEventProperty - Array: false
18:26:40.750 [main] INFO org.apache.streampipes.extensions.management.connect.adapter.format.util.JsonEventProperty - TypeName: java.lang.String
18:26:40.750 [main] INFO org.apache.streampipes.extensions.management.connect.adapter.format.util.JsonEventProperty - Key: totalNumberOfOccupiedParkingSpaces
18:26:40.750 [main] INFO org.apache.streampipes.extensions.management.connect.adapter.format.util.JsonEventProperty - Class: class java.lang.Integer
18:26:40.750 [main] INFO org.apache.streampipes.extensions.management.connect.adapter.format.util.JsonEventProperty - Primitive: false
18:26:40.750 [main] INFO org.apache.streampipes.extensions.management.connect.adapter.format.util.JsonEventProperty - Array: false
18:26:40.750 [main] INFO org.apache.streampipes.extensions.management.connect.adapter.format.util.JsonEventProperty - TypeName: java.lang.Integer
18:26:40.750 [main] INFO org.apache.streampipes.extensions.management.connect.adapter.format.util.JsonEventProperty - Key: totalNumberOfVacantParkingSpaces
18:26:40.750 [main] INFO org.apache.streampipes.extensions.management.connect.adapter.format.util.JsonEventProperty - Class: class java.lang.Integer
18:26:40.750 [main] INFO org.apache.streampipes.extensions.management.connect.adapter.format.util.JsonEventProperty - Primitive: false
18:26:40.750 [main] INFO org.apache.streampipes.extensions.management.connect.adapter.format.util.JsonEventProperty - Array: false
18:26:40.750 [main] INFO org.apache.streampipes.extensions.management.connect.adapter.format.util.JsonEventProperty - TypeName: java.lang.Integer
18:26:40.750 [main] INFO org.apache.streampipes.extensions.management.connect.adapter.format.util.JsonEventProperty - Key: totalParkingCapacityShortTermOverride
18:26:40.750 [main] INFO org.apache.streampipes.extensions.management.connect.adapter.format.util.JsonEventProperty - Class: class java.lang.Integer
18:26:40.750 [main] INFO org.apache.streampipes.extensions.management.connect.adapter.format.util.JsonEventProperty - Primitive: false
18:26:40.750 [main] INFO org.apache.streampipes.extensions.management.connect.adapter.format.util.JsonEventProperty - Array: false
18:26:40.750 [main] INFO org.apache.streampipes.extensions.management.connect.adapter.format.util.JsonEventProperty - TypeName: java.lang.Integer
18:26:40.750 [main] INFO org.apache.streampipes.extensions.management.connect.adapter.format.util.JsonEventProperty - Key: totalParkingCapacityOverride
18:26:40.750 [main] INFO org.apache.streampipes.extensions.management.connect.adapter.format.util.JsonEventProperty - Class: class java.lang.Integer
18:26:40.750 [main] INFO org.apache.streampipes.extensions.management.connect.adapter.format.util.JsonEventProperty - Primitive: false
18:26:40.750 [main] INFO org.apache.streampipes.extensions.management.connect.adapter.format.util.JsonEventProperty - Array: false
18:26:40.750 [main] INFO org.apache.streampipes.extensions.management.connect.adapter.format.util.JsonEventProperty - TypeName: java.lang.Integer
18:26:40.750 [main] INFO org.apache.streampipes.extensions.management.connect.adapter.format.util.JsonEventProperty - Key: parkingFacilityStatusTime
18:26:40.750 [main] INFO org.apache.streampipes.extensions.management.connect.adapter.format.util.JsonEventProperty - Class: class java.lang.String
18:26:40.750 [main] INFO org.apache.streampipes.extensions.management.connect.adapter.format.util.JsonEventProperty - Primitive: false
18:26:40.750 [main] INFO org.apache.streampipes.extensions.management.connect.adapter.format.util.JsonEventProperty - Array: false
18:26:40.750 [main] INFO org.apache.streampipes.extensions.management.connect.adapter.format.util.JsonEventProperty - TypeName: java.lang.String
18:26:40.751 [main] INFO org.apache.streampipes.extensions.management.connect.adapter.format.util.JsonEventProperty - Key: parkingFacilityOccupancy
18:26:40.751 [main] INFO org.apache.streampipes.extensions.management.connect.adapter.format.util.JsonEventProperty - Class: class java.lang.Double
18:26:40.751 [main] INFO org.apache.streampipes.extensions.management.connect.adapter.format.util.JsonEventProperty - Primitive: false
18:26:40.751 [main] INFO org.apache.streampipes.extensions.management.connect.adapter.format.util.JsonEventProperty - Array: false
18:26:40.751 [main] INFO org.apache.streampipes.extensions.management.connect.adapter.format.util.JsonEventProperty - TypeName: java.lang.Double
[INFO] Tests run: 3, Failures: 0, Errors: 0, Skipped: 0, Time elapsed: 0.097 s - in org.apache.streampipes.extensions.management.connect.adapter.format.json.xml.XmlTest
[INFO] Running org.apache.streampipes.extensions.management.connect.adapter.format.json.object.JsonObjectParserTest
[INFO] Tests run: 2, Failures: 0, Errors: 0, Skipped: 0, Time elapsed: 0.01 s - in org.apache.streampipes.extensions.management.connect.adapter.format.json.object.JsonObjectParserTest
[INFO] Running org.apache.streampipes.extensions.management.connect.adapter.format.json.arraykey.JsonParserTest
18:26:40.811 [main] DEBUG org.apache.streampipes.extensions.management.connect.adapter.format.json.arraykey.JsonParser - start object
18:26:40.812 [main] DEBUG org.apache.streampipes.extensions.management.connect.adapter.format.json.arraykey.JsonParser - key: one
18:26:40.812 [main] DEBUG org.apache.streampipes.extensions.management.connect.adapter.format.json.arraykey.JsonParser - value number: 1
18:26:40.812 [main] DEBUG org.apache.streampipes.extensions.management.connect.adapter.format.json.arraykey.JsonParser - end object
18:26:40.817 [main] DEBUG org.apache.streampipes.extensions.management.connect.adapter.format.json.arraykey.JsonParser - start object
18:26:40.817 [main] DEBUG org.apache.streampipes.extensions.management.connect.adapter.format.json.arraykey.JsonParser - key: one
18:26:40.817 [main] DEBUG org.apache.streampipes.extensions.management.connect.adapter.format.json.arraykey.JsonParser - value number: 1
18:26:40.817 [main] DEBUG org.apache.streampipes.extensions.management.connect.adapter.format.json.arraykey.JsonParser - end object
18:26:40.820 [main] DEBUG org.apache.streampipes.extensions.management.connect.adapter.format.json.arraykey.JsonParser - start object
18:26:40.820 [main] DEBUG org.apache.streampipes.extensions.management.connect.adapter.format.json.arraykey.JsonParser - key: one
18:26:40.820 [main] DEBUG org.apache.streampipes.extensions.management.connect.adapter.format.json.arraykey.JsonParser - value number: 2
18:26:40.820 [main] DEBUG org.apache.streampipes.extensions.management.connect.adapter.format.json.arraykey.JsonParser - end object
18:26:40.820 [main] DEBUG org.apache.streampipes.extensions.management.connect.adapter.format.json.arraykey.JsonParser - start object
18:26:40.820 [main] DEBUG org.apache.streampipes.extensions.management.connect.adapter.format.json.arraykey.JsonParser - key: one
18:26:40.820 [main] DEBUG org.apache.streampipes.extensions.management.connect.adapter.format.json.arraykey.JsonParser - value number: 3
18:26:40.820 [main] DEBUG org.apache.streampipes.extensions.management.connect.adapter.format.json.arraykey.JsonParser - end object
18:26:40.821 [main] DEBUG org.apache.streampipes.extensions.management.connect.adapter.format.json.arraykey.JsonParser - start object
18:26:40.822 [main] DEBUG org.apache.streampipes.extensions.management.connect.adapter.format.json.arraykey.JsonParser - key: one
18:26:40.822 [main] DEBUG org.apache.streampipes.extensions.management.connect.adapter.format.json.arraykey.JsonParser - value number: 1
18:26:40.822 [main] DEBUG org.apache.streampipes.extensions.management.connect.adapter.format.json.arraykey.JsonParser - end object
[INFO] Tests run: 3, Failures: 0, Errors: 0, Skipped: 0, Time elapsed: 0.032 s - in org.apache.streampipes.extensions.management.connect.adapter.format.json.arraykey.JsonParserTest
[INFO] Running org.apache.streampipes.extensions.management.connect.adapter.format.json.arraynokey.JsonArrayParserTest
18:26:40.826 [main] DEBUG org.apache.streampipes.extensions.management.connect.adapter.format.json.arraynokey.JsonArrayParser - start object
18:26:40.827 [main] DEBUG org.apache.streampipes.extensions.management.connect.adapter.format.json.arraynokey.JsonArrayParser - key: one
18:26:40.827 [main] DEBUG org.apache.streampipes.extensions.management.connect.adapter.format.json.arraynokey.JsonArrayParser - value number: 1
18:26:40.827 [main] DEBUG org.apache.streampipes.extensions.management.connect.adapter.format.json.arraynokey.JsonArrayParser - end object
18:26:40.830 [main] DEBUG org.apache.streampipes.extensions.management.connect.adapter.format.json.arraynokey.JsonArrayParser - start object
18:26:40.830 [main] DEBUG org.apache.streampipes.extensions.management.connect.adapter.format.json.arraynokey.JsonArrayParser - key: one
18:26:40.830 [main] DEBUG org.apache.streampipes.extensions.management.connect.adapter.format.json.arraynokey.JsonArrayParser - value number: 1
18:26:40.830 [main] DEBUG org.apache.streampipes.extensions.management.connect.adapter.format.json.arraynokey.JsonArrayParser - end object
18:26:40.832 [main] DEBUG org.apache.streampipes.extensions.management.connect.adapter.format.json.arraynokey.JsonArrayParser - start object
18:26:40.832 [main] DEBUG org.apache.streampipes.extensions.management.connect.adapter.format.json.arraynokey.JsonArrayParser - key: one
18:26:40.832 [main] DEBUG org.apache.streampipes.extensions.management.connect.adapter.format.json.arraynokey.JsonArrayParser - value number: 2
18:26:40.832 [main] DEBUG org.apache.streampipes.extensions.management.connect.adapter.format.json.arraynokey.JsonArrayParser - end object
18:26:40.832 [main] DEBUG org.apache.streampipes.extensions.management.connect.adapter.format.json.arraynokey.JsonArrayParser - start object
18:26:40.832 [main] DEBUG org.apache.streampipes.extensions.management.connect.adapter.format.json.arraynokey.JsonArrayParser - key: one
18:26:40.832 [main] DEBUG org.apache.streampipes.extensions.management.connect.adapter.format.json.arraynokey.JsonArrayParser - value number: 3
18:26:40.832 [main] DEBUG org.apache.streampipes.extensions.management.connect.adapter.format.json.arraynokey.JsonArrayParser - end object
18:26:40.833 [main] DEBUG org.apache.streampipes.extensions.management.connect.adapter.format.json.arraynokey.JsonArrayParser - start object
18:26:40.834 [main] DEBUG org.apache.streampipes.extensions.management.connect.adapter.format.json.arraynokey.JsonArrayParser - key: one
18:26:40.834 [main] DEBUG org.apache.streampipes.extensions.management.connect.adapter.format.json.arraynokey.JsonArrayParser - value number: 1
18:26:40.834 [main] DEBUG org.apache.streampipes.extensions.management.connect.adapter.format.json.arraynokey.JsonArrayParser - end object
[INFO] Tests run: 3, Failures: 0, Errors: 0, Skipped: 0, Time elapsed: 0.007 s - in org.apache.streampipes.extensions.management.connect.adapter.format.json.arraynokey.JsonArrayParserTest
[INFO] Running org.apache.streampipes.extensions.management.connect.adapter.format.csv.CsvParserTest
[INFO] Tests run: 1, Failures: 0, Errors: 0, Skipped: 0, Time elapsed: 0 s - in org.apache.streampipes.extensions.management.connect.adapter.format.csv.CsvParserTest
[INFO] Running org.apache.streampipes.extensions.management.connect.adapter.transform.value.UnitTransformRuleTest
18:26:40.861 [main] DEBUG org.eclipse.rdf4j.rio.RDFParserRegistry - Registered service class org.eclipse.rdf4j.rio.rdfxml.RDFXMLParserFactory
18:26:40.864 [main] DEBUG org.eclipse.rdf4j.rio.RDFParserRegistry - Registered service class org.eclipse.rdf4j.rio.turtle.TurtleParserFactory
18:26:40.865 [main] DEBUG org.eclipse.rdf4j.rio.RDFParserRegistry - Registered service class org.eclipse.rdf4j.rio.turtlestar.TurtleStarParserFactory
18:26:40.891 [main] DEBUG org.eclipse.rdf4j.rio.DatatypeHandlerRegistry - Registered service class org.eclipse.rdf4j.rio.datatypes.XMLSchemaDatatypeHandler
18:26:40.891 [main] DEBUG org.eclipse.rdf4j.rio.DatatypeHandlerRegistry - Registered service class org.eclipse.rdf4j.rio.datatypes.RDFDatatypeHandler
18:26:40.892 [main] DEBUG org.eclipse.rdf4j.rio.DatatypeHandlerRegistry - Registered service class org.eclipse.rdf4j.rio.datatypes.DBPediaDatatypeHandler
18:26:40.892 [main] DEBUG org.eclipse.rdf4j.rio.DatatypeHandlerRegistry - Registered service class org.eclipse.rdf4j.rio.datatypes.VirtuosoGeometryDatatypeHandler
18:26:40.893 [main] DEBUG org.eclipse.rdf4j.rio.DatatypeHandlerRegistry - Registered service class org.eclipse.rdf4j.rio.datatypes.GeoSPARQLDatatypeHandler
18:26:40.894 [main] DEBUG org.eclipse.rdf4j.rio.LanguageHandlerRegistry - Registered service class org.eclipse.rdf4j.rio.languages.RFC3066LanguageHandler
18:26:40.895 [main] DEBUG org.eclipse.rdf4j.rio.LanguageHandlerRegistry - Registered service class org.eclipse.rdf4j.rio.languages.BCP47LanguageHandler
18:26:40.921 [main] DEBUG org.xml.sax.XMLReader - XMLReader initialized using JAXP: com.sun.org.apache.xerces.internal.jaxp.SAXParserImpl$JAXPSAXParser@77d2e85
18:26:41.154 [main] DEBUG org.xml.sax.XMLReader - XMLReader initialized using JAXP: com.sun.org.apache.xerces.internal.jaxp.SAXParserImpl$JAXPSAXParser@4b7e96a
18:26:41.180 [main] DEBUG org.xml.sax.XMLReader - XMLReader initialized using JAXP: com.sun.org.apache.xerces.internal.jaxp.SAXParserImpl$JAXPSAXParser@5c18016b
18:26:41.232 [main] WARN org.apache.streampipes.units.UnitCollector - No entry found
18:26:41.245 [main] WARN org.apache.streampipes.units.UnitCollector - No entry found
18:26:41.245 [main] WARN org.apache.streampipes.units.UnitCollector - No entry found
18:26:41.245 [main] WARN org.apache.streampipes.units.UnitCollector - No entry found
[INFO] Tests run: 3, Failures: 0, Errors: 0, Skipped: 0, Time elapsed: 0.408 s - in org.apache.streampipes.extensions.management.connect.adapter.transform.value.UnitTransformRuleTest
[INFO] Running org.apache.streampipes.extensions.management.connect.adapter.transform.value.ValueEventTransformerTest
[INFO] Tests run: 1, Failures: 0, Errors: 0, Skipped: 0, Time elapsed: 0 s - in org.apache.streampipes.extensions.management.connect.adapter.transform.value.ValueEventTransformerTest
[INFO] Running org.apache.streampipes.extensions.management.connect.adapter.transform.schema.DeleteTransformationRuleTest
[INFO] Tests run: 2, Failures: 0, Errors: 0, Skipped: 0, Time elapsed: 0 s - in org.apache.streampipes.extensions.management.connect.adapter.transform.schema.DeleteTransformationRuleTest
[INFO] Running org.apache.streampipes.extensions.management.connect.adapter.transform.schema.CreateNestedTransformationRuleTest
[INFO] Tests run: 2, Failures: 0, Errors: 0, Skipped: 0, Time elapsed: 0 s - in org.apache.streampipes.extensions.management.connect.adapter.transform.schema.CreateNestedTransformationRuleTest
[INFO] Running org.apache.streampipes.extensions.management.connect.adapter.transform.schema.MoveTransformationRuleTest
[INFO] Tests run: 3, Failures: 0, Errors: 0, Skipped: 0, Time elapsed: 0 s - in org.apache.streampipes.extensions.management.connect.adapter.transform.schema.MoveTransformationRuleTest
[INFO] Running org.apache.streampipes.extensions.management.connect.adapter.transform.schema.RenameTransformationRuleTest
[INFO] Tests run: 2, Failures: 0, Errors: 0, Skipped: 0, Time elapsed: 0 s - in org.apache.streampipes.extensions.management.connect.adapter.transform.schema.RenameTransformationRuleTest
[INFO] Running org.apache.streampipes.extensions.management.connect.adapter.transform.schema.SchemaEventTransformerTest
[INFO] Tests run: 1, Failures: 0, Errors: 0, Skipped: 0, Time elapsed: 0 s - in org.apache.streampipes.extensions.management.connect.adapter.transform.schema.SchemaEventTransformerTest
[INFO] Running org.apache.streampipes.extensions.management.connect.adapter.GroundingServiceTest
[INFO] Tests run: 2, Failures: 0, Errors: 0, Skipped: 0, Time elapsed: 0.001 s - in org.apache.streampipes.extensions.management.connect.adapter.GroundingServiceTest
[INFO] Running org.apache.streampipes.extensions.management.connect.AdapterWorkerManagementTest
[INFO] Tests run: 2, Failures: 0, Errors: 0, Skipped: 0, Time elapsed: 0 s - in org.apache.streampipes.extensions.management.connect.AdapterWorkerManagementTest
[INFO] 
[INFO] Results:
[INFO] 
[INFO] Tests run: 52, Failures: 0, Errors: 0, Skipped: 0
[INFO] 
[INFO] 
[INFO] --- maven-jar-plugin:3.3.0:jar (default-jar) @ streampipes-extensions-management ---
[INFO] Building jar: /Users/arian/edu/kth/softfund_dd2480/assignment4/DD2480-Assignment-4/streampipes-extensions-management/target/streampipes-extensions-management-0.92.0-SNAPSHOT.jar
[INFO] 
[INFO] --- maven-site-plugin:3.12.1:attach-descriptor (attach-descriptor) @ streampipes-extensions-management ---
[INFO] Skipping because packaging 'jar' is not pom.
[INFO] 
[INFO] --- maven-javadoc-plugin:3.4.1:jar (attach-javadocs) @ streampipes-extensions-management ---
[INFO] No previous run data found, generating javadoc.
[INFO] Building jar: /Users/arian/edu/kth/softfund_dd2480/assignment4/DD2480-Assignment-4/streampipes-extensions-management/target/streampipes-extensions-management-0.92.0-SNAPSHOT-javadoc.jar
[INFO] 
[INFO] >>> maven-source-plugin:3.2.1:jar (attach-sources) > generate-sources @ streampipes-extensions-management >>>
[INFO] 
[INFO] --- maven-enforcer-plugin:3.1.0:enforce (enforce-maven-version) @ streampipes-extensions-management ---
[INFO] 
[INFO] --- maven-enforcer-plugin:3.1.0:enforce (enforce-java-version) @ streampipes-extensions-management ---
[INFO] 
[INFO] --- maven-enforcer-plugin:3.1.0:enforce (check-at-least-java-17) @ streampipes-extensions-management ---
[INFO] 
[INFO] --- maven-enforcer-plugin:3.1.0:enforce (enforce-version-convergence) @ streampipes-extensions-management ---
[INFO] 
[INFO] --- maven-checkstyle-plugin:3.2.1:check (validate) @ streampipes-extensions-management ---
[INFO] 
[INFO] <<< maven-source-plugin:3.2.1:jar (attach-sources) < generate-sources @ streampipes-extensions-management <<<
[INFO] 
[INFO] 
[INFO] --- maven-source-plugin:3.2.1:jar (attach-sources) @ streampipes-extensions-management ---
[INFO] Building jar: /Users/arian/edu/kth/softfund_dd2480/assignment4/DD2480-Assignment-4/streampipes-extensions-management/target/streampipes-extensions-management-0.92.0-SNAPSHOT-sources.jar
[INFO] 
[INFO] ---------< org.apache.streampipes:streampipes-user-management >---------
[INFO] Building streampipes-user-management 0.92.0-SNAPSHOT             [39/94]
[INFO] --------------------------------[ jar ]---------------------------------
[INFO] 
[INFO] --- maven-clean-plugin:3.2.0:clean (default-clean) @ streampipes-user-management ---
[INFO] 
[INFO] --- maven-enforcer-plugin:3.1.0:enforce (enforce-maven-version) @ streampipes-user-management ---
[INFO] 
[INFO] --- maven-enforcer-plugin:3.1.0:enforce (enforce-java-version) @ streampipes-user-management ---
[INFO] 
[INFO] --- maven-enforcer-plugin:3.1.0:enforce (check-at-least-java-17) @ streampipes-user-management ---
[INFO] 
[INFO] --- maven-enforcer-plugin:3.1.0:enforce (enforce-version-convergence) @ streampipes-user-management ---
[INFO] 
[INFO] --- maven-checkstyle-plugin:3.2.1:check (validate) @ streampipes-user-management ---
[INFO] 
[INFO] --- maven-remote-resources-plugin:1.7.0:process (process-resource-bundles) @ streampipes-user-management ---
[INFO] Preparing remote bundle org.apache:apache-jar-resource-bundle:1.4
[INFO] Copying 3 resources from 1 bundle.
[INFO] 
[INFO] --- maven-resources-plugin:3.3.0:resources (default-resources) @ streampipes-user-management ---
[INFO] skip non existing resourceDirectory /Users/arian/edu/kth/softfund_dd2480/assignment4/DD2480-Assignment-4/streampipes-user-management/src/main/resources
[INFO] Copying 3 resources
[INFO] 
[INFO] --- maven-compiler-plugin:3.10.1:compile (default-compile) @ streampipes-user-management ---
[INFO] Changes detected - recompiling the module!
[INFO] Compiling 15 source files to /Users/arian/edu/kth/softfund_dd2480/assignment4/DD2480-Assignment-4/streampipes-user-management/target/classes
[INFO] 
[INFO] --- maven-resources-plugin:3.3.0:testResources (default-testResources) @ streampipes-user-management ---
[INFO] skip non existing resourceDirectory /Users/arian/edu/kth/softfund_dd2480/assignment4/DD2480-Assignment-4/streampipes-user-management/src/test/resources
[INFO] Copying 3 resources
[INFO] 
[INFO] --- maven-compiler-plugin:3.10.1:testCompile (default-testCompile) @ streampipes-user-management ---
[INFO] Changes detected - recompiling the module!
[INFO] Compiling 1 source file to /Users/arian/edu/kth/softfund_dd2480/assignment4/DD2480-Assignment-4/streampipes-user-management/target/test-classes
[INFO] 
[INFO] --- maven-surefire-plugin:2.22.2:test (default-test) @ streampipes-user-management ---
[INFO] 
[INFO] -------------------------------------------------------
[INFO]  T E S T S
[INFO] -------------------------------------------------------
[INFO] Running org.apache.streampipes.user.management.util.TestTokenUtil
[INFO] Tests run: 3, Failures: 0, Errors: 0, Skipped: 0, Time elapsed: 0.115 s - in org.apache.streampipes.user.management.util.TestTokenUtil
[INFO] 
[INFO] Results:
[INFO] 
[INFO] Tests run: 3, Failures: 0, Errors: 0, Skipped: 0
[INFO] 
[INFO] 
[INFO] --- maven-jar-plugin:3.3.0:jar (default-jar) @ streampipes-user-management ---
[INFO] Building jar: /Users/arian/edu/kth/softfund_dd2480/assignment4/DD2480-Assignment-4/streampipes-user-management/target/streampipes-user-management-0.92.0-SNAPSHOT.jar
[INFO] 
[INFO] --- maven-site-plugin:3.12.1:attach-descriptor (attach-descriptor) @ streampipes-user-management ---
[INFO] Skipping because packaging 'jar' is not pom.
[INFO] 
[INFO] --- maven-javadoc-plugin:3.4.1:jar (attach-javadocs) @ streampipes-user-management ---
[INFO] No previous run data found, generating javadoc.
[INFO] Building jar: /Users/arian/edu/kth/softfund_dd2480/assignment4/DD2480-Assignment-4/streampipes-user-management/target/streampipes-user-management-0.92.0-SNAPSHOT-javadoc.jar
[INFO] 
[INFO] >>> maven-source-plugin:3.2.1:jar (attach-sources) > generate-sources @ streampipes-user-management >>>
[INFO] 
[INFO] --- maven-enforcer-plugin:3.1.0:enforce (enforce-maven-version) @ streampipes-user-management ---
[INFO] 
[INFO] --- maven-enforcer-plugin:3.1.0:enforce (enforce-java-version) @ streampipes-user-management ---
[INFO] 
[INFO] --- maven-enforcer-plugin:3.1.0:enforce (check-at-least-java-17) @ streampipes-user-management ---
[INFO] 
[INFO] --- maven-enforcer-plugin:3.1.0:enforce (enforce-version-convergence) @ streampipes-user-management ---
[INFO] 
[INFO] --- maven-checkstyle-plugin:3.2.1:check (validate) @ streampipes-user-management ---
[INFO] 
[INFO] <<< maven-source-plugin:3.2.1:jar (attach-sources) < generate-sources @ streampipes-user-management <<<
[INFO] 
[INFO] 
[INFO] --- maven-source-plugin:3.2.1:jar (attach-sources) @ streampipes-user-management ---
[INFO] Building jar: /Users/arian/edu/kth/softfund_dd2480/assignment4/DD2480-Assignment-4/streampipes-user-management/target/streampipes-user-management-0.92.0-SNAPSHOT-sources.jar
[INFO] 
[INFO] --------------< org.apache.streampipes:streampipes-mail >---------------
[INFO] Building streampipes-mail 0.92.0-SNAPSHOT                        [40/94]
[INFO] --------------------------------[ jar ]---------------------------------
[INFO] 
[INFO] --- maven-clean-plugin:3.2.0:clean (default-clean) @ streampipes-mail ---
[INFO] 
[INFO] --- maven-enforcer-plugin:3.1.0:enforce (enforce-maven-version) @ streampipes-mail ---
[INFO] 
[INFO] --- maven-enforcer-plugin:3.1.0:enforce (enforce-java-version) @ streampipes-mail ---
[INFO] 
[INFO] --- maven-enforcer-plugin:3.1.0:enforce (check-at-least-java-17) @ streampipes-mail ---
[INFO] 
[INFO] --- maven-enforcer-plugin:3.1.0:enforce (enforce-version-convergence) @ streampipes-mail ---
[INFO] 
[INFO] --- maven-checkstyle-plugin:3.2.1:check (validate) @ streampipes-mail ---
[INFO] 
[INFO] --- maven-remote-resources-plugin:1.7.0:process (process-resource-bundles) @ streampipes-mail ---
[INFO] Preparing remote bundle org.apache:apache-jar-resource-bundle:1.4
[INFO] Copying 3 resources from 1 bundle.
[INFO] 
[INFO] --- maven-resources-plugin:3.3.0:resources (default-resources) @ streampipes-mail ---
[INFO] Copying 4 resources
[INFO] Copying 3 resources
[INFO] 
[INFO] --- maven-compiler-plugin:3.10.1:compile (default-compile) @ streampipes-mail ---
[INFO] Changes detected - recompiling the module!
[INFO] Compiling 18 source files to /Users/arian/edu/kth/softfund_dd2480/assignment4/DD2480-Assignment-4/streampipes-mail/target/classes
[INFO] 
[INFO] --- maven-resources-plugin:3.3.0:testResources (default-testResources) @ streampipes-mail ---
[INFO] skip non existing resourceDirectory /Users/arian/edu/kth/softfund_dd2480/assignment4/DD2480-Assignment-4/streampipes-mail/src/test/resources
[INFO] Copying 3 resources
[INFO] 
[INFO] --- maven-compiler-plugin:3.10.1:testCompile (default-testCompile) @ streampipes-mail ---
[INFO] No sources to compile
[INFO] 
[INFO] --- maven-surefire-plugin:2.22.2:test (default-test) @ streampipes-mail ---
[INFO] 
[INFO] --- maven-jar-plugin:3.3.0:jar (default-jar) @ streampipes-mail ---
[INFO] Building jar: /Users/arian/edu/kth/softfund_dd2480/assignment4/DD2480-Assignment-4/streampipes-mail/target/streampipes-mail-0.92.0-SNAPSHOT.jar
[INFO] 
[INFO] --- maven-site-plugin:3.12.1:attach-descriptor (attach-descriptor) @ streampipes-mail ---
[INFO] Skipping because packaging 'jar' is not pom.
[INFO] 
[INFO] --- maven-javadoc-plugin:3.4.1:jar (attach-javadocs) @ streampipes-mail ---
[INFO] No previous run data found, generating javadoc.
[INFO] Building jar: /Users/arian/edu/kth/softfund_dd2480/assignment4/DD2480-Assignment-4/streampipes-mail/target/streampipes-mail-0.92.0-SNAPSHOT-javadoc.jar
[INFO] 
[INFO] >>> maven-source-plugin:3.2.1:jar (attach-sources) > generate-sources @ streampipes-mail >>>
[INFO] 
[INFO] --- maven-enforcer-plugin:3.1.0:enforce (enforce-maven-version) @ streampipes-mail ---
[INFO] 
[INFO] --- maven-enforcer-plugin:3.1.0:enforce (enforce-java-version) @ streampipes-mail ---
[INFO] 
[INFO] --- maven-enforcer-plugin:3.1.0:enforce (check-at-least-java-17) @ streampipes-mail ---
[INFO] 
[INFO] --- maven-enforcer-plugin:3.1.0:enforce (enforce-version-convergence) @ streampipes-mail ---
[INFO] 
[INFO] --- maven-checkstyle-plugin:3.2.1:check (validate) @ streampipes-mail ---
[INFO] 
[INFO] <<< maven-source-plugin:3.2.1:jar (attach-sources) < generate-sources @ streampipes-mail <<<
[INFO] 
[INFO] 
[INFO] --- maven-source-plugin:3.2.1:jar (attach-sources) @ streampipes-mail ---
[INFO] Building jar: /Users/arian/edu/kth/softfund_dd2480/assignment4/DD2480-Assignment-4/streampipes-mail/target/streampipes-mail-0.92.0-SNAPSHOT-sources.jar
[INFO] 
[INFO] -------< org.apache.streampipes:streampipes-resource-management >-------
[INFO] Building streampipes-resource-management 0.92.0-SNAPSHOT         [41/94]
[INFO] --------------------------------[ jar ]---------------------------------
[INFO] 
[INFO] --- maven-clean-plugin:3.2.0:clean (default-clean) @ streampipes-resource-management ---
[INFO] 
[INFO] --- maven-enforcer-plugin:3.1.0:enforce (enforce-maven-version) @ streampipes-resource-management ---
[INFO] 
[INFO] --- maven-enforcer-plugin:3.1.0:enforce (enforce-java-version) @ streampipes-resource-management ---
[INFO] 
[INFO] --- maven-enforcer-plugin:3.1.0:enforce (check-at-least-java-17) @ streampipes-resource-management ---
[INFO] 
[INFO] --- maven-enforcer-plugin:3.1.0:enforce (enforce-version-convergence) @ streampipes-resource-management ---
[INFO] 
[INFO] --- maven-checkstyle-plugin:3.2.1:check (validate) @ streampipes-resource-management ---
[INFO] 
[INFO] --- maven-remote-resources-plugin:1.7.0:process (process-resource-bundles) @ streampipes-resource-management ---
[INFO] Preparing remote bundle org.apache:apache-jar-resource-bundle:1.4
[INFO] Copying 3 resources from 1 bundle.
[INFO] 
[INFO] --- maven-resources-plugin:3.3.0:resources (default-resources) @ streampipes-resource-management ---
[INFO] skip non existing resourceDirectory /Users/arian/edu/kth/softfund_dd2480/assignment4/DD2480-Assignment-4/streampipes-resource-management/src/main/resources
[INFO] Copying 3 resources
[INFO] 
[INFO] --- maven-compiler-plugin:3.10.1:compile (default-compile) @ streampipes-resource-management ---
[INFO] Changes detected - recompiling the module!
[INFO] Compiling 19 source files to /Users/arian/edu/kth/softfund_dd2480/assignment4/DD2480-Assignment-4/streampipes-resource-management/target/classes
[INFO] /Users/arian/edu/kth/softfund_dd2480/assignment4/DD2480-Assignment-4/streampipes-resource-management/src/main/java/org/apache/streampipes/resource/management/secret/SecretVisitor.java: /Users/arian/edu/kth/softfund_dd2480/assignment4/DD2480-Assignment-4/streampipes-resource-management/src/main/java/org/apache/streampipes/resource/management/secret/SecretVisitor.java uses or overrides a deprecated API.
[INFO] /Users/arian/edu/kth/softfund_dd2480/assignment4/DD2480-Assignment-4/streampipes-resource-management/src/main/java/org/apache/streampipes/resource/management/secret/SecretVisitor.java: Recompile with -Xlint:deprecation for details.
[INFO] 
[INFO] --- maven-resources-plugin:3.3.0:testResources (default-testResources) @ streampipes-resource-management ---
[INFO] skip non existing resourceDirectory /Users/arian/edu/kth/softfund_dd2480/assignment4/DD2480-Assignment-4/streampipes-resource-management/src/test/resources
[INFO] Copying 3 resources
[INFO] 
[INFO] --- maven-compiler-plugin:3.10.1:testCompile (default-testCompile) @ streampipes-resource-management ---
[INFO] Changes detected - recompiling the module!
[INFO] Compiling 2 source files to /Users/arian/edu/kth/softfund_dd2480/assignment4/DD2480-Assignment-4/streampipes-resource-management/target/test-classes
[INFO] 
[INFO] --- maven-surefire-plugin:2.22.2:test (default-test) @ streampipes-resource-management ---
[INFO] 
[INFO] -------------------------------------------------------
[INFO]  T E S T S
[INFO] -------------------------------------------------------
[INFO] Running org.apache.streampipes.resource.management.DataStreamResourceManagerTest
[INFO] Tests run: 1, Failures: 0, Errors: 0, Skipped: 0, Time elapsed: 0.936 s - in org.apache.streampipes.resource.management.DataStreamResourceManagerTest
[INFO] Running org.apache.streampipes.resource.management.AdapterResourceManagerTest
[INFO] Tests run: 1, Failures: 0, Errors: 0, Skipped: 0, Time elapsed: 0.096 s - in org.apache.streampipes.resource.management.AdapterResourceManagerTest
[INFO] 
[INFO] Results:
[INFO] 
[INFO] Tests run: 2, Failures: 0, Errors: 0, Skipped: 0
[INFO] 
[INFO] 
[INFO] --- maven-jar-plugin:3.3.0:jar (default-jar) @ streampipes-resource-management ---
[INFO] Building jar: /Users/arian/edu/kth/softfund_dd2480/assignment4/DD2480-Assignment-4/streampipes-resource-management/target/streampipes-resource-management-0.92.0-SNAPSHOT.jar
[INFO] 
[INFO] --- maven-site-plugin:3.12.1:attach-descriptor (attach-descriptor) @ streampipes-resource-management ---
[INFO] Skipping because packaging 'jar' is not pom.
[INFO] 
[INFO] --- maven-javadoc-plugin:3.4.1:jar (attach-javadocs) @ streampipes-resource-management ---
[INFO] No previous run data found, generating javadoc.
[INFO] Building jar: /Users/arian/edu/kth/softfund_dd2480/assignment4/DD2480-Assignment-4/streampipes-resource-management/target/streampipes-resource-management-0.92.0-SNAPSHOT-javadoc.jar
[INFO] 
[INFO] >>> maven-source-plugin:3.2.1:jar (attach-sources) > generate-sources @ streampipes-resource-management >>>
[INFO] 
[INFO] --- maven-enforcer-plugin:3.1.0:enforce (enforce-maven-version) @ streampipes-resource-management ---
[INFO] 
[INFO] --- maven-enforcer-plugin:3.1.0:enforce (enforce-java-version) @ streampipes-resource-management ---
[INFO] 
[INFO] --- maven-enforcer-plugin:3.1.0:enforce (check-at-least-java-17) @ streampipes-resource-management ---
[INFO] 
[INFO] --- maven-enforcer-plugin:3.1.0:enforce (enforce-version-convergence) @ streampipes-resource-management ---
[INFO] 
[INFO] --- maven-checkstyle-plugin:3.2.1:check (validate) @ streampipes-resource-management ---
[INFO] 
[INFO] <<< maven-source-plugin:3.2.1:jar (attach-sources) < generate-sources @ streampipes-resource-management <<<
[INFO] 
[INFO] 
[INFO] --- maven-source-plugin:3.2.1:jar (attach-sources) @ streampipes-resource-management ---
[INFO] Building jar: /Users/arian/edu/kth/softfund_dd2480/assignment4/DD2480-Assignment-4/streampipes-resource-management/target/streampipes-resource-management-0.92.0-SNAPSHOT-sources.jar
[INFO] 
[INFO] -------< org.apache.streampipes:streampipes-pipeline-management >-------
[INFO] Building streampipes-pipeline-management 0.92.0-SNAPSHOT         [42/94]
[INFO] --------------------------------[ jar ]---------------------------------
[INFO] 
[INFO] --- maven-clean-plugin:3.2.0:clean (default-clean) @ streampipes-pipeline-management ---
[INFO] 
[INFO] --- maven-enforcer-plugin:3.1.0:enforce (enforce-maven-version) @ streampipes-pipeline-management ---
[INFO] 
[INFO] --- maven-enforcer-plugin:3.1.0:enforce (enforce-java-version) @ streampipes-pipeline-management ---
[INFO] 
[INFO] --- maven-enforcer-plugin:3.1.0:enforce (check-at-least-java-17) @ streampipes-pipeline-management ---
[INFO] 
[INFO] --- maven-enforcer-plugin:3.1.0:enforce (enforce-version-convergence) @ streampipes-pipeline-management ---
[INFO] 
[INFO] --- maven-checkstyle-plugin:3.2.1:check (validate) @ streampipes-pipeline-management ---
[INFO] 
[INFO] --- maven-remote-resources-plugin:1.7.0:process (process-resource-bundles) @ streampipes-pipeline-management ---
[INFO] Preparing remote bundle org.apache:apache-jar-resource-bundle:1.4
[INFO] Copying 3 resources from 1 bundle.
[INFO] 
[INFO] --- maven-resources-plugin:3.3.0:resources (default-resources) @ streampipes-pipeline-management ---
[INFO] skip non existing resourceDirectory /Users/arian/edu/kth/softfund_dd2480/assignment4/DD2480-Assignment-4/streampipes-pipeline-management/src/main/resources
[INFO] Copying 3 resources
[INFO] 
[INFO] --- maven-compiler-plugin:3.10.1:compile (default-compile) @ streampipes-pipeline-management ---
[INFO] Changes detected - recompiling the module!
[INFO] Compiling 161 source files to /Users/arian/edu/kth/softfund_dd2480/assignment4/DD2480-Assignment-4/streampipes-pipeline-management/target/classes
[INFO] /Users/arian/edu/kth/softfund_dd2480/assignment4/DD2480-Assignment-4/streampipes-pipeline-management/src/main/java/org/apache/streampipes/manager/template/PipelineElementTemplateVisitor.java: Some input files use or override a deprecated API.
[INFO] /Users/arian/edu/kth/softfund_dd2480/assignment4/DD2480-Assignment-4/streampipes-pipeline-management/src/main/java/org/apache/streampipes/manager/template/PipelineElementTemplateVisitor.java: Recompile with -Xlint:deprecation for details.
[INFO] /Users/arian/edu/kth/softfund_dd2480/assignment4/DD2480-Assignment-4/streampipes-pipeline-management/src/main/java/org/apache/streampipes/manager/template/PipelineElementTemplateVisitor.java: Some input files use unchecked or unsafe operations.
[INFO] /Users/arian/edu/kth/softfund_dd2480/assignment4/DD2480-Assignment-4/streampipes-pipeline-management/src/main/java/org/apache/streampipes/manager/template/PipelineElementTemplateVisitor.java: Recompile with -Xlint:unchecked for details.
[INFO] 
[INFO] --- maven-resources-plugin:3.3.0:testResources (default-testResources) @ streampipes-pipeline-management ---
[INFO] skip non existing resourceDirectory /Users/arian/edu/kth/softfund_dd2480/assignment4/DD2480-Assignment-4/streampipes-pipeline-management/src/test/resources
[INFO] Copying 3 resources
[INFO] 
[INFO] --- maven-compiler-plugin:3.10.1:testCompile (default-testCompile) @ streampipes-pipeline-management ---
[INFO] Changes detected - recompiling the module!
[INFO] Compiling 17 source files to /Users/arian/edu/kth/softfund_dd2480/assignment4/DD2480-Assignment-4/streampipes-pipeline-management/target/test-classes
[INFO] /Users/arian/edu/kth/softfund_dd2480/assignment4/DD2480-Assignment-4/streampipes-pipeline-management/src/test/java/org/apache/streampipes/manager/selector/TestSelectorUtils.java: /Users/arian/edu/kth/softfund_dd2480/assignment4/DD2480-Assignment-4/streampipes-pipeline-management/src/test/java/org/apache/streampipes/manager/selector/TestSelectorUtils.java uses or overrides a deprecated API.
[INFO] /Users/arian/edu/kth/softfund_dd2480/assignment4/DD2480-Assignment-4/streampipes-pipeline-management/src/test/java/org/apache/streampipes/manager/selector/TestSelectorUtils.java: Recompile with -Xlint:deprecation for details.
[INFO] /Users/arian/edu/kth/softfund_dd2480/assignment4/DD2480-Assignment-4/streampipes-pipeline-management/src/test/java/org/apache/streampipes/manager/selector/TestSelectorUtils.java: /Users/arian/edu/kth/softfund_dd2480/assignment4/DD2480-Assignment-4/streampipes-pipeline-management/src/test/java/org/apache/streampipes/manager/selector/TestSelectorUtils.java uses or overrides a deprecated API that is marked for removal.
[INFO] /Users/arian/edu/kth/softfund_dd2480/assignment4/DD2480-Assignment-4/streampipes-pipeline-management/src/test/java/org/apache/streampipes/manager/selector/TestSelectorUtils.java: Recompile with -Xlint:removal for details.
[INFO] 
[INFO] --- maven-surefire-plugin:2.22.2:test (default-test) @ streampipes-pipeline-management ---
[INFO] 
[INFO] -------------------------------------------------------
[INFO]  T E S T S
[INFO] -------------------------------------------------------
[INFO] Running org.apache.streampipes.manager.matching.v2.ListPropertyMatchTest
[INFO] Tests run: 2, Failures: 0, Errors: 0, Skipped: 0, Time elapsed: 0.211 s - in org.apache.streampipes.manager.matching.v2.ListPropertyMatchTest
[INFO] Running org.apache.streampipes.manager.matching.v2.TestFormatMatch
[INFO] Tests run: 2, Failures: 0, Errors: 0, Skipped: 0, Time elapsed: 0.002 s - in org.apache.streampipes.manager.matching.v2.TestFormatMatch
[INFO] Running org.apache.streampipes.manager.matching.v2.TestMeasurementUnitMatch
[INFO] Tests run: 1, Failures: 0, Errors: 0, Skipped: 0, Time elapsed: 0 s - in org.apache.streampipes.manager.matching.v2.TestMeasurementUnitMatch
[INFO] Running org.apache.streampipes.manager.matching.v2.TestPrimitivePropertyMatch
[INFO] Tests run: 3, Failures: 0, Errors: 0, Skipped: 0, Time elapsed: 0.302 s - in org.apache.streampipes.manager.matching.v2.TestPrimitivePropertyMatch
[INFO] Running org.apache.streampipes.manager.matching.v2.TestDatatypeMatch
[INFO] Tests run: 3, Failures: 0, Errors: 0, Skipped: 0, Time elapsed: 0.002 s - in org.apache.streampipes.manager.matching.v2.TestDatatypeMatch
[INFO] Running org.apache.streampipes.manager.matching.v2.TestGroundingMatch
[INFO] Tests run: 4, Failures: 0, Errors: 0, Skipped: 0, Time elapsed: 0.018 s - in org.apache.streampipes.manager.matching.v2.TestGroundingMatch
[INFO] Running org.apache.streampipes.manager.matching.v2.TestDomainPropertyMatch
[INFO] Tests run: 2, Failures: 0, Errors: 0, Skipped: 0, Time elapsed: 0.003 s - in org.apache.streampipes.manager.matching.v2.TestDomainPropertyMatch
[INFO] Running org.apache.streampipes.manager.matching.v2.TestSchemaMatch
[INFO] Tests run: 4, Failures: 0, Errors: 0, Skipped: 0, Time elapsed: 0.009 s - in org.apache.streampipes.manager.matching.v2.TestSchemaMatch
[INFO] Running org.apache.streampipes.manager.matching.v2.TestProtocolMatch
[INFO] Tests run: 2, Failures: 0, Errors: 0, Skipped: 0, Time elapsed: 0.002 s - in org.apache.streampipes.manager.matching.v2.TestProtocolMatch
[INFO] Running org.apache.streampipes.manager.pipeline.TestPipelineManager
[INFO] Tests run: 2, Failures: 0, Errors: 0, Skipped: 0, Time elapsed: 0.727 s - in org.apache.streampipes.manager.pipeline.TestPipelineManager
[INFO] Running org.apache.streampipes.manager.selector.TestSelectorGenerator
[INFO] Tests run: 2, Failures: 0, Errors: 0, Skipped: 0, Time elapsed: 0.004 s - in org.apache.streampipes.manager.selector.TestSelectorGenerator
[INFO] Running org.apache.streampipes.manager.selector.TestPropertyRenaming
[INFO] Tests run: 1, Failures: 0, Errors: 0, Skipped: 0, Time elapsed: 0.017 s - in org.apache.streampipes.manager.selector.TestPropertyRenaming
[INFO] Running org.apache.streampipes.manager.selector.TestSelector
[INFO] Tests run: 3, Failures: 0, Errors: 0, Skipped: 0, Time elapsed: 0.019 s - in org.apache.streampipes.manager.selector.TestSelector
[INFO] Running org.apache.streampipes.manager.file.TestFileManager
[INFO] Tests run: 3, Failures: 0, Errors: 0, Skipped: 0, Time elapsed: 0.009 s - in org.apache.streampipes.manager.file.TestFileManager
[INFO] Running org.apache.streampipes.manager.assets.TestImagePathReplacer
[INFO] Tests run: 1, Failures: 0, Errors: 0, Skipped: 0, Time elapsed: 0 s - in org.apache.streampipes.manager.assets.TestImagePathReplacer
[INFO] 
[INFO] Results:
[INFO] 
[INFO] Tests run: 35, Failures: 0, Errors: 0, Skipped: 0
[INFO] 
[INFO] 
[INFO] --- maven-jar-plugin:3.3.0:jar (default-jar) @ streampipes-pipeline-management ---
[INFO] Building jar: /Users/arian/edu/kth/softfund_dd2480/assignment4/DD2480-Assignment-4/streampipes-pipeline-management/target/streampipes-pipeline-management-0.92.0-SNAPSHOT.jar
[INFO] 
[INFO] --- maven-site-plugin:3.12.1:attach-descriptor (attach-descriptor) @ streampipes-pipeline-management ---
[INFO] Skipping because packaging 'jar' is not pom.
[INFO] 
[INFO] --- maven-javadoc-plugin:3.4.1:jar (attach-javadocs) @ streampipes-pipeline-management ---
[INFO] No previous run data found, generating javadoc.
[INFO] Building jar: /Users/arian/edu/kth/softfund_dd2480/assignment4/DD2480-Assignment-4/streampipes-pipeline-management/target/streampipes-pipeline-management-0.92.0-SNAPSHOT-javadoc.jar
[INFO] 
[INFO] >>> maven-source-plugin:3.2.1:jar (attach-sources) > generate-sources @ streampipes-pipeline-management >>>
[INFO] 
[INFO] --- maven-enforcer-plugin:3.1.0:enforce (enforce-maven-version) @ streampipes-pipeline-management ---
[INFO] 
[INFO] --- maven-enforcer-plugin:3.1.0:enforce (enforce-java-version) @ streampipes-pipeline-management ---
[INFO] 
[INFO] --- maven-enforcer-plugin:3.1.0:enforce (check-at-least-java-17) @ streampipes-pipeline-management ---
[INFO] 
[INFO] --- maven-enforcer-plugin:3.1.0:enforce (enforce-version-convergence) @ streampipes-pipeline-management ---
[INFO] 
[INFO] --- maven-checkstyle-plugin:3.2.1:check (validate) @ streampipes-pipeline-management ---
[INFO] 
[INFO] <<< maven-source-plugin:3.2.1:jar (attach-sources) < generate-sources @ streampipes-pipeline-management <<<
[INFO] 
[INFO] 
[INFO] --- maven-source-plugin:3.2.1:jar (attach-sources) @ streampipes-pipeline-management ---
[INFO] Building jar: /Users/arian/edu/kth/softfund_dd2480/assignment4/DD2480-Assignment-4/streampipes-pipeline-management/target/streampipes-pipeline-management-0.92.0-SNAPSHOT-sources.jar
[INFO] 
[INFO] -----------< org.apache.streampipes:streampipes-data-export >-----------
[INFO] Building streampipes-data-export 0.92.0-SNAPSHOT                 [43/94]
[INFO] --------------------------------[ jar ]---------------------------------
[INFO] 
[INFO] --- maven-clean-plugin:3.2.0:clean (default-clean) @ streampipes-data-export ---
[INFO] 
[INFO] --- maven-enforcer-plugin:3.1.0:enforce (enforce-maven-version) @ streampipes-data-export ---
[INFO] 
[INFO] --- maven-enforcer-plugin:3.1.0:enforce (enforce-java-version) @ streampipes-data-export ---
[INFO] 
[INFO] --- maven-enforcer-plugin:3.1.0:enforce (check-at-least-java-17) @ streampipes-data-export ---
[INFO] 
[INFO] --- maven-enforcer-plugin:3.1.0:enforce (enforce-version-convergence) @ streampipes-data-export ---
[INFO] 
[INFO] --- maven-checkstyle-plugin:3.2.1:check (validate) @ streampipes-data-export ---
[INFO] 
[INFO] --- maven-remote-resources-plugin:1.7.0:process (process-resource-bundles) @ streampipes-data-export ---
[INFO] Preparing remote bundle org.apache:apache-jar-resource-bundle:1.4
[INFO] Copying 3 resources from 1 bundle.
[INFO] 
[INFO] --- maven-resources-plugin:3.3.0:resources (default-resources) @ streampipes-data-export ---
[INFO] skip non existing resourceDirectory /Users/arian/edu/kth/softfund_dd2480/assignment4/DD2480-Assignment-4/streampipes-data-export/src/main/resources
[INFO] Copying 3 resources
[INFO] 
[INFO] --- maven-compiler-plugin:3.10.1:compile (default-compile) @ streampipes-data-export ---
[INFO] Changes detected - recompiling the module!
[INFO] Compiling 24 source files to /Users/arian/edu/kth/softfund_dd2480/assignment4/DD2480-Assignment-4/streampipes-data-export/target/classes
[INFO] 
[INFO] --- maven-resources-plugin:3.3.0:testResources (default-testResources) @ streampipes-data-export ---
[INFO] skip non existing resourceDirectory /Users/arian/edu/kth/softfund_dd2480/assignment4/DD2480-Assignment-4/streampipes-data-export/src/test/resources
[INFO] Copying 3 resources
[INFO] 
[INFO] --- maven-compiler-plugin:3.10.1:testCompile (default-testCompile) @ streampipes-data-export ---
[INFO] No sources to compile
[INFO] 
[INFO] --- maven-surefire-plugin:2.22.2:test (default-test) @ streampipes-data-export ---
[INFO] 
[INFO] --- maven-jar-plugin:3.3.0:jar (default-jar) @ streampipes-data-export ---
[INFO] Building jar: /Users/arian/edu/kth/softfund_dd2480/assignment4/DD2480-Assignment-4/streampipes-data-export/target/streampipes-data-export-0.92.0-SNAPSHOT.jar
[INFO] 
[INFO] --- maven-site-plugin:3.12.1:attach-descriptor (attach-descriptor) @ streampipes-data-export ---
[INFO] Skipping because packaging 'jar' is not pom.
[INFO] 
[INFO] --- maven-javadoc-plugin:3.4.1:jar (attach-javadocs) @ streampipes-data-export ---
[INFO] No previous run data found, generating javadoc.
[INFO] Building jar: /Users/arian/edu/kth/softfund_dd2480/assignment4/DD2480-Assignment-4/streampipes-data-export/target/streampipes-data-export-0.92.0-SNAPSHOT-javadoc.jar
[INFO] 
[INFO] >>> maven-source-plugin:3.2.1:jar (attach-sources) > generate-sources @ streampipes-data-export >>>
[INFO] 
[INFO] --- maven-enforcer-plugin:3.1.0:enforce (enforce-maven-version) @ streampipes-data-export ---
[INFO] 
[INFO] --- maven-enforcer-plugin:3.1.0:enforce (enforce-java-version) @ streampipes-data-export ---
[INFO] 
[INFO] --- maven-enforcer-plugin:3.1.0:enforce (check-at-least-java-17) @ streampipes-data-export ---
[INFO] 
[INFO] --- maven-enforcer-plugin:3.1.0:enforce (enforce-version-convergence) @ streampipes-data-export ---
[INFO] 
[INFO] --- maven-checkstyle-plugin:3.2.1:check (validate) @ streampipes-data-export ---
[INFO] 
[INFO] <<< maven-source-plugin:3.2.1:jar (attach-sources) < generate-sources @ streampipes-data-export <<<
[INFO] 
[INFO] 
[INFO] --- maven-source-plugin:3.2.1:jar (attach-sources) @ streampipes-data-export ---
[INFO] Building jar: /Users/arian/edu/kth/softfund_dd2480/assignment4/DD2480-Assignment-4/streampipes-data-export/target/streampipes-data-export-0.92.0-SNAPSHOT-sources.jar
[INFO] 
[INFO] -----------< org.apache.streampipes:streampipes-rest-shared >-----------
[INFO] Building streampipes-rest-shared 0.92.0-SNAPSHOT                 [44/94]
[INFO] --------------------------------[ jar ]---------------------------------
[INFO] 
[INFO] --- maven-clean-plugin:3.2.0:clean (default-clean) @ streampipes-rest-shared ---
[INFO] Deleting /Users/arian/edu/kth/softfund_dd2480/assignment4/DD2480-Assignment-4/streampipes-rest-shared/target
[INFO] 
[INFO] --- maven-enforcer-plugin:3.1.0:enforce (enforce-maven-version) @ streampipes-rest-shared ---
[INFO] 
[INFO] --- maven-enforcer-plugin:3.1.0:enforce (enforce-java-version) @ streampipes-rest-shared ---
[INFO] 
[INFO] --- maven-enforcer-plugin:3.1.0:enforce (check-at-least-java-17) @ streampipes-rest-shared ---
[INFO] 
[INFO] --- maven-enforcer-plugin:3.1.0:enforce (enforce-version-convergence) @ streampipes-rest-shared ---
[INFO] 
[INFO] --- maven-checkstyle-plugin:3.2.1:check (validate) @ streampipes-rest-shared ---
[INFO] 
[INFO] --- maven-remote-resources-plugin:1.7.0:process (process-resource-bundles) @ streampipes-rest-shared ---
[INFO] Preparing remote bundle org.apache:apache-jar-resource-bundle:1.4
[INFO] Copying 3 resources from 1 bundle.
[INFO] 
[INFO] --- maven-resources-plugin:3.3.0:resources (default-resources) @ streampipes-rest-shared ---
[INFO] skip non existing resourceDirectory /Users/arian/edu/kth/softfund_dd2480/assignment4/DD2480-Assignment-4/streampipes-rest-shared/src/main/resources
[INFO] Copying 3 resources
[INFO] 
[INFO] --- maven-compiler-plugin:3.10.1:compile (default-compile) @ streampipes-rest-shared ---
[INFO] Changes detected - recompiling the module!
[INFO] Compiling 7 source files to /Users/arian/edu/kth/softfund_dd2480/assignment4/DD2480-Assignment-4/streampipes-rest-shared/target/classes
[INFO] 
[INFO] --- maven-resources-plugin:3.3.0:testResources (default-testResources) @ streampipes-rest-shared ---
[INFO] skip non existing resourceDirectory /Users/arian/edu/kth/softfund_dd2480/assignment4/DD2480-Assignment-4/streampipes-rest-shared/src/test/resources
[INFO] Copying 3 resources
[INFO] 
[INFO] --- maven-compiler-plugin:3.10.1:testCompile (default-testCompile) @ streampipes-rest-shared ---
[INFO] No sources to compile
[INFO] 
[INFO] --- maven-surefire-plugin:2.22.2:test (default-test) @ streampipes-rest-shared ---
[INFO] 
[INFO] --- maven-jar-plugin:3.3.0:jar (default-jar) @ streampipes-rest-shared ---
[INFO] Building jar: /Users/arian/edu/kth/softfund_dd2480/assignment4/DD2480-Assignment-4/streampipes-rest-shared/target/streampipes-rest-shared-0.92.0-SNAPSHOT.jar
[INFO] 
[INFO] --- maven-site-plugin:3.12.1:attach-descriptor (attach-descriptor) @ streampipes-rest-shared ---
[INFO] Skipping because packaging 'jar' is not pom.
[INFO] 
[INFO] --- maven-javadoc-plugin:3.4.1:jar (attach-javadocs) @ streampipes-rest-shared ---
[INFO] No previous run data found, generating javadoc.
[INFO] Building jar: /Users/arian/edu/kth/softfund_dd2480/assignment4/DD2480-Assignment-4/streampipes-rest-shared/target/streampipes-rest-shared-0.92.0-SNAPSHOT-javadoc.jar
[INFO] 
[INFO] >>> maven-source-plugin:3.2.1:jar (attach-sources) > generate-sources @ streampipes-rest-shared >>>
[INFO] 
[INFO] --- maven-enforcer-plugin:3.1.0:enforce (enforce-maven-version) @ streampipes-rest-shared ---
[INFO] 
[INFO] --- maven-enforcer-plugin:3.1.0:enforce (enforce-java-version) @ streampipes-rest-shared ---
[INFO] 
[INFO] --- maven-enforcer-plugin:3.1.0:enforce (check-at-least-java-17) @ streampipes-rest-shared ---
[INFO] 
[INFO] --- maven-enforcer-plugin:3.1.0:enforce (enforce-version-convergence) @ streampipes-rest-shared ---
[INFO] 
[INFO] --- maven-checkstyle-plugin:3.2.1:check (validate) @ streampipes-rest-shared ---
[INFO] 
[INFO] <<< maven-source-plugin:3.2.1:jar (attach-sources) < generate-sources @ streampipes-rest-shared <<<
[INFO] 
[INFO] 
[INFO] --- maven-source-plugin:3.2.1:jar (attach-sources) @ streampipes-rest-shared ---
[INFO] Building jar: /Users/arian/edu/kth/softfund_dd2480/assignment4/DD2480-Assignment-4/streampipes-rest-shared/target/streampipes-rest-shared-0.92.0-SNAPSHOT-sources.jar
[INFO] 
[INFO] ---------< org.apache.streampipes:streampipes-rest-core-base >----------
[INFO] Building streampipes-rest-core-base 0.92.0-SNAPSHOT              [45/94]
[INFO] --------------------------------[ jar ]---------------------------------
[INFO] 
[INFO] --- maven-clean-plugin:3.2.0:clean (default-clean) @ streampipes-rest-core-base ---
[INFO] 
[INFO] --- maven-enforcer-plugin:3.1.0:enforce (enforce-maven-version) @ streampipes-rest-core-base ---
[INFO] 
[INFO] --- maven-enforcer-plugin:3.1.0:enforce (enforce-java-version) @ streampipes-rest-core-base ---
[INFO] 
[INFO] --- maven-enforcer-plugin:3.1.0:enforce (check-at-least-java-17) @ streampipes-rest-core-base ---
[INFO] 
[INFO] --- maven-enforcer-plugin:3.1.0:enforce (enforce-version-convergence) @ streampipes-rest-core-base ---
[INFO] 
[INFO] --- maven-checkstyle-plugin:3.2.1:check (validate) @ streampipes-rest-core-base ---
[INFO] 
[INFO] --- maven-remote-resources-plugin:1.7.0:process (process-resource-bundles) @ streampipes-rest-core-base ---
[INFO] Preparing remote bundle org.apache:apache-jar-resource-bundle:1.4
[INFO] Copying 3 resources from 1 bundle.
[INFO] 
[INFO] --- maven-resources-plugin:3.3.0:resources (default-resources) @ streampipes-rest-core-base ---
[INFO] skip non existing resourceDirectory /Users/arian/edu/kth/softfund_dd2480/assignment4/DD2480-Assignment-4/streampipes-rest-core-base/src/main/resources
[INFO] Copying 3 resources
[INFO] 
[INFO] --- maven-compiler-plugin:3.10.1:compile (default-compile) @ streampipes-rest-core-base ---
[INFO] Changes detected - recompiling the module!
[INFO] Compiling 2 source files to /Users/arian/edu/kth/softfund_dd2480/assignment4/DD2480-Assignment-4/streampipes-rest-core-base/target/classes
[INFO] 
[INFO] --- maven-resources-plugin:3.3.0:testResources (default-testResources) @ streampipes-rest-core-base ---
[INFO] skip non existing resourceDirectory /Users/arian/edu/kth/softfund_dd2480/assignment4/DD2480-Assignment-4/streampipes-rest-core-base/src/test/resources
[INFO] Copying 3 resources
[INFO] 
[INFO] --- maven-compiler-plugin:3.10.1:testCompile (default-testCompile) @ streampipes-rest-core-base ---
[INFO] No sources to compile
[INFO] 
[INFO] --- maven-surefire-plugin:2.22.2:test (default-test) @ streampipes-rest-core-base ---
[INFO] 
[INFO] --- maven-jar-plugin:3.3.0:jar (default-jar) @ streampipes-rest-core-base ---
[INFO] Building jar: /Users/arian/edu/kth/softfund_dd2480/assignment4/DD2480-Assignment-4/streampipes-rest-core-base/target/streampipes-rest-core-base-0.92.0-SNAPSHOT.jar
[INFO] 
[INFO] --- maven-site-plugin:3.12.1:attach-descriptor (attach-descriptor) @ streampipes-rest-core-base ---
[INFO] Skipping because packaging 'jar' is not pom.
[INFO] 
[INFO] --- maven-javadoc-plugin:3.4.1:jar (attach-javadocs) @ streampipes-rest-core-base ---
[INFO] No previous run data found, generating javadoc.
[INFO] Building jar: /Users/arian/edu/kth/softfund_dd2480/assignment4/DD2480-Assignment-4/streampipes-rest-core-base/target/streampipes-rest-core-base-0.92.0-SNAPSHOT-javadoc.jar
[INFO] 
[INFO] >>> maven-source-plugin:3.2.1:jar (attach-sources) > generate-sources @ streampipes-rest-core-base >>>
[INFO] 
[INFO] --- maven-enforcer-plugin:3.1.0:enforce (enforce-maven-version) @ streampipes-rest-core-base ---
[INFO] 
[INFO] --- maven-enforcer-plugin:3.1.0:enforce (enforce-java-version) @ streampipes-rest-core-base ---
[INFO] 
[INFO] --- maven-enforcer-plugin:3.1.0:enforce (check-at-least-java-17) @ streampipes-rest-core-base ---
[INFO] 
[INFO] --- maven-enforcer-plugin:3.1.0:enforce (enforce-version-convergence) @ streampipes-rest-core-base ---
[INFO] 
[INFO] --- maven-checkstyle-plugin:3.2.1:check (validate) @ streampipes-rest-core-base ---
[INFO] 
[INFO] <<< maven-source-plugin:3.2.1:jar (attach-sources) < generate-sources @ streampipes-rest-core-base <<<
[INFO] 
[INFO] 
[INFO] --- maven-source-plugin:3.2.1:jar (attach-sources) @ streampipes-rest-core-base ---
[INFO] Building jar: /Users/arian/edu/kth/softfund_dd2480/assignment4/DD2480-Assignment-4/streampipes-rest-core-base/target/streampipes-rest-core-base-0.92.0-SNAPSHOT-sources.jar
[INFO] 
[INFO] -------< org.apache.streampipes:streampipes-connect-management >--------
[INFO] Building streampipes-connect-management 0.92.0-SNAPSHOT          [46/94]
[INFO] --------------------------------[ jar ]---------------------------------
[INFO] 
[INFO] --- maven-clean-plugin:3.2.0:clean (default-clean) @ streampipes-connect-management ---
[INFO] 
[INFO] --- maven-enforcer-plugin:3.1.0:enforce (enforce-maven-version) @ streampipes-connect-management ---
[INFO] 
[INFO] --- maven-enforcer-plugin:3.1.0:enforce (enforce-java-version) @ streampipes-connect-management ---
[INFO] 
[INFO] --- maven-enforcer-plugin:3.1.0:enforce (check-at-least-java-17) @ streampipes-connect-management ---
[INFO] 
[INFO] --- maven-enforcer-plugin:3.1.0:enforce (enforce-version-convergence) @ streampipes-connect-management ---
[INFO] 
[INFO] --- maven-checkstyle-plugin:3.2.1:check (validate) @ streampipes-connect-management ---
[INFO] 
[INFO] --- maven-remote-resources-plugin:1.7.0:process (process-resource-bundles) @ streampipes-connect-management ---
[INFO] Preparing remote bundle org.apache:apache-jar-resource-bundle:1.4
[INFO] Copying 3 resources from 1 bundle.
[INFO] 
[INFO] --- maven-resources-plugin:3.3.0:resources (default-resources) @ streampipes-connect-management ---
[INFO] skip non existing resourceDirectory /Users/arian/edu/kth/softfund_dd2480/assignment4/DD2480-Assignment-4/streampipes-connect-management/src/main/resources
[INFO] Copying 3 resources
[INFO] 
[INFO] --- maven-compiler-plugin:3.10.1:compile (default-compile) @ streampipes-connect-management ---
[INFO] Changes detected - recompiling the module!
[INFO] Compiling 12 source files to /Users/arian/edu/kth/softfund_dd2480/assignment4/DD2480-Assignment-4/streampipes-connect-management/target/classes
[INFO] /Users/arian/edu/kth/softfund_dd2480/assignment4/DD2480-Assignment-4/streampipes-connect-management/src/main/java/org/apache/streampipes/connect/management/management/WorkerRestClient.java: /Users/arian/edu/kth/softfund_dd2480/assignment4/DD2480-Assignment-4/streampipes-connect-management/src/main/java/org/apache/streampipes/connect/management/management/WorkerRestClient.java uses unchecked or unsafe operations.
[INFO] /Users/arian/edu/kth/softfund_dd2480/assignment4/DD2480-Assignment-4/streampipes-connect-management/src/main/java/org/apache/streampipes/connect/management/management/WorkerRestClient.java: Recompile with -Xlint:unchecked for details.
[INFO] 
[INFO] --- maven-resources-plugin:3.3.0:testResources (default-testResources) @ streampipes-connect-management ---
[INFO] skip non existing resourceDirectory /Users/arian/edu/kth/softfund_dd2480/assignment4/DD2480-Assignment-4/streampipes-connect-management/src/test/resources
[INFO] Copying 3 resources
[INFO] 
[INFO] --- maven-compiler-plugin:3.10.1:testCompile (default-testCompile) @ streampipes-connect-management ---
[INFO] Changes detected - recompiling the module!
[INFO] Compiling 2 source files to /Users/arian/edu/kth/softfund_dd2480/assignment4/DD2480-Assignment-4/streampipes-connect-management/target/test-classes
[INFO] 
[INFO] --- maven-surefire-plugin:2.22.2:test (default-test) @ streampipes-connect-management ---
[INFO] 
[INFO] -------------------------------------------------------
[INFO]  T E S T S
[INFO] -------------------------------------------------------
[INFO] Running org.apache.streampipes.connect.management.management.SourcesManagementTest
[INFO] Tests run: 1, Failures: 0, Errors: 0, Skipped: 0, Time elapsed: 0.095 s - in org.apache.streampipes.connect.management.management.SourcesManagementTest
[INFO] Running org.apache.streampipes.connect.management.management.AdapterMasterManagementTest
[INFO] Tests run: 4, Failures: 0, Errors: 0, Skipped: 0, Time elapsed: 0.744 s - in org.apache.streampipes.connect.management.management.AdapterMasterManagementTest
[INFO] 
[INFO] Results:
[INFO] 
[INFO] Tests run: 5, Failures: 0, Errors: 0, Skipped: 0
[INFO] 
[INFO] 
[INFO] --- maven-jar-plugin:3.3.0:jar (default-jar) @ streampipes-connect-management ---
[INFO] Building jar: /Users/arian/edu/kth/softfund_dd2480/assignment4/DD2480-Assignment-4/streampipes-connect-management/target/streampipes-connect-container-master.jar
[INFO] 
[INFO] --- maven-site-plugin:3.12.1:attach-descriptor (attach-descriptor) @ streampipes-connect-management ---
[INFO] Skipping because packaging 'jar' is not pom.
[INFO] 
[INFO] --- maven-javadoc-plugin:3.4.1:jar (attach-javadocs) @ streampipes-connect-management ---
[INFO] No previous run data found, generating javadoc.
[INFO] Building jar: /Users/arian/edu/kth/softfund_dd2480/assignment4/DD2480-Assignment-4/streampipes-connect-management/target/streampipes-connect-container-master-javadoc.jar
[INFO] 
[INFO] >>> maven-source-plugin:3.2.1:jar (attach-sources) > generate-sources @ streampipes-connect-management >>>
[INFO] 
[INFO] --- maven-enforcer-plugin:3.1.0:enforce (enforce-maven-version) @ streampipes-connect-management ---
[INFO] 
[INFO] --- maven-enforcer-plugin:3.1.0:enforce (enforce-java-version) @ streampipes-connect-management ---
[INFO] 
[INFO] --- maven-enforcer-plugin:3.1.0:enforce (check-at-least-java-17) @ streampipes-connect-management ---
[INFO] 
[INFO] --- maven-enforcer-plugin:3.1.0:enforce (enforce-version-convergence) @ streampipes-connect-management ---
[INFO] 
[INFO] --- maven-checkstyle-plugin:3.2.1:check (validate) @ streampipes-connect-management ---
[INFO] 
[INFO] <<< maven-source-plugin:3.2.1:jar (attach-sources) < generate-sources @ streampipes-connect-management <<<
[INFO] 
[INFO] 
[INFO] --- maven-source-plugin:3.2.1:jar (attach-sources) @ streampipes-connect-management ---
[INFO] Building jar: /Users/arian/edu/kth/softfund_dd2480/assignment4/DD2480-Assignment-4/streampipes-connect-management/target/streampipes-connect-container-master-sources.jar
[INFO] 
[INFO] --------------< org.apache.streampipes:streampipes-rest >---------------
[INFO] Building StreamPipes REST API 0.92.0-SNAPSHOT                    [47/94]
[INFO] --------------------------------[ jar ]---------------------------------
[INFO] 
[INFO] --- maven-clean-plugin:3.2.0:clean (default-clean) @ streampipes-rest ---
[INFO] 
[INFO] --- maven-enforcer-plugin:3.1.0:enforce (enforce-maven-version) @ streampipes-rest ---
[INFO] 
[INFO] --- maven-enforcer-plugin:3.1.0:enforce (enforce-java-version) @ streampipes-rest ---
[INFO] 
[INFO] --- maven-enforcer-plugin:3.1.0:enforce (check-at-least-java-17) @ streampipes-rest ---
[INFO] 
[INFO] --- maven-enforcer-plugin:3.1.0:enforce (enforce-version-convergence) @ streampipes-rest ---
[INFO] 
[INFO] --- maven-checkstyle-plugin:3.2.1:check (validate) @ streampipes-rest ---
[INFO] 
[INFO] --- maven-remote-resources-plugin:1.7.0:process (process-resource-bundles) @ streampipes-rest ---
[INFO] Preparing remote bundle org.apache:apache-jar-resource-bundle:1.4
[INFO] Copying 3 resources from 1 bundle.
[INFO] 
[INFO] --- maven-resources-plugin:3.3.0:resources (default-resources) @ streampipes-rest ---
[INFO] skip non existing resourceDirectory /Users/arian/edu/kth/softfund_dd2480/assignment4/DD2480-Assignment-4/streampipes-rest/src/main/resources
[INFO] Copying 3 resources
[INFO] 
[INFO] --- maven-compiler-plugin:3.10.1:compile (default-compile) @ streampipes-rest ---
[INFO] Changes detected - recompiling the module!
[INFO] Compiling 66 source files to /Users/arian/edu/kth/softfund_dd2480/assignment4/DD2480-Assignment-4/streampipes-rest/target/classes
[INFO] 
[INFO] --- maven-resources-plugin:3.3.0:testResources (default-testResources) @ streampipes-rest ---
[INFO] skip non existing resourceDirectory /Users/arian/edu/kth/softfund_dd2480/assignment4/DD2480-Assignment-4/streampipes-rest/src/test/resources
[INFO] Copying 3 resources
[INFO] 
[INFO] --- maven-compiler-plugin:3.10.1:testCompile (default-testCompile) @ streampipes-rest ---
[INFO] Changes detected - recompiling the module!
[INFO] Compiling 1 source file to /Users/arian/edu/kth/softfund_dd2480/assignment4/DD2480-Assignment-4/streampipes-rest/target/test-classes
[INFO] 
[INFO] --- maven-surefire-plugin:2.22.2:test (default-test) @ streampipes-rest ---
[INFO] 
[INFO] -------------------------------------------------------
[INFO]  T E S T S
[INFO] -------------------------------------------------------
[INFO] Running org.apache.streampipes.dataexplorer.v4.params.WhereStatementParamsTest
[INFO] Tests run: 3, Failures: 0, Errors: 0, Skipped: 0, Time elapsed: 0.101 s - in org.apache.streampipes.dataexplorer.v4.params.WhereStatementParamsTest
[INFO] 
[INFO] Results:
[INFO] 
[INFO] Tests run: 3, Failures: 0, Errors: 0, Skipped: 0
[INFO] 
[INFO] 
[INFO] --- maven-jar-plugin:3.3.0:jar (default-jar) @ streampipes-rest ---
[INFO] Building jar: /Users/arian/edu/kth/softfund_dd2480/assignment4/DD2480-Assignment-4/streampipes-rest/target/streampipes-rest-0.92.0-SNAPSHOT.jar
[INFO] 
[INFO] --- maven-site-plugin:3.12.1:attach-descriptor (attach-descriptor) @ streampipes-rest ---
[INFO] Skipping because packaging 'jar' is not pom.
[INFO] 
[INFO] --- maven-javadoc-plugin:3.4.1:jar (attach-javadocs) @ streampipes-rest ---
[INFO] No previous run data found, generating javadoc.
[INFO] Building jar: /Users/arian/edu/kth/softfund_dd2480/assignment4/DD2480-Assignment-4/streampipes-rest/target/streampipes-rest-0.92.0-SNAPSHOT-javadoc.jar
[INFO] 
[INFO] >>> maven-source-plugin:3.2.1:jar (attach-sources) > generate-sources @ streampipes-rest >>>
[INFO] 
[INFO] --- maven-enforcer-plugin:3.1.0:enforce (enforce-maven-version) @ streampipes-rest ---
[INFO] 
[INFO] --- maven-enforcer-plugin:3.1.0:enforce (enforce-java-version) @ streampipes-rest ---
[INFO] 
[INFO] --- maven-enforcer-plugin:3.1.0:enforce (check-at-least-java-17) @ streampipes-rest ---
[INFO] 
[INFO] --- maven-enforcer-plugin:3.1.0:enforce (enforce-version-convergence) @ streampipes-rest ---
[INFO] 
[INFO] --- maven-checkstyle-plugin:3.2.1:check (validate) @ streampipes-rest ---
[INFO] 
[INFO] <<< maven-source-plugin:3.2.1:jar (attach-sources) < generate-sources @ streampipes-rest <<<
[INFO] 
[INFO] 
[INFO] --- maven-source-plugin:3.2.1:jar (attach-sources) @ streampipes-rest ---
[INFO] Building jar: /Users/arian/edu/kth/softfund_dd2480/assignment4/DD2480-Assignment-4/streampipes-rest/target/streampipes-rest-0.92.0-SNAPSHOT-sources.jar
[INFO] 
[INFO] --------< org.apache.streampipes:streampipes-platform-services >--------
[INFO] Building streampipes-platform-services 0.92.0-SNAPSHOT           [48/94]
[INFO] --------------------------------[ jar ]---------------------------------
[INFO] 
[INFO] --- maven-clean-plugin:3.2.0:clean (default-clean) @ streampipes-platform-services ---
[INFO] 
[INFO] --- maven-enforcer-plugin:3.1.0:enforce (enforce-maven-version) @ streampipes-platform-services ---
[INFO] 
[INFO] --- maven-enforcer-plugin:3.1.0:enforce (enforce-java-version) @ streampipes-platform-services ---
[INFO] 
[INFO] --- maven-enforcer-plugin:3.1.0:enforce (check-at-least-java-17) @ streampipes-platform-services ---
[INFO] 
[INFO] --- maven-enforcer-plugin:3.1.0:enforce (enforce-version-convergence) @ streampipes-platform-services ---
[INFO] 
[INFO] --- maven-checkstyle-plugin:3.2.1:check (validate) @ streampipes-platform-services ---
[INFO] 
[INFO] --- maven-remote-resources-plugin:1.7.0:process (process-resource-bundles) @ streampipes-platform-services ---
[INFO] Preparing remote bundle org.apache:apache-jar-resource-bundle:1.4
[INFO] Copying 3 resources from 1 bundle.
[INFO] 
[INFO] --- maven-resources-plugin:3.3.0:resources (default-resources) @ streampipes-platform-services ---
[INFO] skip non existing resourceDirectory /Users/arian/edu/kth/softfund_dd2480/assignment4/DD2480-Assignment-4/streampipes-platform-services/src/main/resources
[INFO] Copying 3 resources
[INFO] 
[INFO] --- maven-compiler-plugin:3.10.1:compile (default-compile) @ streampipes-platform-services ---
[INFO] Changes detected - recompiling the module!
[INFO] Compiling 6 source files to /Users/arian/edu/kth/softfund_dd2480/assignment4/DD2480-Assignment-4/streampipes-platform-services/target/classes
[INFO] 
[INFO] --- maven-resources-plugin:3.3.0:testResources (default-testResources) @ streampipes-platform-services ---
[INFO] skip non existing resourceDirectory /Users/arian/edu/kth/softfund_dd2480/assignment4/DD2480-Assignment-4/streampipes-platform-services/src/test/resources
[INFO] Copying 3 resources
[INFO] 
[INFO] --- maven-compiler-plugin:3.10.1:testCompile (default-testCompile) @ streampipes-platform-services ---
[INFO] No sources to compile
[INFO] 
[INFO] --- maven-surefire-plugin:2.22.2:test (default-test) @ streampipes-platform-services ---
[INFO] 
[INFO] --- maven-jar-plugin:3.3.0:jar (default-jar) @ streampipes-platform-services ---
[INFO] Building jar: /Users/arian/edu/kth/softfund_dd2480/assignment4/DD2480-Assignment-4/streampipes-platform-services/target/streampipes-platform-services-0.92.0-SNAPSHOT.jar
[INFO] 
[INFO] --- maven-site-plugin:3.12.1:attach-descriptor (attach-descriptor) @ streampipes-platform-services ---
[INFO] Skipping because packaging 'jar' is not pom.
[INFO] 
[INFO] --- maven-javadoc-plugin:3.4.1:jar (attach-javadocs) @ streampipes-platform-services ---
[INFO] No previous run data found, generating javadoc.
[INFO] Building jar: /Users/arian/edu/kth/softfund_dd2480/assignment4/DD2480-Assignment-4/streampipes-platform-services/target/streampipes-platform-services-0.92.0-SNAPSHOT-javadoc.jar
[INFO] 
[INFO] >>> maven-source-plugin:3.2.1:jar (attach-sources) > generate-sources @ streampipes-platform-services >>>
[INFO] 
[INFO] --- maven-enforcer-plugin:3.1.0:enforce (enforce-maven-version) @ streampipes-platform-services ---
[INFO] 
[INFO] --- maven-enforcer-plugin:3.1.0:enforce (enforce-java-version) @ streampipes-platform-services ---
[INFO] 
[INFO] --- maven-enforcer-plugin:3.1.0:enforce (check-at-least-java-17) @ streampipes-platform-services ---
[INFO] 
[INFO] --- maven-enforcer-plugin:3.1.0:enforce (enforce-version-convergence) @ streampipes-platform-services ---
[INFO] 
[INFO] --- maven-checkstyle-plugin:3.2.1:check (validate) @ streampipes-platform-services ---
[INFO] 
[INFO] <<< maven-source-plugin:3.2.1:jar (attach-sources) < generate-sources @ streampipes-platform-services <<<
[INFO] 
[INFO] 
[INFO] --- maven-source-plugin:3.2.1:jar (attach-sources) @ streampipes-platform-services ---
[INFO] Building jar: /Users/arian/edu/kth/softfund_dd2480/assignment4/DD2480-Assignment-4/streampipes-platform-services/target/streampipes-platform-services-0.92.0-SNAPSHOT-sources.jar
[INFO] 
[INFO] ----------< org.apache.streampipes:streampipes-service-core >-----------
[INFO] Building StreamPipes Core 0.92.0-SNAPSHOT                        [49/94]
[INFO] --------------------------------[ jar ]---------------------------------
[INFO] 
[INFO] --- maven-clean-plugin:3.2.0:clean (default-clean) @ streampipes-service-core ---
[INFO] 
[INFO] --- maven-enforcer-plugin:3.1.0:enforce (enforce-maven-version) @ streampipes-service-core ---
[INFO] 
[INFO] --- maven-enforcer-plugin:3.1.0:enforce (enforce-java-version) @ streampipes-service-core ---
[INFO] 
[INFO] --- maven-enforcer-plugin:3.1.0:enforce (check-at-least-java-17) @ streampipes-service-core ---
[INFO] 
[INFO] --- maven-enforcer-plugin:3.1.0:enforce (enforce-version-convergence) @ streampipes-service-core ---
[INFO] 
[INFO] --- maven-checkstyle-plugin:3.2.1:check (validate) @ streampipes-service-core ---
[INFO] 
[INFO] --- maven-remote-resources-plugin:1.7.0:process (process-resource-bundles) @ streampipes-service-core ---
[INFO] Preparing remote bundle org.apache:apache-jar-resource-bundle:1.4
[INFO] Copying 3 resources from 1 bundle.
[INFO] 
[INFO] --- maven-resources-plugin:3.3.0:resources (default-resources) @ streampipes-service-core ---
[INFO] Copying 4 resources
[INFO] Copying 3 resources
[INFO] 
[INFO] --- maven-compiler-plugin:3.10.1:compile (default-compile) @ streampipes-service-core ---
[INFO] Changes detected - recompiling the module!
[INFO] Compiling 14 source files to /Users/arian/edu/kth/softfund_dd2480/assignment4/DD2480-Assignment-4/streampipes-service-core/target/classes
[INFO] /Users/arian/edu/kth/softfund_dd2480/assignment4/DD2480-Assignment-4/streampipes-service-core/src/main/java/org/apache/streampipes/service/core/StreamPipesResourceConfig.java: Some input files use or override a deprecated API.
[INFO] /Users/arian/edu/kth/softfund_dd2480/assignment4/DD2480-Assignment-4/streampipes-service-core/src/main/java/org/apache/streampipes/service/core/StreamPipesResourceConfig.java: Recompile with -Xlint:deprecation for details.
[INFO] 
[INFO] --- maven-resources-plugin:3.3.0:testResources (default-testResources) @ streampipes-service-core ---
[INFO] skip non existing resourceDirectory /Users/arian/edu/kth/softfund_dd2480/assignment4/DD2480-Assignment-4/streampipes-service-core/src/test/resources
[INFO] Copying 3 resources
[INFO] 
[INFO] --- maven-compiler-plugin:3.10.1:testCompile (default-testCompile) @ streampipes-service-core ---
[INFO] No sources to compile
[INFO] 
[INFO] --- maven-surefire-plugin:2.22.2:test (default-test) @ streampipes-service-core ---
[INFO] 
[INFO] --- maven-jar-plugin:3.3.0:jar (default-jar) @ streampipes-service-core ---
[INFO] Building jar: /Users/arian/edu/kth/softfund_dd2480/assignment4/DD2480-Assignment-4/streampipes-service-core/target/streampipes-backend.jar
[INFO] 
[INFO] --- maven-site-plugin:3.12.1:attach-descriptor (attach-descriptor) @ streampipes-service-core ---
[INFO] Skipping because packaging 'jar' is not pom.
[INFO] 
[INFO] --- maven-javadoc-plugin:3.4.1:jar (attach-javadocs) @ streampipes-service-core ---
[INFO] No previous run data found, generating javadoc.
[INFO] Building jar: /Users/arian/edu/kth/softfund_dd2480/assignment4/DD2480-Assignment-4/streampipes-service-core/target/streampipes-backend-javadoc.jar
[INFO] 
[INFO] >>> maven-source-plugin:3.2.1:jar (attach-sources) > generate-sources @ streampipes-service-core >>>
[INFO] 
[INFO] --- maven-enforcer-plugin:3.1.0:enforce (enforce-maven-version) @ streampipes-service-core ---
[INFO] 
[INFO] --- maven-enforcer-plugin:3.1.0:enforce (enforce-java-version) @ streampipes-service-core ---
[INFO] 
[INFO] --- maven-enforcer-plugin:3.1.0:enforce (check-at-least-java-17) @ streampipes-service-core ---
[INFO] 
[INFO] --- maven-enforcer-plugin:3.1.0:enforce (enforce-version-convergence) @ streampipes-service-core ---
[INFO] 
[INFO] --- maven-checkstyle-plugin:3.2.1:check (validate) @ streampipes-service-core ---
[INFO] 
[INFO] <<< maven-source-plugin:3.2.1:jar (attach-sources) < generate-sources @ streampipes-service-core <<<
[INFO] 
[INFO] 
[INFO] --- maven-source-plugin:3.2.1:jar (attach-sources) @ streampipes-service-core ---
[INFO] Building jar: /Users/arian/edu/kth/softfund_dd2480/assignment4/DD2480-Assignment-4/streampipes-service-core/target/streampipes-backend-sources.jar
[INFO] 
[INFO] --- spring-boot-maven-plugin:3.0.1:repackage (default) @ streampipes-service-core ---
[INFO] Replacing main artifact with repackaged archive
[INFO] 
[INFO] ---------< org.apache.streampipes:streampipes-rest-extensions >---------
[INFO] Building streampipes-rest-extensions 0.92.0-SNAPSHOT             [50/94]
[INFO] --------------------------------[ jar ]---------------------------------
[INFO] 
[INFO] --- maven-clean-plugin:3.2.0:clean (default-clean) @ streampipes-rest-extensions ---
[INFO] Deleting /Users/arian/edu/kth/softfund_dd2480/assignment4/DD2480-Assignment-4/streampipes-rest-extensions/target
[INFO] 
[INFO] --- maven-enforcer-plugin:3.1.0:enforce (enforce-maven-version) @ streampipes-rest-extensions ---
[INFO] 
[INFO] --- maven-enforcer-plugin:3.1.0:enforce (enforce-java-version) @ streampipes-rest-extensions ---
[INFO] 
[INFO] --- maven-enforcer-plugin:3.1.0:enforce (check-at-least-java-17) @ streampipes-rest-extensions ---
[INFO] 
[INFO] --- maven-enforcer-plugin:3.1.0:enforce (enforce-version-convergence) @ streampipes-rest-extensions ---
[INFO] 
[INFO] --- maven-checkstyle-plugin:3.2.1:check (validate) @ streampipes-rest-extensions ---
[INFO] 
[INFO] --- maven-remote-resources-plugin:1.7.0:process (process-resource-bundles) @ streampipes-rest-extensions ---
[INFO] Preparing remote bundle org.apache:apache-jar-resource-bundle:1.4
[INFO] Copying 3 resources from 1 bundle.
[INFO] 
[INFO] --- maven-resources-plugin:3.3.0:resources (default-resources) @ streampipes-rest-extensions ---
[INFO] skip non existing resourceDirectory /Users/arian/edu/kth/softfund_dd2480/assignment4/DD2480-Assignment-4/streampipes-rest-extensions/src/main/resources
[INFO] Copying 3 resources
[INFO] 
[INFO] --- maven-compiler-plugin:3.10.1:compile (default-compile) @ streampipes-rest-extensions ---
[INFO] Changes detected - recompiling the module!
[INFO] Compiling 19 source files to /Users/arian/edu/kth/softfund_dd2480/assignment4/DD2480-Assignment-4/streampipes-rest-extensions/target/classes
[INFO] /Users/arian/edu/kth/softfund_dd2480/assignment4/DD2480-Assignment-4/streampipes-rest-extensions/src/main/java/org/apache/streampipes/rest/extensions/pe/InvocablePipelineElementResource.java: Some input files use or override a deprecated API.
[INFO] /Users/arian/edu/kth/softfund_dd2480/assignment4/DD2480-Assignment-4/streampipes-rest-extensions/src/main/java/org/apache/streampipes/rest/extensions/pe/InvocablePipelineElementResource.java: Recompile with -Xlint:deprecation for details.
[INFO] /Users/arian/edu/kth/softfund_dd2480/assignment4/DD2480-Assignment-4/streampipes-rest-extensions/src/main/java/org/apache/streampipes/rest/extensions/pe/InvocablePipelineElementResource.java: /Users/arian/edu/kth/softfund_dd2480/assignment4/DD2480-Assignment-4/streampipes-rest-extensions/src/main/java/org/apache/streampipes/rest/extensions/pe/InvocablePipelineElementResource.java uses unchecked or unsafe operations.
[INFO] /Users/arian/edu/kth/softfund_dd2480/assignment4/DD2480-Assignment-4/streampipes-rest-extensions/src/main/java/org/apache/streampipes/rest/extensions/pe/InvocablePipelineElementResource.java: Recompile with -Xlint:unchecked for details.
[INFO] 
[INFO] --- maven-resources-plugin:3.3.0:testResources (default-testResources) @ streampipes-rest-extensions ---
[INFO] skip non existing resourceDirectory /Users/arian/edu/kth/softfund_dd2480/assignment4/DD2480-Assignment-4/streampipes-rest-extensions/src/test/resources
[INFO] Copying 3 resources
[INFO] 
[INFO] --- maven-compiler-plugin:3.10.1:testCompile (default-testCompile) @ streampipes-rest-extensions ---
[INFO] No sources to compile
[INFO] 
[INFO] --- maven-surefire-plugin:2.22.2:test (default-test) @ streampipes-rest-extensions ---
[INFO] 
[INFO] --- maven-jar-plugin:3.3.0:jar (default-jar) @ streampipes-rest-extensions ---
[INFO] Building jar: /Users/arian/edu/kth/softfund_dd2480/assignment4/DD2480-Assignment-4/streampipes-rest-extensions/target/streampipes-rest-extensions-0.92.0-SNAPSHOT.jar
[INFO] 
[INFO] --- maven-site-plugin:3.12.1:attach-descriptor (attach-descriptor) @ streampipes-rest-extensions ---
[INFO] Skipping because packaging 'jar' is not pom.
[INFO] 
[INFO] --- maven-javadoc-plugin:3.4.1:jar (attach-javadocs) @ streampipes-rest-extensions ---
[INFO] No previous run data found, generating javadoc.
[INFO] Building jar: /Users/arian/edu/kth/softfund_dd2480/assignment4/DD2480-Assignment-4/streampipes-rest-extensions/target/streampipes-rest-extensions-0.92.0-SNAPSHOT-javadoc.jar
[INFO] 
[INFO] >>> maven-source-plugin:3.2.1:jar (attach-sources) > generate-sources @ streampipes-rest-extensions >>>
[INFO] 
[INFO] --- maven-enforcer-plugin:3.1.0:enforce (enforce-maven-version) @ streampipes-rest-extensions ---
[INFO] 
[INFO] --- maven-enforcer-plugin:3.1.0:enforce (enforce-java-version) @ streampipes-rest-extensions ---
[INFO] 
[INFO] --- maven-enforcer-plugin:3.1.0:enforce (check-at-least-java-17) @ streampipes-rest-extensions ---
[INFO] 
[INFO] --- maven-enforcer-plugin:3.1.0:enforce (enforce-version-convergence) @ streampipes-rest-extensions ---
[INFO] 
[INFO] --- maven-checkstyle-plugin:3.2.1:check (validate) @ streampipes-rest-extensions ---
[INFO] 
[INFO] <<< maven-source-plugin:3.2.1:jar (attach-sources) < generate-sources @ streampipes-rest-extensions <<<
[INFO] 
[INFO] 
[INFO] --- maven-source-plugin:3.2.1:jar (attach-sources) @ streampipes-rest-extensions ---
[INFO] Building jar: /Users/arian/edu/kth/softfund_dd2480/assignment4/DD2480-Assignment-4/streampipes-rest-extensions/target/streampipes-rest-extensions-0.92.0-SNAPSHOT-sources.jar
[INFO] 
[INFO] -------< org.apache.streampipes:streampipes-service-extensions >--------
[INFO] Building streampipes-service-extensions 0.92.0-SNAPSHOT          [51/94]
[INFO] --------------------------------[ jar ]---------------------------------
[INFO] 
[INFO] --- maven-clean-plugin:3.2.0:clean (default-clean) @ streampipes-service-extensions ---
[INFO] Deleting /Users/arian/edu/kth/softfund_dd2480/assignment4/DD2480-Assignment-4/streampipes-service-extensions/target
[INFO] 
[INFO] --- maven-enforcer-plugin:3.1.0:enforce (enforce-maven-version) @ streampipes-service-extensions ---
[INFO] 
[INFO] --- maven-enforcer-plugin:3.1.0:enforce (enforce-java-version) @ streampipes-service-extensions ---
[INFO] 
[INFO] --- maven-enforcer-plugin:3.1.0:enforce (check-at-least-java-17) @ streampipes-service-extensions ---
[INFO] 
[INFO] --- maven-enforcer-plugin:3.1.0:enforce (enforce-version-convergence) @ streampipes-service-extensions ---
[INFO] 
[INFO] --- maven-checkstyle-plugin:3.2.1:check (validate) @ streampipes-service-extensions ---
[INFO] 
[INFO] --- maven-remote-resources-plugin:1.7.0:process (process-resource-bundles) @ streampipes-service-extensions ---
[INFO] Preparing remote bundle org.apache:apache-jar-resource-bundle:1.4
[INFO] Copying 3 resources from 1 bundle.
[INFO] 
[INFO] --- maven-resources-plugin:3.3.0:resources (default-resources) @ streampipes-service-extensions ---
[INFO] Copying 2 resources
[INFO] Copying 3 resources
[INFO] 
[INFO] --- maven-compiler-plugin:3.10.1:compile (default-compile) @ streampipes-service-extensions ---
[INFO] Changes detected - recompiling the module!
[INFO] Compiling 14 source files to /Users/arian/edu/kth/softfund_dd2480/assignment4/DD2480-Assignment-4/streampipes-service-extensions/target/classes
[INFO] /Users/arian/edu/kth/softfund_dd2480/assignment4/DD2480-Assignment-4/streampipes-service-extensions/src/main/java/org/apache/streampipes/service/extensions/function/StreamPipesFunctionHandler.java: Some input files use or override a deprecated API.
[INFO] /Users/arian/edu/kth/softfund_dd2480/assignment4/DD2480-Assignment-4/streampipes-service-extensions/src/main/java/org/apache/streampipes/service/extensions/function/StreamPipesFunctionHandler.java: Recompile with -Xlint:deprecation for details.
[INFO] /Users/arian/edu/kth/softfund_dd2480/assignment4/DD2480-Assignment-4/streampipes-service-extensions/src/main/java/org/apache/streampipes/service/extensions/security/TokenAuthenticationFilter.java: /Users/arian/edu/kth/softfund_dd2480/assignment4/DD2480-Assignment-4/streampipes-service-extensions/src/main/java/org/apache/streampipes/service/extensions/security/TokenAuthenticationFilter.java uses unchecked or unsafe operations.
[INFO] /Users/arian/edu/kth/softfund_dd2480/assignment4/DD2480-Assignment-4/streampipes-service-extensions/src/main/java/org/apache/streampipes/service/extensions/security/TokenAuthenticationFilter.java: Recompile with -Xlint:unchecked for details.
[INFO] 
[INFO] --- maven-resources-plugin:3.3.0:testResources (default-testResources) @ streampipes-service-extensions ---
[INFO] skip non existing resourceDirectory /Users/arian/edu/kth/softfund_dd2480/assignment4/DD2480-Assignment-4/streampipes-service-extensions/src/test/resources
[INFO] Copying 3 resources
[INFO] 
[INFO] --- maven-compiler-plugin:3.10.1:testCompile (default-testCompile) @ streampipes-service-extensions ---
[INFO] No sources to compile
[INFO] 
[INFO] --- maven-surefire-plugin:2.22.2:test (default-test) @ streampipes-service-extensions ---
[INFO] 
[INFO] --- maven-jar-plugin:3.3.0:jar (default-jar) @ streampipes-service-extensions ---
[INFO] Building jar: /Users/arian/edu/kth/softfund_dd2480/assignment4/DD2480-Assignment-4/streampipes-service-extensions/target/streampipes-service-extensions-0.92.0-SNAPSHOT.jar
[INFO] 
[INFO] --- maven-site-plugin:3.12.1:attach-descriptor (attach-descriptor) @ streampipes-service-extensions ---
[INFO] Skipping because packaging 'jar' is not pom.
[INFO] 
[INFO] --- maven-javadoc-plugin:3.4.1:jar (attach-javadocs) @ streampipes-service-extensions ---
[INFO] No previous run data found, generating javadoc.
[INFO] Building jar: /Users/arian/edu/kth/softfund_dd2480/assignment4/DD2480-Assignment-4/streampipes-service-extensions/target/streampipes-service-extensions-0.92.0-SNAPSHOT-javadoc.jar
[INFO] 
[INFO] >>> maven-source-plugin:3.2.1:jar (attach-sources) > generate-sources @ streampipes-service-extensions >>>
[INFO] 
[INFO] --- maven-enforcer-plugin:3.1.0:enforce (enforce-maven-version) @ streampipes-service-extensions ---
[INFO] 
[INFO] --- maven-enforcer-plugin:3.1.0:enforce (enforce-java-version) @ streampipes-service-extensions ---
[INFO] 
[INFO] --- maven-enforcer-plugin:3.1.0:enforce (check-at-least-java-17) @ streampipes-service-extensions ---
[INFO] 
[INFO] --- maven-enforcer-plugin:3.1.0:enforce (enforce-version-convergence) @ streampipes-service-extensions ---
[INFO] 
[INFO] --- maven-checkstyle-plugin:3.2.1:check (validate) @ streampipes-service-extensions ---
[INFO] 
[INFO] <<< maven-source-plugin:3.2.1:jar (attach-sources) < generate-sources @ streampipes-service-extensions <<<
[INFO] 
[INFO] 
[INFO] --- maven-source-plugin:3.2.1:jar (attach-sources) @ streampipes-service-extensions ---
[INFO] Building jar: /Users/arian/edu/kth/softfund_dd2480/assignment4/DD2480-Assignment-4/streampipes-service-extensions/target/streampipes-service-extensions-0.92.0-SNAPSHOT-sources.jar
[INFO] 
[INFO] ----------< org.apache.streampipes:streampipes-maven-plugin >-----------
[INFO] Building Apache StreamPipes Maven Plugin 0.92.0-SNAPSHOT         [52/94]
[INFO] ----------------------------[ maven-plugin ]----------------------------
[INFO] 
[INFO] --- maven-clean-plugin:3.2.0:clean (default-clean) @ streampipes-maven-plugin ---
[INFO] 
[INFO] --- maven-enforcer-plugin:3.1.0:enforce (enforce-maven-version) @ streampipes-maven-plugin ---
[INFO] 
[INFO] --- maven-enforcer-plugin:3.1.0:enforce (enforce-java-version) @ streampipes-maven-plugin ---
[INFO] 
[INFO] --- maven-enforcer-plugin:3.1.0:enforce (check-at-least-java-17) @ streampipes-maven-plugin ---
[INFO] 
[INFO] --- maven-enforcer-plugin:3.1.0:enforce (enforce-version-convergence) @ streampipes-maven-plugin ---
[INFO] 
[INFO] --- maven-checkstyle-plugin:3.2.1:check (validate) @ streampipes-maven-plugin ---
[INFO] 
[INFO] --- maven-remote-resources-plugin:1.7.0:process (process-resource-bundles) @ streampipes-maven-plugin ---
[INFO] Preparing remote bundle org.apache:apache-jar-resource-bundle:1.4
[INFO] Copying 3 resources from 1 bundle.
[INFO] 
[INFO] --- maven-resources-plugin:3.3.0:resources (default-resources) @ streampipes-maven-plugin ---
[INFO] Copying 4 resources
[INFO] Copying 3 resources
[INFO] 
[INFO] --- maven-compiler-plugin:3.10.1:compile (default-compile) @ streampipes-maven-plugin ---
[INFO] Changes detected - recompiling the module!
[INFO] Compiling 30 source files to /Users/arian/edu/kth/softfund_dd2480/assignment4/DD2480-Assignment-4/streampipes-maven-plugin/target/classes
[INFO] /Users/arian/edu/kth/softfund_dd2480/assignment4/DD2480-Assignment-4/streampipes-maven-plugin/src/main/java/org/apache/streampipes/smp/generator/AssetGenerator.java: Some input files use or override a deprecated API.
[INFO] /Users/arian/edu/kth/softfund_dd2480/assignment4/DD2480-Assignment-4/streampipes-maven-plugin/src/main/java/org/apache/streampipes/smp/generator/AssetGenerator.java: Recompile with -Xlint:deprecation for details.
[INFO] /Users/arian/edu/kth/softfund_dd2480/assignment4/DD2480-Assignment-4/streampipes-maven-plugin/src/main/java/org/apache/streampipes/smp/extractor/DockerImageExtractor.java: /Users/arian/edu/kth/softfund_dd2480/assignment4/DD2480-Assignment-4/streampipes-maven-plugin/src/main/java/org/apache/streampipes/smp/extractor/DockerImageExtractor.java uses unchecked or unsafe operations.
[INFO] /Users/arian/edu/kth/softfund_dd2480/assignment4/DD2480-Assignment-4/streampipes-maven-plugin/src/main/java/org/apache/streampipes/smp/extractor/DockerImageExtractor.java: Recompile with -Xlint:unchecked for details.
[INFO] 
[INFO] --- maven-plugin-plugin:3.7.0:descriptor (default-descriptor) @ streampipes-maven-plugin ---
[INFO] Using 'UTF-8' encoding to read mojo source files.
[INFO] java-annotations mojo extractor found 2 mojo descriptors.
[INFO] java-javadoc mojo extractor found 0 mojo descriptor.
[INFO] ant mojo extractor found 0 mojo descriptor.
[INFO] bsh mojo extractor found 0 mojo descriptor.
[INFO] 
[INFO] --- maven-plugin-plugin:3.7.0:descriptor (mojo-descriptor) @ streampipes-maven-plugin ---
[INFO] Using 'UTF-8' encoding to read mojo source files.
[INFO] java-annotations mojo extractor found 2 mojo descriptors.
[INFO] java-javadoc mojo extractor found 0 mojo descriptor.
[INFO] ant mojo extractor found 0 mojo descriptor.
[INFO] bsh mojo extractor found 0 mojo descriptor.
[INFO] 
[INFO] --- maven-resources-plugin:3.3.0:testResources (default-testResources) @ streampipes-maven-plugin ---
[INFO] skip non existing resourceDirectory /Users/arian/edu/kth/softfund_dd2480/assignment4/DD2480-Assignment-4/streampipes-maven-plugin/src/test/resources
[INFO] Copying 3 resources
[INFO] 
[INFO] --- maven-compiler-plugin:3.10.1:testCompile (default-testCompile) @ streampipes-maven-plugin ---
[INFO] Changes detected - recompiling the module!
[INFO] Compiling 4 source files to /Users/arian/edu/kth/softfund_dd2480/assignment4/DD2480-Assignment-4/streampipes-maven-plugin/target/test-classes
[INFO] /Users/arian/edu/kth/softfund_dd2480/assignment4/DD2480-Assignment-4/streampipes-maven-plugin/src/test/java/org/apache/streampipes/smp/parser/TestDocumentationParser.java: /Users/arian/edu/kth/softfund_dd2480/assignment4/DD2480-Assignment-4/streampipes-maven-plugin/src/test/java/org/apache/streampipes/smp/parser/TestDocumentationParser.java uses or overrides a deprecated API.
[INFO] /Users/arian/edu/kth/softfund_dd2480/assignment4/DD2480-Assignment-4/streampipes-maven-plugin/src/test/java/org/apache/streampipes/smp/parser/TestDocumentationParser.java: Recompile with -Xlint:deprecation for details.
[INFO] 
[INFO] --- maven-surefire-plugin:2.22.1:test (default-test) @ streampipes-maven-plugin ---
[INFO] 
[INFO] -------------------------------------------------------
[INFO]  T E S T S
[INFO] -------------------------------------------------------
[INFO] Running org.apache.streampipes.smp.extractor.TestAssetModelExtractor
[INFO] Tests run: 1, Failures: 0, Errors: 0, Skipped: 0, Time elapsed: 0.046 s - in org.apache.streampipes.smp.extractor.TestAssetModelExtractor
[INFO] Running org.apache.streampipes.smp.parser.TestDocumentationParser
[INFO] Tests run: 1, Failures: 0, Errors: 0, Skipped: 0, Time elapsed: 0.003 s - in org.apache.streampipes.smp.parser.TestDocumentationParser
[INFO] Running org.apache.streampipes.smp.generator.TestPipelineElementOverviewGenerator
<div class="pe-grid-container"><div class="pe-container-item pe-container-item-processor"><div class="pe-container-item-header"><div class="pe-container-item-icon pe-icon-processor"><img class="pe-icon" src="/docs/img/pipeline-elements/a/icon.png"></div><div class="pe-container-item-header-pe"><div class="pe-container-item-label pe-container-item-label-processor">Data Processor</div><div class="pe-container-item-label-name">B</div></div></div><div class="pe-container-item-body">C</div><div class="pe-container-item-footer"><div><i class="fas fa-file"></i>  <a href="/docs/docs/pe/a">Documentation</a></div><div><i class="fab fa-docker"></i>  <a href="https://hub.docker.com/r/streampipes/">Docker Container</a></div><div><i class="fab fa-github"></i>  <a href="https://www.github.com/apache/incubator-streampipes-extensions/tree/dev/">Code on Github</a></div></div></div></div>
[INFO] Tests run: 1, Failures: 0, Errors: 0, Skipped: 0, Time elapsed: 0.06 s - in org.apache.streampipes.smp.generator.TestPipelineElementOverviewGenerator
[INFO] Running org.apache.streampipes.smp.generator.TestMarkdownTitleRemover
[INFO] Tests run: 1, Failures: 0, Errors: 0, Skipped: 0, Time elapsed: 0 s - in org.apache.streampipes.smp.generator.TestMarkdownTitleRemover
[INFO] 
[INFO] Results:
[INFO] 
[INFO] Tests run: 4, Failures: 0, Errors: 0, Skipped: 0
[INFO] 
[INFO] 
[INFO] --- maven-jar-plugin:3.0.2:jar (default-jar) @ streampipes-maven-plugin ---
[INFO] Building jar: /Users/arian/edu/kth/softfund_dd2480/assignment4/DD2480-Assignment-4/streampipes-maven-plugin/target/streampipes-maven-plugin-0.92.0-SNAPSHOT.jar
[INFO] 
[INFO] --- maven-plugin-plugin:3.7.0:addPluginArtifactMetadata (default-addPluginArtifactMetadata) @ streampipes-maven-plugin ---
[INFO] 
[INFO] --- maven-site-plugin:3.12.1:attach-descriptor (attach-descriptor) @ streampipes-maven-plugin ---
[INFO] Skipping because packaging 'maven-plugin' is not pom.
[INFO] 
[INFO] --- maven-javadoc-plugin:3.4.1:jar (attach-javadocs) @ streampipes-maven-plugin ---
[INFO] No previous run data found, generating javadoc.
[INFO] Building jar: /Users/arian/edu/kth/softfund_dd2480/assignment4/DD2480-Assignment-4/streampipes-maven-plugin/target/streampipes-maven-plugin-0.92.0-SNAPSHOT-javadoc.jar
[INFO] 
[INFO] >>> maven-source-plugin:3.2.1:jar (attach-sources) > generate-sources @ streampipes-maven-plugin >>>
[INFO] 
[INFO] --- maven-enforcer-plugin:3.1.0:enforce (enforce-maven-version) @ streampipes-maven-plugin ---
[INFO] 
[INFO] --- maven-enforcer-plugin:3.1.0:enforce (enforce-java-version) @ streampipes-maven-plugin ---
[INFO] 
[INFO] --- maven-enforcer-plugin:3.1.0:enforce (check-at-least-java-17) @ streampipes-maven-plugin ---
[INFO] 
[INFO] --- maven-enforcer-plugin:3.1.0:enforce (enforce-version-convergence) @ streampipes-maven-plugin ---
[INFO] 
[INFO] --- maven-checkstyle-plugin:3.2.1:check (validate) @ streampipes-maven-plugin ---
[INFO] 
[INFO] <<< maven-source-plugin:3.2.1:jar (attach-sources) < generate-sources @ streampipes-maven-plugin <<<
[INFO] 
[INFO] 
[INFO] --- maven-source-plugin:3.2.1:jar (attach-sources) @ streampipes-maven-plugin ---
[INFO] Building jar: /Users/arian/edu/kth/softfund_dd2480/assignment4/DD2480-Assignment-4/streampipes-maven-plugin/target/streampipes-maven-plugin-0.92.0-SNAPSHOT-sources.jar
[INFO] 
[INFO] -----------< org.apache.streampipes:streampipes-extensions >------------
[INFO] Building streampipes-extensions 0.92.0-SNAPSHOT                  [53/94]
[INFO] --------------------------------[ pom ]---------------------------------
[INFO] 
[INFO] --- maven-clean-plugin:3.2.0:clean (default-clean) @ streampipes-extensions ---
[INFO] 
[INFO] --- maven-enforcer-plugin:3.1.0:enforce (enforce-maven-version) @ streampipes-extensions ---
[INFO] 
[INFO] --- maven-enforcer-plugin:3.1.0:enforce (enforce-java-version) @ streampipes-extensions ---
[INFO] 
[INFO] --- maven-enforcer-plugin:3.1.0:enforce (check-at-least-java-17) @ streampipes-extensions ---
[INFO] 
[INFO] --- maven-enforcer-plugin:3.1.0:enforce (enforce-version-convergence) @ streampipes-extensions ---
[INFO] 
[INFO] --- maven-remote-resources-plugin:1.7.0:process (process-resource-bundles) @ streampipes-extensions ---
[INFO] Preparing remote bundle org.apache:apache-jar-resource-bundle:1.4
[INFO] Copying 3 resources from 1 bundle.
[INFO] 
[INFO] --- maven-site-plugin:3.12.1:attach-descriptor (attach-descriptor) @ streampipes-extensions ---
[INFO] No site descriptor found: nothing to attach.
[INFO] 
[INFO] --- maven-javadoc-plugin:3.4.1:jar (attach-javadocs) @ streampipes-extensions ---
[INFO] Not executing Javadoc as the project is not a Java classpath-capable package
[INFO] 
[INFO] >>> maven-source-plugin:3.0.1:jar (attach-sources) > generate-sources @ streampipes-extensions >>>
[INFO] 
[INFO] --- maven-enforcer-plugin:3.1.0:enforce (enforce-maven-version) @ streampipes-extensions ---
[INFO] 
[INFO] --- maven-enforcer-plugin:3.1.0:enforce (enforce-java-version) @ streampipes-extensions ---
[INFO] 
[INFO] --- maven-enforcer-plugin:3.1.0:enforce (check-at-least-java-17) @ streampipes-extensions ---
[INFO] 
[INFO] --- maven-enforcer-plugin:3.1.0:enforce (enforce-version-convergence) @ streampipes-extensions ---
[INFO] 
[INFO] <<< maven-source-plugin:3.0.1:jar (attach-sources) < generate-sources @ streampipes-extensions <<<
[INFO] 
[INFO] 
[INFO] --- maven-source-plugin:3.0.1:jar (attach-sources) @ streampipes-extensions ---
[INFO] 
[INFO] ----< org.apache.streampipes:streampipes-pipeline-elements-shared >-----
[INFO] Building streampipes-pipeline-elements-shared 0.92.0-SNAPSHOT    [54/94]
[INFO] --------------------------------[ jar ]---------------------------------
[INFO] 
[INFO] --- maven-clean-plugin:3.2.0:clean (default-clean) @ streampipes-pipeline-elements-shared ---
[INFO] Deleting /Users/arian/edu/kth/softfund_dd2480/assignment4/DD2480-Assignment-4/streampipes-extensions/streampipes-pipeline-elements-shared/target
[INFO] 
[INFO] --- maven-enforcer-plugin:3.1.0:enforce (enforce-maven-version) @ streampipes-pipeline-elements-shared ---
[INFO] 
[INFO] --- maven-enforcer-plugin:3.1.0:enforce (enforce-java-version) @ streampipes-pipeline-elements-shared ---
[INFO] 
[INFO] --- maven-enforcer-plugin:3.1.0:enforce (check-at-least-java-17) @ streampipes-pipeline-elements-shared ---
[INFO] 
[INFO] --- maven-enforcer-plugin:3.1.0:enforce (enforce-version-convergence) @ streampipes-pipeline-elements-shared ---
[INFO] 
[INFO] --- maven-checkstyle-plugin:3.2.1:check (validate) @ streampipes-pipeline-elements-shared ---
[INFO] 
[INFO] --- maven-remote-resources-plugin:1.7.0:process (process-resource-bundles) @ streampipes-pipeline-elements-shared ---
[INFO] Preparing remote bundle org.apache:apache-jar-resource-bundle:1.4
[INFO] Copying 3 resources from 1 bundle.
[INFO] 
[INFO] --- maven-resources-plugin:3.3.0:resources (default-resources) @ streampipes-pipeline-elements-shared ---
[INFO] skip non existing resourceDirectory /Users/arian/edu/kth/softfund_dd2480/assignment4/DD2480-Assignment-4/streampipes-extensions/streampipes-pipeline-elements-shared/src/main/resources
[INFO] Copying 3 resources
[INFO] 
[INFO] --- maven-compiler-plugin:3.10.1:compile (default-compile) @ streampipes-pipeline-elements-shared ---
[INFO] Changes detected - recompiling the module!
[INFO] Compiling 9 source files to /Users/arian/edu/kth/softfund_dd2480/assignment4/DD2480-Assignment-4/streampipes-extensions/streampipes-pipeline-elements-shared/target/classes
[INFO] 
[INFO] --- maven-resources-plugin:3.3.0:testResources (default-testResources) @ streampipes-pipeline-elements-shared ---
[INFO] skip non existing resourceDirectory /Users/arian/edu/kth/softfund_dd2480/assignment4/DD2480-Assignment-4/streampipes-extensions/streampipes-pipeline-elements-shared/src/test/resources
[INFO] Copying 3 resources
[INFO] 
[INFO] --- maven-compiler-plugin:3.10.1:testCompile (default-testCompile) @ streampipes-pipeline-elements-shared ---
[INFO] No sources to compile
[INFO] 
[INFO] --- maven-surefire-plugin:2.22.2:test (default-test) @ streampipes-pipeline-elements-shared ---
[INFO] 
[INFO] --- maven-jar-plugin:3.3.0:jar (default-jar) @ streampipes-pipeline-elements-shared ---
[INFO] Building jar: /Users/arian/edu/kth/softfund_dd2480/assignment4/DD2480-Assignment-4/streampipes-extensions/streampipes-pipeline-elements-shared/target/streampipes-pipeline-elements-shared-0.92.0-SNAPSHOT.jar
[INFO] 
[INFO] --- maven-site-plugin:3.12.1:attach-descriptor (attach-descriptor) @ streampipes-pipeline-elements-shared ---
[INFO] Skipping because packaging 'jar' is not pom.
[INFO] 
[INFO] --- maven-javadoc-plugin:3.4.1:jar (attach-javadocs) @ streampipes-pipeline-elements-shared ---
[INFO] No previous run data found, generating javadoc.
[INFO] Building jar: /Users/arian/edu/kth/softfund_dd2480/assignment4/DD2480-Assignment-4/streampipes-extensions/streampipes-pipeline-elements-shared/target/streampipes-pipeline-elements-shared-0.92.0-SNAPSHOT-javadoc.jar
[INFO] 
[INFO] >>> maven-source-plugin:3.0.1:jar (attach-sources) > generate-sources @ streampipes-pipeline-elements-shared >>>
[INFO] 
[INFO] --- maven-enforcer-plugin:3.1.0:enforce (enforce-maven-version) @ streampipes-pipeline-elements-shared ---
[INFO] 
[INFO] --- maven-enforcer-plugin:3.1.0:enforce (enforce-java-version) @ streampipes-pipeline-elements-shared ---
[INFO] 
[INFO] --- maven-enforcer-plugin:3.1.0:enforce (check-at-least-java-17) @ streampipes-pipeline-elements-shared ---
[INFO] 
[INFO] --- maven-enforcer-plugin:3.1.0:enforce (enforce-version-convergence) @ streampipes-pipeline-elements-shared ---
[INFO] 
[INFO] --- maven-checkstyle-plugin:3.2.1:check (validate) @ streampipes-pipeline-elements-shared ---
[INFO] 
[INFO] <<< maven-source-plugin:3.0.1:jar (attach-sources) < generate-sources @ streampipes-pipeline-elements-shared <<<
[INFO] 
[INFO] 
[INFO] --- maven-source-plugin:3.0.1:jar (attach-sources) @ streampipes-pipeline-elements-shared ---
[INFO] Building jar: /Users/arian/edu/kth/softfund_dd2480/assignment4/DD2480-Assignment-4/streampipes-extensions/streampipes-pipeline-elements-shared/target/streampipes-pipeline-elements-shared-0.92.0-SNAPSHOT-sources.jar
[INFO] 
[INFO] --------< org.apache.streampipes:streampipes-connect-adapters >---------
[INFO] Building streampipes-connect-adapters 0.92.0-SNAPSHOT            [55/94]
[INFO] --------------------------------[ jar ]---------------------------------
[INFO] 
[INFO] --- maven-clean-plugin:3.2.0:clean (default-clean) @ streampipes-connect-adapters ---
[INFO] Deleting /Users/arian/edu/kth/softfund_dd2480/assignment4/DD2480-Assignment-4/streampipes-extensions/streampipes-connect-adapters/target
[INFO] 
[INFO] --- maven-enforcer-plugin:3.1.0:enforce (enforce-maven-version) @ streampipes-connect-adapters ---
[INFO] 
[INFO] --- maven-enforcer-plugin:3.1.0:enforce (enforce-java-version) @ streampipes-connect-adapters ---
[INFO] 
[INFO] --- maven-enforcer-plugin:3.1.0:enforce (check-at-least-java-17) @ streampipes-connect-adapters ---
[INFO] 
[INFO] --- maven-enforcer-plugin:3.1.0:enforce (enforce-version-convergence) @ streampipes-connect-adapters ---
[INFO] 
[INFO] --- maven-checkstyle-plugin:3.2.1:check (validate) @ streampipes-connect-adapters ---
[INFO] 
[INFO] --- maven-remote-resources-plugin:1.7.0:process (process-resource-bundles) @ streampipes-connect-adapters ---
[INFO] Preparing remote bundle org.apache:apache-jar-resource-bundle:1.4
[INFO] Copying 3 resources from 1 bundle.
[INFO] 
[INFO] --- maven-resources-plugin:3.3.0:resources (default-resources) @ streampipes-connect-adapters ---
[INFO] Copying 51 resources
[INFO] Copying 3 resources
[INFO] 
[INFO] --- maven-compiler-plugin:3.10.1:compile (default-compile) @ streampipes-connect-adapters ---
[INFO] Changes detected - recompiling the module!
[INFO] Compiling 60 source files to /Users/arian/edu/kth/softfund_dd2480/assignment4/DD2480-Assignment-4/streampipes-extensions/streampipes-connect-adapters/target/classes
[INFO] /Users/arian/edu/kth/softfund_dd2480/assignment4/DD2480-Assignment-4/streampipes-extensions/streampipes-connect-adapters/src/main/java/org/apache/streampipes/connect/adapters/slack/SlackAdapter.java: Some input files use or override a deprecated API.
[INFO] /Users/arian/edu/kth/softfund_dd2480/assignment4/DD2480-Assignment-4/streampipes-extensions/streampipes-connect-adapters/src/main/java/org/apache/streampipes/connect/adapters/slack/SlackAdapter.java: Recompile with -Xlint:deprecation for details.
[INFO] /Users/arian/edu/kth/softfund_dd2480/assignment4/DD2480-Assignment-4/streampipes-extensions/streampipes-connect-adapters/src/main/java/org/apache/streampipes/connect/adapters/slack/SlackAdapter.java: Some input files use or override a deprecated API that is marked for removal.
[INFO] /Users/arian/edu/kth/softfund_dd2480/assignment4/DD2480-Assignment-4/streampipes-extensions/streampipes-connect-adapters/src/main/java/org/apache/streampipes/connect/adapters/slack/SlackAdapter.java: Recompile with -Xlint:removal for details.
[INFO] /Users/arian/edu/kth/softfund_dd2480/assignment4/DD2480-Assignment-4/streampipes-extensions/streampipes-connect-adapters/src/main/java/org/apache/streampipes/connect/adapters/slack/SlackAdapter.java: Some input files use unchecked or unsafe operations.
[INFO] /Users/arian/edu/kth/softfund_dd2480/assignment4/DD2480-Assignment-4/streampipes-extensions/streampipes-connect-adapters/src/main/java/org/apache/streampipes/connect/adapters/slack/SlackAdapter.java: Recompile with -Xlint:unchecked for details.
[INFO] 
[INFO] --- maven-resources-plugin:3.3.0:testResources (default-testResources) @ streampipes-connect-adapters ---
[INFO] skip non existing resourceDirectory /Users/arian/edu/kth/softfund_dd2480/assignment4/DD2480-Assignment-4/streampipes-extensions/streampipes-connect-adapters/src/test/resources
[INFO] Copying 3 resources
[INFO] 
[INFO] --- maven-compiler-plugin:3.10.1:testCompile (default-testCompile) @ streampipes-connect-adapters ---
[INFO] Changes detected - recompiling the module!
[INFO] Compiling 10 source files to /Users/arian/edu/kth/softfund_dd2480/assignment4/DD2480-Assignment-4/streampipes-extensions/streampipes-connect-adapters/target/test-classes
[INFO] /Users/arian/edu/kth/softfund_dd2480/assignment4/DD2480-Assignment-4/streampipes-extensions/streampipes-connect-adapters/src/test/java/org/apache/streampipes/connect/adapters/generic/elements/AddTimestampTest.java: Some input files use unchecked or unsafe operations.
[INFO] /Users/arian/edu/kth/softfund_dd2480/assignment4/DD2480-Assignment-4/streampipes-extensions/streampipes-connect-adapters/src/test/java/org/apache/streampipes/connect/adapters/generic/elements/AddTimestampTest.java: Recompile with -Xlint:unchecked for details.
[INFO] 
[INFO] --- maven-surefire-plugin:2.22.2:test (default-test) @ streampipes-connect-adapters ---
[INFO] 
[INFO] -------------------------------------------------------
[INFO]  T E S T S
[INFO] -------------------------------------------------------
[INFO] Running org.apache.streampipes.connect.adapters.sensemap.SensorNamesTest
[INFO] Tests run: 2, Failures: 0, Errors: 0, Skipped: 0, Time elapsed: 0.059 s - in org.apache.streampipes.connect.adapters.sensemap.SensorNamesTest
[INFO] Running org.apache.streampipes.connect.adapters.generic.UtilTest
[INFO] Tests run: 2, Failures: 0, Errors: 0, Skipped: 0, Time elapsed: 0.008 s - in org.apache.streampipes.connect.adapters.generic.UtilTest
[INFO] Running org.apache.streampipes.connect.adapters.generic.elements.AddTimestampTest
[INFO] Tests run: 1, Failures: 0, Errors: 0, Skipped: 0, Time elapsed: 0 s - in org.apache.streampipes.connect.adapters.generic.elements.AddTimestampTest
[INFO] Running org.apache.streampipes.connect.adapters.generic.elements.DuplicateFilterTest
[INFO] Tests run: 2, Failures: 0, Errors: 0, Skipped: 0, Time elapsed: 0 s - in org.apache.streampipes.connect.adapters.generic.elements.DuplicateFilterTest
[INFO] Running org.apache.streampipes.connect.adapters.ti.TISensorTagTest
[INFO] Tests run: 1, Failures: 0, Errors: 0, Skipped: 0, Time elapsed: 0 s - in org.apache.streampipes.connect.adapters.ti.TISensorTagTest
[INFO] 
[INFO] Results:
[INFO] 
[INFO] Tests run: 8, Failures: 0, Errors: 0, Skipped: 0
[INFO] 
[INFO] 
[INFO] --- maven-jar-plugin:3.3.0:jar (default-jar) @ streampipes-connect-adapters ---
[INFO] Building jar: /Users/arian/edu/kth/softfund_dd2480/assignment4/DD2480-Assignment-4/streampipes-extensions/streampipes-connect-adapters/target/streampipes-connect-adapters.jar
[INFO] 
[INFO] --- maven-site-plugin:3.12.1:attach-descriptor (attach-descriptor) @ streampipes-connect-adapters ---
[INFO] Skipping because packaging 'jar' is not pom.
[INFO] 
[INFO] --- maven-javadoc-plugin:3.4.1:jar (attach-javadocs) @ streampipes-connect-adapters ---
[INFO] No previous run data found, generating javadoc.
[INFO] Building jar: /Users/arian/edu/kth/softfund_dd2480/assignment4/DD2480-Assignment-4/streampipes-extensions/streampipes-connect-adapters/target/streampipes-connect-adapters-javadoc.jar
[INFO] 
[INFO] >>> maven-source-plugin:3.0.1:jar (attach-sources) > generate-sources @ streampipes-connect-adapters >>>
[INFO] 
[INFO] --- maven-enforcer-plugin:3.1.0:enforce (enforce-maven-version) @ streampipes-connect-adapters ---
[INFO] 
[INFO] --- maven-enforcer-plugin:3.1.0:enforce (enforce-java-version) @ streampipes-connect-adapters ---
[INFO] 
[INFO] --- maven-enforcer-plugin:3.1.0:enforce (check-at-least-java-17) @ streampipes-connect-adapters ---
[INFO] 
[INFO] --- maven-enforcer-plugin:3.1.0:enforce (enforce-version-convergence) @ streampipes-connect-adapters ---
[INFO] 
[INFO] --- maven-checkstyle-plugin:3.2.1:check (validate) @ streampipes-connect-adapters ---
[INFO] 
[INFO] <<< maven-source-plugin:3.0.1:jar (attach-sources) < generate-sources @ streampipes-connect-adapters <<<
[INFO] 
[INFO] 
[INFO] --- maven-source-plugin:3.0.1:jar (attach-sources) @ streampipes-connect-adapters ---
[INFO] Building jar: /Users/arian/edu/kth/softfund_dd2480/assignment4/DD2480-Assignment-4/streampipes-extensions/streampipes-connect-adapters/target/streampipes-connect-adapters-sources.jar
[INFO] 
[INFO] --- maven-jar-plugin:3.3.0:jar (default) @ streampipes-connect-adapters ---
[INFO] Building jar: /Users/arian/edu/kth/softfund_dd2480/assignment4/DD2480-Assignment-4/streampipes-extensions/streampipes-connect-adapters/target/streampipes-connect-adapters-embed.jar
[INFO] 
[INFO] --- spring-boot-maven-plugin:3.0.1:repackage (default) @ streampipes-connect-adapters ---
[INFO] Replacing main artifact with repackaged archive
[INFO] 
[INFO] ------< org.apache.streampipes:streampipes-connect-adapters-iiot >------
[INFO] Building streampipes-connect-adapters-iiot 0.92.0-SNAPSHOT       [56/94]
[INFO] --------------------------------[ jar ]---------------------------------
[INFO] 
[INFO] --- maven-clean-plugin:3.2.0:clean (default-clean) @ streampipes-connect-adapters-iiot ---
[INFO] Deleting /Users/arian/edu/kth/softfund_dd2480/assignment4/DD2480-Assignment-4/streampipes-extensions/streampipes-connect-adapters-iiot/target
[INFO] 
[INFO] --- maven-enforcer-plugin:3.1.0:enforce (enforce-maven-version) @ streampipes-connect-adapters-iiot ---
[INFO] 
[INFO] --- maven-enforcer-plugin:3.1.0:enforce (enforce-java-version) @ streampipes-connect-adapters-iiot ---
[INFO] 
[INFO] --- maven-enforcer-plugin:3.1.0:enforce (check-at-least-java-17) @ streampipes-connect-adapters-iiot ---
[INFO] 
[INFO] --- maven-enforcer-plugin:3.1.0:enforce (enforce-version-convergence) @ streampipes-connect-adapters-iiot ---
[INFO] 
[INFO] --- maven-checkstyle-plugin:3.2.1:check (validate) @ streampipes-connect-adapters-iiot ---
[INFO] 
[INFO] --- maven-remote-resources-plugin:1.7.0:process (process-resource-bundles) @ streampipes-connect-adapters-iiot ---
[INFO] Preparing remote bundle org.apache:apache-jar-resource-bundle:1.4
[INFO] Copying 3 resources from 1 bundle.
[INFO] 
[INFO] --- maven-resources-plugin:3.3.0:resources (default-resources) @ streampipes-connect-adapters-iiot ---
[INFO] Copying 54 resources
[INFO] Copying 3 resources
[INFO] 
[INFO] --- maven-compiler-plugin:3.10.1:compile (default-compile) @ streampipes-connect-adapters-iiot ---
[INFO] Changes detected - recompiling the module!
[INFO] Compiling 42 source files to /Users/arian/edu/kth/softfund_dd2480/assignment4/DD2480-Assignment-4/streampipes-extensions/streampipes-connect-adapters-iiot/target/classes
[INFO] /Users/arian/edu/kth/softfund_dd2480/assignment4/DD2480-Assignment-4/streampipes-extensions/streampipes-connect-adapters-iiot/src/main/java/org/apache/streampipes/connect/iiot/protocol/stream/TubeMQProtocol.java: Some input files use or override a deprecated API.
[INFO] /Users/arian/edu/kth/softfund_dd2480/assignment4/DD2480-Assignment-4/streampipes-extensions/streampipes-connect-adapters-iiot/src/main/java/org/apache/streampipes/connect/iiot/protocol/stream/TubeMQProtocol.java: Recompile with -Xlint:deprecation for details.
[INFO] /Users/arian/edu/kth/softfund_dd2480/assignment4/DD2480-Assignment-4/streampipes-extensions/streampipes-connect-adapters-iiot/src/main/java/org/apache/streampipes/connect/iiot/adapters/opcua/OpcUaAdapter.java: Some input files use unchecked or unsafe operations.
[INFO] /Users/arian/edu/kth/softfund_dd2480/assignment4/DD2480-Assignment-4/streampipes-extensions/streampipes-connect-adapters-iiot/src/main/java/org/apache/streampipes/connect/iiot/adapters/opcua/OpcUaAdapter.java: Recompile with -Xlint:unchecked for details.
[INFO] 
[INFO] --- maven-resources-plugin:3.3.0:testResources (default-testResources) @ streampipes-connect-adapters-iiot ---
[INFO] skip non existing resourceDirectory /Users/arian/edu/kth/softfund_dd2480/assignment4/DD2480-Assignment-4/streampipes-extensions/streampipes-connect-adapters-iiot/src/test/resources
[INFO] Copying 3 resources
[INFO] 
[INFO] --- maven-compiler-plugin:3.10.1:testCompile (default-testCompile) @ streampipes-connect-adapters-iiot ---
[INFO] No sources to compile
[INFO] 
[INFO] --- maven-surefire-plugin:2.22.2:test (default-test) @ streampipes-connect-adapters-iiot ---
[INFO] 
[INFO] --- maven-jar-plugin:3.3.0:jar (default-jar) @ streampipes-connect-adapters-iiot ---
[INFO] Building jar: /Users/arian/edu/kth/softfund_dd2480/assignment4/DD2480-Assignment-4/streampipes-extensions/streampipes-connect-adapters-iiot/target/streampipes-connect-adapters-iiot.jar
[INFO] 
[INFO] --- maven-site-plugin:3.12.1:attach-descriptor (attach-descriptor) @ streampipes-connect-adapters-iiot ---
[INFO] Skipping because packaging 'jar' is not pom.
[INFO] 
[INFO] --- maven-javadoc-plugin:3.4.1:jar (attach-javadocs) @ streampipes-connect-adapters-iiot ---
[INFO] No previous run data found, generating javadoc.
[ERROR] MavenReportException: Error while generating Javadoc: 
Exit code: 1 - Loading source files for package org.apache.streampipes.connect.iiot.utils...
Loading source files for package org.apache.streampipes.connect.iiot.protocol.stream...
Loading source files for package org.apache.streampipes.connect.iiot.protocol.stream.pulsar...
Loading source files for package org.apache.streampipes.connect.iiot.protocol.stream.rocketmq...
Loading source files for package org.apache.streampipes.connect.iiot.protocol.set...
Loading source files for package org.apache.streampipes.connect.iiot.adapters.ros...
Loading source files for package org.apache.streampipes.connect.iiot.adapters.opcua.configuration...
Loading source files for package org.apache.streampipes.connect.iiot.adapters.opcua...
Loading source files for package org.apache.streampipes.connect.iiot.adapters.opcua.utils...
Loading source files for package org.apache.streampipes.connect.iiot.adapters...
Loading source files for package org.apache.streampipes.connect.iiot.adapters.simulator.machine...
Loading source files for package org.apache.streampipes.connect.iiot.adapters.plc4x.passive...
Loading source files for package org.apache.streampipes.connect.iiot.adapters.plc4x.s7...
Loading source files for package org.apache.streampipes.connect.iiot.adapters.plc4x.modbus...
Loading source files for package org.apache.streampipes.connect.iiot...
/Users/arian/edu/kth/softfund_dd2480/assignment4/DD2480-Assignment-4/streampipes-extensions/streampipes-connect-adapters-iiot/src/main/java/org/apache/streampipes/connect/iiot/protocol/stream/FileStreamProtocol.java:267: error: switch expressions are not supported in -source 11
    var speedUp = switch (speedUpAlternative) {
                  ^
  (use -source 14 or higher to enable switch expressions)
/Users/arian/edu/kth/softfund_dd2480/assignment4/DD2480-Assignment-4/streampipes-extensions/streampipes-connect-adapters-iiot/src/main/java/org/apache/streampipes/connect/iiot/protocol/stream/FileStreamProtocol.java:268: error: switch rules are not supported in -source 11
      case FASTEST -> Float.MAX_VALUE;
                   ^
  (use -source 14 or higher to enable switch rules)
2 errors

Command line was: /usr/local/Cellar/openjdk/19.0.2/libexec/openjdk.jdk/Contents/Home/bin/javadoc -Xdoclint:none @options @packages

Refer to the generated Javadoc files in '/Users/arian/edu/kth/softfund_dd2480/assignment4/DD2480-Assignment-4/streampipes-extensions/streampipes-connect-adapters-iiot/target/apidocs' dir.

org.apache.maven.reporting.MavenReportException: 
Exit code: 1 - Loading source files for package org.apache.streampipes.connect.iiot.utils...
Loading source files for package org.apache.streampipes.connect.iiot.protocol.stream...
Loading source files for package org.apache.streampipes.connect.iiot.protocol.stream.pulsar...
Loading source files for package org.apache.streampipes.connect.iiot.protocol.stream.rocketmq...
Loading source files for package org.apache.streampipes.connect.iiot.protocol.set...
Loading source files for package org.apache.streampipes.connect.iiot.adapters.ros...
Loading source files for package org.apache.streampipes.connect.iiot.adapters.opcua.configuration...
Loading source files for package org.apache.streampipes.connect.iiot.adapters.opcua...
Loading source files for package org.apache.streampipes.connect.iiot.adapters.opcua.utils...
Loading source files for package org.apache.streampipes.connect.iiot.adapters...
Loading source files for package org.apache.streampipes.connect.iiot.adapters.simulator.machine...
Loading source files for package org.apache.streampipes.connect.iiot.adapters.plc4x.passive...
Loading source files for package org.apache.streampipes.connect.iiot.adapters.plc4x.s7...
Loading source files for package org.apache.streampipes.connect.iiot.adapters.plc4x.modbus...
Loading source files for package org.apache.streampipes.connect.iiot...
/Users/arian/edu/kth/softfund_dd2480/assignment4/DD2480-Assignment-4/streampipes-extensions/streampipes-connect-adapters-iiot/src/main/java/org/apache/streampipes/connect/iiot/protocol/stream/FileStreamProtocol.java:267: error: switch expressions are not supported in -source 11
    var speedUp = switch (speedUpAlternative) {
                  ^
  (use -source 14 or higher to enable switch expressions)
/Users/arian/edu/kth/softfund_dd2480/assignment4/DD2480-Assignment-4/streampipes-extensions/streampipes-connect-adapters-iiot/src/main/java/org/apache/streampipes/connect/iiot/protocol/stream/FileStreamProtocol.java:268: error: switch rules are not supported in -source 11
      case FASTEST -> Float.MAX_VALUE;
                   ^
  (use -source 14 or higher to enable switch rules)
2 errors

Command line was: /usr/local/Cellar/openjdk/19.0.2/libexec/openjdk.jdk/Contents/Home/bin/javadoc -Xdoclint:none @options @packages

Refer to the generated Javadoc files in '/Users/arian/edu/kth/softfund_dd2480/assignment4/DD2480-Assignment-4/streampipes-extensions/streampipes-connect-adapters-iiot/target/apidocs' dir.

    at org.apache.maven.plugins.javadoc.AbstractJavadocMojo.doExecuteJavadocCommandLine (AbstractJavadocMojo.java:6092)
    at org.apache.maven.plugins.javadoc.AbstractJavadocMojo.executeJavadocCommandLine (AbstractJavadocMojo.java:5968)
    at org.apache.maven.plugins.javadoc.AbstractJavadocMojo.executeReport (AbstractJavadocMojo.java:2277)
    at org.apache.maven.plugins.javadoc.JavadocJar.doExecute (JavadocJar.java:189)
    at org.apache.maven.plugins.javadoc.AbstractJavadocMojo.execute (AbstractJavadocMojo.java:2034)
    at org.apache.maven.plugin.DefaultBuildPluginManager.executeMojo (DefaultBuildPluginManager.java:137)
    at org.apache.maven.lifecycle.internal.MojoExecutor.doExecute2 (MojoExecutor.java:370)
    at org.apache.maven.lifecycle.internal.MojoExecutor.doExecute (MojoExecutor.java:351)
    at org.apache.maven.lifecycle.internal.MojoExecutor.execute (MojoExecutor.java:215)
    at org.apache.maven.lifecycle.internal.MojoExecutor.execute (MojoExecutor.java:171)
    at org.apache.maven.lifecycle.internal.MojoExecutor.execute (MojoExecutor.java:163)
    at org.apache.maven.lifecycle.internal.LifecycleModuleBuilder.buildProject (LifecycleModuleBuilder.java:117)
    at org.apache.maven.lifecycle.internal.LifecycleModuleBuilder.buildProject (LifecycleModuleBuilder.java:81)
    at org.apache.maven.lifecycle.internal.builder.singlethreaded.SingleThreadedBuilder.build (SingleThreadedBuilder.java:56)
    at org.apache.maven.lifecycle.internal.LifecycleStarter.execute (LifecycleStarter.java:128)
    at org.apache.maven.DefaultMaven.doExecute (DefaultMaven.java:298)
    at org.apache.maven.DefaultMaven.doExecute (DefaultMaven.java:192)
    at org.apache.maven.DefaultMaven.execute (DefaultMaven.java:105)
    at org.apache.maven.cli.MavenCli.execute (MavenCli.java:960)
    at org.apache.maven.cli.MavenCli.doMain (MavenCli.java:293)
    at org.apache.maven.cli.MavenCli.main (MavenCli.java:196)
    at jdk.internal.reflect.DirectMethodHandleAccessor.invoke (DirectMethodHandleAccessor.java:104)
    at java.lang.reflect.Method.invoke (Method.java:578)
    at org.codehaus.plexus.classworlds.launcher.Launcher.launchEnhanced (Launcher.java:282)
    at org.codehaus.plexus.classworlds.launcher.Launcher.launch (Launcher.java:225)
    at org.codehaus.plexus.classworlds.launcher.Launcher.mainWithExitCode (Launcher.java:406)
    at org.codehaus.plexus.classworlds.launcher.Launcher.main (Launcher.java:347)
[INFO] Building jar: /Users/arian/edu/kth/softfund_dd2480/assignment4/DD2480-Assignment-4/streampipes-extensions/streampipes-connect-adapters-iiot/target/streampipes-connect-adapters-iiot-javadoc.jar
[INFO] 
[INFO] >>> maven-source-plugin:3.0.1:jar (attach-sources) > generate-sources @ streampipes-connect-adapters-iiot >>>
[INFO] 
[INFO] --- maven-enforcer-plugin:3.1.0:enforce (enforce-maven-version) @ streampipes-connect-adapters-iiot ---
[INFO] 
[INFO] --- maven-enforcer-plugin:3.1.0:enforce (enforce-java-version) @ streampipes-connect-adapters-iiot ---
[INFO] 
[INFO] --- maven-enforcer-plugin:3.1.0:enforce (check-at-least-java-17) @ streampipes-connect-adapters-iiot ---
[INFO] 
[INFO] --- maven-enforcer-plugin:3.1.0:enforce (enforce-version-convergence) @ streampipes-connect-adapters-iiot ---
[INFO] 
[INFO] --- maven-checkstyle-plugin:3.2.1:check (validate) @ streampipes-connect-adapters-iiot ---
[INFO] 
[INFO] <<< maven-source-plugin:3.0.1:jar (attach-sources) < generate-sources @ streampipes-connect-adapters-iiot <<<
[INFO] 
[INFO] 
[INFO] --- maven-source-plugin:3.0.1:jar (attach-sources) @ streampipes-connect-adapters-iiot ---
[INFO] Building jar: /Users/arian/edu/kth/softfund_dd2480/assignment4/DD2480-Assignment-4/streampipes-extensions/streampipes-connect-adapters-iiot/target/streampipes-connect-adapters-iiot-sources.jar
[INFO] 
[INFO] --- maven-jar-plugin:3.3.0:jar (default) @ streampipes-connect-adapters-iiot ---
[INFO] Building jar: /Users/arian/edu/kth/softfund_dd2480/assignment4/DD2480-Assignment-4/streampipes-extensions/streampipes-connect-adapters-iiot/target/streampipes-connect-adapters-iiot-embed.jar
[INFO] 
[INFO] --- spring-boot-maven-plugin:3.0.1:repackage (default) @ streampipes-connect-adapters-iiot ---
[INFO] Replacing main artifact with repackaged archive
[INFO] 
[INFO] -----------< org.apache.streampipes:streampipes-sdk-bundle >------------
[INFO] Building streampipes-sdk-bundle 0.92.0-SNAPSHOT                  [57/94]
[INFO] --------------------------------[ jar ]---------------------------------
[INFO] 
[INFO] --- maven-clean-plugin:3.2.0:clean (default-clean) @ streampipes-sdk-bundle ---
[INFO] 
[INFO] --- maven-enforcer-plugin:3.1.0:enforce (enforce-maven-version) @ streampipes-sdk-bundle ---
[INFO] 
[INFO] --- maven-enforcer-plugin:3.1.0:enforce (enforce-java-version) @ streampipes-sdk-bundle ---
[INFO] 
[INFO] --- maven-enforcer-plugin:3.1.0:enforce (check-at-least-java-17) @ streampipes-sdk-bundle ---
[INFO] 
[INFO] --- maven-enforcer-plugin:3.1.0:enforce (enforce-version-convergence) @ streampipes-sdk-bundle ---
[INFO] 
[INFO] --- maven-checkstyle-plugin:3.2.1:check (validate) @ streampipes-sdk-bundle ---
[INFO] 
[INFO] --- maven-remote-resources-plugin:1.7.0:process (process-resource-bundles) @ streampipes-sdk-bundle ---
[INFO] Preparing remote bundle org.apache:apache-jar-resource-bundle:1.4
[INFO] Copying 3 resources from 1 bundle.
[INFO] 
[INFO] --- maven-resources-plugin:3.3.0:resources (default-resources) @ streampipes-sdk-bundle ---
[INFO] skip non existing resourceDirectory /Users/arian/edu/kth/softfund_dd2480/assignment4/DD2480-Assignment-4/streampipes-sdk-bundle/src/main/resources
[INFO] Copying 3 resources
[INFO] 
[INFO] --- maven-compiler-plugin:3.10.1:compile (default-compile) @ streampipes-sdk-bundle ---
[INFO] No sources to compile
[INFO] 
[INFO] --- maven-resources-plugin:3.3.0:testResources (default-testResources) @ streampipes-sdk-bundle ---
[INFO] skip non existing resourceDirectory /Users/arian/edu/kth/softfund_dd2480/assignment4/DD2480-Assignment-4/streampipes-sdk-bundle/src/test/resources
[INFO] Copying 3 resources
[INFO] 
[INFO] --- maven-compiler-plugin:3.10.1:testCompile (default-testCompile) @ streampipes-sdk-bundle ---
[INFO] No sources to compile
[INFO] 
[INFO] --- maven-surefire-plugin:2.22.2:test (default-test) @ streampipes-sdk-bundle ---
[INFO] 
[INFO] --- maven-jar-plugin:3.3.0:jar (default-jar) @ streampipes-sdk-bundle ---
[INFO] Building jar: /Users/arian/edu/kth/softfund_dd2480/assignment4/DD2480-Assignment-4/streampipes-sdk-bundle/target/streampipes-sdk-bundle-0.92.0-SNAPSHOT.jar
[INFO] 
[INFO] --- maven-site-plugin:3.12.1:attach-descriptor (attach-descriptor) @ streampipes-sdk-bundle ---
[INFO] Skipping because packaging 'jar' is not pom.
[INFO] 
[INFO] --- maven-javadoc-plugin:3.4.1:jar (attach-javadocs) @ streampipes-sdk-bundle ---
[INFO] 
[INFO] >>> maven-source-plugin:3.2.1:jar (attach-sources) > generate-sources @ streampipes-sdk-bundle >>>
[INFO] 
[INFO] --- maven-enforcer-plugin:3.1.0:enforce (enforce-maven-version) @ streampipes-sdk-bundle ---
[INFO] 
[INFO] --- maven-enforcer-plugin:3.1.0:enforce (enforce-java-version) @ streampipes-sdk-bundle ---
[INFO] 
[INFO] --- maven-enforcer-plugin:3.1.0:enforce (check-at-least-java-17) @ streampipes-sdk-bundle ---
[INFO] 
[INFO] --- maven-enforcer-plugin:3.1.0:enforce (enforce-version-convergence) @ streampipes-sdk-bundle ---
[INFO] 
[INFO] --- maven-checkstyle-plugin:3.2.1:check (validate) @ streampipes-sdk-bundle ---
[INFO] 
[INFO] <<< maven-source-plugin:3.2.1:jar (attach-sources) < generate-sources @ streampipes-sdk-bundle <<<
[INFO] 
[INFO] 
[INFO] --- maven-source-plugin:3.2.1:jar (attach-sources) @ streampipes-sdk-bundle ---
[INFO] Building jar: /Users/arian/edu/kth/softfund_dd2480/assignment4/DD2480-Assignment-4/streampipes-sdk-bundle/target/streampipes-sdk-bundle-0.92.0-SNAPSHOT-sources.jar
[INFO] 
[INFO] -------------< org.apache.streampipes:streampipes-wrapper >-------------
[INFO] Building streampipes-wrapper 0.92.0-SNAPSHOT                     [58/94]
[INFO] --------------------------------[ jar ]---------------------------------
[INFO] 
[INFO] --- maven-clean-plugin:3.2.0:clean (default-clean) @ streampipes-wrapper ---
[INFO] Deleting /Users/arian/edu/kth/softfund_dd2480/assignment4/DD2480-Assignment-4/streampipes-wrapper/target
[INFO] 
[INFO] --- maven-enforcer-plugin:3.1.0:enforce (enforce-maven-version) @ streampipes-wrapper ---
[INFO] 
[INFO] --- maven-enforcer-plugin:3.1.0:enforce (enforce-java-version) @ streampipes-wrapper ---
[INFO] 
[INFO] --- maven-enforcer-plugin:3.1.0:enforce (check-at-least-java-17) @ streampipes-wrapper ---
[INFO] 
[INFO] --- maven-enforcer-plugin:3.1.0:enforce (enforce-version-convergence) @ streampipes-wrapper ---
[INFO] 
[INFO] --- maven-checkstyle-plugin:3.2.1:check (validate) @ streampipes-wrapper ---
[INFO] 
[INFO] --- maven-remote-resources-plugin:1.7.0:process (process-resource-bundles) @ streampipes-wrapper ---
[INFO] Preparing remote bundle org.apache:apache-jar-resource-bundle:1.4
[INFO] Copying 3 resources from 1 bundle.
[INFO] 
[INFO] --- maven-resources-plugin:3.3.0:resources (default-resources) @ streampipes-wrapper ---
[INFO] skip non existing resourceDirectory /Users/arian/edu/kth/softfund_dd2480/assignment4/DD2480-Assignment-4/streampipes-wrapper/src/main/resources
[INFO] Copying 3 resources
[INFO] 
[INFO] --- maven-compiler-plugin:3.10.1:compile (default-compile) @ streampipes-wrapper ---
[INFO] Changes detected - recompiling the module!
[INFO] Compiling 27 source files to /Users/arian/edu/kth/softfund_dd2480/assignment4/DD2480-Assignment-4/streampipes-wrapper/target/classes
[INFO] /Users/arian/edu/kth/softfund_dd2480/assignment4/DD2480-Assignment-4/streampipes-wrapper/src/main/java/org/apache/streampipes/wrapper/params/runtime/EventProcessorRuntimeParams.java: Some input files use or override a deprecated API that is marked for removal.
[INFO] /Users/arian/edu/kth/softfund_dd2480/assignment4/DD2480-Assignment-4/streampipes-wrapper/src/main/java/org/apache/streampipes/wrapper/params/runtime/EventProcessorRuntimeParams.java: Recompile with -Xlint:removal for details.
[INFO] 
[INFO] --- maven-resources-plugin:3.3.0:testResources (default-testResources) @ streampipes-wrapper ---
[INFO] skip non existing resourceDirectory /Users/arian/edu/kth/softfund_dd2480/assignment4/DD2480-Assignment-4/streampipes-wrapper/src/test/resources
[INFO] Copying 3 resources
[INFO] 
[INFO] --- maven-compiler-plugin:3.10.1:testCompile (default-testCompile) @ streampipes-wrapper ---
[INFO] No sources to compile
[INFO] 
[INFO] --- maven-surefire-plugin:2.22.2:test (default-test) @ streampipes-wrapper ---
[INFO] 
[INFO] --- maven-jar-plugin:3.3.0:jar (default-jar) @ streampipes-wrapper ---
[INFO] Building jar: /Users/arian/edu/kth/softfund_dd2480/assignment4/DD2480-Assignment-4/streampipes-wrapper/target/streampipes-wrapper-0.92.0-SNAPSHOT.jar
[INFO] 
[INFO] --- maven-site-plugin:3.12.1:attach-descriptor (attach-descriptor) @ streampipes-wrapper ---
[INFO] Skipping because packaging 'jar' is not pom.
[INFO] 
[INFO] --- maven-javadoc-plugin:3.4.1:jar (attach-javadocs) @ streampipes-wrapper ---
[INFO] No previous run data found, generating javadoc.
[INFO] Building jar: /Users/arian/edu/kth/softfund_dd2480/assignment4/DD2480-Assignment-4/streampipes-wrapper/target/streampipes-wrapper-0.92.0-SNAPSHOT-javadoc.jar
[INFO] 
[INFO] >>> maven-source-plugin:3.2.1:jar (attach-sources) > generate-sources @ streampipes-wrapper >>>
[INFO] 
[INFO] --- maven-enforcer-plugin:3.1.0:enforce (enforce-maven-version) @ streampipes-wrapper ---
[INFO] 
[INFO] --- maven-enforcer-plugin:3.1.0:enforce (enforce-java-version) @ streampipes-wrapper ---
[INFO] 
[INFO] --- maven-enforcer-plugin:3.1.0:enforce (check-at-least-java-17) @ streampipes-wrapper ---
[INFO] 
[INFO] --- maven-enforcer-plugin:3.1.0:enforce (enforce-version-convergence) @ streampipes-wrapper ---
[INFO] 
[INFO] --- maven-checkstyle-plugin:3.2.1:check (validate) @ streampipes-wrapper ---
[INFO] 
[INFO] <<< maven-source-plugin:3.2.1:jar (attach-sources) < generate-sources @ streampipes-wrapper <<<
[INFO] 
[INFO] 
[INFO] --- maven-source-plugin:3.2.1:jar (attach-sources) @ streampipes-wrapper ---
[INFO] Building jar: /Users/arian/edu/kth/softfund_dd2480/assignment4/DD2480-Assignment-4/streampipes-wrapper/target/streampipes-wrapper-0.92.0-SNAPSHOT-sources.jar
[INFO] 
[INFO] -------< org.apache.streampipes:streampipes-wrapper-standalone >--------
[INFO] Building StreamPipes Wrapper for Standalone Pipeline Element Implementations 0.92.0-SNAPSHOT [59/94]
[INFO] --------------------------------[ jar ]---------------------------------
[INFO] 
[INFO] --- maven-clean-plugin:3.2.0:clean (default-clean) @ streampipes-wrapper-standalone ---
[INFO] Deleting /Users/arian/edu/kth/softfund_dd2480/assignment4/DD2480-Assignment-4/streampipes-wrapper-standalone/target
[INFO] 
[INFO] --- maven-enforcer-plugin:3.1.0:enforce (enforce-maven-version) @ streampipes-wrapper-standalone ---
[INFO] 
[INFO] --- maven-enforcer-plugin:3.1.0:enforce (enforce-java-version) @ streampipes-wrapper-standalone ---
[INFO] 
[INFO] --- maven-enforcer-plugin:3.1.0:enforce (check-at-least-java-17) @ streampipes-wrapper-standalone ---
[INFO] 
[INFO] --- maven-enforcer-plugin:3.1.0:enforce (enforce-version-convergence) @ streampipes-wrapper-standalone ---
[INFO] 
[INFO] --- maven-checkstyle-plugin:3.2.1:check (validate) @ streampipes-wrapper-standalone ---
[INFO] 
[INFO] --- maven-remote-resources-plugin:1.7.0:process (process-resource-bundles) @ streampipes-wrapper-standalone ---
[INFO] Preparing remote bundle org.apache:apache-jar-resource-bundle:1.4
[INFO] Copying 3 resources from 1 bundle.
[INFO] 
[INFO] --- maven-resources-plugin:3.3.0:resources (default-resources) @ streampipes-wrapper-standalone ---
[INFO] skip non existing resourceDirectory /Users/arian/edu/kth/softfund_dd2480/assignment4/DD2480-Assignment-4/streampipes-wrapper-standalone/src/main/resources
[INFO] Copying 3 resources
[INFO] 
[INFO] --- maven-compiler-plugin:3.10.1:compile (default-compile) @ streampipes-wrapper-standalone ---
[INFO] Changes detected - recompiling the module!
[INFO] Compiling 31 source files to /Users/arian/edu/kth/softfund_dd2480/assignment4/DD2480-Assignment-4/streampipes-wrapper-standalone/target/classes
[INFO] /Users/arian/edu/kth/softfund_dd2480/assignment4/DD2480-Assignment-4/streampipes-wrapper-standalone/src/main/java/org/apache/streampipes/wrapper/standalone/runtime/StandaloneExternalEventProcessorRuntime.java: Some input files use or override a deprecated API that is marked for removal.
[INFO] /Users/arian/edu/kth/softfund_dd2480/assignment4/DD2480-Assignment-4/streampipes-wrapper-standalone/src/main/java/org/apache/streampipes/wrapper/standalone/runtime/StandaloneExternalEventProcessorRuntime.java: Recompile with -Xlint:removal for details.
[INFO] 
[INFO] --- maven-resources-plugin:3.3.0:testResources (default-testResources) @ streampipes-wrapper-standalone ---
[INFO] skip non existing resourceDirectory /Users/arian/edu/kth/softfund_dd2480/assignment4/DD2480-Assignment-4/streampipes-wrapper-standalone/src/test/resources
[INFO] Copying 3 resources
[INFO] 
[INFO] --- maven-compiler-plugin:3.10.1:testCompile (default-testCompile) @ streampipes-wrapper-standalone ---
[INFO] No sources to compile
[INFO] 
[INFO] --- maven-surefire-plugin:2.22.2:test (default-test) @ streampipes-wrapper-standalone ---
[INFO] 
[INFO] --- maven-jar-plugin:3.3.0:jar (default-jar) @ streampipes-wrapper-standalone ---
[INFO] Building jar: /Users/arian/edu/kth/softfund_dd2480/assignment4/DD2480-Assignment-4/streampipes-wrapper-standalone/target/streampipes-wrapper-standalone-0.92.0-SNAPSHOT.jar
[INFO] 
[INFO] --- maven-site-plugin:3.12.1:attach-descriptor (attach-descriptor) @ streampipes-wrapper-standalone ---
[INFO] Skipping because packaging 'jar' is not pom.
[INFO] 
[INFO] --- maven-javadoc-plugin:3.4.1:jar (attach-javadocs) @ streampipes-wrapper-standalone ---
[INFO] No previous run data found, generating javadoc.
[INFO] Building jar: /Users/arian/edu/kth/softfund_dd2480/assignment4/DD2480-Assignment-4/streampipes-wrapper-standalone/target/streampipes-wrapper-standalone-0.92.0-SNAPSHOT-javadoc.jar
[INFO] 
[INFO] >>> maven-source-plugin:3.2.1:jar (attach-sources) > generate-sources @ streampipes-wrapper-standalone >>>
[INFO] 
[INFO] --- maven-enforcer-plugin:3.1.0:enforce (enforce-maven-version) @ streampipes-wrapper-standalone ---
[INFO] 
[INFO] --- maven-enforcer-plugin:3.1.0:enforce (enforce-java-version) @ streampipes-wrapper-standalone ---
[INFO] 
[INFO] --- maven-enforcer-plugin:3.1.0:enforce (check-at-least-java-17) @ streampipes-wrapper-standalone ---
[INFO] 
[INFO] --- maven-enforcer-plugin:3.1.0:enforce (enforce-version-convergence) @ streampipes-wrapper-standalone ---
[INFO] 
[INFO] --- maven-checkstyle-plugin:3.2.1:check (validate) @ streampipes-wrapper-standalone ---
[INFO] 
[INFO] <<< maven-source-plugin:3.2.1:jar (attach-sources) < generate-sources @ streampipes-wrapper-standalone <<<
[INFO] 
[INFO] 
[INFO] --- maven-source-plugin:3.2.1:jar (attach-sources) @ streampipes-wrapper-standalone ---
[INFO] Building jar: /Users/arian/edu/kth/softfund_dd2480/assignment4/DD2480-Assignment-4/streampipes-wrapper-standalone/target/streampipes-wrapper-standalone-0.92.0-SNAPSHOT-sources.jar
[INFO] 
[INFO] -----< org.apache.streampipes:streampipes-processors-filters-jvm >------
[INFO] Building streampipes-processors-filters-jvm 0.92.0-SNAPSHOT      [60/94]
[INFO] --------------------------------[ jar ]---------------------------------
[INFO] 
[INFO] --- maven-clean-plugin:3.2.0:clean (default-clean) @ streampipes-processors-filters-jvm ---
[INFO] Deleting /Users/arian/edu/kth/softfund_dd2480/assignment4/DD2480-Assignment-4/streampipes-extensions/streampipes-processors-filters-jvm/target
[INFO] 
[INFO] --- maven-enforcer-plugin:3.1.0:enforce (enforce-maven-version) @ streampipes-processors-filters-jvm ---
[INFO] 
[INFO] --- maven-enforcer-plugin:3.1.0:enforce (enforce-java-version) @ streampipes-processors-filters-jvm ---
[INFO] 
[INFO] --- maven-enforcer-plugin:3.1.0:enforce (check-at-least-java-17) @ streampipes-processors-filters-jvm ---
[INFO] 
[INFO] --- maven-enforcer-plugin:3.1.0:enforce (enforce-version-convergence) @ streampipes-processors-filters-jvm ---
[INFO] 
[INFO] --- maven-checkstyle-plugin:3.2.1:check (validate) @ streampipes-processors-filters-jvm ---
[INFO] 
[INFO] --- maven-remote-resources-plugin:1.7.0:process (process-resource-bundles) @ streampipes-processors-filters-jvm ---
[INFO] Preparing remote bundle org.apache:apache-jar-resource-bundle:1.4
[INFO] Copying 3 resources from 1 bundle.
[INFO] 
[INFO] --- maven-resources-plugin:3.3.0:resources (default-resources) @ streampipes-processors-filters-jvm ---
[INFO] Copying 40 resources
[INFO] Copying 3 resources
[INFO] 
[INFO] --- maven-compiler-plugin:3.10.1:compile (default-compile) @ streampipes-processors-filters-jvm ---
[INFO] Changes detected - recompiling the module!
[INFO] Compiling 35 source files to /Users/arian/edu/kth/softfund_dd2480/assignment4/DD2480-Assignment-4/streampipes-extensions/streampipes-processors-filters-jvm/target/classes
[INFO] 
[INFO] --- maven-resources-plugin:3.3.0:testResources (default-testResources) @ streampipes-processors-filters-jvm ---
[INFO] skip non existing resourceDirectory /Users/arian/edu/kth/softfund_dd2480/assignment4/DD2480-Assignment-4/streampipes-extensions/streampipes-processors-filters-jvm/src/test/resources
[INFO] Copying 3 resources
[INFO] 
[INFO] --- maven-compiler-plugin:3.10.1:testCompile (default-testCompile) @ streampipes-processors-filters-jvm ---
[INFO] No sources to compile
[INFO] 
[INFO] --- maven-surefire-plugin:2.22.2:test (default-test) @ streampipes-processors-filters-jvm ---
[INFO] 
[INFO] --- maven-jar-plugin:3.3.0:jar (default-jar) @ streampipes-processors-filters-jvm ---
[INFO] Building jar: /Users/arian/edu/kth/softfund_dd2480/assignment4/DD2480-Assignment-4/streampipes-extensions/streampipes-processors-filters-jvm/target/streampipes-processors-filters-jvm-0.92.0-SNAPSHOT.jar
[INFO] 
[INFO] --- maven-site-plugin:3.12.1:attach-descriptor (attach-descriptor) @ streampipes-processors-filters-jvm ---
[INFO] Skipping because packaging 'jar' is not pom.
[INFO] 
[INFO] --- maven-javadoc-plugin:3.4.1:jar (attach-javadocs) @ streampipes-processors-filters-jvm ---
[INFO] The goal 'org.apache.maven.plugins:maven-javadoc-plugin:3.4.1:javadoc' has not been previously called for the module: 'org.apache.streampipes:streampipes-sdk-bundle:jar:0.92.0-SNAPSHOT'. Trying to invoke it...
[ERROR] MavenInvocationException: Error when invoking Maven, consult the invoker log file: /Users/arian/edu/kth/softfund_dd2480/assignment4/DD2480-Assignment-4/streampipes-extensions/streampipes-processors-filters-jvm/target/invoker/maven-javadoc-plugin253824366.txt
[WARNING] Creating fake javadoc directory to prevent repeated invocations: /Users/arian/edu/kth/softfund_dd2480/assignment4/DD2480-Assignment-4/streampipes-sdk-bundle/target/apidocs
[ERROR] Error fetching link: /Users/arian/edu/kth/softfund_dd2480/assignment4/DD2480-Assignment-4/streampipes-sdk-bundle/target/apidocs. Ignored it.
[INFO] No previous run data found, generating javadoc.
[INFO] Building jar: /Users/arian/edu/kth/softfund_dd2480/assignment4/DD2480-Assignment-4/streampipes-extensions/streampipes-processors-filters-jvm/target/streampipes-processors-filters-jvm-0.92.0-SNAPSHOT-javadoc.jar
[INFO] 
[INFO] >>> maven-source-plugin:3.0.1:jar (attach-sources) > generate-sources @ streampipes-processors-filters-jvm >>>
[INFO] 
[INFO] --- maven-enforcer-plugin:3.1.0:enforce (enforce-maven-version) @ streampipes-processors-filters-jvm ---
[INFO] 
[INFO] --- maven-enforcer-plugin:3.1.0:enforce (enforce-java-version) @ streampipes-processors-filters-jvm ---
[INFO] 
[INFO] --- maven-enforcer-plugin:3.1.0:enforce (check-at-least-java-17) @ streampipes-processors-filters-jvm ---
[INFO] 
[INFO] --- maven-enforcer-plugin:3.1.0:enforce (enforce-version-convergence) @ streampipes-processors-filters-jvm ---
[INFO] 
[INFO] --- maven-checkstyle-plugin:3.2.1:check (validate) @ streampipes-processors-filters-jvm ---
[INFO] 
[INFO] <<< maven-source-plugin:3.0.1:jar (attach-sources) < generate-sources @ streampipes-processors-filters-jvm <<<
[INFO] 
[INFO] 
[INFO] --- maven-source-plugin:3.0.1:jar (attach-sources) @ streampipes-processors-filters-jvm ---
[INFO] Building jar: /Users/arian/edu/kth/softfund_dd2480/assignment4/DD2480-Assignment-4/streampipes-extensions/streampipes-processors-filters-jvm/target/streampipes-processors-filters-jvm-0.92.0-SNAPSHOT-sources.jar
[INFO] 
[INFO] --------< org.apache.streampipes:streampipes-connectors-influx >--------
[INFO] Building streampipes-connectors-influx 0.92.0-SNAPSHOT           [61/94]
[INFO] --------------------------------[ jar ]---------------------------------
[INFO] 
[INFO] --- maven-clean-plugin:3.2.0:clean (default-clean) @ streampipes-connectors-influx ---
[INFO] Deleting /Users/arian/edu/kth/softfund_dd2480/assignment4/DD2480-Assignment-4/streampipes-extensions/streampipes-connectors-influx/target
[INFO] 
[INFO] --- maven-enforcer-plugin:3.1.0:enforce (enforce-maven-version) @ streampipes-connectors-influx ---
[INFO] 
[INFO] --- maven-enforcer-plugin:3.1.0:enforce (enforce-java-version) @ streampipes-connectors-influx ---
[INFO] 
[INFO] --- maven-enforcer-plugin:3.1.0:enforce (check-at-least-java-17) @ streampipes-connectors-influx ---
[INFO] 
[INFO] --- maven-enforcer-plugin:3.1.0:enforce (enforce-version-convergence) @ streampipes-connectors-influx ---
[INFO] 
[INFO] --- maven-remote-resources-plugin:1.7.0:process (process-resource-bundles) @ streampipes-connectors-influx ---
[INFO] Preparing remote bundle org.apache:apache-jar-resource-bundle:1.4
[INFO] Copying 3 resources from 1 bundle.
[INFO] 
[INFO] --- maven-resources-plugin:3.3.0:resources (default-resources) @ streampipes-connectors-influx ---
[INFO] Copying 6 resources
[INFO] Copying 3 resources
[INFO] 
[INFO] --- maven-compiler-plugin:3.10.1:compile (default-compile) @ streampipes-connectors-influx ---
[INFO] Changes detected - recompiling the module!
[INFO] Compiling 8 source files to /Users/arian/edu/kth/softfund_dd2480/assignment4/DD2480-Assignment-4/streampipes-extensions/streampipes-connectors-influx/target/classes
[INFO] /Users/arian/edu/kth/softfund_dd2480/assignment4/DD2480-Assignment-4/streampipes-extensions/streampipes-connectors-influx/src/main/java/org/apache/streampipes/extensions/connectors/influx/adapter/InfluxDbStreamAdapter.java: /Users/arian/edu/kth/softfund_dd2480/assignment4/DD2480-Assignment-4/streampipes-extensions/streampipes-connectors-influx/src/main/java/org/apache/streampipes/extensions/connectors/influx/adapter/InfluxDbStreamAdapter.java uses unchecked or unsafe operations.
[INFO] /Users/arian/edu/kth/softfund_dd2480/assignment4/DD2480-Assignment-4/streampipes-extensions/streampipes-connectors-influx/src/main/java/org/apache/streampipes/extensions/connectors/influx/adapter/InfluxDbStreamAdapter.java: Recompile with -Xlint:unchecked for details.
[INFO] 
[INFO] --- maven-resources-plugin:3.3.0:testResources (default-testResources) @ streampipes-connectors-influx ---
[INFO] skip non existing resourceDirectory /Users/arian/edu/kth/softfund_dd2480/assignment4/DD2480-Assignment-4/streampipes-extensions/streampipes-connectors-influx/src/test/resources
[INFO] Copying 3 resources
[INFO] 
[INFO] --- maven-compiler-plugin:3.10.1:testCompile (default-testCompile) @ streampipes-connectors-influx ---
[INFO] No sources to compile
[INFO] 
[INFO] --- maven-surefire-plugin:2.22.2:test (default-test) @ streampipes-connectors-influx ---
[INFO] 
[INFO] --- maven-jar-plugin:3.3.0:jar (default-jar) @ streampipes-connectors-influx ---
[INFO] Building jar: /Users/arian/edu/kth/softfund_dd2480/assignment4/DD2480-Assignment-4/streampipes-extensions/streampipes-connectors-influx/target/streampipes-connectors-influx-0.92.0-SNAPSHOT.jar
[INFO] 
[INFO] --- maven-site-plugin:3.12.1:attach-descriptor (attach-descriptor) @ streampipes-connectors-influx ---
[INFO] Skipping because packaging 'jar' is not pom.
[INFO] 
[INFO] --- maven-javadoc-plugin:3.4.1:jar (attach-javadocs) @ streampipes-connectors-influx ---
[ERROR] Error fetching link: /Users/arian/edu/kth/softfund_dd2480/assignment4/DD2480-Assignment-4/streampipes-sdk-bundle/target/apidocs. Ignored it.
[INFO] No previous run data found, generating javadoc.
[INFO] Building jar: /Users/arian/edu/kth/softfund_dd2480/assignment4/DD2480-Assignment-4/streampipes-extensions/streampipes-connectors-influx/target/streampipes-connectors-influx-0.92.0-SNAPSHOT-javadoc.jar
[INFO] 
[INFO] >>> maven-source-plugin:3.0.1:jar (attach-sources) > generate-sources @ streampipes-connectors-influx >>>
[INFO] 
[INFO] --- maven-enforcer-plugin:3.1.0:enforce (enforce-maven-version) @ streampipes-connectors-influx ---
[INFO] 
[INFO] --- maven-enforcer-plugin:3.1.0:enforce (enforce-java-version) @ streampipes-connectors-influx ---
[INFO] 
[INFO] --- maven-enforcer-plugin:3.1.0:enforce (check-at-least-java-17) @ streampipes-connectors-influx ---
[INFO] 
[INFO] --- maven-enforcer-plugin:3.1.0:enforce (enforce-version-convergence) @ streampipes-connectors-influx ---
[INFO] 
[INFO] <<< maven-source-plugin:3.0.1:jar (attach-sources) < generate-sources @ streampipes-connectors-influx <<<
[INFO] 
[INFO] 
[INFO] --- maven-source-plugin:3.0.1:jar (attach-sources) @ streampipes-connectors-influx ---
[INFO] Building jar: /Users/arian/edu/kth/softfund_dd2480/assignment4/DD2480-Assignment-4/streampipes-extensions/streampipes-connectors-influx/target/streampipes-connectors-influx-0.92.0-SNAPSHOT-sources.jar
[INFO] 
[INFO] ---------< org.apache.streampipes:streampipes-wrapper-siddhi >----------
[INFO] Building streampipes-wrapper-siddhi 0.92.0-SNAPSHOT              [62/94]
[INFO] --------------------------------[ jar ]---------------------------------
[INFO] 
[INFO] --- maven-clean-plugin:3.2.0:clean (default-clean) @ streampipes-wrapper-siddhi ---
[INFO] Deleting /Users/arian/edu/kth/softfund_dd2480/assignment4/DD2480-Assignment-4/streampipes-wrapper-siddhi/target
[INFO] 
[INFO] --- maven-enforcer-plugin:3.1.0:enforce (enforce-maven-version) @ streampipes-wrapper-siddhi ---
[INFO] 
[INFO] --- maven-enforcer-plugin:3.1.0:enforce (enforce-java-version) @ streampipes-wrapper-siddhi ---
[INFO] 
[INFO] --- maven-enforcer-plugin:3.1.0:enforce (check-at-least-java-17) @ streampipes-wrapper-siddhi ---
[INFO] 
[INFO] --- maven-enforcer-plugin:3.1.0:enforce (enforce-version-convergence) @ streampipes-wrapper-siddhi ---
[INFO] 
[INFO] --- maven-checkstyle-plugin:3.2.1:check (validate) @ streampipes-wrapper-siddhi ---
[INFO] 
[INFO] --- maven-remote-resources-plugin:1.7.0:process (process-resource-bundles) @ streampipes-wrapper-siddhi ---
[INFO] Preparing remote bundle org.apache:apache-jar-resource-bundle:1.4
[INFO] Copying 3 resources from 1 bundle.
Downloading from central: https://repo.maven.apache.org/maven2/org/wso2/orbit/com/lmax/disruptor/3.4.2.wso2v1/disruptor-3.4.2.wso2v1.pom
Downloading from central: https://repo.maven.apache.org/maven2/org/eclipse/osgi/org.eclipse.osgi.services/3.3.100.v20130513-1956/org.eclipse.osgi.services-3.3.100.v20130513-1956.pom
[INFO] 
[INFO] --- maven-resources-plugin:3.3.0:resources (default-resources) @ streampipes-wrapper-siddhi ---
[INFO] skip non existing resourceDirectory /Users/arian/edu/kth/softfund_dd2480/assignment4/DD2480-Assignment-4/streampipes-wrapper-siddhi/src/main/resources
[INFO] Copying 3 resources
[INFO] 
[INFO] --- maven-compiler-plugin:3.10.1:compile (default-compile) @ streampipes-wrapper-siddhi ---
[INFO] Changes detected - recompiling the module!
[INFO] Compiling 86 source files to /Users/arian/edu/kth/softfund_dd2480/assignment4/DD2480-Assignment-4/streampipes-wrapper-siddhi/target/classes
[INFO] /Users/arian/edu/kth/softfund_dd2480/assignment4/DD2480-Assignment-4/streampipes-wrapper-siddhi/src/main/java/org/apache/streampipes/wrapper/siddhi/engine/generator/EventTypeGenerator.java: Some input files use or override a deprecated API that is marked for removal.
[INFO] /Users/arian/edu/kth/softfund_dd2480/assignment4/DD2480-Assignment-4/streampipes-wrapper-siddhi/src/main/java/org/apache/streampipes/wrapper/siddhi/engine/generator/EventTypeGenerator.java: Recompile with -Xlint:removal for details.
[INFO] 
[INFO] --- maven-resources-plugin:3.3.0:testResources (default-testResources) @ streampipes-wrapper-siddhi ---
[INFO] skip non existing resourceDirectory /Users/arian/edu/kth/softfund_dd2480/assignment4/DD2480-Assignment-4/streampipes-wrapper-siddhi/src/test/resources
[INFO] Copying 3 resources
[INFO] 
[INFO] --- maven-compiler-plugin:3.10.1:testCompile (default-testCompile) @ streampipes-wrapper-siddhi ---
[INFO] No sources to compile
[INFO] 
[INFO] --- maven-surefire-plugin:2.22.2:test (default-test) @ streampipes-wrapper-siddhi ---
[INFO] 
[INFO] --- maven-jar-plugin:3.3.0:jar (default-jar) @ streampipes-wrapper-siddhi ---
[INFO] Building jar: /Users/arian/edu/kth/softfund_dd2480/assignment4/DD2480-Assignment-4/streampipes-wrapper-siddhi/target/streampipes-wrapper-siddhi-0.92.0-SNAPSHOT.jar
[INFO] 
[INFO] --- maven-site-plugin:3.12.1:attach-descriptor (attach-descriptor) @ streampipes-wrapper-siddhi ---
[INFO] Skipping because packaging 'jar' is not pom.
[INFO] 
[INFO] --- maven-javadoc-plugin:3.4.1:jar (attach-javadocs) @ streampipes-wrapper-siddhi ---
[INFO] No previous run data found, generating javadoc.
[INFO] Building jar: /Users/arian/edu/kth/softfund_dd2480/assignment4/DD2480-Assignment-4/streampipes-wrapper-siddhi/target/streampipes-wrapper-siddhi-0.92.0-SNAPSHOT-javadoc.jar
[INFO] 
[INFO] >>> maven-source-plugin:3.2.1:jar (attach-sources) > generate-sources @ streampipes-wrapper-siddhi >>>
[INFO] 
[INFO] --- maven-enforcer-plugin:3.1.0:enforce (enforce-maven-version) @ streampipes-wrapper-siddhi ---
[INFO] 
[INFO] --- maven-enforcer-plugin:3.1.0:enforce (enforce-java-version) @ streampipes-wrapper-siddhi ---
[INFO] 
[INFO] --- maven-enforcer-plugin:3.1.0:enforce (check-at-least-java-17) @ streampipes-wrapper-siddhi ---
[INFO] 
[INFO] --- maven-enforcer-plugin:3.1.0:enforce (enforce-version-convergence) @ streampipes-wrapper-siddhi ---
[INFO] 
[INFO] --- maven-checkstyle-plugin:3.2.1:check (validate) @ streampipes-wrapper-siddhi ---
[INFO] 
[INFO] <<< maven-source-plugin:3.2.1:jar (attach-sources) < generate-sources @ streampipes-wrapper-siddhi <<<
[INFO] 
[INFO] 
[INFO] --- maven-source-plugin:3.2.1:jar (attach-sources) @ streampipes-wrapper-siddhi ---
[INFO] Building jar: /Users/arian/edu/kth/softfund_dd2480/assignment4/DD2480-Assignment-4/streampipes-wrapper-siddhi/target/streampipes-wrapper-siddhi-0.92.0-SNAPSHOT-sources.jar
[INFO] 
[INFO] ----< org.apache.streampipes:streampipes-processors-filters-siddhi >----
[INFO] Building streampipes-processors-filters-siddhi 0.92.0-SNAPSHOT   [63/94]
[INFO] --------------------------------[ jar ]---------------------------------
[INFO] 
[INFO] --- maven-clean-plugin:3.2.0:clean (default-clean) @ streampipes-processors-filters-siddhi ---
[INFO] Deleting /Users/arian/edu/kth/softfund_dd2480/assignment4/DD2480-Assignment-4/streampipes-extensions/streampipes-processors-filters-siddhi/target
[INFO] 
[INFO] --- maven-enforcer-plugin:3.1.0:enforce (enforce-maven-version) @ streampipes-processors-filters-siddhi ---
[INFO] 
[INFO] --- maven-enforcer-plugin:3.1.0:enforce (enforce-java-version) @ streampipes-processors-filters-siddhi ---
[INFO] 
[INFO] --- maven-enforcer-plugin:3.1.0:enforce (check-at-least-java-17) @ streampipes-processors-filters-siddhi ---
[INFO] 
[INFO] --- maven-enforcer-plugin:3.1.0:enforce (enforce-version-convergence) @ streampipes-processors-filters-siddhi ---
[INFO] 
[INFO] --- maven-checkstyle-plugin:3.2.1:check (validate) @ streampipes-processors-filters-siddhi ---
[INFO] 
[INFO] --- maven-remote-resources-plugin:1.7.0:process (process-resource-bundles) @ streampipes-processors-filters-siddhi ---
[INFO] Preparing remote bundle org.apache:apache-jar-resource-bundle:1.4
[INFO] Copying 3 resources from 1 bundle.
[INFO] 
[INFO] --- maven-resources-plugin:3.3.0:resources (default-resources) @ streampipes-processors-filters-siddhi ---
[INFO] Copying 22 resources
[INFO] Copying 3 resources
[INFO] 
[INFO] --- maven-compiler-plugin:3.10.1:compile (default-compile) @ streampipes-processors-filters-siddhi ---
[INFO] Changes detected - recompiling the module!
[INFO] Compiling 24 source files to /Users/arian/edu/kth/softfund_dd2480/assignment4/DD2480-Assignment-4/streampipes-extensions/streampipes-processors-filters-siddhi/target/classes
[INFO] /Users/arian/edu/kth/softfund_dd2480/assignment4/DD2480-Assignment-4/streampipes-extensions/streampipes-processors-filters-siddhi/src/main/java/org/apache/streampipes/processors/siddhi/frequency/FrequencyParameters.java: Some input files use or override a deprecated API that is marked for removal.
[INFO] /Users/arian/edu/kth/softfund_dd2480/assignment4/DD2480-Assignment-4/streampipes-extensions/streampipes-processors-filters-siddhi/src/main/java/org/apache/streampipes/processors/siddhi/frequency/FrequencyParameters.java: Recompile with -Xlint:removal for details.
[INFO] 
[INFO] --- maven-resources-plugin:3.3.0:testResources (default-testResources) @ streampipes-processors-filters-siddhi ---
[INFO] skip non existing resourceDirectory /Users/arian/edu/kth/softfund_dd2480/assignment4/DD2480-Assignment-4/streampipes-extensions/streampipes-processors-filters-siddhi/src/test/resources
[INFO] Copying 3 resources
[INFO] 
[INFO] --- maven-compiler-plugin:3.10.1:testCompile (default-testCompile) @ streampipes-processors-filters-siddhi ---
[INFO] Changes detected - recompiling the module!
[INFO] Compiling 1 source file to /Users/arian/edu/kth/softfund_dd2480/assignment4/DD2480-Assignment-4/streampipes-extensions/streampipes-processors-filters-siddhi/target/test-classes
[INFO] 
[INFO] --- maven-surefire-plugin:2.22.2:test (default-test) @ streampipes-processors-filters-siddhi ---
[INFO] 
[INFO] -------------------------------------------------------
[INFO]  T E S T S
[INFO] -------------------------------------------------------
[INFO] Running org.apache.streampipes.processors.siddhi.trend.TestTrendProcessor
2023-03-05T18:28:21.446+01:00  INFO   --- [           main] o.a.s.w.s.e.g.SiddhiAppGenerator         : Configuring event types for graph null
2023-03-05T18:28:21.451+01:00  INFO   --- [           main] o.a.s.w.s.e.g.SiddhiAppGenerator         : Registering statement: 
define stream testtopic(s0randomValue INT) ;
from (( every e1=testtopic )->e2=testtopic[(e1.s0randomValue<=( s0randomValue / 2.0 ))] <1>)within 1 sec
select e2[last].s0randomValue
insert into outputtopic;

2023-03-05T18:28:21.969+01:00  INFO   --- [           main] o.a.s.w.siddhi.engine.SiddhiEngine       : outputtopic
2023-03-05T18:28:21.979+01:00  INFO   --- [           main] o.a.s.p.siddhi.trend.TestTrendProcessor  : Sending event with value org.apache.streampipes.model.runtime.field.PrimitiveField@518cf84a
2023-03-05T18:28:22.090+01:00  INFO   --- [           main] o.a.s.p.siddhi.trend.TestTrendProcessor  : Sending event with value org.apache.streampipes.model.runtime.field.PrimitiveField@5a8ba37c
2023-03-05T18:28:22.092+01:00  INFO   --- [           main] .w.s.e.c.SiddhiOutputStreamDebugCallback : Siddhi is firing
2023-03-05T18:28:22.197+01:00  INFO   --- [           main] o.a.s.p.siddhi.trend.TestTrendProcessor  : Expected match count is 1
2023-03-05T18:28:22.199+01:00  INFO   --- [           main] o.a.s.p.siddhi.trend.TestTrendProcessor  : Actual match count is 1
2023-03-05T18:28:22.203+01:00  INFO   --- [           main] o.a.s.w.s.e.g.SiddhiAppGenerator         : Configuring event types for graph null
2023-03-05T18:28:22.204+01:00  INFO   --- [           main] o.a.s.w.s.e.g.SiddhiAppGenerator         : Registering statement: 
define stream testtopic(s0randomValue INT) ;
from (( every e1=testtopic )->e2=testtopic[(e1.s0randomValue<=( s0randomValue / 2.0 ))] <1>)within 1 sec
select e2[last].s0randomValue
insert into outputtopic;

2023-03-05T18:28:22.209+01:00  INFO   --- [           main] o.a.s.w.siddhi.engine.SiddhiEngine       : outputtopic
2023-03-05T18:28:22.210+01:00  INFO   --- [           main] o.a.s.p.siddhi.trend.TestTrendProcessor  : Sending event with value org.apache.streampipes.model.runtime.field.PrimitiveField@3bb8aabc
2023-03-05T18:28:22.315+01:00  INFO   --- [           main] o.a.s.p.siddhi.trend.TestTrendProcessor  : Sending event with value org.apache.streampipes.model.runtime.field.PrimitiveField@6e1d4137
2023-03-05T18:28:22.421+01:00  INFO   --- [           main] o.a.s.p.siddhi.trend.TestTrendProcessor  : Sending event with value org.apache.streampipes.model.runtime.field.PrimitiveField@5327a06e
2023-03-05T18:28:22.421+01:00  INFO   --- [           main] .w.s.e.c.SiddhiOutputStreamDebugCallback : Siddhi is firing
2023-03-05T18:28:22.524+01:00  INFO   --- [           main] o.a.s.p.siddhi.trend.TestTrendProcessor  : Expected match count is 1
2023-03-05T18:28:22.524+01:00  INFO   --- [           main] o.a.s.p.siddhi.trend.TestTrendProcessor  : Actual match count is 1
2023-03-05T18:28:22.527+01:00  INFO   --- [           main] o.a.s.w.s.e.g.SiddhiAppGenerator         : Configuring event types for graph null
2023-03-05T18:28:22.527+01:00  INFO   --- [           main] o.a.s.w.s.e.g.SiddhiAppGenerator         : Registering statement: 
define stream testtopic(s0randomValue INT) ;
from (( every e1=testtopic )->e2=testtopic[(e1.s0randomValue>=( s0randomValue * 2.0 ))] <1>)within 1 sec
select e2[last].s0randomValue
insert into outputtopic;

2023-03-05T18:28:22.535+01:00  INFO   --- [           main] o.a.s.w.siddhi.engine.SiddhiEngine       : outputtopic
2023-03-05T18:28:22.535+01:00  INFO   --- [           main] o.a.s.p.siddhi.trend.TestTrendProcessor  : Sending event with value org.apache.streampipes.model.runtime.field.PrimitiveField@6fc3e1a4
2023-03-05T18:28:22.639+01:00  INFO   --- [           main] o.a.s.p.siddhi.trend.TestTrendProcessor  : Sending event with value org.apache.streampipes.model.runtime.field.PrimitiveField@3fa76c61
2023-03-05T18:28:22.742+01:00  INFO   --- [           main] o.a.s.p.siddhi.trend.TestTrendProcessor  : Sending event with value org.apache.streampipes.model.runtime.field.PrimitiveField@2d5f7182
2023-03-05T18:28:22.743+01:00  INFO   --- [           main] .w.s.e.c.SiddhiOutputStreamDebugCallback : Siddhi is firing
2023-03-05T18:28:22.849+01:00  INFO   --- [           main] o.a.s.p.siddhi.trend.TestTrendProcessor  : Expected match count is 1
2023-03-05T18:28:22.849+01:00  INFO   --- [           main] o.a.s.p.siddhi.trend.TestTrendProcessor  : Actual match count is 1
2023-03-05T18:28:22.851+01:00  INFO   --- [           main] o.a.s.w.s.e.g.SiddhiAppGenerator         : Configuring event types for graph null
2023-03-05T18:28:22.851+01:00  INFO   --- [           main] o.a.s.w.s.e.g.SiddhiAppGenerator         : Registering statement: 
define stream testtopic(s0randomValue INT) ;
from (( every e1=testtopic )->e2=testtopic[(e1.s0randomValue<=( s0randomValue / 2.0 ))] <1>)within 1 sec
select e2[last].s0randomValue
insert into outputtopic;

2023-03-05T18:28:22.854+01:00  INFO   --- [           main] o.a.s.w.siddhi.engine.SiddhiEngine       : outputtopic
2023-03-05T18:28:22.854+01:00  INFO   --- [           main] o.a.s.p.siddhi.trend.TestTrendProcessor  : Sending event with value org.apache.streampipes.model.runtime.field.PrimitiveField@7b3315a5
2023-03-05T18:28:22.955+01:00  INFO   --- [           main] o.a.s.p.siddhi.trend.TestTrendProcessor  : Sending event with value org.apache.streampipes.model.runtime.field.PrimitiveField@8ed9cf
2023-03-05T18:28:23.056+01:00  INFO   --- [           main] o.a.s.p.siddhi.trend.TestTrendProcessor  : Sending event with value org.apache.streampipes.model.runtime.field.PrimitiveField@f72203
2023-03-05T18:28:23.058+01:00  INFO   --- [           main] .w.s.e.c.SiddhiOutputStreamDebugCallback : Siddhi is firing
2023-03-05T18:28:23.162+01:00  INFO   --- [           main] o.a.s.p.siddhi.trend.TestTrendProcessor  : Sending event with value org.apache.streampipes.model.runtime.field.PrimitiveField@377008df
2023-03-05T18:28:23.266+01:00  INFO   --- [           main] o.a.s.p.siddhi.trend.TestTrendProcessor  : Sending event with value org.apache.streampipes.model.runtime.field.PrimitiveField@540dbda9
2023-03-05T18:28:23.267+01:00  INFO   --- [           main] .w.s.e.c.SiddhiOutputStreamDebugCallback : Siddhi is firing
2023-03-05T18:28:23.371+01:00  INFO   --- [           main] o.a.s.p.siddhi.trend.TestTrendProcessor  : Expected match count is 2
2023-03-05T18:28:23.371+01:00  INFO   --- [           main] o.a.s.p.siddhi.trend.TestTrendProcessor  : Actual match count is 2
2023-03-05T18:28:23.374+01:00  INFO   --- [           main] o.a.s.w.s.e.g.SiddhiAppGenerator         : Configuring event types for graph null
2023-03-05T18:28:23.375+01:00  INFO   --- [           main] o.a.s.w.s.e.g.SiddhiAppGenerator         : Registering statement: 
define stream testtopic(s0randomValue INT) ;
from (( every e1=testtopic )->e2=testtopic[(e1.s0randomValue<=( s0randomValue / 3.0 ))] <1>)within 1 sec
select e2[last].s0randomValue
insert into outputtopic;

2023-03-05T18:28:23.380+01:00  INFO   --- [           main] o.a.s.w.siddhi.engine.SiddhiEngine       : outputtopic
2023-03-05T18:28:23.380+01:00  INFO   --- [           main] o.a.s.p.siddhi.trend.TestTrendProcessor  : Sending event with value org.apache.streampipes.model.runtime.field.PrimitiveField@5a67e962
2023-03-05T18:28:23.484+01:00  INFO   --- [           main] o.a.s.p.siddhi.trend.TestTrendProcessor  : Sending event with value org.apache.streampipes.model.runtime.field.PrimitiveField@545e57d7
2023-03-05T18:28:23.589+01:00  INFO   --- [           main] o.a.s.p.siddhi.trend.TestTrendProcessor  : Sending event with value org.apache.streampipes.model.runtime.field.PrimitiveField@2bc9a775
2023-03-05T18:28:23.694+01:00  INFO   --- [           main] o.a.s.p.siddhi.trend.TestTrendProcessor  : Sending event with value org.apache.streampipes.model.runtime.field.PrimitiveField@27b000f7
2023-03-05T18:28:23.799+01:00  INFO   --- [           main] o.a.s.p.siddhi.trend.TestTrendProcessor  : Sending event with value org.apache.streampipes.model.runtime.field.PrimitiveField@42f9c19a
2023-03-05T18:28:23.905+01:00  INFO   --- [           main] o.a.s.p.siddhi.trend.TestTrendProcessor  : Expected match count is 0
2023-03-05T18:28:23.905+01:00  INFO   --- [           main] o.a.s.p.siddhi.trend.TestTrendProcessor  : Actual match count is 0
[INFO] Tests run: 5, Failures: 0, Errors: 0, Skipped: 0, Time elapsed: 2.851 s - in org.apache.streampipes.processors.siddhi.trend.TestTrendProcessor
[INFO] 
[INFO] Results:
[INFO] 
[INFO] Tests run: 5, Failures: 0, Errors: 0, Skipped: 0
[INFO] 
[INFO] 
[INFO] --- maven-jar-plugin:3.3.0:jar (default-jar) @ streampipes-processors-filters-siddhi ---
[INFO] Building jar: /Users/arian/edu/kth/softfund_dd2480/assignment4/DD2480-Assignment-4/streampipes-extensions/streampipes-processors-filters-siddhi/target/streampipes-processors-filters-siddhi-0.92.0-SNAPSHOT.jar
[INFO] 
[INFO] --- maven-site-plugin:3.12.1:attach-descriptor (attach-descriptor) @ streampipes-processors-filters-siddhi ---
[INFO] Skipping because packaging 'jar' is not pom.
[INFO] 
[INFO] --- maven-javadoc-plugin:3.4.1:jar (attach-javadocs) @ streampipes-processors-filters-siddhi ---
[ERROR] Error fetching link: /Users/arian/edu/kth/softfund_dd2480/assignment4/DD2480-Assignment-4/streampipes-sdk-bundle/target/apidocs. Ignored it.
[INFO] No previous run data found, generating javadoc.
[INFO] Building jar: /Users/arian/edu/kth/softfund_dd2480/assignment4/DD2480-Assignment-4/streampipes-extensions/streampipes-processors-filters-siddhi/target/streampipes-processors-filters-siddhi-0.92.0-SNAPSHOT-javadoc.jar
[INFO] 
[INFO] >>> maven-source-plugin:3.0.1:jar (attach-sources) > generate-sources @ streampipes-processors-filters-siddhi >>>
[INFO] 
[INFO] --- maven-enforcer-plugin:3.1.0:enforce (enforce-maven-version) @ streampipes-processors-filters-siddhi ---
[INFO] 
[INFO] --- maven-enforcer-plugin:3.1.0:enforce (enforce-java-version) @ streampipes-processors-filters-siddhi ---
[INFO] 
[INFO] --- maven-enforcer-plugin:3.1.0:enforce (check-at-least-java-17) @ streampipes-processors-filters-siddhi ---
[INFO] 
[INFO] --- maven-enforcer-plugin:3.1.0:enforce (enforce-version-convergence) @ streampipes-processors-filters-siddhi ---
[INFO] 
[INFO] --- maven-checkstyle-plugin:3.2.1:check (validate) @ streampipes-processors-filters-siddhi ---
[INFO] 
[INFO] <<< maven-source-plugin:3.0.1:jar (attach-sources) < generate-sources @ streampipes-processors-filters-siddhi <<<
[INFO] 
[INFO] 
[INFO] --- maven-source-plugin:3.0.1:jar (attach-sources) @ streampipes-processors-filters-siddhi ---
[INFO] Building jar: /Users/arian/edu/kth/softfund_dd2480/assignment4/DD2480-Assignment-4/streampipes-extensions/streampipes-processors-filters-siddhi/target/streampipes-processors-filters-siddhi-0.92.0-SNAPSHOT-sources.jar
[INFO] 
[INFO] --< org.apache.streampipes:streampipes-processors-transformation-jvm >--
[INFO] Building streampipes-processors-transformation-jvm 0.92.0-SNAPSHOT [64/94]
[INFO] --------------------------------[ jar ]---------------------------------
[INFO] 
[INFO] --- maven-clean-plugin:3.2.0:clean (default-clean) @ streampipes-processors-transformation-jvm ---
[INFO] Deleting /Users/arian/edu/kth/softfund_dd2480/assignment4/DD2480-Assignment-4/streampipes-extensions/streampipes-processors-transformation-jvm/target
[INFO] 
[INFO] --- maven-enforcer-plugin:3.1.0:enforce (enforce-maven-version) @ streampipes-processors-transformation-jvm ---
[INFO] 
[INFO] --- maven-enforcer-plugin:3.1.0:enforce (enforce-java-version) @ streampipes-processors-transformation-jvm ---
[INFO] 
[INFO] --- maven-enforcer-plugin:3.1.0:enforce (check-at-least-java-17) @ streampipes-processors-transformation-jvm ---
[INFO] 
[INFO] --- maven-enforcer-plugin:3.1.0:enforce (enforce-version-convergence) @ streampipes-processors-transformation-jvm ---
[INFO] 
[INFO] --- maven-checkstyle-plugin:3.2.1:check (validate) @ streampipes-processors-transformation-jvm ---
[INFO] 
[INFO] --- maven-remote-resources-plugin:1.7.0:process (process-resource-bundles) @ streampipes-processors-transformation-jvm ---
[INFO] Preparing remote bundle org.apache:apache-jar-resource-bundle:1.4
[INFO] Copying 3 resources from 1 bundle.
[INFO] 
[INFO] --- maven-resources-plugin:3.3.0:resources (default-resources) @ streampipes-processors-transformation-jvm ---
[INFO] Copying 72 resources
[INFO] Copying 3 resources
[INFO] 
[INFO] --- maven-compiler-plugin:3.10.1:compile (default-compile) @ streampipes-processors-transformation-jvm ---
[INFO] Changes detected - recompiling the module!
[INFO] Compiling 87 source files to /Users/arian/edu/kth/softfund_dd2480/assignment4/DD2480-Assignment-4/streampipes-extensions/streampipes-processors-transformation-jvm/target/classes
[INFO] /Users/arian/edu/kth/softfund_dd2480/assignment4/DD2480-Assignment-4/streampipes-extensions/streampipes-processors-transformation-jvm/src/main/java/org/apache/streampipes/processors/transformation/jvm/processor/hasher/algorithm/Sha1HashAlgorithm.java: Some input files use or override a deprecated API.
[INFO] /Users/arian/edu/kth/softfund_dd2480/assignment4/DD2480-Assignment-4/streampipes-extensions/streampipes-processors-transformation-jvm/src/main/java/org/apache/streampipes/processors/transformation/jvm/processor/hasher/algorithm/Sha1HashAlgorithm.java: Recompile with -Xlint:deprecation for details.
[INFO] /Users/arian/edu/kth/softfund_dd2480/assignment4/DD2480-Assignment-4/streampipes-extensions/streampipes-processors-transformation-jvm/src/main/java/org/apache/streampipes/processors/transformation/jvm/processor/state/buffer/StateBufferController.java: Some input files use or override a deprecated API that is marked for removal.
[INFO] /Users/arian/edu/kth/softfund_dd2480/assignment4/DD2480-Assignment-4/streampipes-extensions/streampipes-processors-transformation-jvm/src/main/java/org/apache/streampipes/processors/transformation/jvm/processor/state/buffer/StateBufferController.java: Recompile with -Xlint:removal for details.
[INFO] /Users/arian/edu/kth/softfund_dd2480/assignment4/DD2480-Assignment-4/streampipes-extensions/streampipes-processors-transformation-jvm/src/main/java/org/apache/streampipes/processors/transformation/jvm/processor/booloperator/state/BooleanToStateController.java: Some input files use unchecked or unsafe operations.
[INFO] /Users/arian/edu/kth/softfund_dd2480/assignment4/DD2480-Assignment-4/streampipes-extensions/streampipes-processors-transformation-jvm/src/main/java/org/apache/streampipes/processors/transformation/jvm/processor/booloperator/state/BooleanToStateController.java: Recompile with -Xlint:unchecked for details.
[INFO] 
[INFO] --- maven-resources-plugin:3.3.0:testResources (default-testResources) @ streampipes-processors-transformation-jvm ---
[INFO] skip non existing resourceDirectory /Users/arian/edu/kth/softfund_dd2480/assignment4/DD2480-Assignment-4/streampipes-extensions/streampipes-processors-transformation-jvm/src/test/resources
[INFO] Copying 3 resources
[INFO] 
[INFO] --- maven-compiler-plugin:3.10.1:testCompile (default-testCompile) @ streampipes-processors-transformation-jvm ---
[INFO] Changes detected - recompiling the module!
[INFO] Compiling 2 source files to /Users/arian/edu/kth/softfund_dd2480/assignment4/DD2480-Assignment-4/streampipes-extensions/streampipes-processors-transformation-jvm/target/test-classes
[INFO] 
[INFO] --- maven-surefire-plugin:2.22.2:test (default-test) @ streampipes-processors-transformation-jvm ---
[INFO] 
[INFO] -------------------------------------------------------
[INFO]  T E S T S
[INFO] -------------------------------------------------------
[INFO] Running org.apache.streampipes.processors.transformation.jvm.processor.booloperator.counter.TestBooleanCounterProcessor
2023-03-05T18:28:29.124+01:00  INFO   --- [           main] .p.t.j.p.b.c.TestBooleanCounterProcessor : Sending event with value org.apache.streampipes.model.runtime.field.PrimitiveField@537f60bf
2023-03-05T18:28:29.235+01:00  INFO   --- [           main] .p.t.j.p.b.c.TestBooleanCounterProcessor : Sending event with value org.apache.streampipes.model.runtime.field.PrimitiveField@f78a47e
2023-03-05T18:28:29.338+01:00  INFO   --- [           main] .p.t.j.p.b.c.TestBooleanCounterProcessor : Expected match count is 1
2023-03-05T18:28:29.340+01:00  INFO   --- [           main] .p.t.j.p.b.c.TestBooleanCounterProcessor : Actual match count is 1
2023-03-05T18:28:29.342+01:00  INFO   --- [           main] .p.t.j.p.b.c.TestBooleanCounterProcessor : Sending event with value org.apache.streampipes.model.runtime.field.PrimitiveField@78e4deb0
2023-03-05T18:28:29.447+01:00  INFO   --- [           main] .p.t.j.p.b.c.TestBooleanCounterProcessor : Sending event with value org.apache.streampipes.model.runtime.field.PrimitiveField@6e9175d8
2023-03-05T18:28:29.552+01:00  INFO   --- [           main] .p.t.j.p.b.c.TestBooleanCounterProcessor : Sending event with value org.apache.streampipes.model.runtime.field.PrimitiveField@7d0b7e3c
2023-03-05T18:28:29.658+01:00  INFO   --- [           main] .p.t.j.p.b.c.TestBooleanCounterProcessor : Expected match count is 2
2023-03-05T18:28:29.658+01:00  INFO   --- [           main] .p.t.j.p.b.c.TestBooleanCounterProcessor : Actual match count is 2
2023-03-05T18:28:29.661+01:00  INFO   --- [           main] .p.t.j.p.b.c.TestBooleanCounterProcessor : Sending event with value org.apache.streampipes.model.runtime.field.PrimitiveField@15bb5034
2023-03-05T18:28:29.764+01:00  INFO   --- [           main] .p.t.j.p.b.c.TestBooleanCounterProcessor : Expected match count is 0
2023-03-05T18:28:29.764+01:00  INFO   --- [           main] .p.t.j.p.b.c.TestBooleanCounterProcessor : Actual match count is 0
[INFO] Tests run: 3, Failures: 0, Errors: 0, Skipped: 0, Time elapsed: 0.999 s - in org.apache.streampipes.processors.transformation.jvm.processor.booloperator.counter.TestBooleanCounterProcessor
[INFO] Running org.apache.streampipes.processors.transformation.jvm.processor.booloperator.inverter.TestBooleanInverterProcessor
2023-03-05T18:28:29.773+01:00  INFO   --- [           main] p.t.j.p.b.i.TestBooleanInverterProcessor : Sending event with value org.apache.streampipes.model.runtime.field.PrimitiveField@76b1e9b8
2023-03-05T18:28:29.878+01:00  INFO   --- [           main] p.t.j.p.b.i.TestBooleanInverterProcessor : Sending event with value org.apache.streampipes.model.runtime.field.PrimitiveField@27406a17
2023-03-05T18:28:29.983+01:00  INFO   --- [           main] p.t.j.p.b.i.TestBooleanInverterProcessor : Expected boolean is false
2023-03-05T18:28:29.983+01:00  INFO   --- [           main] p.t.j.p.b.i.TestBooleanInverterProcessor : Actual boolean is false
2023-03-05T18:28:29.985+01:00  INFO   --- [           main] p.t.j.p.b.i.TestBooleanInverterProcessor : Sending event with value org.apache.streampipes.model.runtime.field.PrimitiveField@2af004b
2023-03-05T18:28:30.090+01:00  INFO   --- [           main] p.t.j.p.b.i.TestBooleanInverterProcessor : Sending event with value org.apache.streampipes.model.runtime.field.PrimitiveField@248e319b
2023-03-05T18:28:30.197+01:00  INFO   --- [           main] p.t.j.p.b.i.TestBooleanInverterProcessor : Sending event with value org.apache.streampipes.model.runtime.field.PrimitiveField@5d0bf09b
2023-03-05T18:28:30.303+01:00  INFO   --- [           main] p.t.j.p.b.i.TestBooleanInverterProcessor : Expected boolean is true
2023-03-05T18:28:30.303+01:00  INFO   --- [           main] p.t.j.p.b.i.TestBooleanInverterProcessor : Actual boolean is true
2023-03-05T18:28:30.305+01:00  INFO   --- [           main] p.t.j.p.b.i.TestBooleanInverterProcessor : Sending event with value org.apache.streampipes.model.runtime.field.PrimitiveField@793f29ff
2023-03-05T18:28:30.410+01:00  INFO   --- [           main] p.t.j.p.b.i.TestBooleanInverterProcessor : Expected boolean is true
2023-03-05T18:28:30.411+01:00  INFO   --- [           main] p.t.j.p.b.i.TestBooleanInverterProcessor : Actual boolean is true
2023-03-05T18:28:30.413+01:00  INFO   --- [           main] p.t.j.p.b.i.TestBooleanInverterProcessor : Sending event with value org.apache.streampipes.model.runtime.field.PrimitiveField@3e8c3cb
2023-03-05T18:28:30.518+01:00  INFO   --- [           main] p.t.j.p.b.i.TestBooleanInverterProcessor : Sending event with value org.apache.streampipes.model.runtime.field.PrimitiveField@563f38c4
2023-03-05T18:28:30.619+01:00  INFO   --- [           main] p.t.j.p.b.i.TestBooleanInverterProcessor : Sending event with value org.apache.streampipes.model.runtime.field.PrimitiveField@543295b0
2023-03-05T18:28:30.720+01:00  INFO   --- [           main] p.t.j.p.b.i.TestBooleanInverterProcessor : Sending event with value org.apache.streampipes.model.runtime.field.PrimitiveField@54422e18
2023-03-05T18:28:30.824+01:00  INFO   --- [           main] p.t.j.p.b.i.TestBooleanInverterProcessor : Sending event with value org.apache.streampipes.model.runtime.field.PrimitiveField@117159c0
2023-03-05T18:28:30.928+01:00  INFO   --- [           main] p.t.j.p.b.i.TestBooleanInverterProcessor : Expected boolean is false
2023-03-05T18:28:30.929+01:00  INFO   --- [           main] p.t.j.p.b.i.TestBooleanInverterProcessor : Actual boolean is false
2023-03-05T18:28:30.930+01:00  INFO   --- [           main] p.t.j.p.b.i.TestBooleanInverterProcessor : Sending event with value org.apache.streampipes.model.runtime.field.PrimitiveField@3e27ba32
2023-03-05T18:28:31.034+01:00  INFO   --- [           main] p.t.j.p.b.i.TestBooleanInverterProcessor : Sending event with value org.apache.streampipes.model.runtime.field.PrimitiveField@7ef82753
2023-03-05T18:28:31.139+01:00  INFO   --- [           main] p.t.j.p.b.i.TestBooleanInverterProcessor : Expected boolean is true
2023-03-05T18:28:31.140+01:00  INFO   --- [           main] p.t.j.p.b.i.TestBooleanInverterProcessor : Actual boolean is true
2023-03-05T18:28:31.141+01:00  INFO   --- [           main] p.t.j.p.b.i.TestBooleanInverterProcessor : Sending event with value org.apache.streampipes.model.runtime.field.PrimitiveField@3b0fe47a
2023-03-05T18:28:31.242+01:00  INFO   --- [           main] p.t.j.p.b.i.TestBooleanInverterProcessor : Expected boolean is false
2023-03-05T18:28:31.243+01:00  INFO   --- [           main] p.t.j.p.b.i.TestBooleanInverterProcessor : Actual boolean is false
[INFO] Tests run: 6, Failures: 0, Errors: 0, Skipped: 0, Time elapsed: 1.471 s - in org.apache.streampipes.processors.transformation.jvm.processor.booloperator.inverter.TestBooleanInverterProcessor
[INFO] 
[INFO] Results:
[INFO] 
[INFO] Tests run: 9, Failures: 0, Errors: 0, Skipped: 0
[INFO] 
[INFO] 
[INFO] --- maven-jar-plugin:3.3.0:jar (default-jar) @ streampipes-processors-transformation-jvm ---
[INFO] Building jar: /Users/arian/edu/kth/softfund_dd2480/assignment4/DD2480-Assignment-4/streampipes-extensions/streampipes-processors-transformation-jvm/target/streampipes-processors-transformation-jvm-0.92.0-SNAPSHOT.jar
[INFO] 
[INFO] --- maven-site-plugin:3.12.1:attach-descriptor (attach-descriptor) @ streampipes-processors-transformation-jvm ---
[INFO] Skipping because packaging 'jar' is not pom.
[INFO] 
[INFO] --- maven-javadoc-plugin:3.4.1:jar (attach-javadocs) @ streampipes-processors-transformation-jvm ---
[ERROR] Error fetching link: /Users/arian/edu/kth/softfund_dd2480/assignment4/DD2480-Assignment-4/streampipes-sdk-bundle/target/apidocs. Ignored it.
[INFO] No previous run data found, generating javadoc.
[INFO] Building jar: /Users/arian/edu/kth/softfund_dd2480/assignment4/DD2480-Assignment-4/streampipes-extensions/streampipes-processors-transformation-jvm/target/streampipes-processors-transformation-jvm-0.92.0-SNAPSHOT-javadoc.jar
[INFO] 
[INFO] >>> maven-source-plugin:3.0.1:jar (attach-sources) > generate-sources @ streampipes-processors-transformation-jvm >>>
[INFO] 
[INFO] --- maven-enforcer-plugin:3.1.0:enforce (enforce-maven-version) @ streampipes-processors-transformation-jvm ---
[INFO] 
[INFO] --- maven-enforcer-plugin:3.1.0:enforce (enforce-java-version) @ streampipes-processors-transformation-jvm ---
[INFO] 
[INFO] --- maven-enforcer-plugin:3.1.0:enforce (check-at-least-java-17) @ streampipes-processors-transformation-jvm ---
[INFO] 
[INFO] --- maven-enforcer-plugin:3.1.0:enforce (enforce-version-convergence) @ streampipes-processors-transformation-jvm ---
[INFO] 
[INFO] --- maven-checkstyle-plugin:3.2.1:check (validate) @ streampipes-processors-transformation-jvm ---
[INFO] 
[INFO] <<< maven-source-plugin:3.0.1:jar (attach-sources) < generate-sources @ streampipes-processors-transformation-jvm <<<
[INFO] 
[INFO] 
[INFO] --- maven-source-plugin:3.0.1:jar (attach-sources) @ streampipes-processors-transformation-jvm ---
[INFO] Building jar: /Users/arian/edu/kth/softfund_dd2480/assignment4/DD2480-Assignment-4/streampipes-extensions/streampipes-processors-transformation-jvm/target/streampipes-processors-transformation-jvm-0.92.0-SNAPSHOT-sources.jar
[INFO] 
[INFO] --------< org.apache.streampipes:streampipes-sinks-brokers-jvm >--------
[INFO] Building streampipes-sinks-brokers-jvm 0.92.0-SNAPSHOT           [65/94]
[INFO] --------------------------------[ jar ]---------------------------------
[INFO] 
[INFO] --- maven-clean-plugin:3.2.0:clean (default-clean) @ streampipes-sinks-brokers-jvm ---
[INFO] Deleting /Users/arian/edu/kth/softfund_dd2480/assignment4/DD2480-Assignment-4/streampipes-extensions/streampipes-sinks-brokers-jvm/target
[INFO] 
[INFO] --- maven-enforcer-plugin:3.1.0:enforce (enforce-maven-version) @ streampipes-sinks-brokers-jvm ---
[INFO] 
[INFO] --- maven-enforcer-plugin:3.1.0:enforce (enforce-java-version) @ streampipes-sinks-brokers-jvm ---
[INFO] 
[INFO] --- maven-enforcer-plugin:3.1.0:enforce (check-at-least-java-17) @ streampipes-sinks-brokers-jvm ---
[INFO] 
[INFO] --- maven-enforcer-plugin:3.1.0:enforce (enforce-version-convergence) @ streampipes-sinks-brokers-jvm ---
[INFO] 
[INFO] --- maven-checkstyle-plugin:3.2.1:check (validate) @ streampipes-sinks-brokers-jvm ---
[INFO] 
[INFO] --- maven-remote-resources-plugin:1.7.0:process (process-resource-bundles) @ streampipes-sinks-brokers-jvm ---
[INFO] Preparing remote bundle org.apache:apache-jar-resource-bundle:1.4
[INFO] Copying 3 resources from 1 bundle.
[INFO] 
[INFO] --- maven-resources-plugin:3.3.0:resources (default-resources) @ streampipes-sinks-brokers-jvm ---
[INFO] Copying 31 resources
[INFO] Copying 3 resources
[INFO] 
[INFO] --- maven-compiler-plugin:3.10.1:compile (default-compile) @ streampipes-sinks-brokers-jvm ---
[INFO] Changes detected - recompiling the module!
[INFO] Compiling 34 source files to /Users/arian/edu/kth/softfund_dd2480/assignment4/DD2480-Assignment-4/streampipes-extensions/streampipes-sinks-brokers-jvm/target/classes
[INFO] /Users/arian/edu/kth/softfund_dd2480/assignment4/DD2480-Assignment-4/streampipes-extensions/streampipes-sinks-brokers-jvm/src/main/java/org/apache/streampipes/sinks/brokers/jvm/bufferrest/BufferRest.java: /Users/arian/edu/kth/softfund_dd2480/assignment4/DD2480-Assignment-4/streampipes-extensions/streampipes-sinks-brokers-jvm/src/main/java/org/apache/streampipes/sinks/brokers/jvm/bufferrest/BufferRest.java uses or overrides a deprecated API.
[INFO] /Users/arian/edu/kth/softfund_dd2480/assignment4/DD2480-Assignment-4/streampipes-extensions/streampipes-sinks-brokers-jvm/src/main/java/org/apache/streampipes/sinks/brokers/jvm/bufferrest/BufferRest.java: Recompile with -Xlint:deprecation for details.
[INFO] /Users/arian/edu/kth/softfund_dd2480/assignment4/DD2480-Assignment-4/streampipes-extensions/streampipes-sinks-brokers-jvm/src/main/java/org/apache/streampipes/sinks/brokers/jvm/bufferrest/BufferRestController.java: /Users/arian/edu/kth/softfund_dd2480/assignment4/DD2480-Assignment-4/streampipes-extensions/streampipes-sinks-brokers-jvm/src/main/java/org/apache/streampipes/sinks/brokers/jvm/bufferrest/BufferRestController.java uses or overrides a deprecated API that is marked for removal.
[INFO] /Users/arian/edu/kth/softfund_dd2480/assignment4/DD2480-Assignment-4/streampipes-extensions/streampipes-sinks-brokers-jvm/src/main/java/org/apache/streampipes/sinks/brokers/jvm/bufferrest/BufferRestController.java: Recompile with -Xlint:removal for details.
[INFO] 
[INFO] --- maven-resources-plugin:3.3.0:testResources (default-testResources) @ streampipes-sinks-brokers-jvm ---
[INFO] skip non existing resourceDirectory /Users/arian/edu/kth/softfund_dd2480/assignment4/DD2480-Assignment-4/streampipes-extensions/streampipes-sinks-brokers-jvm/src/test/resources
[INFO] Copying 3 resources
[INFO] 
[INFO] --- maven-compiler-plugin:3.10.1:testCompile (default-testCompile) @ streampipes-sinks-brokers-jvm ---
[INFO] Changes detected - recompiling the module!
[INFO] Compiling 3 source files to /Users/arian/edu/kth/softfund_dd2480/assignment4/DD2480-Assignment-4/streampipes-extensions/streampipes-sinks-brokers-jvm/target/test-classes
[INFO] /Users/arian/edu/kth/softfund_dd2480/assignment4/DD2480-Assignment-4/streampipes-extensions/streampipes-sinks-brokers-jvm/src/test/java/org/apache/streampipes/sinks/brokers/jvm/pulsar/TestPulsarPublisherSink.java: /Users/arian/edu/kth/softfund_dd2480/assignment4/DD2480-Assignment-4/streampipes-extensions/streampipes-sinks-brokers-jvm/src/test/java/org/apache/streampipes/sinks/brokers/jvm/pulsar/TestPulsarPublisherSink.java uses unchecked or unsafe operations.
[INFO] /Users/arian/edu/kth/softfund_dd2480/assignment4/DD2480-Assignment-4/streampipes-extensions/streampipes-sinks-brokers-jvm/src/test/java/org/apache/streampipes/sinks/brokers/jvm/pulsar/TestPulsarPublisherSink.java: Recompile with -Xlint:unchecked for details.
[INFO] 
[INFO] --- maven-surefire-plugin:2.22.2:test (default-test) @ streampipes-sinks-brokers-jvm ---
[INFO] 
[INFO] -------------------------------------------------------
[INFO]  T E S T S
[INFO] -------------------------------------------------------
[INFO] Running org.apache.streampipes.sinks.brokers.jvm.pulsar.TestPulsarParameters
[INFO] Tests run: 1, Failures: 0, Errors: 0, Skipped: 0, Time elapsed: 0.897 s - in org.apache.streampipes.sinks.brokers.jvm.pulsar.TestPulsarParameters
[INFO] Running org.apache.streampipes.sinks.brokers.jvm.pulsar.TestPulsarPublisherSink
[INFO] Tests run: 1, Failures: 0, Errors: 0, Skipped: 0, Time elapsed: 0.454 s - in org.apache.streampipes.sinks.brokers.jvm.pulsar.TestPulsarPublisherSink
[INFO] Running org.apache.streampipes.sinks.brokers.jvm.rocketmq.TestRocketMQPublisherSink
[INFO] Tests run: 1, Failures: 0, Errors: 0, Skipped: 0, Time elapsed: 0.048 s - in org.apache.streampipes.sinks.brokers.jvm.rocketmq.TestRocketMQPublisherSink
[INFO] 
[INFO] Results:
[INFO] 
[INFO] Tests run: 3, Failures: 0, Errors: 0, Skipped: 0
[INFO] 
[INFO] 
[INFO] --- maven-jar-plugin:3.3.0:jar (default-jar) @ streampipes-sinks-brokers-jvm ---
[INFO] Building jar: /Users/arian/edu/kth/softfund_dd2480/assignment4/DD2480-Assignment-4/streampipes-extensions/streampipes-sinks-brokers-jvm/target/streampipes-sinks-brokers-jvm-0.92.0-SNAPSHOT.jar
[INFO] 
[INFO] --- maven-site-plugin:3.12.1:attach-descriptor (attach-descriptor) @ streampipes-sinks-brokers-jvm ---
[INFO] Skipping because packaging 'jar' is not pom.
[INFO] 
[INFO] --- maven-javadoc-plugin:3.4.1:jar (attach-javadocs) @ streampipes-sinks-brokers-jvm ---
[ERROR] Error fetching link: /Users/arian/edu/kth/softfund_dd2480/assignment4/DD2480-Assignment-4/streampipes-sdk-bundle/target/apidocs. Ignored it.
[INFO] No previous run data found, generating javadoc.
[INFO] Building jar: /Users/arian/edu/kth/softfund_dd2480/assignment4/DD2480-Assignment-4/streampipes-extensions/streampipes-sinks-brokers-jvm/target/streampipes-sinks-brokers-jvm-0.92.0-SNAPSHOT-javadoc.jar
[INFO] 
[INFO] >>> maven-source-plugin:3.0.1:jar (attach-sources) > generate-sources @ streampipes-sinks-brokers-jvm >>>
[INFO] 
[INFO] --- maven-enforcer-plugin:3.1.0:enforce (enforce-maven-version) @ streampipes-sinks-brokers-jvm ---
[INFO] 
[INFO] --- maven-enforcer-plugin:3.1.0:enforce (enforce-java-version) @ streampipes-sinks-brokers-jvm ---
[INFO] 
[INFO] --- maven-enforcer-plugin:3.1.0:enforce (check-at-least-java-17) @ streampipes-sinks-brokers-jvm ---
[INFO] 
[INFO] --- maven-enforcer-plugin:3.1.0:enforce (enforce-version-convergence) @ streampipes-sinks-brokers-jvm ---
[INFO] 
[INFO] --- maven-checkstyle-plugin:3.2.1:check (validate) @ streampipes-sinks-brokers-jvm ---
[INFO] 
[INFO] <<< maven-source-plugin:3.0.1:jar (attach-sources) < generate-sources @ streampipes-sinks-brokers-jvm <<<
[INFO] 
[INFO] 
[INFO] --- maven-source-plugin:3.0.1:jar (attach-sources) @ streampipes-sinks-brokers-jvm ---
[INFO] Building jar: /Users/arian/edu/kth/softfund_dd2480/assignment4/DD2480-Assignment-4/streampipes-extensions/streampipes-sinks-brokers-jvm/target/streampipes-sinks-brokers-jvm-0.92.0-SNAPSHOT-sources.jar
[INFO] 
[INFO] -------< org.apache.streampipes:streampipes-sinks-databases-jvm >-------
[INFO] Building streampipes-sinks-databases-jvm 0.92.0-SNAPSHOT         [66/94]
[INFO] --------------------------------[ jar ]---------------------------------
[INFO] 
[INFO] --- maven-clean-plugin:3.2.0:clean (default-clean) @ streampipes-sinks-databases-jvm ---
[INFO] Deleting /Users/arian/edu/kth/softfund_dd2480/assignment4/DD2480-Assignment-4/streampipes-extensions/streampipes-sinks-databases-jvm/target
[INFO] 
[INFO] --- maven-enforcer-plugin:3.1.0:enforce (enforce-maven-version) @ streampipes-sinks-databases-jvm ---
[INFO] 
[INFO] --- maven-enforcer-plugin:3.1.0:enforce (enforce-java-version) @ streampipes-sinks-databases-jvm ---
[INFO] 
[INFO] --- maven-enforcer-plugin:3.1.0:enforce (check-at-least-java-17) @ streampipes-sinks-databases-jvm ---
[INFO] 
[INFO] --- maven-enforcer-plugin:3.1.0:enforce (enforce-version-convergence) @ streampipes-sinks-databases-jvm ---
[INFO] 
[INFO] --- maven-checkstyle-plugin:3.2.1:check (validate) @ streampipes-sinks-databases-jvm ---
[INFO] 
[INFO] --- maven-remote-resources-plugin:1.7.0:process (process-resource-bundles) @ streampipes-sinks-databases-jvm ---
[INFO] Preparing remote bundle org.apache:apache-jar-resource-bundle:1.4
[INFO] Copying 3 resources from 1 bundle.
[INFO] 
[INFO] --- maven-resources-plugin:3.3.0:resources (default-resources) @ streampipes-sinks-databases-jvm ---
[INFO] Copying 21 resources
[INFO] Copying 3 resources
[INFO] 
[INFO] --- maven-compiler-plugin:3.10.1:compile (default-compile) @ streampipes-sinks-databases-jvm ---
[INFO] Changes detected - recompiling the module!
[INFO] Compiling 30 source files to /Users/arian/edu/kth/softfund_dd2480/assignment4/DD2480-Assignment-4/streampipes-extensions/streampipes-sinks-databases-jvm/target/classes
[INFO] /Users/arian/edu/kth/softfund_dd2480/assignment4/DD2480-Assignment-4/streampipes-extensions/streampipes-sinks-databases-jvm/src/main/java/org/apache/streampipes/sinks/databases/jvm/redis/Redis.java: /Users/arian/edu/kth/softfund_dd2480/assignment4/DD2480-Assignment-4/streampipes-extensions/streampipes-sinks-databases-jvm/src/main/java/org/apache/streampipes/sinks/databases/jvm/redis/Redis.java uses or overrides a deprecated API.
[INFO] /Users/arian/edu/kth/softfund_dd2480/assignment4/DD2480-Assignment-4/streampipes-extensions/streampipes-sinks-databases-jvm/src/main/java/org/apache/streampipes/sinks/databases/jvm/redis/Redis.java: Recompile with -Xlint:deprecation for details.
[INFO] /Users/arian/edu/kth/softfund_dd2480/assignment4/DD2480-Assignment-4/streampipes-extensions/streampipes-sinks-databases-jvm/src/main/java/org/apache/streampipes/sinks/databases/jvm/jdbcclient/model/StatementHandler.java: /Users/arian/edu/kth/softfund_dd2480/assignment4/DD2480-Assignment-4/streampipes-extensions/streampipes-sinks-databases-jvm/src/main/java/org/apache/streampipes/sinks/databases/jvm/jdbcclient/model/StatementHandler.java uses unchecked or unsafe operations.
[INFO] /Users/arian/edu/kth/softfund_dd2480/assignment4/DD2480-Assignment-4/streampipes-extensions/streampipes-sinks-databases-jvm/src/main/java/org/apache/streampipes/sinks/databases/jvm/jdbcclient/model/StatementHandler.java: Recompile with -Xlint:unchecked for details.
[INFO] 
[INFO] --- maven-resources-plugin:3.3.0:testResources (default-testResources) @ streampipes-sinks-databases-jvm ---
[INFO] skip non existing resourceDirectory /Users/arian/edu/kth/softfund_dd2480/assignment4/DD2480-Assignment-4/streampipes-extensions/streampipes-sinks-databases-jvm/src/test/resources
[INFO] Copying 3 resources
[INFO] 
[INFO] --- maven-compiler-plugin:3.10.1:testCompile (default-testCompile) @ streampipes-sinks-databases-jvm ---
[INFO] Changes detected - recompiling the module!
[INFO] Compiling 1 source file to /Users/arian/edu/kth/softfund_dd2480/assignment4/DD2480-Assignment-4/streampipes-extensions/streampipes-sinks-databases-jvm/target/test-classes
[INFO] 
[INFO] --- maven-surefire-plugin:2.22.2:test (default-test) @ streampipes-sinks-databases-jvm ---
[INFO] 
[INFO] -------------------------------------------------------
[INFO]  T E S T S
[INFO] -------------------------------------------------------
[INFO] Running org.apache.streampipes.sinks.databases.jvm.iotdb.TestIotDbParameters
[INFO] Tests run: 1, Failures: 0, Errors: 0, Skipped: 0, Time elapsed: 2.147 s - in org.apache.streampipes.sinks.databases.jvm.iotdb.TestIotDbParameters
[INFO] 
[INFO] Results:
[INFO] 
[INFO] Tests run: 1, Failures: 0, Errors: 0, Skipped: 0
[INFO] 
[INFO] 
[INFO] --- maven-jar-plugin:3.3.0:jar (default-jar) @ streampipes-sinks-databases-jvm ---
[INFO] Building jar: /Users/arian/edu/kth/softfund_dd2480/assignment4/DD2480-Assignment-4/streampipes-extensions/streampipes-sinks-databases-jvm/target/streampipes-sinks-databases-jvm-0.92.0-SNAPSHOT.jar
[INFO] 
[INFO] --- maven-site-plugin:3.12.1:attach-descriptor (attach-descriptor) @ streampipes-sinks-databases-jvm ---
[INFO] Skipping because packaging 'jar' is not pom.
[INFO] 
[INFO] --- maven-javadoc-plugin:3.4.1:jar (attach-javadocs) @ streampipes-sinks-databases-jvm ---
[ERROR] Error fetching link: /Users/arian/edu/kth/softfund_dd2480/assignment4/DD2480-Assignment-4/streampipes-sdk-bundle/target/apidocs. Ignored it.
[INFO] No previous run data found, generating javadoc.
[INFO] Building jar: /Users/arian/edu/kth/softfund_dd2480/assignment4/DD2480-Assignment-4/streampipes-extensions/streampipes-sinks-databases-jvm/target/streampipes-sinks-databases-jvm-0.92.0-SNAPSHOT-javadoc.jar
[INFO] 
[INFO] >>> maven-source-plugin:3.0.1:jar (attach-sources) > generate-sources @ streampipes-sinks-databases-jvm >>>
[INFO] 
[INFO] --- maven-enforcer-plugin:3.1.0:enforce (enforce-maven-version) @ streampipes-sinks-databases-jvm ---
[INFO] 
[INFO] --- maven-enforcer-plugin:3.1.0:enforce (enforce-java-version) @ streampipes-sinks-databases-jvm ---
[INFO] 
[INFO] --- maven-enforcer-plugin:3.1.0:enforce (check-at-least-java-17) @ streampipes-sinks-databases-jvm ---
[INFO] 
[INFO] --- maven-enforcer-plugin:3.1.0:enforce (enforce-version-convergence) @ streampipes-sinks-databases-jvm ---
[INFO] 
[INFO] --- maven-checkstyle-plugin:3.2.1:check (validate) @ streampipes-sinks-databases-jvm ---
[INFO] 
[INFO] <<< maven-source-plugin:3.0.1:jar (attach-sources) < generate-sources @ streampipes-sinks-databases-jvm <<<
[INFO] 
[INFO] 
[INFO] --- maven-source-plugin:3.0.1:jar (attach-sources) @ streampipes-sinks-databases-jvm ---
[INFO] Building jar: /Users/arian/edu/kth/softfund_dd2480/assignment4/DD2480-Assignment-4/streampipes-extensions/streampipes-sinks-databases-jvm/target/streampipes-sinks-databases-jvm-0.92.0-SNAPSHOT-sources.jar
[INFO] 
[INFO] -------< org.apache.streampipes:streampipes-sinks-internal-jvm >--------
[INFO] Building streampipes-sinks-internal-jvm 0.92.0-SNAPSHOT          [67/94]
[INFO] --------------------------------[ jar ]---------------------------------
[INFO] 
[INFO] --- maven-clean-plugin:3.2.0:clean (default-clean) @ streampipes-sinks-internal-jvm ---
[INFO] Deleting /Users/arian/edu/kth/softfund_dd2480/assignment4/DD2480-Assignment-4/streampipes-extensions/streampipes-sinks-internal-jvm/target
[INFO] 
[INFO] --- maven-enforcer-plugin:3.1.0:enforce (enforce-maven-version) @ streampipes-sinks-internal-jvm ---
[INFO] 
[INFO] --- maven-enforcer-plugin:3.1.0:enforce (enforce-java-version) @ streampipes-sinks-internal-jvm ---
[INFO] 
[INFO] --- maven-enforcer-plugin:3.1.0:enforce (check-at-least-java-17) @ streampipes-sinks-internal-jvm ---
[INFO] 
[INFO] --- maven-enforcer-plugin:3.1.0:enforce (enforce-version-convergence) @ streampipes-sinks-internal-jvm ---
[INFO] 
[INFO] --- maven-checkstyle-plugin:3.2.1:check (validate) @ streampipes-sinks-internal-jvm ---
[INFO] 
[INFO] --- maven-remote-resources-plugin:1.7.0:process (process-resource-bundles) @ streampipes-sinks-internal-jvm ---
[INFO] Preparing remote bundle org.apache:apache-jar-resource-bundle:1.4
[INFO] Copying 3 resources from 1 bundle.
[INFO] 
[INFO] --- maven-resources-plugin:3.3.0:resources (default-resources) @ streampipes-sinks-internal-jvm ---
[INFO] Copying 6 resources
[INFO] Copying 3 resources
[INFO] 
[INFO] --- maven-compiler-plugin:3.10.1:compile (default-compile) @ streampipes-sinks-internal-jvm ---
[INFO] Changes detected - recompiling the module!
[INFO] Compiling 3 source files to /Users/arian/edu/kth/softfund_dd2480/assignment4/DD2480-Assignment-4/streampipes-extensions/streampipes-sinks-internal-jvm/target/classes
[INFO] 
[INFO] --- maven-resources-plugin:3.3.0:testResources (default-testResources) @ streampipes-sinks-internal-jvm ---
[INFO] skip non existing resourceDirectory /Users/arian/edu/kth/softfund_dd2480/assignment4/DD2480-Assignment-4/streampipes-extensions/streampipes-sinks-internal-jvm/src/test/resources
[INFO] Copying 3 resources
[INFO] 
[INFO] --- maven-compiler-plugin:3.10.1:testCompile (default-testCompile) @ streampipes-sinks-internal-jvm ---
[INFO] No sources to compile
[INFO] 
[INFO] --- maven-surefire-plugin:2.22.2:test (default-test) @ streampipes-sinks-internal-jvm ---
[INFO] 
[INFO] --- maven-jar-plugin:3.3.0:jar (default-jar) @ streampipes-sinks-internal-jvm ---
[INFO] Building jar: /Users/arian/edu/kth/softfund_dd2480/assignment4/DD2480-Assignment-4/streampipes-extensions/streampipes-sinks-internal-jvm/target/streampipes-sinks-internal-jvm-0.92.0-SNAPSHOT.jar
[INFO] 
[INFO] --- maven-site-plugin:3.12.1:attach-descriptor (attach-descriptor) @ streampipes-sinks-internal-jvm ---
[INFO] Skipping because packaging 'jar' is not pom.
[INFO] 
[INFO] --- maven-javadoc-plugin:3.4.1:jar (attach-javadocs) @ streampipes-sinks-internal-jvm ---
[ERROR] Error fetching link: /Users/arian/edu/kth/softfund_dd2480/assignment4/DD2480-Assignment-4/streampipes-sdk-bundle/target/apidocs. Ignored it.
[INFO] No previous run data found, generating javadoc.
[INFO] Building jar: /Users/arian/edu/kth/softfund_dd2480/assignment4/DD2480-Assignment-4/streampipes-extensions/streampipes-sinks-internal-jvm/target/streampipes-sinks-internal-jvm-0.92.0-SNAPSHOT-javadoc.jar
[INFO] 
[INFO] >>> maven-source-plugin:3.0.1:jar (attach-sources) > generate-sources @ streampipes-sinks-internal-jvm >>>
[INFO] 
[INFO] --- maven-enforcer-plugin:3.1.0:enforce (enforce-maven-version) @ streampipes-sinks-internal-jvm ---
[INFO] 
[INFO] --- maven-enforcer-plugin:3.1.0:enforce (enforce-java-version) @ streampipes-sinks-internal-jvm ---
[INFO] 
[INFO] --- maven-enforcer-plugin:3.1.0:enforce (check-at-least-java-17) @ streampipes-sinks-internal-jvm ---
[INFO] 
[INFO] --- maven-enforcer-plugin:3.1.0:enforce (enforce-version-convergence) @ streampipes-sinks-internal-jvm ---
[INFO] 
[INFO] --- maven-checkstyle-plugin:3.2.1:check (validate) @ streampipes-sinks-internal-jvm ---
[INFO] 
[INFO] <<< maven-source-plugin:3.0.1:jar (attach-sources) < generate-sources @ streampipes-sinks-internal-jvm <<<
[INFO] 
[INFO] 
[INFO] --- maven-source-plugin:3.0.1:jar (attach-sources) @ streampipes-sinks-internal-jvm ---
[INFO] Building jar: /Users/arian/edu/kth/softfund_dd2480/assignment4/DD2480-Assignment-4/streampipes-extensions/streampipes-sinks-internal-jvm/target/streampipes-sinks-internal-jvm-0.92.0-SNAPSHOT-sources.jar
[INFO] 
[INFO] -----< org.apache.streampipes:streampipes-sinks-notifications-jvm >-----
[INFO] Building streampipes-sinks-notifications-jvm 0.92.0-SNAPSHOT     [68/94]
[INFO] --------------------------------[ jar ]---------------------------------
[INFO] 
[INFO] --- maven-clean-plugin:3.2.0:clean (default-clean) @ streampipes-sinks-notifications-jvm ---
[INFO] Deleting /Users/arian/edu/kth/softfund_dd2480/assignment4/DD2480-Assignment-4/streampipes-extensions/streampipes-sinks-notifications-jvm/target
[INFO] 
[INFO] --- maven-enforcer-plugin:3.1.0:enforce (enforce-maven-version) @ streampipes-sinks-notifications-jvm ---
[INFO] 
[INFO] --- maven-enforcer-plugin:3.1.0:enforce (enforce-java-version) @ streampipes-sinks-notifications-jvm ---
[INFO] 
[INFO] --- maven-enforcer-plugin:3.1.0:enforce (check-at-least-java-17) @ streampipes-sinks-notifications-jvm ---
[INFO] 
[INFO] --- maven-enforcer-plugin:3.1.0:enforce (enforce-version-convergence) @ streampipes-sinks-notifications-jvm ---
[INFO] 
[INFO] --- maven-checkstyle-plugin:3.2.1:check (validate) @ streampipes-sinks-notifications-jvm ---
[INFO] 
[INFO] --- maven-remote-resources-plugin:1.7.0:process (process-resource-bundles) @ streampipes-sinks-notifications-jvm ---
[INFO] Preparing remote bundle org.apache:apache-jar-resource-bundle:1.4
[INFO] Copying 3 resources from 1 bundle.
[INFO] 
[INFO] --- maven-resources-plugin:3.3.0:resources (default-resources) @ streampipes-sinks-notifications-jvm ---
[INFO] Copying 12 resources
[INFO] Copying 3 resources
[INFO] 
[INFO] --- maven-compiler-plugin:3.10.1:compile (default-compile) @ streampipes-sinks-notifications-jvm ---
[INFO] Changes detected - recompiling the module!
[INFO] Compiling 14 source files to /Users/arian/edu/kth/softfund_dd2480/assignment4/DD2480-Assignment-4/streampipes-extensions/streampipes-sinks-notifications-jvm/target/classes
[INFO] 
[INFO] --- maven-resources-plugin:3.3.0:testResources (default-testResources) @ streampipes-sinks-notifications-jvm ---
[INFO] skip non existing resourceDirectory /Users/arian/edu/kth/softfund_dd2480/assignment4/DD2480-Assignment-4/streampipes-extensions/streampipes-sinks-notifications-jvm/src/test/resources
[INFO] Copying 3 resources
[INFO] 
[INFO] --- maven-compiler-plugin:3.10.1:testCompile (default-testCompile) @ streampipes-sinks-notifications-jvm ---
[INFO] No sources to compile
[INFO] 
[INFO] --- maven-surefire-plugin:2.22.2:test (default-test) @ streampipes-sinks-notifications-jvm ---
[INFO] 
[INFO] --- maven-jar-plugin:3.3.0:jar (default-jar) @ streampipes-sinks-notifications-jvm ---
[INFO] Building jar: /Users/arian/edu/kth/softfund_dd2480/assignment4/DD2480-Assignment-4/streampipes-extensions/streampipes-sinks-notifications-jvm/target/streampipes-sinks-notifications-jvm-0.92.0-SNAPSHOT.jar
[INFO] 
[INFO] --- maven-site-plugin:3.12.1:attach-descriptor (attach-descriptor) @ streampipes-sinks-notifications-jvm ---
[INFO] Skipping because packaging 'jar' is not pom.
[INFO] 
[INFO] --- maven-javadoc-plugin:3.4.1:jar (attach-javadocs) @ streampipes-sinks-notifications-jvm ---
[ERROR] Error fetching link: /Users/arian/edu/kth/softfund_dd2480/assignment4/DD2480-Assignment-4/streampipes-sdk-bundle/target/apidocs. Ignored it.
[INFO] No previous run data found, generating javadoc.
[INFO] Building jar: /Users/arian/edu/kth/softfund_dd2480/assignment4/DD2480-Assignment-4/streampipes-extensions/streampipes-sinks-notifications-jvm/target/streampipes-sinks-notifications-jvm-0.92.0-SNAPSHOT-javadoc.jar
[INFO] 
[INFO] >>> maven-source-plugin:3.0.1:jar (attach-sources) > generate-sources @ streampipes-sinks-notifications-jvm >>>
[INFO] 
[INFO] --- maven-enforcer-plugin:3.1.0:enforce (enforce-maven-version) @ streampipes-sinks-notifications-jvm ---
[INFO] 
[INFO] --- maven-enforcer-plugin:3.1.0:enforce (enforce-java-version) @ streampipes-sinks-notifications-jvm ---
[INFO] 
[INFO] --- maven-enforcer-plugin:3.1.0:enforce (check-at-least-java-17) @ streampipes-sinks-notifications-jvm ---
[INFO] 
[INFO] --- maven-enforcer-plugin:3.1.0:enforce (enforce-version-convergence) @ streampipes-sinks-notifications-jvm ---
[INFO] 
[INFO] --- maven-checkstyle-plugin:3.2.1:check (validate) @ streampipes-sinks-notifications-jvm ---
[INFO] 
[INFO] <<< maven-source-plugin:3.0.1:jar (attach-sources) < generate-sources @ streampipes-sinks-notifications-jvm <<<
[INFO] 
[INFO] 
[INFO] --- maven-source-plugin:3.0.1:jar (attach-sources) @ streampipes-sinks-notifications-jvm ---
[INFO] Building jar: /Users/arian/edu/kth/softfund_dd2480/assignment4/DD2480-Assignment-4/streampipes-extensions/streampipes-sinks-notifications-jvm/target/streampipes-sinks-notifications-jvm-0.92.0-SNAPSHOT-sources.jar
[INFO] 
[INFO] -----< org.apache.streampipes:streampipes-processors-enricher-jvm >-----
[INFO] Building streampipes-processors-enricher-jvm 0.92.0-SNAPSHOT     [69/94]
[INFO] --------------------------------[ jar ]---------------------------------
[INFO] 
[INFO] --- maven-clean-plugin:3.2.0:clean (default-clean) @ streampipes-processors-enricher-jvm ---
[INFO] Deleting /Users/arian/edu/kth/softfund_dd2480/assignment4/DD2480-Assignment-4/streampipes-extensions/streampipes-processors-enricher-jvm/target
[INFO] 
[INFO] --- maven-enforcer-plugin:3.1.0:enforce (enforce-maven-version) @ streampipes-processors-enricher-jvm ---
[INFO] 
[INFO] --- maven-enforcer-plugin:3.1.0:enforce (enforce-java-version) @ streampipes-processors-enricher-jvm ---
[INFO] 
[INFO] --- maven-enforcer-plugin:3.1.0:enforce (check-at-least-java-17) @ streampipes-processors-enricher-jvm ---
[INFO] 
[INFO] --- maven-enforcer-plugin:3.1.0:enforce (enforce-version-convergence) @ streampipes-processors-enricher-jvm ---
[INFO] 
[INFO] --- maven-checkstyle-plugin:3.2.1:check (validate) @ streampipes-processors-enricher-jvm ---
[INFO] 
[INFO] --- maven-remote-resources-plugin:1.7.0:process (process-resource-bundles) @ streampipes-processors-enricher-jvm ---
[INFO] Preparing remote bundle org.apache:apache-jar-resource-bundle:1.4
[INFO] Copying 3 resources from 1 bundle.
[INFO] 
[INFO] --- maven-resources-plugin:3.3.0:resources (default-resources) @ streampipes-processors-enricher-jvm ---
[INFO] Copying 17 resources
[INFO] Copying 3 resources
[INFO] 
[INFO] --- maven-compiler-plugin:3.10.1:compile (default-compile) @ streampipes-processors-enricher-jvm ---
[INFO] Changes detected - recompiling the module!
[INFO] Compiling 18 source files to /Users/arian/edu/kth/softfund_dd2480/assignment4/DD2480-Assignment-4/streampipes-extensions/streampipes-processors-enricher-jvm/target/classes
[INFO] /Users/arian/edu/kth/softfund_dd2480/assignment4/DD2480-Assignment-4/streampipes-extensions/streampipes-processors-enricher-jvm/src/main/java/org/apache/streampipes/processors/enricher/jvm/processor/jseval/JSEvalController.java: Some input files use or override a deprecated API that is marked for removal.
[INFO] /Users/arian/edu/kth/softfund_dd2480/assignment4/DD2480-Assignment-4/streampipes-extensions/streampipes-processors-enricher-jvm/src/main/java/org/apache/streampipes/processors/enricher/jvm/processor/jseval/JSEvalController.java: Recompile with -Xlint:removal for details.
[INFO] /Users/arian/edu/kth/softfund_dd2480/assignment4/DD2480-Assignment-4/streampipes-extensions/streampipes-processors-enricher-jvm/src/main/java/org/apache/streampipes/processors/enricher/jvm/processor/jseval/JSEval.java: /Users/arian/edu/kth/softfund_dd2480/assignment4/DD2480-Assignment-4/streampipes-extensions/streampipes-processors-enricher-jvm/src/main/java/org/apache/streampipes/processors/enricher/jvm/processor/jseval/JSEval.java uses unchecked or unsafe operations.
[INFO] /Users/arian/edu/kth/softfund_dd2480/assignment4/DD2480-Assignment-4/streampipes-extensions/streampipes-processors-enricher-jvm/src/main/java/org/apache/streampipes/processors/enricher/jvm/processor/jseval/JSEval.java: Recompile with -Xlint:unchecked for details.
[INFO] 
[INFO] --- maven-resources-plugin:3.3.0:testResources (default-testResources) @ streampipes-processors-enricher-jvm ---
[INFO] skip non existing resourceDirectory /Users/arian/edu/kth/softfund_dd2480/assignment4/DD2480-Assignment-4/streampipes-extensions/streampipes-processors-enricher-jvm/src/test/resources
[INFO] Copying 3 resources
[INFO] 
[INFO] --- maven-compiler-plugin:3.10.1:testCompile (default-testCompile) @ streampipes-processors-enricher-jvm ---
[INFO] No sources to compile
[INFO] 
[INFO] --- maven-surefire-plugin:2.22.2:test (default-test) @ streampipes-processors-enricher-jvm ---
[INFO] 
[INFO] --- maven-jar-plugin:3.3.0:jar (default-jar) @ streampipes-processors-enricher-jvm ---
[INFO] Building jar: /Users/arian/edu/kth/softfund_dd2480/assignment4/DD2480-Assignment-4/streampipes-extensions/streampipes-processors-enricher-jvm/target/streampipes-processors-enricher-jvm-0.92.0-SNAPSHOT.jar
[INFO] 
[INFO] --- maven-site-plugin:3.12.1:attach-descriptor (attach-descriptor) @ streampipes-processors-enricher-jvm ---
[INFO] Skipping because packaging 'jar' is not pom.
[INFO] 
[INFO] --- maven-javadoc-plugin:3.4.1:jar (attach-javadocs) @ streampipes-processors-enricher-jvm ---
[ERROR] Error fetching link: /Users/arian/edu/kth/softfund_dd2480/assignment4/DD2480-Assignment-4/streampipes-sdk-bundle/target/apidocs. Ignored it.
[INFO] No previous run data found, generating javadoc.
[INFO] Building jar: /Users/arian/edu/kth/softfund_dd2480/assignment4/DD2480-Assignment-4/streampipes-extensions/streampipes-processors-enricher-jvm/target/streampipes-processors-enricher-jvm-0.92.0-SNAPSHOT-javadoc.jar
[INFO] 
[INFO] >>> maven-source-plugin:3.0.1:jar (attach-sources) > generate-sources @ streampipes-processors-enricher-jvm >>>
[INFO] 
[INFO] --- maven-enforcer-plugin:3.1.0:enforce (enforce-maven-version) @ streampipes-processors-enricher-jvm ---
[INFO] 
[INFO] --- maven-enforcer-plugin:3.1.0:enforce (enforce-java-version) @ streampipes-processors-enricher-jvm ---
[INFO] 
[INFO] --- maven-enforcer-plugin:3.1.0:enforce (check-at-least-java-17) @ streampipes-processors-enricher-jvm ---
[INFO] 
[INFO] --- maven-enforcer-plugin:3.1.0:enforce (enforce-version-convergence) @ streampipes-processors-enricher-jvm ---
[INFO] 
[INFO] --- maven-checkstyle-plugin:3.2.1:check (validate) @ streampipes-processors-enricher-jvm ---
[INFO] 
[INFO] <<< maven-source-plugin:3.0.1:jar (attach-sources) < generate-sources @ streampipes-processors-enricher-jvm <<<
[INFO] 
[INFO] 
[INFO] --- maven-source-plugin:3.0.1:jar (attach-sources) @ streampipes-processors-enricher-jvm ---
[INFO] Building jar: /Users/arian/edu/kth/softfund_dd2480/assignment4/DD2480-Assignment-4/streampipes-extensions/streampipes-processors-enricher-jvm/target/streampipes-processors-enricher-jvm-0.92.0-SNAPSHOT-sources.jar
[INFO] 
[INFO] --< org.apache.streampipes:streampipes-processors-change-detection-jvm >--
[INFO] Building streampipes-processors-change-detection-jvm 0.92.0-SNAPSHOT [70/94]
[INFO] --------------------------------[ jar ]---------------------------------
[INFO] 
[INFO] --- maven-clean-plugin:3.2.0:clean (default-clean) @ streampipes-processors-change-detection-jvm ---
[INFO] Deleting /Users/arian/edu/kth/softfund_dd2480/assignment4/DD2480-Assignment-4/streampipes-extensions/streampipes-processors-change-detection-jvm/target
[INFO] 
[INFO] --- maven-enforcer-plugin:3.1.0:enforce (enforce-maven-version) @ streampipes-processors-change-detection-jvm ---
[INFO] 
[INFO] --- maven-enforcer-plugin:3.1.0:enforce (enforce-java-version) @ streampipes-processors-change-detection-jvm ---
[INFO] 
[INFO] --- maven-enforcer-plugin:3.1.0:enforce (check-at-least-java-17) @ streampipes-processors-change-detection-jvm ---
[INFO] 
[INFO] --- maven-enforcer-plugin:3.1.0:enforce (enforce-version-convergence) @ streampipes-processors-change-detection-jvm ---
[INFO] 
[INFO] --- maven-checkstyle-plugin:3.2.1:check (validate) @ streampipes-processors-change-detection-jvm ---
[INFO] 
[INFO] --- maven-remote-resources-plugin:1.7.0:process (process-resource-bundles) @ streampipes-processors-change-detection-jvm ---
[INFO] Preparing remote bundle org.apache:apache-jar-resource-bundle:1.4
[INFO] Copying 3 resources from 1 bundle.
[INFO] 
[INFO] --- maven-resources-plugin:3.3.0:resources (default-resources) @ streampipes-processors-change-detection-jvm ---
[INFO] Copying 6 resources
[INFO] Copying 3 resources
[INFO] 
[INFO] --- maven-compiler-plugin:3.10.1:compile (default-compile) @ streampipes-processors-change-detection-jvm ---
[INFO] Changes detected - recompiling the module!
[INFO] Compiling 9 source files to /Users/arian/edu/kth/softfund_dd2480/assignment4/DD2480-Assignment-4/streampipes-extensions/streampipes-processors-change-detection-jvm/target/classes
[INFO] /Users/arian/edu/kth/softfund_dd2480/assignment4/DD2480-Assignment-4/streampipes-extensions/streampipes-processors-change-detection-jvm/src/main/java/org/apache/streampipes/processors/changedetection/jvm/cusum/CusumController.java: Some input files use or override a deprecated API that is marked for removal.
[INFO] /Users/arian/edu/kth/softfund_dd2480/assignment4/DD2480-Assignment-4/streampipes-extensions/streampipes-processors-change-detection-jvm/src/main/java/org/apache/streampipes/processors/changedetection/jvm/cusum/CusumController.java: Recompile with -Xlint:removal for details.
[INFO] 
[INFO] --- maven-resources-plugin:3.3.0:testResources (default-testResources) @ streampipes-processors-change-detection-jvm ---
[INFO] skip non existing resourceDirectory /Users/arian/edu/kth/softfund_dd2480/assignment4/DD2480-Assignment-4/streampipes-extensions/streampipes-processors-change-detection-jvm/src/test/resources
[INFO] Copying 3 resources
[INFO] 
[INFO] --- maven-compiler-plugin:3.10.1:testCompile (default-testCompile) @ streampipes-processors-change-detection-jvm ---
[INFO] No sources to compile
[INFO] 
[INFO] --- maven-surefire-plugin:2.22.2:test (default-test) @ streampipes-processors-change-detection-jvm ---
[INFO] 
[INFO] --- maven-jar-plugin:3.3.0:jar (default-jar) @ streampipes-processors-change-detection-jvm ---
[INFO] Building jar: /Users/arian/edu/kth/softfund_dd2480/assignment4/DD2480-Assignment-4/streampipes-extensions/streampipes-processors-change-detection-jvm/target/streampipes-processors-change-detection-jvm-0.92.0-SNAPSHOT.jar
[INFO] 
[INFO] --- maven-site-plugin:3.12.1:attach-descriptor (attach-descriptor) @ streampipes-processors-change-detection-jvm ---
[INFO] Skipping because packaging 'jar' is not pom.
[INFO] 
[INFO] --- maven-javadoc-plugin:3.4.1:jar (attach-javadocs) @ streampipes-processors-change-detection-jvm ---
[ERROR] Error fetching link: /Users/arian/edu/kth/softfund_dd2480/assignment4/DD2480-Assignment-4/streampipes-sdk-bundle/target/apidocs. Ignored it.
[INFO] No previous run data found, generating javadoc.
[INFO] Building jar: /Users/arian/edu/kth/softfund_dd2480/assignment4/DD2480-Assignment-4/streampipes-extensions/streampipes-processors-change-detection-jvm/target/streampipes-processors-change-detection-jvm-0.92.0-SNAPSHOT-javadoc.jar
[INFO] 
[INFO] >>> maven-source-plugin:3.0.1:jar (attach-sources) > generate-sources @ streampipes-processors-change-detection-jvm >>>
[INFO] 
[INFO] --- maven-enforcer-plugin:3.1.0:enforce (enforce-maven-version) @ streampipes-processors-change-detection-jvm ---
[INFO] 
[INFO] --- maven-enforcer-plugin:3.1.0:enforce (enforce-java-version) @ streampipes-processors-change-detection-jvm ---
[INFO] 
[INFO] --- maven-enforcer-plugin:3.1.0:enforce (check-at-least-java-17) @ streampipes-processors-change-detection-jvm ---
[INFO] 
[INFO] --- maven-enforcer-plugin:3.1.0:enforce (enforce-version-convergence) @ streampipes-processors-change-detection-jvm ---
[INFO] 
[INFO] --- maven-checkstyle-plugin:3.2.1:check (validate) @ streampipes-processors-change-detection-jvm ---
[INFO] 
[INFO] <<< maven-source-plugin:3.0.1:jar (attach-sources) < generate-sources @ streampipes-processors-change-detection-jvm <<<
[INFO] 
[INFO] 
[INFO] --- maven-source-plugin:3.0.1:jar (attach-sources) @ streampipes-processors-change-detection-jvm ---
[INFO] Building jar: /Users/arian/edu/kth/softfund_dd2480/assignment4/DD2480-Assignment-4/streampipes-extensions/streampipes-processors-change-detection-jvm/target/streampipes-processors-change-detection-jvm-0.92.0-SNAPSHOT-sources.jar
[INFO] 
[INFO] -------< org.apache.streampipes:streampipes-extensions-all-iiot >-------
[INFO] Building streampipes-extensions-all-iiot 0.92.0-SNAPSHOT         [71/94]
[INFO] --------------------------------[ jar ]---------------------------------
[INFO] 
[INFO] --- maven-clean-plugin:3.2.0:clean (default-clean) @ streampipes-extensions-all-iiot ---
[INFO] 
[INFO] --- maven-enforcer-plugin:3.1.0:enforce (enforce-maven-version) @ streampipes-extensions-all-iiot ---
[INFO] 
[INFO] --- maven-enforcer-plugin:3.1.0:enforce (enforce-java-version) @ streampipes-extensions-all-iiot ---
[INFO] 
[INFO] --- maven-enforcer-plugin:3.1.0:enforce (check-at-least-java-17) @ streampipes-extensions-all-iiot ---
[INFO] 
[INFO] --- maven-enforcer-plugin:3.1.0:enforce (enforce-version-convergence) @ streampipes-extensions-all-iiot ---
[INFO] 
[INFO] --- maven-checkstyle-plugin:3.2.1:check (validate) @ streampipes-extensions-all-iiot ---
[INFO] 
[INFO] --- maven-remote-resources-plugin:1.7.0:process (process-resource-bundles) @ streampipes-extensions-all-iiot ---
[INFO] Preparing remote bundle org.apache:apache-jar-resource-bundle:1.4
[INFO] Copying 3 resources from 1 bundle.
[INFO] 
[INFO] --- maven-resources-plugin:3.3.0:resources (default-resources) @ streampipes-extensions-all-iiot ---
[INFO] skip non existing resourceDirectory /Users/arian/edu/kth/softfund_dd2480/assignment4/DD2480-Assignment-4/streampipes-extensions/streampipes-extensions-all-iiot/src/main/resources
[INFO] Copying 3 resources
[INFO] 
[INFO] --- maven-compiler-plugin:3.10.1:compile (default-compile) @ streampipes-extensions-all-iiot ---
[INFO] Changes detected - recompiling the module!
[INFO] Compiling 1 source file to /Users/arian/edu/kth/softfund_dd2480/assignment4/DD2480-Assignment-4/streampipes-extensions/streampipes-extensions-all-iiot/target/classes
[INFO] 
[INFO] --- maven-resources-plugin:3.3.0:testResources (default-testResources) @ streampipes-extensions-all-iiot ---
[INFO] skip non existing resourceDirectory /Users/arian/edu/kth/softfund_dd2480/assignment4/DD2480-Assignment-4/streampipes-extensions/streampipes-extensions-all-iiot/src/test/resources
[INFO] Copying 3 resources
[INFO] 
[INFO] --- maven-compiler-plugin:3.10.1:testCompile (default-testCompile) @ streampipes-extensions-all-iiot ---
[INFO] No sources to compile
[INFO] 
[INFO] --- maven-surefire-plugin:2.22.2:test (default-test) @ streampipes-extensions-all-iiot ---
[INFO] 
[INFO] --- maven-jar-plugin:3.3.0:jar (default-jar) @ streampipes-extensions-all-iiot ---
[INFO] Building jar: /Users/arian/edu/kth/softfund_dd2480/assignment4/DD2480-Assignment-4/streampipes-extensions/streampipes-extensions-all-iiot/target/streampipes-extensions-all-iiot.jar
[INFO] 
[INFO] --- maven-site-plugin:3.12.1:attach-descriptor (attach-descriptor) @ streampipes-extensions-all-iiot ---
[INFO] Skipping because packaging 'jar' is not pom.
[INFO] 
[INFO] --- maven-javadoc-plugin:3.4.1:jar (attach-javadocs) @ streampipes-extensions-all-iiot ---
[INFO] No previous run data found, generating javadoc.
[INFO] Building jar: /Users/arian/edu/kth/softfund_dd2480/assignment4/DD2480-Assignment-4/streampipes-extensions/streampipes-extensions-all-iiot/target/streampipes-extensions-all-iiot-javadoc.jar
[INFO] 
[INFO] >>> maven-source-plugin:3.0.1:jar (attach-sources) > generate-sources @ streampipes-extensions-all-iiot >>>
[INFO] 
[INFO] --- maven-enforcer-plugin:3.1.0:enforce (enforce-maven-version) @ streampipes-extensions-all-iiot ---
[INFO] 
[INFO] --- maven-enforcer-plugin:3.1.0:enforce (enforce-java-version) @ streampipes-extensions-all-iiot ---
[INFO] 
[INFO] --- maven-enforcer-plugin:3.1.0:enforce (check-at-least-java-17) @ streampipes-extensions-all-iiot ---
[INFO] 
[INFO] --- maven-enforcer-plugin:3.1.0:enforce (enforce-version-convergence) @ streampipes-extensions-all-iiot ---
[INFO] 
[INFO] --- maven-checkstyle-plugin:3.2.1:check (validate) @ streampipes-extensions-all-iiot ---
[INFO] 
[INFO] <<< maven-source-plugin:3.0.1:jar (attach-sources) < generate-sources @ streampipes-extensions-all-iiot <<<
[INFO] 
[INFO] 
[INFO] --- maven-source-plugin:3.0.1:jar (attach-sources) @ streampipes-extensions-all-iiot ---
[INFO] Building jar: /Users/arian/edu/kth/softfund_dd2480/assignment4/DD2480-Assignment-4/streampipes-extensions/streampipes-extensions-all-iiot/target/streampipes-extensions-all-iiot-sources.jar
[INFO] 
[INFO] --- spring-boot-maven-plugin:3.0.1:repackage (default) @ streampipes-extensions-all-iiot ---
[INFO] Replacing main artifact with repackaged archive
[INFO] 
[INFO] --< org.apache.streampipes:streampipes-processors-image-processing-jvm >--
[INFO] Building streampipes-processors-image-processing-jvm 0.92.0-SNAPSHOT [72/94]
[INFO] --------------------------------[ jar ]---------------------------------
[INFO] 
[INFO] --- maven-clean-plugin:3.2.0:clean (default-clean) @ streampipes-processors-image-processing-jvm ---
[INFO] Deleting /Users/arian/edu/kth/softfund_dd2480/assignment4/DD2480-Assignment-4/streampipes-extensions/streampipes-processors-image-processing-jvm/target
[INFO] 
[INFO] --- maven-enforcer-plugin:3.1.0:enforce (enforce-maven-version) @ streampipes-processors-image-processing-jvm ---
[INFO] 
[INFO] --- maven-enforcer-plugin:3.1.0:enforce (enforce-java-version) @ streampipes-processors-image-processing-jvm ---
[INFO] 
[INFO] --- maven-enforcer-plugin:3.1.0:enforce (check-at-least-java-17) @ streampipes-processors-image-processing-jvm ---
[INFO] 
[INFO] --- maven-enforcer-plugin:3.1.0:enforce (enforce-version-convergence) @ streampipes-processors-image-processing-jvm ---
[INFO] 
[INFO] --- maven-checkstyle-plugin:3.2.1:check (validate) @ streampipes-processors-image-processing-jvm ---
[INFO] 
[INFO] --- maven-remote-resources-plugin:1.7.0:process (process-resource-bundles) @ streampipes-processors-image-processing-jvm ---
[INFO] Preparing remote bundle org.apache:apache-jar-resource-bundle:1.4
[INFO] Copying 3 resources from 1 bundle.
[INFO] 
[INFO] --- maven-resources-plugin:3.3.0:resources (default-resources) @ streampipes-processors-image-processing-jvm ---
[INFO] Copying 12 resources
[INFO] Copying 3 resources
[INFO] 
[INFO] --- maven-compiler-plugin:3.10.1:compile (default-compile) @ streampipes-processors-image-processing-jvm ---
[INFO] Changes detected - recompiling the module!
[INFO] Compiling 18 source files to /Users/arian/edu/kth/softfund_dd2480/assignment4/DD2480-Assignment-4/streampipes-extensions/streampipes-processors-image-processing-jvm/target/classes
[INFO] /Users/arian/edu/kth/softfund_dd2480/assignment4/DD2480-Assignment-4/streampipes-extensions/streampipes-processors-image-processing-jvm/src/main/java/org/apache/streampipes/processors/imageprocessing/jvm/processor/imagecropper/ImageCropper.java: Some input files use or override a deprecated API that is marked for removal.
[INFO] /Users/arian/edu/kth/softfund_dd2480/assignment4/DD2480-Assignment-4/streampipes-extensions/streampipes-processors-image-processing-jvm/src/main/java/org/apache/streampipes/processors/imageprocessing/jvm/processor/imagecropper/ImageCropper.java: Recompile with -Xlint:removal for details.
[INFO] 
[INFO] --- maven-resources-plugin:3.3.0:testResources (default-testResources) @ streampipes-processors-image-processing-jvm ---
[INFO] skip non existing resourceDirectory /Users/arian/edu/kth/softfund_dd2480/assignment4/DD2480-Assignment-4/streampipes-extensions/streampipes-processors-image-processing-jvm/src/test/resources
[INFO] Copying 3 resources
[INFO] 
[INFO] --- maven-compiler-plugin:3.10.1:testCompile (default-testCompile) @ streampipes-processors-image-processing-jvm ---
[INFO] No sources to compile
[INFO] 
[INFO] --- maven-surefire-plugin:2.22.2:test (default-test) @ streampipes-processors-image-processing-jvm ---
[INFO] 
[INFO] --- maven-jar-plugin:3.3.0:jar (default-jar) @ streampipes-processors-image-processing-jvm ---
[INFO] Building jar: /Users/arian/edu/kth/softfund_dd2480/assignment4/DD2480-Assignment-4/streampipes-extensions/streampipes-processors-image-processing-jvm/target/streampipes-processors-image-processing-jvm-0.92.0-SNAPSHOT.jar
[INFO] 
[INFO] --- maven-site-plugin:3.12.1:attach-descriptor (attach-descriptor) @ streampipes-processors-image-processing-jvm ---
[INFO] Skipping because packaging 'jar' is not pom.
[INFO] 
[INFO] --- maven-javadoc-plugin:3.4.1:jar (attach-javadocs) @ streampipes-processors-image-processing-jvm ---
[ERROR] Error fetching link: /Users/arian/edu/kth/softfund_dd2480/assignment4/DD2480-Assignment-4/streampipes-sdk-bundle/target/apidocs. Ignored it.
[INFO] No previous run data found, generating javadoc.
[INFO] Building jar: /Users/arian/edu/kth/softfund_dd2480/assignment4/DD2480-Assignment-4/streampipes-extensions/streampipes-processors-image-processing-jvm/target/streampipes-processors-image-processing-jvm-0.92.0-SNAPSHOT-javadoc.jar
[INFO] 
[INFO] >>> maven-source-plugin:3.0.1:jar (attach-sources) > generate-sources @ streampipes-processors-image-processing-jvm >>>
[INFO] 
[INFO] --- maven-enforcer-plugin:3.1.0:enforce (enforce-maven-version) @ streampipes-processors-image-processing-jvm ---
[INFO] 
[INFO] --- maven-enforcer-plugin:3.1.0:enforce (enforce-java-version) @ streampipes-processors-image-processing-jvm ---
[INFO] 
[INFO] --- maven-enforcer-plugin:3.1.0:enforce (check-at-least-java-17) @ streampipes-processors-image-processing-jvm ---
[INFO] 
[INFO] --- maven-enforcer-plugin:3.1.0:enforce (enforce-version-convergence) @ streampipes-processors-image-processing-jvm ---
[INFO] 
[INFO] --- maven-checkstyle-plugin:3.2.1:check (validate) @ streampipes-processors-image-processing-jvm ---
[INFO] 
[INFO] <<< maven-source-plugin:3.0.1:jar (attach-sources) < generate-sources @ streampipes-processors-image-processing-jvm <<<
[INFO] 
[INFO] 
[INFO] --- maven-source-plugin:3.0.1:jar (attach-sources) @ streampipes-processors-image-processing-jvm ---
[INFO] Building jar: /Users/arian/edu/kth/softfund_dd2480/assignment4/DD2480-Assignment-4/streampipes-extensions/streampipes-processors-image-processing-jvm/target/streampipes-processors-image-processing-jvm-0.92.0-SNAPSHOT-sources.jar
[INFO] 
[INFO] ---< org.apache.streampipes:streampipes-processors-text-mining-jvm >----
[INFO] Building streampipes-processors-text-mining-jvm 0.92.0-SNAPSHOT  [73/94]
[INFO] --------------------------------[ jar ]---------------------------------
[INFO] 
[INFO] --- maven-clean-plugin:3.2.0:clean (default-clean) @ streampipes-processors-text-mining-jvm ---
[INFO] Deleting /Users/arian/edu/kth/softfund_dd2480/assignment4/DD2480-Assignment-4/streampipes-extensions/streampipes-processors-text-mining-jvm/target
[INFO] 
[INFO] --- maven-enforcer-plugin:3.1.0:enforce (enforce-maven-version) @ streampipes-processors-text-mining-jvm ---
[INFO] 
[INFO] --- maven-enforcer-plugin:3.1.0:enforce (enforce-java-version) @ streampipes-processors-text-mining-jvm ---
[INFO] 
[INFO] --- maven-enforcer-plugin:3.1.0:enforce (check-at-least-java-17) @ streampipes-processors-text-mining-jvm ---
[INFO] 
[INFO] --- maven-enforcer-plugin:3.1.0:enforce (enforce-version-convergence) @ streampipes-processors-text-mining-jvm ---
[INFO] 
[INFO] --- maven-checkstyle-plugin:3.2.1:check (validate) @ streampipes-processors-text-mining-jvm ---
[INFO] 
[INFO] --- maven-remote-resources-plugin:1.7.0:process (process-resource-bundles) @ streampipes-processors-text-mining-jvm ---
[INFO] Preparing remote bundle org.apache:apache-jar-resource-bundle:1.4
[INFO] Copying 3 resources from 1 bundle.
[INFO] 
[INFO] --- maven-resources-plugin:3.3.0:resources (default-resources) @ streampipes-processors-text-mining-jvm ---
[INFO] Copying 18 resources
[INFO] Copying 3 resources
[INFO] 
[INFO] --- maven-compiler-plugin:3.10.1:compile (default-compile) @ streampipes-processors-text-mining-jvm ---
[INFO] Changes detected - recompiling the module!
[INFO] Compiling 20 source files to /Users/arian/edu/kth/softfund_dd2480/assignment4/DD2480-Assignment-4/streampipes-extensions/streampipes-processors-text-mining-jvm/target/classes
[INFO] /Users/arian/edu/kth/softfund_dd2480/assignment4/DD2480-Assignment-4/streampipes-extensions/streampipes-processors-text-mining-jvm/src/main/java/org/apache/streampipes/processors/textmining/jvm/processor/partofspeech/PartOfSpeechParameters.java: Some input files use or override a deprecated API that is marked for removal.
[INFO] /Users/arian/edu/kth/softfund_dd2480/assignment4/DD2480-Assignment-4/streampipes-extensions/streampipes-processors-text-mining-jvm/src/main/java/org/apache/streampipes/processors/textmining/jvm/processor/partofspeech/PartOfSpeechParameters.java: Recompile with -Xlint:removal for details.
[INFO] 
[INFO] --- maven-resources-plugin:3.3.0:testResources (default-testResources) @ streampipes-processors-text-mining-jvm ---
[INFO] skip non existing resourceDirectory /Users/arian/edu/kth/softfund_dd2480/assignment4/DD2480-Assignment-4/streampipes-extensions/streampipes-processors-text-mining-jvm/src/test/resources
[INFO] Copying 3 resources
[INFO] 
[INFO] --- maven-compiler-plugin:3.10.1:testCompile (default-testCompile) @ streampipes-processors-text-mining-jvm ---
[INFO] No sources to compile
[INFO] 
[INFO] --- maven-surefire-plugin:2.22.2:test (default-test) @ streampipes-processors-text-mining-jvm ---
[INFO] 
[INFO] --- maven-jar-plugin:3.3.0:jar (default-jar) @ streampipes-processors-text-mining-jvm ---
[INFO] Building jar: /Users/arian/edu/kth/softfund_dd2480/assignment4/DD2480-Assignment-4/streampipes-extensions/streampipes-processors-text-mining-jvm/target/streampipes-processors-text-mining-jvm-0.92.0-SNAPSHOT.jar
[INFO] 
[INFO] --- maven-site-plugin:3.12.1:attach-descriptor (attach-descriptor) @ streampipes-processors-text-mining-jvm ---
[INFO] Skipping because packaging 'jar' is not pom.
[INFO] 
[INFO] --- maven-javadoc-plugin:3.4.1:jar (attach-javadocs) @ streampipes-processors-text-mining-jvm ---
[ERROR] Error fetching link: /Users/arian/edu/kth/softfund_dd2480/assignment4/DD2480-Assignment-4/streampipes-sdk-bundle/target/apidocs. Ignored it.
[INFO] No previous run data found, generating javadoc.
[INFO] Building jar: /Users/arian/edu/kth/softfund_dd2480/assignment4/DD2480-Assignment-4/streampipes-extensions/streampipes-processors-text-mining-jvm/target/streampipes-processors-text-mining-jvm-0.92.0-SNAPSHOT-javadoc.jar
[INFO] 
[INFO] >>> maven-source-plugin:3.0.1:jar (attach-sources) > generate-sources @ streampipes-processors-text-mining-jvm >>>
[INFO] 
[INFO] --- maven-enforcer-plugin:3.1.0:enforce (enforce-maven-version) @ streampipes-processors-text-mining-jvm ---
[INFO] 
[INFO] --- maven-enforcer-plugin:3.1.0:enforce (enforce-java-version) @ streampipes-processors-text-mining-jvm ---
[INFO] 
[INFO] --- maven-enforcer-plugin:3.1.0:enforce (check-at-least-java-17) @ streampipes-processors-text-mining-jvm ---
[INFO] 
[INFO] --- maven-enforcer-plugin:3.1.0:enforce (enforce-version-convergence) @ streampipes-processors-text-mining-jvm ---
[INFO] 
[INFO] --- maven-checkstyle-plugin:3.2.1:check (validate) @ streampipes-processors-text-mining-jvm ---
[INFO] 
[INFO] <<< maven-source-plugin:3.0.1:jar (attach-sources) < generate-sources @ streampipes-processors-text-mining-jvm <<<
[INFO] 
[INFO] 
[INFO] --- maven-source-plugin:3.0.1:jar (attach-sources) @ streampipes-processors-text-mining-jvm ---
[INFO] Building jar: /Users/arian/edu/kth/softfund_dd2480/assignment4/DD2480-Assignment-4/streampipes-extensions/streampipes-processors-text-mining-jvm/target/streampipes-processors-text-mining-jvm-0.92.0-SNAPSHOT-sources.jar
[INFO] 
[INFO] -------< org.apache.streampipes:streampipes-processors-geo-jvm >--------
[INFO] Building streampipes-processors-geo-jvm 0.92.0-SNAPSHOT          [74/94]
[INFO] --------------------------------[ jar ]---------------------------------
[INFO] 
[INFO] --- maven-clean-plugin:3.2.0:clean (default-clean) @ streampipes-processors-geo-jvm ---
[INFO] Deleting /Users/arian/edu/kth/softfund_dd2480/assignment4/DD2480-Assignment-4/streampipes-extensions/streampipes-processors-geo-jvm/target
[INFO] 
[INFO] --- maven-enforcer-plugin:3.1.0:enforce (enforce-maven-version) @ streampipes-processors-geo-jvm ---
[INFO] 
[INFO] --- maven-enforcer-plugin:3.1.0:enforce (enforce-java-version) @ streampipes-processors-geo-jvm ---
[INFO] 
[INFO] --- maven-enforcer-plugin:3.1.0:enforce (check-at-least-java-17) @ streampipes-processors-geo-jvm ---
[INFO] 
[INFO] --- maven-enforcer-plugin:3.1.0:enforce (enforce-version-convergence) @ streampipes-processors-geo-jvm ---
[INFO] 
[INFO] --- maven-checkstyle-plugin:3.2.1:check (validate) @ streampipes-processors-geo-jvm ---
[INFO] 
[INFO] --- maven-remote-resources-plugin:1.7.0:process (process-resource-bundles) @ streampipes-processors-geo-jvm ---
[INFO] Preparing remote bundle org.apache:apache-jar-resource-bundle:1.4
[INFO] Copying 3 resources from 1 bundle.
[INFO] 
[INFO] --- maven-resources-plugin:3.3.0:resources (default-resources) @ streampipes-processors-geo-jvm ---
[INFO] Copying 30 resources
[INFO] Copying 3 resources
[INFO] 
[INFO] --- maven-compiler-plugin:3.10.1:compile (default-compile) @ streampipes-processors-geo-jvm ---
[INFO] Changes detected - recompiling the module!
[INFO] Compiling 22 source files to /Users/arian/edu/kth/softfund_dd2480/assignment4/DD2480-Assignment-4/streampipes-extensions/streampipes-processors-geo-jvm/target/classes
[INFO] /Users/arian/edu/kth/softfund_dd2480/assignment4/DD2480-Assignment-4/streampipes-extensions/streampipes-processors-geo-jvm/src/main/java/org/apache/streampipes/processors/geo/jvm/latlong/processor/revgeocoder/geocityname/geocode/kdtree/KDTree.java: /Users/arian/edu/kth/softfund_dd2480/assignment4/DD2480-Assignment-4/streampipes-extensions/streampipes-processors-geo-jvm/src/main/java/org/apache/streampipes/processors/geo/jvm/latlong/processor/revgeocoder/geocityname/geocode/kdtree/KDTree.java uses unchecked or unsafe operations.
[INFO] /Users/arian/edu/kth/softfund_dd2480/assignment4/DD2480-Assignment-4/streampipes-extensions/streampipes-processors-geo-jvm/src/main/java/org/apache/streampipes/processors/geo/jvm/latlong/processor/revgeocoder/geocityname/geocode/kdtree/KDTree.java: Recompile with -Xlint:unchecked for details.
[INFO] 
[INFO] --- maven-resources-plugin:3.3.0:testResources (default-testResources) @ streampipes-processors-geo-jvm ---
[INFO] skip non existing resourceDirectory /Users/arian/edu/kth/softfund_dd2480/assignment4/DD2480-Assignment-4/streampipes-extensions/streampipes-processors-geo-jvm/src/test/resources
[INFO] Copying 3 resources
[INFO] 
[INFO] --- maven-compiler-plugin:3.10.1:testCompile (default-testCompile) @ streampipes-processors-geo-jvm ---
[INFO] No sources to compile
[INFO] 
[INFO] --- maven-surefire-plugin:2.22.2:test (default-test) @ streampipes-processors-geo-jvm ---
[INFO] 
[INFO] --- maven-jar-plugin:3.3.0:jar (default-jar) @ streampipes-processors-geo-jvm ---
[INFO] Building jar: /Users/arian/edu/kth/softfund_dd2480/assignment4/DD2480-Assignment-4/streampipes-extensions/streampipes-processors-geo-jvm/target/streampipes-processors-geo-jvm-0.92.0-SNAPSHOT.jar
[INFO] 
[INFO] --- maven-site-plugin:3.12.1:attach-descriptor (attach-descriptor) @ streampipes-processors-geo-jvm ---
[INFO] Skipping because packaging 'jar' is not pom.
[INFO] 
[INFO] --- maven-javadoc-plugin:3.4.1:jar (attach-javadocs) @ streampipes-processors-geo-jvm ---
[ERROR] Error fetching link: /Users/arian/edu/kth/softfund_dd2480/assignment4/DD2480-Assignment-4/streampipes-sdk-bundle/target/apidocs. Ignored it.
[INFO] No previous run data found, generating javadoc.
[INFO] Building jar: /Users/arian/edu/kth/softfund_dd2480/assignment4/DD2480-Assignment-4/streampipes-extensions/streampipes-processors-geo-jvm/target/streampipes-processors-geo-jvm-0.92.0-SNAPSHOT-javadoc.jar
[INFO] 
[INFO] >>> maven-source-plugin:3.0.1:jar (attach-sources) > generate-sources @ streampipes-processors-geo-jvm >>>
[INFO] 
[INFO] --- maven-enforcer-plugin:3.1.0:enforce (enforce-maven-version) @ streampipes-processors-geo-jvm ---
[INFO] 
[INFO] --- maven-enforcer-plugin:3.1.0:enforce (enforce-java-version) @ streampipes-processors-geo-jvm ---
[INFO] 
[INFO] --- maven-enforcer-plugin:3.1.0:enforce (check-at-least-java-17) @ streampipes-processors-geo-jvm ---
[INFO] 
[INFO] --- maven-enforcer-plugin:3.1.0:enforce (enforce-version-convergence) @ streampipes-processors-geo-jvm ---
[INFO] 
[INFO] --- maven-checkstyle-plugin:3.2.1:check (validate) @ streampipes-processors-geo-jvm ---
[INFO] 
[INFO] <<< maven-source-plugin:3.0.1:jar (attach-sources) < generate-sources @ streampipes-processors-geo-jvm <<<
[INFO] 
[INFO] 
[INFO] --- maven-source-plugin:3.0.1:jar (attach-sources) @ streampipes-processors-geo-jvm ---
[INFO] Building jar: /Users/arian/edu/kth/softfund_dd2480/assignment4/DD2480-Assignment-4/streampipes-extensions/streampipes-processors-geo-jvm/target/streampipes-processors-geo-jvm-0.92.0-SNAPSHOT-sources.jar
[INFO] 
[INFO] ----< org.apache.streampipes:streampipes-pipeline-elements-all-jvm >----
[INFO] Building streampipes-pipeline-elements-all-jvm 0.92.0-SNAPSHOT   [75/94]
[INFO] --------------------------------[ jar ]---------------------------------
[INFO] 
[INFO] --- maven-clean-plugin:3.2.0:clean (default-clean) @ streampipes-pipeline-elements-all-jvm ---
[INFO] 
[INFO] --- maven-enforcer-plugin:3.1.0:enforce (enforce-maven-version) @ streampipes-pipeline-elements-all-jvm ---
[INFO] 
[INFO] --- maven-enforcer-plugin:3.1.0:enforce (enforce-java-version) @ streampipes-pipeline-elements-all-jvm ---
[INFO] 
[INFO] --- maven-enforcer-plugin:3.1.0:enforce (check-at-least-java-17) @ streampipes-pipeline-elements-all-jvm ---
[INFO] 
[INFO] --- maven-enforcer-plugin:3.1.0:enforce (enforce-version-convergence) @ streampipes-pipeline-elements-all-jvm ---
[INFO] 
[INFO] --- maven-checkstyle-plugin:3.2.1:check (validate) @ streampipes-pipeline-elements-all-jvm ---
[INFO] 
[INFO] --- maven-remote-resources-plugin:1.7.0:process (process-resource-bundles) @ streampipes-pipeline-elements-all-jvm ---
[INFO] Preparing remote bundle org.apache:apache-jar-resource-bundle:1.4
[INFO] Copying 3 resources from 1 bundle.
[INFO] 
[INFO] --- maven-resources-plugin:3.3.0:resources (default-resources) @ streampipes-pipeline-elements-all-jvm ---
[INFO] skip non existing resourceDirectory /Users/arian/edu/kth/softfund_dd2480/assignment4/DD2480-Assignment-4/streampipes-extensions/streampipes-pipeline-elements-all-jvm/src/main/resources
[INFO] Copying 3 resources
[INFO] 
[INFO] --- maven-compiler-plugin:3.10.1:compile (default-compile) @ streampipes-pipeline-elements-all-jvm ---
[INFO] Changes detected - recompiling the module!
[INFO] Compiling 3 source files to /Users/arian/edu/kth/softfund_dd2480/assignment4/DD2480-Assignment-4/streampipes-extensions/streampipes-pipeline-elements-all-jvm/target/classes
[INFO] 
[INFO] --- maven-resources-plugin:3.3.0:testResources (default-testResources) @ streampipes-pipeline-elements-all-jvm ---
[INFO] skip non existing resourceDirectory /Users/arian/edu/kth/softfund_dd2480/assignment4/DD2480-Assignment-4/streampipes-extensions/streampipes-pipeline-elements-all-jvm/src/test/resources
[INFO] Copying 3 resources
[INFO] 
[INFO] --- maven-compiler-plugin:3.10.1:testCompile (default-testCompile) @ streampipes-pipeline-elements-all-jvm ---
[INFO] No sources to compile
[INFO] 
[INFO] --- maven-surefire-plugin:2.22.2:test (default-test) @ streampipes-pipeline-elements-all-jvm ---
[INFO] 
[INFO] --- maven-jar-plugin:3.3.0:jar (default-jar) @ streampipes-pipeline-elements-all-jvm ---
[INFO] Building jar: /Users/arian/edu/kth/softfund_dd2480/assignment4/DD2480-Assignment-4/streampipes-extensions/streampipes-pipeline-elements-all-jvm/target/streampipes-processors-all-jvm.jar
[INFO] 
[INFO] --- maven-site-plugin:3.12.1:attach-descriptor (attach-descriptor) @ streampipes-pipeline-elements-all-jvm ---
[INFO] Skipping because packaging 'jar' is not pom.
[INFO] 
[INFO] --- maven-javadoc-plugin:3.4.1:jar (attach-javadocs) @ streampipes-pipeline-elements-all-jvm ---
[INFO] No previous run data found, generating javadoc.
[INFO] Building jar: /Users/arian/edu/kth/softfund_dd2480/assignment4/DD2480-Assignment-4/streampipes-extensions/streampipes-pipeline-elements-all-jvm/target/streampipes-processors-all-jvm-javadoc.jar
[INFO] 
[INFO] >>> maven-source-plugin:3.0.1:jar (attach-sources) > generate-sources @ streampipes-pipeline-elements-all-jvm >>>
[INFO] 
[INFO] --- maven-enforcer-plugin:3.1.0:enforce (enforce-maven-version) @ streampipes-pipeline-elements-all-jvm ---
[INFO] 
[INFO] --- maven-enforcer-plugin:3.1.0:enforce (enforce-java-version) @ streampipes-pipeline-elements-all-jvm ---
[INFO] 
[INFO] --- maven-enforcer-plugin:3.1.0:enforce (check-at-least-java-17) @ streampipes-pipeline-elements-all-jvm ---
[INFO] 
[INFO] --- maven-enforcer-plugin:3.1.0:enforce (enforce-version-convergence) @ streampipes-pipeline-elements-all-jvm ---
[INFO] 
[INFO] --- maven-checkstyle-plugin:3.2.1:check (validate) @ streampipes-pipeline-elements-all-jvm ---
[INFO] 
[INFO] <<< maven-source-plugin:3.0.1:jar (attach-sources) < generate-sources @ streampipes-pipeline-elements-all-jvm <<<
[INFO] 
[INFO] 
[INFO] --- maven-source-plugin:3.0.1:jar (attach-sources) @ streampipes-pipeline-elements-all-jvm ---
[INFO] Building jar: /Users/arian/edu/kth/softfund_dd2480/assignment4/DD2480-Assignment-4/streampipes-extensions/streampipes-pipeline-elements-all-jvm/target/streampipes-processors-all-jvm-sources.jar
[INFO] 
[INFO] --- maven-jar-plugin:3.3.0:jar (default) @ streampipes-pipeline-elements-all-jvm ---
[INFO] Building jar: /Users/arian/edu/kth/softfund_dd2480/assignment4/DD2480-Assignment-4/streampipes-extensions/streampipes-pipeline-elements-all-jvm/target/streampipes-processors-all-jvm-embed.jar
[INFO] 
[INFO] --- spring-boot-maven-plugin:3.0.1:repackage (default) @ streampipes-pipeline-elements-all-jvm ---
[INFO] Replacing main artifact with repackaged archive
[INFO] 
[INFO] -------< org.apache.streampipes:streampipes-extensions-all-jvm >--------
[INFO] Building streampipes-extensions-all-jvm 0.92.0-SNAPSHOT          [76/94]
[INFO] --------------------------------[ jar ]---------------------------------
[INFO] 
[INFO] --- maven-clean-plugin:3.2.0:clean (default-clean) @ streampipes-extensions-all-jvm ---
[INFO] 
[INFO] --- maven-enforcer-plugin:3.1.0:enforce (enforce-maven-version) @ streampipes-extensions-all-jvm ---
[INFO] 
[INFO] --- maven-enforcer-plugin:3.1.0:enforce (enforce-java-version) @ streampipes-extensions-all-jvm ---
[INFO] 
[INFO] --- maven-enforcer-plugin:3.1.0:enforce (check-at-least-java-17) @ streampipes-extensions-all-jvm ---
[INFO] 
[INFO] --- maven-enforcer-plugin:3.1.0:enforce (enforce-version-convergence) @ streampipes-extensions-all-jvm ---
[INFO] 
[INFO] --- maven-checkstyle-plugin:3.2.1:check (validate) @ streampipes-extensions-all-jvm ---
[INFO] 
[INFO] --- maven-remote-resources-plugin:1.7.0:process (process-resource-bundles) @ streampipes-extensions-all-jvm ---
[INFO] Preparing remote bundle org.apache:apache-jar-resource-bundle:1.4
[INFO] Copying 3 resources from 1 bundle.
[INFO] 
[INFO] --- maven-resources-plugin:3.3.0:resources (default-resources) @ streampipes-extensions-all-jvm ---
[INFO] skip non existing resourceDirectory /Users/arian/edu/kth/softfund_dd2480/assignment4/DD2480-Assignment-4/streampipes-extensions/streampipes-extensions-all-jvm/src/main/resources
[INFO] Copying 3 resources
[INFO] 
[INFO] --- maven-compiler-plugin:3.10.1:compile (default-compile) @ streampipes-extensions-all-jvm ---
[INFO] Changes detected - recompiling the module!
[INFO] Compiling 1 source file to /Users/arian/edu/kth/softfund_dd2480/assignment4/DD2480-Assignment-4/streampipes-extensions/streampipes-extensions-all-jvm/target/classes
[INFO] 
[INFO] --- maven-resources-plugin:3.3.0:testResources (default-testResources) @ streampipes-extensions-all-jvm ---
[INFO] skip non existing resourceDirectory /Users/arian/edu/kth/softfund_dd2480/assignment4/DD2480-Assignment-4/streampipes-extensions/streampipes-extensions-all-jvm/src/test/resources
[INFO] Copying 3 resources
[INFO] 
[INFO] --- maven-compiler-plugin:3.10.1:testCompile (default-testCompile) @ streampipes-extensions-all-jvm ---
[INFO] No sources to compile
[INFO] 
[INFO] --- maven-surefire-plugin:2.22.2:test (default-test) @ streampipes-extensions-all-jvm ---
[INFO] 
[INFO] --- maven-jar-plugin:3.3.0:jar (default-jar) @ streampipes-extensions-all-jvm ---
[INFO] Building jar: /Users/arian/edu/kth/softfund_dd2480/assignment4/DD2480-Assignment-4/streampipes-extensions/streampipes-extensions-all-jvm/target/streampipes-extensions-all-jvm.jar
[INFO] 
[INFO] --- maven-site-plugin:3.12.1:attach-descriptor (attach-descriptor) @ streampipes-extensions-all-jvm ---
[INFO] Skipping because packaging 'jar' is not pom.
[INFO] 
[INFO] --- maven-javadoc-plugin:3.4.1:jar (attach-javadocs) @ streampipes-extensions-all-jvm ---
[INFO] No previous run data found, generating javadoc.
[INFO] Building jar: /Users/arian/edu/kth/softfund_dd2480/assignment4/DD2480-Assignment-4/streampipes-extensions/streampipes-extensions-all-jvm/target/streampipes-extensions-all-jvm-javadoc.jar
[INFO] 
[INFO] >>> maven-source-plugin:3.0.1:jar (attach-sources) > generate-sources @ streampipes-extensions-all-jvm >>>
[INFO] 
[INFO] --- maven-enforcer-plugin:3.1.0:enforce (enforce-maven-version) @ streampipes-extensions-all-jvm ---
[INFO] 
[INFO] --- maven-enforcer-plugin:3.1.0:enforce (enforce-java-version) @ streampipes-extensions-all-jvm ---
[INFO] 
[INFO] --- maven-enforcer-plugin:3.1.0:enforce (check-at-least-java-17) @ streampipes-extensions-all-jvm ---
[INFO] 
[INFO] --- maven-enforcer-plugin:3.1.0:enforce (enforce-version-convergence) @ streampipes-extensions-all-jvm ---
[INFO] 
[INFO] --- maven-checkstyle-plugin:3.2.1:check (validate) @ streampipes-extensions-all-jvm ---
[INFO] 
[INFO] <<< maven-source-plugin:3.0.1:jar (attach-sources) < generate-sources @ streampipes-extensions-all-jvm <<<
[INFO] 
[INFO] 
[INFO] --- maven-source-plugin:3.0.1:jar (attach-sources) @ streampipes-extensions-all-jvm ---
[INFO] Building jar: /Users/arian/edu/kth/softfund_dd2480/assignment4/DD2480-Assignment-4/streampipes-extensions/streampipes-extensions-all-jvm/target/streampipes-extensions-all-jvm-sources.jar
[INFO] 
[INFO] --- spring-boot-maven-plugin:3.0.1:repackage (default) @ streampipes-extensions-all-jvm ---
[INFO] Replacing main artifact with repackaged archive
[INFO] 
[INFO] -------< org.apache.streampipes:streampipes-wrapper-distributed >-------
[INFO] Building streampipes-wrapper-distributed 0.92.0-SNAPSHOT         [77/94]
[INFO] --------------------------------[ jar ]---------------------------------
[INFO] 
[INFO] --- maven-clean-plugin:3.2.0:clean (default-clean) @ streampipes-wrapper-distributed ---
[INFO] 
[INFO] --- maven-enforcer-plugin:3.1.0:enforce (enforce-maven-version) @ streampipes-wrapper-distributed ---
[INFO] 
[INFO] --- maven-enforcer-plugin:3.1.0:enforce (enforce-java-version) @ streampipes-wrapper-distributed ---
[INFO] 
[INFO] --- maven-enforcer-plugin:3.1.0:enforce (check-at-least-java-17) @ streampipes-wrapper-distributed ---
[INFO] 
[INFO] --- maven-enforcer-plugin:3.1.0:enforce (enforce-version-convergence) @ streampipes-wrapper-distributed ---
[INFO] 
[INFO] --- maven-checkstyle-plugin:3.2.1:check (validate) @ streampipes-wrapper-distributed ---
[INFO] 
[INFO] --- maven-remote-resources-plugin:1.7.0:process (process-resource-bundles) @ streampipes-wrapper-distributed ---
[INFO] Preparing remote bundle org.apache:apache-jar-resource-bundle:1.4
[INFO] Copying 3 resources from 1 bundle.
[INFO] 
[INFO] --- maven-resources-plugin:3.3.0:resources (default-resources) @ streampipes-wrapper-distributed ---
[INFO] skip non existing resourceDirectory /Users/arian/edu/kth/softfund_dd2480/assignment4/DD2480-Assignment-4/streampipes-wrapper-distributed/src/main/resources
[INFO] Copying 3 resources
[INFO] 
[INFO] --- maven-compiler-plugin:3.10.1:compile (default-compile) @ streampipes-wrapper-distributed ---
[INFO] Changes detected - recompiling the module!
[INFO] Compiling 1 source file to /Users/arian/edu/kth/softfund_dd2480/assignment4/DD2480-Assignment-4/streampipes-wrapper-distributed/target/classes
[INFO] 
[INFO] --- maven-resources-plugin:3.3.0:testResources (default-testResources) @ streampipes-wrapper-distributed ---
[INFO] skip non existing resourceDirectory /Users/arian/edu/kth/softfund_dd2480/assignment4/DD2480-Assignment-4/streampipes-wrapper-distributed/src/test/resources
[INFO] Copying 3 resources
[INFO] 
[INFO] --- maven-compiler-plugin:3.10.1:testCompile (default-testCompile) @ streampipes-wrapper-distributed ---
[INFO] No sources to compile
[INFO] 
[INFO] --- maven-surefire-plugin:2.22.2:test (default-test) @ streampipes-wrapper-distributed ---
[INFO] 
[INFO] --- maven-jar-plugin:3.3.0:jar (default-jar) @ streampipes-wrapper-distributed ---
[INFO] Building jar: /Users/arian/edu/kth/softfund_dd2480/assignment4/DD2480-Assignment-4/streampipes-wrapper-distributed/target/streampipes-wrapper-distributed-0.92.0-SNAPSHOT.jar
[INFO] 
[INFO] --- maven-site-plugin:3.12.1:attach-descriptor (attach-descriptor) @ streampipes-wrapper-distributed ---
[INFO] Skipping because packaging 'jar' is not pom.
[INFO] 
[INFO] --- maven-javadoc-plugin:3.4.1:jar (attach-javadocs) @ streampipes-wrapper-distributed ---
[INFO] No previous run data found, generating javadoc.
[INFO] Building jar: /Users/arian/edu/kth/softfund_dd2480/assignment4/DD2480-Assignment-4/streampipes-wrapper-distributed/target/streampipes-wrapper-distributed-0.92.0-SNAPSHOT-javadoc.jar
[INFO] 
[INFO] >>> maven-source-plugin:3.2.1:jar (attach-sources) > generate-sources @ streampipes-wrapper-distributed >>>
[INFO] 
[INFO] --- maven-enforcer-plugin:3.1.0:enforce (enforce-maven-version) @ streampipes-wrapper-distributed ---
[INFO] 
[INFO] --- maven-enforcer-plugin:3.1.0:enforce (enforce-java-version) @ streampipes-wrapper-distributed ---
[INFO] 
[INFO] --- maven-enforcer-plugin:3.1.0:enforce (check-at-least-java-17) @ streampipes-wrapper-distributed ---
[INFO] 
[INFO] --- maven-enforcer-plugin:3.1.0:enforce (enforce-version-convergence) @ streampipes-wrapper-distributed ---
[INFO] 
[INFO] --- maven-checkstyle-plugin:3.2.1:check (validate) @ streampipes-wrapper-distributed ---
[INFO] 
[INFO] <<< maven-source-plugin:3.2.1:jar (attach-sources) < generate-sources @ streampipes-wrapper-distributed <<<
[INFO] 
[INFO] 
[INFO] --- maven-source-plugin:3.2.1:jar (attach-sources) @ streampipes-wrapper-distributed ---
[INFO] Building jar: /Users/arian/edu/kth/softfund_dd2480/assignment4/DD2480-Assignment-4/streampipes-wrapper-distributed/target/streampipes-wrapper-distributed-0.92.0-SNAPSHOT-sources.jar
[INFO] 
[INFO] ----------< org.apache.streampipes:streampipes-wrapper-flink >----------
[INFO] Building StreamPipes Wrapper for Apache Flink 0.92.0-SNAPSHOT    [78/94]
[INFO] --------------------------------[ jar ]---------------------------------
[INFO] 
[INFO] --- maven-clean-plugin:3.2.0:clean (default-clean) @ streampipes-wrapper-flink ---
[INFO] 
[INFO] --- maven-enforcer-plugin:3.1.0:enforce (enforce-maven-version) @ streampipes-wrapper-flink ---
[INFO] 
[INFO] --- maven-enforcer-plugin:3.1.0:enforce (enforce-java-version) @ streampipes-wrapper-flink ---
[INFO] 
[INFO] --- maven-enforcer-plugin:3.1.0:enforce (check-at-least-java-17) @ streampipes-wrapper-flink ---
[INFO] 
[INFO] --- maven-enforcer-plugin:3.1.0:enforce (enforce-version-convergence) @ streampipes-wrapper-flink ---
[INFO] 
[INFO] --- maven-checkstyle-plugin:3.2.1:check (validate) @ streampipes-wrapper-flink ---
[INFO] 
[INFO] --- maven-remote-resources-plugin:1.7.0:process (process-resource-bundles) @ streampipes-wrapper-flink ---
[INFO] Preparing remote bundle org.apache:apache-jar-resource-bundle:1.4
[INFO] Copying 3 resources from 1 bundle.
[INFO] 
[INFO] --- maven-resources-plugin:3.3.0:resources (default-resources) @ streampipes-wrapper-flink ---
[INFO] skip non existing resourceDirectory /Users/arian/edu/kth/softfund_dd2480/assignment4/DD2480-Assignment-4/streampipes-wrapper-flink/src/main/resources
[INFO] Copying 3 resources
[INFO] 
[INFO] --- maven-compiler-plugin:3.10.1:compile (default-compile) @ streampipes-wrapper-flink ---
[INFO] Changes detected - recompiling the module!
[INFO] Compiling 21 source files to /Users/arian/edu/kth/softfund_dd2480/assignment4/DD2480-Assignment-4/streampipes-wrapper-flink/target/classes
[INFO] /Users/arian/edu/kth/softfund_dd2480/assignment4/DD2480-Assignment-4/streampipes-wrapper-flink/src/main/java/org/apache/streampipes/wrapper/flink/sink/JmsFlinkProducer.java: Some input files use or override a deprecated API.
[INFO] /Users/arian/edu/kth/softfund_dd2480/assignment4/DD2480-Assignment-4/streampipes-wrapper-flink/src/main/java/org/apache/streampipes/wrapper/flink/sink/JmsFlinkProducer.java: Recompile with -Xlint:deprecation for details.
[INFO] /Users/arian/edu/kth/softfund_dd2480/assignment4/DD2480-Assignment-4/streampipes-wrapper-flink/src/main/java/org/apache/streampipes/wrapper/flink/FlinkDataProcessorRuntime.java: Some input files use or override a deprecated API that is marked for removal.
[INFO] /Users/arian/edu/kth/softfund_dd2480/assignment4/DD2480-Assignment-4/streampipes-wrapper-flink/src/main/java/org/apache/streampipes/wrapper/flink/FlinkDataProcessorRuntime.java: Recompile with -Xlint:removal for details.
[INFO] /Users/arian/edu/kth/softfund_dd2480/assignment4/DD2480-Assignment-4/streampipes-wrapper-flink/src/main/java/org/apache/streampipes/wrapper/flink/FlinkRuntime.java: Some input files use unchecked or unsafe operations.
[INFO] /Users/arian/edu/kth/softfund_dd2480/assignment4/DD2480-Assignment-4/streampipes-wrapper-flink/src/main/java/org/apache/streampipes/wrapper/flink/FlinkRuntime.java: Recompile with -Xlint:unchecked for details.
[INFO] 
[INFO] --- maven-resources-plugin:3.3.0:testResources (default-testResources) @ streampipes-wrapper-flink ---
[INFO] skip non existing resourceDirectory /Users/arian/edu/kth/softfund_dd2480/assignment4/DD2480-Assignment-4/streampipes-wrapper-flink/src/test/resources
[INFO] Copying 3 resources
[INFO] 
[INFO] --- maven-compiler-plugin:3.10.1:testCompile (default-testCompile) @ streampipes-wrapper-flink ---
[INFO] No sources to compile
[INFO] 
[INFO] --- maven-surefire-plugin:2.22.2:test (default-test) @ streampipes-wrapper-flink ---
[INFO] 
[INFO] --- maven-jar-plugin:3.3.0:jar (default-jar) @ streampipes-wrapper-flink ---
[INFO] Building jar: /Users/arian/edu/kth/softfund_dd2480/assignment4/DD2480-Assignment-4/streampipes-wrapper-flink/target/streampipes-wrapper-flink-0.92.0-SNAPSHOT.jar
[INFO] 
[INFO] --- maven-site-plugin:3.12.1:attach-descriptor (attach-descriptor) @ streampipes-wrapper-flink ---
[INFO] Skipping because packaging 'jar' is not pom.
[INFO] 
[INFO] --- maven-javadoc-plugin:3.4.1:jar (attach-javadocs) @ streampipes-wrapper-flink ---
[INFO] No previous run data found, generating javadoc.
[INFO] Building jar: /Users/arian/edu/kth/softfund_dd2480/assignment4/DD2480-Assignment-4/streampipes-wrapper-flink/target/streampipes-wrapper-flink-0.92.0-SNAPSHOT-javadoc.jar
[INFO] 
[INFO] >>> maven-source-plugin:3.2.1:jar (attach-sources) > generate-sources @ streampipes-wrapper-flink >>>
[INFO] 
[INFO] --- maven-enforcer-plugin:3.1.0:enforce (enforce-maven-version) @ streampipes-wrapper-flink ---
[INFO] 
[INFO] --- maven-enforcer-plugin:3.1.0:enforce (enforce-java-version) @ streampipes-wrapper-flink ---
[INFO] 
[INFO] --- maven-enforcer-plugin:3.1.0:enforce (check-at-least-java-17) @ streampipes-wrapper-flink ---
[INFO] 
[INFO] --- maven-enforcer-plugin:3.1.0:enforce (enforce-version-convergence) @ streampipes-wrapper-flink ---
[INFO] 
[INFO] --- maven-checkstyle-plugin:3.2.1:check (validate) @ streampipes-wrapper-flink ---
[INFO] 
[INFO] <<< maven-source-plugin:3.2.1:jar (attach-sources) < generate-sources @ streampipes-wrapper-flink <<<
[INFO] 
[INFO] 
[INFO] --- maven-source-plugin:3.2.1:jar (attach-sources) @ streampipes-wrapper-flink ---
[INFO] Building jar: /Users/arian/edu/kth/softfund_dd2480/assignment4/DD2480-Assignment-4/streampipes-wrapper-flink/target/streampipes-wrapper-flink-0.92.0-SNAPSHOT-sources.jar
[INFO] 
[INFO] --< org.apache.streampipes:streampipes-processors-aggregation-flink >---
[INFO] Building streampipes-processors-aggregation-flink 0.92.0-SNAPSHOT [79/94]
[INFO] --------------------------------[ jar ]---------------------------------
[INFO] 
[INFO] --- maven-clean-plugin:3.2.0:clean (default-clean) @ streampipes-processors-aggregation-flink ---
[INFO] 
[INFO] --- maven-enforcer-plugin:3.1.0:enforce (enforce-maven-version) @ streampipes-processors-aggregation-flink ---
[INFO] 
[INFO] --- maven-enforcer-plugin:3.1.0:enforce (enforce-java-version) @ streampipes-processors-aggregation-flink ---
[INFO] 
[INFO] --- maven-enforcer-plugin:3.1.0:enforce (check-at-least-java-17) @ streampipes-processors-aggregation-flink ---
[INFO] 
[INFO] --- maven-enforcer-plugin:3.1.0:enforce (enforce-version-convergence) @ streampipes-processors-aggregation-flink ---
[INFO] 
[INFO] --- maven-checkstyle-plugin:3.2.1:check (validate) @ streampipes-processors-aggregation-flink ---
[INFO] 
[INFO] --- maven-remote-resources-plugin:1.7.0:process (process-resource-bundles) @ streampipes-processors-aggregation-flink ---
[INFO] Preparing remote bundle org.apache:apache-jar-resource-bundle:1.4
[INFO] Copying 3 resources from 1 bundle.
[INFO] 
[INFO] --- maven-resources-plugin:3.3.0:resources (default-resources) @ streampipes-processors-aggregation-flink ---
[INFO] Copying 11 resources
[INFO] Copying 3 resources
[INFO] 
[INFO] --- maven-compiler-plugin:3.10.1:compile (default-compile) @ streampipes-processors-aggregation-flink ---
[INFO] Changes detected - recompiling the module!
[INFO] Compiling 26 source files to /Users/arian/edu/kth/softfund_dd2480/assignment4/DD2480-Assignment-4/streampipes-extensions/streampipes-processors-aggregation-flink/target/classes
[INFO] /Users/arian/edu/kth/softfund_dd2480/assignment4/DD2480-Assignment-4/streampipes-extensions/streampipes-processors-aggregation-flink/src/main/java/org/apache/streampipes/processors/aggregation/flink/processor/count/CountProgram.java: Some input files use or override a deprecated API.
[INFO] /Users/arian/edu/kth/softfund_dd2480/assignment4/DD2480-Assignment-4/streampipes-extensions/streampipes-processors-aggregation-flink/src/main/java/org/apache/streampipes/processors/aggregation/flink/processor/count/CountProgram.java: Recompile with -Xlint:deprecation for details.
[INFO] /Users/arian/edu/kth/softfund_dd2480/assignment4/DD2480-Assignment-4/streampipes-extensions/streampipes-processors-aggregation-flink/src/main/java/org/apache/streampipes/processors/aggregation/flink/AbstractAggregationProgram.java: Some input files use or override a deprecated API that is marked for removal.
[INFO] /Users/arian/edu/kth/softfund_dd2480/assignment4/DD2480-Assignment-4/streampipes-extensions/streampipes-processors-aggregation-flink/src/main/java/org/apache/streampipes/processors/aggregation/flink/AbstractAggregationProgram.java: Recompile with -Xlint:removal for details.
[INFO] /Users/arian/edu/kth/softfund_dd2480/assignment4/DD2480-Assignment-4/streampipes-extensions/streampipes-processors-aggregation-flink/src/main/java/org/apache/streampipes/processors/aggregation/flink/processor/count/CountProgram.java: Some input files use unchecked or unsafe operations.
[INFO] /Users/arian/edu/kth/softfund_dd2480/assignment4/DD2480-Assignment-4/streampipes-extensions/streampipes-processors-aggregation-flink/src/main/java/org/apache/streampipes/processors/aggregation/flink/processor/count/CountProgram.java: Recompile with -Xlint:unchecked for details.
[INFO] 
[INFO] --- maven-resources-plugin:3.3.0:testResources (default-testResources) @ streampipes-processors-aggregation-flink ---
[INFO] skip non existing resourceDirectory /Users/arian/edu/kth/softfund_dd2480/assignment4/DD2480-Assignment-4/streampipes-extensions/streampipes-processors-aggregation-flink/src/test/resources
[INFO] Copying 3 resources
[INFO] 
[INFO] --- maven-compiler-plugin:3.10.1:testCompile (default-testCompile) @ streampipes-processors-aggregation-flink ---
[INFO] No sources to compile
[INFO] 
[INFO] --- maven-surefire-plugin:2.22.2:test (default-test) @ streampipes-processors-aggregation-flink ---
[INFO] 
[INFO] --- maven-jar-plugin:3.3.0:jar (default-jar) @ streampipes-processors-aggregation-flink ---
[INFO] Building jar: /Users/arian/edu/kth/softfund_dd2480/assignment4/DD2480-Assignment-4/streampipes-extensions/streampipes-processors-aggregation-flink/target/streampipes-processors-aggregation-flink.jar
[INFO] 
[INFO] --- maven-site-plugin:3.12.1:attach-descriptor (attach-descriptor) @ streampipes-processors-aggregation-flink ---
[INFO] Skipping because packaging 'jar' is not pom.
[INFO] 
[INFO] --- maven-javadoc-plugin:3.4.1:jar (attach-javadocs) @ streampipes-processors-aggregation-flink ---
[ERROR] Error fetching link: /Users/arian/edu/kth/softfund_dd2480/assignment4/DD2480-Assignment-4/streampipes-sdk-bundle/target/apidocs. Ignored it.
[INFO] No previous run data found, generating javadoc.
[INFO] Building jar: /Users/arian/edu/kth/softfund_dd2480/assignment4/DD2480-Assignment-4/streampipes-extensions/streampipes-processors-aggregation-flink/target/streampipes-processors-aggregation-flink-javadoc.jar
[INFO] 
[INFO] >>> maven-source-plugin:3.0.1:jar (attach-sources) > generate-sources @ streampipes-processors-aggregation-flink >>>
[INFO] 
[INFO] --- maven-enforcer-plugin:3.1.0:enforce (enforce-maven-version) @ streampipes-processors-aggregation-flink ---
[INFO] 
[INFO] --- maven-enforcer-plugin:3.1.0:enforce (enforce-java-version) @ streampipes-processors-aggregation-flink ---
[INFO] 
[INFO] --- maven-enforcer-plugin:3.1.0:enforce (check-at-least-java-17) @ streampipes-processors-aggregation-flink ---
[INFO] 
[INFO] --- maven-enforcer-plugin:3.1.0:enforce (enforce-version-convergence) @ streampipes-processors-aggregation-flink ---
[INFO] 
[INFO] --- maven-checkstyle-plugin:3.2.1:check (validate) @ streampipes-processors-aggregation-flink ---
[INFO] 
[INFO] <<< maven-source-plugin:3.0.1:jar (attach-sources) < generate-sources @ streampipes-processors-aggregation-flink <<<
[INFO] 
[INFO] 
[INFO] --- maven-source-plugin:3.0.1:jar (attach-sources) @ streampipes-processors-aggregation-flink ---
[INFO] Building jar: /Users/arian/edu/kth/softfund_dd2480/assignment4/DD2480-Assignment-4/streampipes-extensions/streampipes-processors-aggregation-flink/target/streampipes-processors-aggregation-flink-sources.jar
[INFO] 
[INFO] --- maven-jar-plugin:3.3.0:jar (default) @ streampipes-processors-aggregation-flink ---
[INFO] Building jar: /Users/arian/edu/kth/softfund_dd2480/assignment4/DD2480-Assignment-4/streampipes-extensions/streampipes-processors-aggregation-flink/target/streampipes-processors-aggregation-flink-embed.jar
[INFO] 
[INFO] --- maven-shade-plugin:3.4.1:shade (default) @ streampipes-processors-aggregation-flink ---
[INFO] Including org.apache.streampipes:streampipes-sdk-bundle:jar:0.92.0-SNAPSHOT in the shaded jar.
[INFO] Including org.apache.streampipes:streampipes-sdk:jar:0.92.0-SNAPSHOT in the shaded jar.
[INFO] Including org.apache.streampipes:streampipes-config:jar:0.92.0-SNAPSHOT in the shaded jar.
[INFO] Including org.apache.streampipes:streampipes-serializers-json:jar:0.92.0-SNAPSHOT in the shaded jar.
[INFO] Including org.apache.streampipes:streampipes-model-client:jar:0.92.0-SNAPSHOT in the shaded jar.
[INFO] Including org.apache.streampipes:streampipes-service-discovery:jar:0.92.0-SNAPSHOT in the shaded jar.
[INFO] Including org.apache.streampipes:streampipes-service-discovery-api:jar:0.92.0-SNAPSHOT in the shaded jar.
[INFO] Including org.apache.streampipes:streampipes-service-discovery-consul:jar:0.92.0-SNAPSHOT in the shaded jar.
[INFO] Including com.ecwid.consul:consul-api:jar:1.4.5 in the shaded jar.
[INFO] Including org.apache.streampipes:streampipes-vocabulary:jar:0.92.0-SNAPSHOT in the shaded jar.
[INFO] Including com.github.drapostolos:type-parser:jar:0.7.0 in the shaded jar.
[INFO] Including org.apache.httpcomponents:fluent-hc:jar:4.5.13 in the shaded jar.
[INFO] Including org.apache.httpcomponents:httpclient:jar:4.5.13 in the shaded jar.
[INFO] Including org.apache.httpcomponents:httpcore:jar:4.4.9 in the shaded jar.
[INFO] Including commons-logging:commons-logging:jar:1.2 in the shaded jar.
[INFO] Including org.apache.streampipes:streampipes-service-extensions:jar:0.92.0-SNAPSHOT in the shaded jar.
[INFO] Including org.apache.streampipes:streampipes-service-base:jar:0.92.0-SNAPSHOT in the shaded jar.
[INFO] Including jakarta.annotation:jakarta.annotation-api:jar:2.1.1 in the shaded jar.
[INFO] Including jakarta.validation:jakarta.validation-api:jar:3.0.2 in the shaded jar.
[INFO] Including org.springframework.boot:spring-boot-starter-jersey:jar:3.0.1 in the shaded jar.
[INFO] Including org.springframework.boot:spring-boot-starter-json:jar:3.0.1 in the shaded jar.
[INFO] Including com.fasterxml.jackson.datatype:jackson-datatype-jsr310:jar:2.14.1 in the shaded jar.
[INFO] Including com.fasterxml.jackson.module:jackson-module-parameter-names:jar:2.14.1 in the shaded jar.
[INFO] Including org.springframework.boot:spring-boot-starter-validation:jar:3.0.1 in the shaded jar.
[INFO] Including org.springframework:spring-web:jar:6.0.3 in the shaded jar.
[INFO] Including io.micrometer:micrometer-observation:jar:1.10.2 in the shaded jar.
[INFO] Including io.micrometer:micrometer-commons:jar:1.10.2 in the shaded jar.
[INFO] Including org.glassfish.jersey.containers:jersey-container-servlet-core:jar:3.1.0 in the shaded jar.
[INFO] Including org.glassfish.jersey.core:jersey-common:jar:3.1.0 in the shaded jar.
[INFO] Including org.glassfish.hk2:osgi-resource-locator:jar:1.0.3 in the shaded jar.
[INFO] Including org.glassfish.jersey.containers:jersey-container-servlet:jar:3.1.0 in the shaded jar.
[INFO] Including org.glassfish.jersey.core:jersey-server:jar:3.1.0 in the shaded jar.
[INFO] Including org.glassfish.jersey.core:jersey-client:jar:3.1.0 in the shaded jar.
[INFO] Including org.glassfish.jersey.ext:jersey-bean-validation:jar:3.1.0 in the shaded jar.
[INFO] Including org.glassfish.jersey.ext:jersey-spring6:jar:3.1.0 in the shaded jar.
[INFO] Including org.glassfish.jersey.inject:jersey-hk2:jar:3.1.0 in the shaded jar.
[INFO] Including org.glassfish.hk2:hk2-locator:jar:3.0.3 in the shaded jar.
[INFO] Including org.glassfish.hk2.external:aopalliance-repackaged:jar:3.0.3 in the shaded jar.
[INFO] Including org.glassfish.hk2:hk2:jar:3.0.3 in the shaded jar.
[INFO] Including org.glassfish.hk2:hk2-utils:jar:3.0.3 in the shaded jar.
[INFO] Including org.glassfish.hk2:hk2-api:jar:3.0.3 in the shaded jar.
[INFO] Including org.glassfish.hk2:hk2-core:jar:3.0.3 in the shaded jar.
[INFO] Including org.glassfish.hk2:hk2-runlevel:jar:3.0.3 in the shaded jar.
[INFO] Including org.glassfish.hk2:class-model:jar:3.0.3 in the shaded jar.
[INFO] Including org.ow2.asm:asm-analysis:jar:9.2 in the shaded jar.
[INFO] Including org.ow2.asm:asm-commons:jar:9.2 in the shaded jar.
[INFO] Including org.ow2.asm:asm-tree:jar:9.2 in the shaded jar.
[INFO] Including org.ow2.asm:asm-util:jar:9.2 in the shaded jar.
[INFO] Including org.glassfish.hk2:spring-bridge:jar:3.0.3 in the shaded jar.
[INFO] Including org.glassfish.jersey.media:jersey-media-json-jackson:jar:3.1.0 in the shaded jar.
[INFO] Including org.glassfish.jersey.ext:jersey-entity-filtering:jar:3.1.0 in the shaded jar.
[INFO] Including com.fasterxml.jackson.module:jackson-module-jakarta-xmlbind-annotations:jar:2.14.1 in the shaded jar.
[INFO] Including jakarta.xml.bind:jakarta.xml.bind-api:jar:4.0.0 in the shaded jar.
[INFO] Including org.springframework.boot:spring-boot-starter-undertow:jar:3.0.1 in the shaded jar.
[INFO] Including io.undertow:undertow-core:jar:2.3.2.Final in the shaded jar.
[INFO] Including org.jboss.xnio:xnio-api:jar:3.8.8.Final in the shaded jar.
[INFO] Including org.wildfly.common:wildfly-common:jar:1.6.0.Final in the shaded jar.
[INFO] Including org.wildfly.client:wildfly-client-config:jar:1.0.1.Final in the shaded jar.
[INFO] Including org.jboss.xnio:xnio-nio:jar:3.8.8.Final in the shaded jar.
[INFO] Including org.jboss.threads:jboss-threads:jar:3.5.0.Final in the shaded jar.
[INFO] Including io.undertow:undertow-servlet:jar:2.3.2.Final in the shaded jar.
[INFO] Including io.undertow:undertow-websockets-jsr:jar:2.3.2.Final in the shaded jar.
[INFO] Including jakarta.websocket:jakarta.websocket-api:jar:2.1.0 in the shaded jar.
[INFO] Including jakarta.websocket:jakarta.websocket-client-api:jar:2.1.0 in the shaded jar.
[INFO] Including org.apache.tomcat.embed:tomcat-embed-el:jar:10.1.4 in the shaded jar.
[INFO] Including org.springframework.boot:spring-boot-starter-oauth2-client:jar:3.0.1 in the shaded jar.
[INFO] Including org.springframework.boot:spring-boot-starter:jar:3.0.1 in the shaded jar.
[INFO] Including org.springframework.boot:spring-boot:jar:3.0.1 in the shaded jar.
[INFO] Including org.springframework.boot:spring-boot-autoconfigure:jar:3.0.1 in the shaded jar.
[INFO] Including org.springframework.boot:spring-boot-starter-logging:jar:3.0.1 in the shaded jar.
[INFO] Including org.slf4j:jul-to-slf4j:jar:2.0.6 in the shaded jar.
[INFO] Including org.yaml:snakeyaml:jar:1.26 in the shaded jar.
[INFO] Including org.springframework.security:spring-security-config:jar:6.0.1 in the shaded jar.
[INFO] Including org.springframework.security:spring-security-core:jar:6.0.1 in the shaded jar.
[INFO] Including org.springframework.security:spring-security-crypto:jar:6.0.1 in the shaded jar.
[INFO] Including org.springframework.security:spring-security-oauth2-client:jar:6.0.1 in the shaded jar.
[INFO] Including org.springframework.security:spring-security-oauth2-core:jar:6.0.1 in the shaded jar.
[INFO] Including org.springframework.security:spring-security-web:jar:6.0.1 in the shaded jar.
[INFO] Including com.nimbusds:oauth2-oidc-sdk:jar:9.43.1 in the shaded jar.
[INFO] Including com.github.stephenc.jcip:jcip-annotations:jar:1.0-1 in the shaded jar.
[INFO] Including com.nimbusds:content-type:jar:2.2 in the shaded jar.
[INFO] Including net.minidev:json-smart:jar:2.4.8 in the shaded jar.
[INFO] Including net.minidev:accessors-smart:jar:2.4.8 in the shaded jar.
[INFO] Including org.ow2.asm:asm:jar:9.4 in the shaded jar.
[INFO] Including com.nimbusds:lang-tag:jar:1.7 in the shaded jar.
[INFO] Including org.springframework.security:spring-security-oauth2-jose:jar:6.0.1 in the shaded jar.
[INFO] Including com.nimbusds:nimbus-jose-jwt:jar:9.30.1 in the shaded jar.
[INFO] Including jakarta.activation:jakarta.activation-api:jar:1.2.2 in the shaded jar.
[INFO] Including jakarta.inject:jakarta.inject-api:jar:2.0.1 in the shaded jar.
[INFO] Including jakarta.servlet:jakarta.servlet-api:jar:6.0.0 in the shaded jar.
[INFO] Including org.jboss.logging:jboss-logging-annotations:jar:2.2.1.Final in the shaded jar.
[INFO] Including org.jboss.logging:jboss-logging-processor:jar:2.2.1.Final in the shaded jar.
[INFO] Including org.jboss.jdeparser:jdeparser:jar:2.0.3.Final in the shaded jar.
[INFO] Including org.springframework:spring-aop:jar:6.0.3 in the shaded jar.
[INFO] Including org.springframework:spring-beans:jar:6.0.3 in the shaded jar.
[INFO] Including org.springframework:spring-core:jar:6.0.3 in the shaded jar.
[INFO] Including org.springframework:spring-jcl:jar:6.0.3 in the shaded jar.
[INFO] Including org.springframework:spring-context:jar:6.0.3 in the shaded jar.
[INFO] Including org.springframework:spring-expression:jar:6.0.3 in the shaded jar.
[INFO] Including org.springframework:spring-context-support:jar:6.0.3 in the shaded jar.
[INFO] Including org.hibernate.validator:hibernate-validator:jar:8.0.0.Final in the shaded jar.
[INFO] Including org.jboss.logging:jboss-logging:jar:3.4.0.Final in the shaded jar.
[INFO] Including com.fasterxml:classmate:jar:1.5.1 in the shaded jar.
[INFO] Including org.apache.streampipes:streampipes-rest-extensions:jar:0.92.0-SNAPSHOT in the shaded jar.
[INFO] Including org.apache.streampipes:streampipes-rest-shared:jar:0.92.0-SNAPSHOT in the shaded jar.
[INFO] Including org.glassfish.jersey.media:jersey-media-multipart:jar:3.1.0 in the shaded jar.
[INFO] Including org.jvnet.mimepull:mimepull:jar:1.9.15 in the shaded jar.
[INFO] Including org.apache.streampipes:streampipes-extensions-management:jar:0.92.0-SNAPSHOT in the shaded jar.
[INFO] Including org.apache.streampipes:streampipes-extensions-api:jar:0.92.0-SNAPSHOT in the shaded jar.
[INFO] Including org.apache.streampipes:streampipes-measurement-units:jar:0.92.0-SNAPSHOT in the shaded jar.
[INFO] Including io.fogsy:qudt:jar:1.0 in the shaded jar.
[INFO] Including org.eclipse.rdf4j:rdf4j-rio-rdfxml:jar:3.5.0 in the shaded jar.
[INFO] Including org.eclipse.rdf4j:rdf4j-model:jar:3.5.0 in the shaded jar.
[INFO] Including org.eclipse.rdf4j:rdf4j-model-api:jar:3.5.0 in the shaded jar.
[INFO] Including org.eclipse.rdf4j:rdf4j-model-vocabulary:jar:3.5.0 in the shaded jar.
[INFO] Including org.eclipse.rdf4j:rdf4j-rio-api:jar:3.5.0 in the shaded jar.
[INFO] Including javax.xml.bind:jaxb-api:jar:2.4.0-b180725.0427 in the shaded jar.
[INFO] Including javax.activation:javax.activation-api:jar:1.2.0 in the shaded jar.
[INFO] Including org.eclipse.rdf4j:rdf4j-rio-datatypes:jar:3.5.0 in the shaded jar.
[INFO] Including org.eclipse.rdf4j:rdf4j-rio-languages:jar:3.5.0 in the shaded jar.
[INFO] Including org.eclipse.rdf4j:rdf4j-util:jar:3.5.0 in the shaded jar.
[INFO] Including org.eclipse.rdf4j:rdf4j-rio-turtle:jar:3.5.0 in the shaded jar.
[INFO] Including de.grundid.opendatalab:geojson-jackson:jar:1.14 in the shaded jar.
[INFO] Including jakarta.json:jakarta.json-api:jar:2.1.1 in the shaded jar.
[INFO] Including com.fasterxml.jackson.dataformat:jackson-dataformat-xml:jar:2.14.1 in the shaded jar.
[INFO] Including org.codehaus.woodstox:stax2-api:jar:4.2.1 in the shaded jar.
[INFO] Including com.fasterxml.woodstox:woodstox-core:jar:6.4.0 in the shaded jar.
[INFO] Including org.eclipse.parsson:jakarta.json:jar:1.1.1 in the shaded jar.
[INFO] Including jakarta.ws.rs:jakarta.ws.rs-api:jar:3.1.0 in the shaded jar.
[INFO] Including org.rendersnake:rendersnake:jar:1.9.0 in the shaded jar.
[INFO] Including javax.servlet:servlet-api:jar:2.4 in the shaded jar.
[INFO] Including net.sf.jtidy:jtidy:jar:r938 in the shaded jar.
[INFO] Including com.fasterxml.jackson.datatype:jackson-datatype-jdk8:jar:2.14.1 in the shaded jar.
[INFO] Including org.apache.streampipes:streampipes-dataformat-json:jar:0.92.0-SNAPSHOT in the shaded jar.
[INFO] Including org.apache.streampipes:streampipes-dataformat:jar:0.92.0-SNAPSHOT in the shaded jar.
[INFO] Including com.fasterxml.jackson.core:jackson-annotations:jar:2.14.1 in the shaded jar.
[INFO] Including org.apache.streampipes:streampipes-dataformat-cbor:jar:0.92.0-SNAPSHOT in the shaded jar.
[INFO] Including com.fasterxml.jackson.dataformat:jackson-dataformat-cbor:jar:2.14.1 in the shaded jar.
[INFO] Including org.apache.streampipes:streampipes-dataformat-smile:jar:0.92.0-SNAPSHOT in the shaded jar.
[INFO] Including com.fasterxml.jackson.dataformat:jackson-dataformat-smile:jar:2.14.1 in the shaded jar.
[INFO] Including org.apache.streampipes:streampipes-dataformat-fst:jar:0.92.0-SNAPSHOT in the shaded jar.
[INFO] Including de.ruedigermoeller:fst:jar:2.57 in the shaded jar.
[INFO] Including org.objenesis:objenesis:jar:3.3 in the shaded jar.
[INFO] Including org.apache.streampipes:streampipes-messaging-jms:jar:0.92.0-SNAPSHOT in the shaded jar.
[INFO] Including org.apache.streampipes:streampipes-messaging:jar:0.92.0-SNAPSHOT in the shaded jar.
[INFO] Including org.apache.activemq:activemq-client:jar:5.17.3 in the shaded jar.
[INFO] Including org.apache.geronimo.specs:geronimo-jms_1.1_spec:jar:1.1.1 in the shaded jar.
[INFO] Including org.apache.geronimo.specs:geronimo-j2ee-management_1.1_spec:jar:1.0.1 in the shaded jar.
[INFO] Including org.apache.streampipes:streampipes-messaging-kafka:jar:0.92.0-SNAPSHOT in the shaded jar.
[INFO] Including org.apache.streampipes:streampipes-commons:jar:0.92.0-SNAPSHOT in the shaded jar.
[INFO] Including commons-codec:commons-codec:jar:1.11 in the shaded jar.
[INFO] Including ch.qos.logback:logback-classic:jar:1.4.5 in the shaded jar.
[INFO] Including ch.qos.logback:logback-core:jar:1.4.5 in the shaded jar.
[INFO] Including org.apache.kafka:kafka-clients:jar:3.3.1 in the shaded jar.
[INFO] Including com.github.luben:zstd-jni:jar:1.4.3-1 in the shaded jar.
[INFO] Including org.apache.streampipes:streampipes-messaging-mqtt:jar:0.92.0-SNAPSHOT in the shaded jar.
[INFO] Including org.fusesource.mqtt-client:mqtt-client:jar:1.12 in the shaded jar.
[INFO] Including org.fusesource.hawtdispatch:hawtdispatch-transport:jar:1.21 in the shaded jar.
[INFO] Including org.fusesource.hawtdispatch:hawtdispatch:jar:1.21 in the shaded jar.
[INFO] Including org.fusesource.hawtbuf:hawtbuf:jar:1.11 in the shaded jar.
[INFO] Including org.apache.streampipes:streampipes-messaging-nats:jar:0.92.0-SNAPSHOT in the shaded jar.
[INFO] Including io.nats:jnats:jar:2.16.1 in the shaded jar.
[INFO] Including net.i2p.crypto:eddsa:jar:0.3.0 in the shaded jar.
[INFO] Including org.apache.streampipes:streampipes-wrapper-flink:jar:0.92.0-SNAPSHOT in the shaded jar.
[INFO] Including org.apache.streampipes:streampipes-wrapper-distributed:jar:0.92.0-SNAPSHOT in the shaded jar.
[INFO] Including org.apache.streampipes:streampipes-wrapper:jar:0.92.0-SNAPSHOT in the shaded jar.
[INFO] Including org.apache.streampipes:streampipes-client:jar:0.92.0-SNAPSHOT in the shaded jar.
[INFO] Including org.apache.streampipes:streampipes-security-jwt:jar:0.92.0-SNAPSHOT in the shaded jar.
[INFO] Including io.jsonwebtoken:jjwt-api:jar:0.11.2 in the shaded jar.
[INFO] Including io.jsonwebtoken:jjwt-impl:jar:0.11.2 in the shaded jar.
[INFO] Including io.jsonwebtoken:jjwt-jackson:jar:0.11.2 in the shaded jar.
[INFO] Including commons-collections:commons-collections:jar:3.2.2 in the shaded jar.
[INFO] Including com.fasterxml.jackson.core:jackson-databind:jar:2.14.1 in the shaded jar.
[INFO] Including com.fasterxml.jackson.core:jackson-core:jar:2.14.1 in the shaded jar.
[INFO] Including org.apache.flink:flink-connector-kafka_2.11:jar:1.13.5 in the shaded jar.
[INFO] Including org.apache.flink:flink-connector-base:jar:1.13.5 in the shaded jar.
[INFO] Including org.apache.flink:flink-java:jar:1.13.5 in the shaded jar.
[INFO] Including org.apache.flink:flink-streaming-java_2.11:jar:1.13.5 in the shaded jar.
[INFO] Including org.apache.flink:flink-file-sink-common:jar:1.13.5 in the shaded jar.
[INFO] Including org.apache.flink:flink-clients_2.11:jar:1.13.5 in the shaded jar.
[INFO] Including org.apache.flink:flink-optimizer_2.11:jar:1.13.5 in the shaded jar.
[INFO] Including org.xerial.snappy:snappy-java:jar:1.1.7.7 in the shaded jar.
[INFO] Including org.apache.logging.log4j:log4j-to-slf4j:jar:2.19.0 in the shaded jar.
[INFO] Including org.slf4j:slf4j-api:jar:2.0.6 in the shaded jar.
[INFO] Including org.apache.logging.log4j:log4j-api:jar:2.19.0 in the shaded jar.
[INFO] Including org.apache.commons:commons-math3:jar:3.6.1 in the shaded jar.
[INFO] Including org.apache.flink:flink-runtime_2.11:jar:1.13.5 in the shaded jar.
[INFO] Including org.apache.flink:flink-core:jar:1.13.5 in the shaded jar.
[INFO] Including org.apache.flink:flink-annotations:jar:1.13.5 in the shaded jar.
[INFO] Including org.apache.flink:flink-metrics-core:jar:1.13.5 in the shaded jar.
[INFO] Including org.apache.flink:flink-shaded-asm-7:jar:7.1-13.0 in the shaded jar.
[INFO] Including com.esotericsoftware.kryo:kryo:jar:2.24.0 in the shaded jar.
[INFO] Including com.esotericsoftware.minlog:minlog:jar:1.2 in the shaded jar.
[INFO] Including org.apache.commons:commons-compress:jar:1.22 in the shaded jar.
[INFO] Including org.apache.flink:flink-queryable-state-client-java:jar:1.13.5 in the shaded jar.
[INFO] Including org.apache.flink:flink-hadoop-fs:jar:1.13.5 in the shaded jar.
[INFO] Including commons-io:commons-io:jar:2.11.0 in the shaded jar.
[INFO] Including org.apache.flink:flink-shaded-netty:jar:4.1.49.Final-13.0 in the shaded jar.
[INFO] Including org.apache.flink:flink-shaded-guava:jar:18.0-13.0 in the shaded jar.
[INFO] Including org.apache.flink:flink-shaded-jackson:jar:2.12.1-13.0 in the shaded jar.
[INFO] Including org.apache.flink:flink-shaded-zookeeper-3:jar:3.4.14-13.0 in the shaded jar.
[INFO] Including org.apache.commons:commons-lang3:jar:3.12.0 in the shaded jar.
[INFO] Including commons-cli:commons-cli:jar:1.3.1 in the shaded jar.
[INFO] Including org.javassist:javassist:jar:3.25.0-GA in the shaded jar.
[INFO] Including com.typesafe.akka:akka-actor_2.11:jar:2.5.21 in the shaded jar.
[INFO] Including com.typesafe:config:jar:1.3.3 in the shaded jar.
[INFO] Including org.scala-lang.modules:scala-java8-compat_2.11:jar:0.7.0 in the shaded jar.
[INFO] Including com.typesafe.akka:akka-stream_2.11:jar:2.5.21 in the shaded jar.
[INFO] Including org.reactivestreams:reactive-streams:jar:1.0.2 in the shaded jar.
[INFO] Including com.typesafe:ssl-config-core_2.11:jar:0.3.7 in the shaded jar.
[INFO] Including com.typesafe.akka:akka-protobuf_2.11:jar:2.5.21 in the shaded jar.
[INFO] Including com.typesafe.akka:akka-slf4j_2.11:jar:2.5.21 in the shaded jar.
[INFO] Including org.clapper:grizzled-slf4j_2.11:jar:1.3.2 in the shaded jar.
[INFO] Including com.github.scopt:scopt_2.11:jar:3.5.0 in the shaded jar.
[INFO] Including com.twitter:chill_2.11:jar:0.7.6 in the shaded jar.
[INFO] Including com.twitter:chill-java:jar:0.7.6 in the shaded jar.
[INFO] Including com.google.code.findbugs:jsr305:jar:3.0.2 in the shaded jar.
[INFO] Including org.apache.flink:force-shading:jar:1.13.5 in the shaded jar.
[INFO] Including org.scala-lang:scala-library:jar:2.13.10 in the shaded jar.
[INFO] Including org.scala-lang.modules:scala-parser-combinators_2.11:jar:1.1.1 in the shaded jar.
[INFO] Including org.lz4:lz4-java:jar:1.8.0 in the shaded jar.
[INFO] Including javax.inject:javax.inject:jar:1 in the shaded jar.
[INFO] Including com.google.guava:guava:jar:27.1-jre in the shaded jar.
[INFO] Including com.google.guava:failureaccess:jar:1.0.1 in the shaded jar.
[INFO] Including com.google.guava:listenablefuture:jar:9999.0-empty-to-avoid-conflict-with-guava in the shaded jar.
[INFO] Including org.checkerframework:checker-qual:jar:2.5.2 in the shaded jar.
[INFO] Including com.google.errorprone:error_prone_annotations:jar:2.2.0 in the shaded jar.
[INFO] Including com.google.j2objc:j2objc-annotations:jar:1.3 in the shaded jar.
[INFO] Including org.codehaus.mojo:animal-sniffer-annotations:jar:1.17 in the shaded jar.
[INFO] Including org.apache.streampipes:streampipes-model:jar:0.92.0-SNAPSHOT in the shaded jar.
[INFO] Including org.apache.streampipes:streampipes-model-shared:jar:0.92.0-SNAPSHOT in the shaded jar.
[INFO] Including org.apache.streampipes:streampipes-logging:jar:0.92.0-SNAPSHOT in the shaded jar.
[INFO] Including com.google.code.gson:gson:jar:2.10 in the shaded jar.
[WARNING] Discovered module-info.class. Shading will break its strong encapsulation.
[WARNING] Discovered module-info.class. Shading will break its strong encapsulation.
[WARNING] Discovered module-info.class. Shading will break its strong encapsulation.
[WARNING] Discovered module-info.class. Shading will break its strong encapsulation.
[WARNING] Discovered module-info.class. Shading will break its strong encapsulation.
[WARNING] Discovered module-info.class. Shading will break its strong encapsulation.
[WARNING] Discovered module-info.class. Shading will break its strong encapsulation.
[WARNING] Discovered module-info.class. Shading will break its strong encapsulation.
[WARNING] Discovered module-info.class. Shading will break its strong encapsulation.
[WARNING] Discovered module-info.class. Shading will break its strong encapsulation.
[WARNING] Discovered module-info.class. Shading will break its strong encapsulation.
[WARNING] Discovered module-info.class. Shading will break its strong encapsulation.
[WARNING] Discovered module-info.class. Shading will break its strong encapsulation.
[WARNING] Discovered module-info.class. Shading will break its strong encapsulation.
[WARNING] Discovered module-info.class. Shading will break its strong encapsulation.
[WARNING] Discovered module-info.class. Shading will break its strong encapsulation.
[WARNING] Discovered module-info.class. Shading will break its strong encapsulation.
[WARNING] Discovered module-info.class. Shading will break its strong encapsulation.
[WARNING] Discovered module-info.class. Shading will break its strong encapsulation.
[WARNING] Discovered module-info.class. Shading will break its strong encapsulation.
[WARNING] Discovered module-info.class. Shading will break its strong encapsulation.
[WARNING] Discovered module-info.class. Shading will break its strong encapsulation.
[WARNING] Discovered module-info.class. Shading will break its strong encapsulation.
[WARNING] Discovered module-info.class. Shading will break its strong encapsulation.
[WARNING] Discovered module-info.class. Shading will break its strong encapsulation.
[WARNING] spring-aop-6.0.3.jar, spring-beans-6.0.3.jar, spring-context-6.0.3.jar define 1 overlapping resource: 
[WARNING]   - META-INF/spring.tooling
[WARNING] aopalliance-repackaged-3.0.3.jar, class-model-3.0.3.jar, hk2-3.0.3.jar, hk2-api-3.0.3.jar, hk2-core-3.0.3.jar, hk2-locator-3.0.3.jar, hk2-runlevel-3.0.3.jar, hk2-utils-3.0.3.jar, jakarta.activation-api-1.2.2.jar, jakarta.annotation-api-2.1.1.jar, jakarta.inject-api-2.0.1.jar, jakarta.json-1.1.1.jar, jakarta.json-api-2.1.1.jar, jakarta.websocket-api-2.1.0.jar, jakarta.websocket-client-api-2.1.0.jar, jakarta.ws.rs-api-3.1.0.jar, jakarta.xml.bind-api-4.0.0.jar, jersey-bean-validation-3.1.0.jar, jersey-client-3.1.0.jar, jersey-common-3.1.0.jar, jersey-container-servlet-3.1.0.jar, jersey-container-servlet-core-3.1.0.jar, jersey-entity-filtering-3.1.0.jar, jersey-hk2-3.1.0.jar, jersey-media-json-jackson-3.1.0.jar, jersey-media-multipart-3.1.0.jar, jersey-server-3.1.0.jar, jersey-spring6-3.1.0.jar, mimepull-1.9.15.jar, spring-bridge-3.0.3.jar define 1 overlapping resource: 
[WARNING]   - META-INF/NOTICE.md
[WARNING] activemq-client-5.17.3.jar, classmate-1.5.1.jar, flink-annotations-1.13.5.jar, flink-clients_2.11-1.13.5.jar, flink-connector-base-1.13.5.jar, flink-connector-kafka_2.11-1.13.5.jar, flink-core-1.13.5.jar, flink-file-sink-common-1.13.5.jar, flink-hadoop-fs-1.13.5.jar, flink-java-1.13.5.jar, flink-metrics-core-1.13.5.jar, flink-optimizer_2.11-1.13.5.jar, flink-queryable-state-client-java-1.13.5.jar, flink-runtime_2.11-1.13.5.jar, flink-shaded-asm-7-7.1-13.0.jar, flink-shaded-guava-18.0-13.0.jar, flink-shaded-jackson-2.12.1-13.0.jar, flink-shaded-netty-4.1.49.Final-13.0.jar, flink-shaded-zookeeper-3-3.4.14-13.0.jar, flink-streaming-java_2.11-1.13.5.jar, fluent-hc-4.5.13.jar, force-shading-1.13.5.jar, geronimo-j2ee-management_1.1_spec-1.0.1.jar, geronimo-jms_1.1_spec-1.1.1.jar, httpclient-4.5.13.jar, httpcore-4.4.9.jar, jackson-core-2.14.1.jar, jackson-databind-2.14.1.jar, jackson-dataformat-xml-2.14.1.jar, log4j-api-2.19.0.jar, log4j-to-slf4j-2.19.0.jar, micrometer-commons-1.10.2.jar, micrometer-observation-1.10.2.jar, objenesis-3.3.jar, streampipes-client-0.92.0-SNAPSHOT.jar, streampipes-commons-0.92.0-SNAPSHOT.jar, streampipes-config-0.92.0-SNAPSHOT.jar, streampipes-dataformat-0.92.0-SNAPSHOT.jar, streampipes-dataformat-cbor-0.92.0-SNAPSHOT.jar, streampipes-dataformat-fst-0.92.0-SNAPSHOT.jar, streampipes-dataformat-json-0.92.0-SNAPSHOT.jar, streampipes-dataformat-smile-0.92.0-SNAPSHOT.jar, streampipes-extensions-api-0.92.0-SNAPSHOT.jar, streampipes-extensions-management-0.92.0-SNAPSHOT.jar, streampipes-logging-0.92.0-SNAPSHOT.jar, streampipes-measurement-units-0.92.0-SNAPSHOT.jar, streampipes-messaging-0.92.0-SNAPSHOT.jar, streampipes-messaging-jms-0.92.0-SNAPSHOT.jar, streampipes-messaging-kafka-0.92.0-SNAPSHOT.jar, streampipes-messaging-mqtt-0.92.0-SNAPSHOT.jar, streampipes-messaging-nats-0.92.0-SNAPSHOT.jar, streampipes-model-0.92.0-SNAPSHOT.jar, streampipes-model-client-0.92.0-SNAPSHOT.jar, streampipes-model-shared-0.92.0-SNAPSHOT.jar, streampipes-processors-aggregation-flink.jar, streampipes-rest-extensions-0.92.0-SNAPSHOT.jar, streampipes-rest-shared-0.92.0-SNAPSHOT.jar, streampipes-sdk-0.92.0-SNAPSHOT.jar, streampipes-sdk-bundle-0.92.0-SNAPSHOT.jar, streampipes-security-jwt-0.92.0-SNAPSHOT.jar, streampipes-serializers-json-0.92.0-SNAPSHOT.jar, streampipes-service-base-0.92.0-SNAPSHOT.jar, streampipes-service-discovery-0.92.0-SNAPSHOT.jar, streampipes-service-discovery-api-0.92.0-SNAPSHOT.jar, streampipes-service-discovery-consul-0.92.0-SNAPSHOT.jar, streampipes-service-extensions-0.92.0-SNAPSHOT.jar, streampipes-vocabulary-0.92.0-SNAPSHOT.jar, streampipes-wrapper-0.92.0-SNAPSHOT.jar, streampipes-wrapper-distributed-0.92.0-SNAPSHOT.jar, streampipes-wrapper-flink-0.92.0-SNAPSHOT.jar, tomcat-embed-el-10.1.4.jar define 1 overlapping resource: 
[WARNING]   - META-INF/NOTICE
[WARNING] jakarta.json-1.1.1.jar, jakarta.json-api-2.1.1.jar define 41 overlapping classes and resources: 
[WARNING]   - META-INF/maven/jakarta.json/jakarta.json-api/pom.properties
[WARNING]   - META-INF/maven/jakarta.json/jakarta.json-api/pom.xml
[WARNING]   - jakarta.json.EmptyArray
[WARNING]   - jakarta.json.EmptyObject
[WARNING]   - jakarta.json.Json
[WARNING]   - jakarta.json.JsonArray
[WARNING]   - jakarta.json.JsonArrayBuilder
[WARNING]   - jakarta.json.JsonBuilderFactory
[WARNING]   - jakarta.json.JsonConfig
[WARNING]   - jakarta.json.JsonConfig$KeyStrategy
[WARNING]   - 31 more...
[WARNING] commons-cli-1.3.1.jar, commons-codec-1.11.jar, commons-collections-3.2.2.jar, commons-compress-1.22.jar, commons-io-2.11.0.jar, commons-lang3-3.12.0.jar, commons-logging-1.2.jar, commons-math3-3.6.1.jar, jakarta.inject-api-2.0.1.jar, javax.activation-api-1.2.0.jar, jaxb-api-2.4.0-b180725.0427.jar, jboss-logging-3.4.0.Final.jar, jboss-logging-annotations-2.2.1.Final.jar, jboss-logging-processor-2.2.1.Final.jar, jboss-threads-3.5.0.Final.jar, jtidy-r938.jar, spring-boot-3.0.1.jar, spring-boot-autoconfigure-3.0.1.jar, spring-boot-starter-3.0.1.jar, spring-boot-starter-jersey-3.0.1.jar, spring-boot-starter-json-3.0.1.jar, spring-boot-starter-logging-3.0.1.jar, spring-boot-starter-oauth2-client-3.0.1.jar, spring-boot-starter-undertow-3.0.1.jar, spring-boot-starter-validation-3.0.1.jar define 1 overlapping resource: 
[WARNING]   - META-INF/LICENSE.txt
[WARNING] kafka-clients-3.3.1.jar, scala-library-2.13.10.jar define 2 overlapping resources: 
[WARNING]   - LICENSE
[WARNING]   - NOTICE
[WARNING] commons-logging-1.2.jar, spring-jcl-6.0.3.jar define 5 overlapping classes: 
[WARNING]   - org.apache.commons.logging.Log
[WARNING]   - org.apache.commons.logging.LogFactory
[WARNING]   - org.apache.commons.logging.LogFactory$1
[WARNING]   - org.apache.commons.logging.impl.NoOpLog
[WARNING]   - org.apache.commons.logging.impl.SimpleLog
[WARNING] spring-aop-6.0.3.jar, spring-beans-6.0.3.jar, spring-context-6.0.3.jar, spring-context-support-6.0.3.jar, spring-core-6.0.3.jar, spring-expression-6.0.3.jar, spring-jcl-6.0.3.jar, spring-web-6.0.3.jar define 2 overlapping resources: 
[WARNING]   - META-INF/license.txt
[WARNING]   - META-INF/notice.txt
[WARNING] commons-cli-1.3.1.jar, commons-codec-1.11.jar, commons-collections-3.2.2.jar, commons-compress-1.22.jar, commons-io-2.11.0.jar, commons-lang3-3.12.0.jar, commons-logging-1.2.jar, commons-math3-3.6.1.jar, spring-boot-3.0.1.jar, spring-boot-autoconfigure-3.0.1.jar, spring-boot-starter-3.0.1.jar, spring-boot-starter-jersey-3.0.1.jar, spring-boot-starter-json-3.0.1.jar, spring-boot-starter-logging-3.0.1.jar, spring-boot-starter-oauth2-client-3.0.1.jar, spring-boot-starter-undertow-3.0.1.jar, spring-boot-starter-validation-3.0.1.jar define 1 overlapping resource: 
[WARNING]   - META-INF/NOTICE.txt
[WARNING] gson-2.10.jar, nimbus-jose-jwt-9.30.1.jar define 2 overlapping resources: 
[WARNING]   - META-INF/maven/com.google.code.gson/gson/pom.properties
[WARNING]   - META-INF/maven/com.google.code.gson/gson/pom.xml
[WARNING] gson-2.10.jar, jackson-core-2.14.1.jar, jackson-databind-2.14.1.jar, jackson-dataformat-cbor-2.14.1.jar, jackson-dataformat-smile-2.14.1.jar, jackson-dataformat-xml-2.14.1.jar, jackson-datatype-jdk8-2.14.1.jar, jackson-datatype-jsr310-2.14.1.jar, jackson-module-parameter-names-2.14.1.jar, log4j-api-2.19.0.jar, nimbus-jose-jwt-9.30.1.jar, slf4j-api-2.0.6.jar define 1 overlapping classes: 
[WARNING]   - META-INF.versions.9.module-info
[WARNING] aopalliance-repackaged-3.0.3.jar, spring-aop-6.0.3.jar define 9 overlapping classes: 
[WARNING]   - org.aopalliance.aop.Advice
[WARNING]   - org.aopalliance.aop.AspectException
[WARNING]   - org.aopalliance.intercept.ConstructorInterceptor
[WARNING]   - org.aopalliance.intercept.ConstructorInvocation
[WARNING]   - org.aopalliance.intercept.Interceptor
[WARNING]   - org.aopalliance.intercept.Invocation
[WARNING]   - org.aopalliance.intercept.Joinpoint
[WARNING]   - org.aopalliance.intercept.MethodInterceptor
[WARNING]   - org.aopalliance.intercept.MethodInvocation
[WARNING] spring-web-6.0.3.jar, tomcat-embed-el-10.1.4.jar define 1 overlapping resource: 
[WARNING]   - META-INF/web-fragment.xml
[WARNING] activemq-client-5.17.3.jar, flink-annotations-1.13.5.jar, flink-clients_2.11-1.13.5.jar, flink-connector-base-1.13.5.jar, flink-connector-kafka_2.11-1.13.5.jar, flink-core-1.13.5.jar, flink-file-sink-common-1.13.5.jar, flink-hadoop-fs-1.13.5.jar, flink-java-1.13.5.jar, flink-metrics-core-1.13.5.jar, flink-optimizer_2.11-1.13.5.jar, flink-queryable-state-client-java-1.13.5.jar, flink-runtime_2.11-1.13.5.jar, flink-shaded-asm-7-7.1-13.0.jar, flink-shaded-guava-18.0-13.0.jar, flink-shaded-jackson-2.12.1-13.0.jar, flink-shaded-netty-4.1.49.Final-13.0.jar, flink-shaded-zookeeper-3-3.4.14-13.0.jar, flink-streaming-java_2.11-1.13.5.jar, fluent-hc-4.5.13.jar, force-shading-1.13.5.jar, httpclient-4.5.13.jar, httpcore-4.4.9.jar, log4j-api-2.19.0.jar, log4j-to-slf4j-2.19.0.jar, streampipes-client-0.92.0-SNAPSHOT.jar, streampipes-commons-0.92.0-SNAPSHOT.jar, streampipes-config-0.92.0-SNAPSHOT.jar, streampipes-dataformat-0.92.0-SNAPSHOT.jar, streampipes-dataformat-cbor-0.92.0-SNAPSHOT.jar, streampipes-dataformat-fst-0.92.0-SNAPSHOT.jar, streampipes-dataformat-json-0.92.0-SNAPSHOT.jar, streampipes-dataformat-smile-0.92.0-SNAPSHOT.jar, streampipes-extensions-api-0.92.0-SNAPSHOT.jar, streampipes-extensions-management-0.92.0-SNAPSHOT.jar, streampipes-logging-0.92.0-SNAPSHOT.jar, streampipes-measurement-units-0.92.0-SNAPSHOT.jar, streampipes-messaging-0.92.0-SNAPSHOT.jar, streampipes-messaging-jms-0.92.0-SNAPSHOT.jar, streampipes-messaging-kafka-0.92.0-SNAPSHOT.jar, streampipes-messaging-mqtt-0.92.0-SNAPSHOT.jar, streampipes-messaging-nats-0.92.0-SNAPSHOT.jar, streampipes-model-0.92.0-SNAPSHOT.jar, streampipes-model-client-0.92.0-SNAPSHOT.jar, streampipes-model-shared-0.92.0-SNAPSHOT.jar, streampipes-processors-aggregation-flink.jar, streampipes-rest-extensions-0.92.0-SNAPSHOT.jar, streampipes-rest-shared-0.92.0-SNAPSHOT.jar, streampipes-sdk-0.92.0-SNAPSHOT.jar, streampipes-sdk-bundle-0.92.0-SNAPSHOT.jar, streampipes-security-jwt-0.92.0-SNAPSHOT.jar, streampipes-serializers-json-0.92.0-SNAPSHOT.jar, streampipes-service-base-0.92.0-SNAPSHOT.jar, streampipes-service-discovery-0.92.0-SNAPSHOT.jar, streampipes-service-discovery-api-0.92.0-SNAPSHOT.jar, streampipes-service-discovery-consul-0.92.0-SNAPSHOT.jar, streampipes-service-extensions-0.92.0-SNAPSHOT.jar, streampipes-vocabulary-0.92.0-SNAPSHOT.jar, streampipes-wrapper-0.92.0-SNAPSHOT.jar, streampipes-wrapper-distributed-0.92.0-SNAPSHOT.jar, streampipes-wrapper-flink-0.92.0-SNAPSHOT.jar define 1 overlapping resource: 
[WARNING]   - META-INF/DEPENDENCIES
[WARNING] jersey-bean-validation-3.1.0.jar, jersey-common-3.1.0.jar, jersey-media-json-jackson-3.1.0.jar, jersey-server-3.1.0.jar define 1 overlapping resource: 
[WARNING]   - META-INF/NOTICE.markdown
[WARNING] jakarta.activation-api-1.2.2.jar, javax.activation-api-1.2.0.jar define 31 overlapping classes: 
[WARNING]   - javax.activation.ActivationDataFlavor
[WARNING]   - javax.activation.CommandInfo
[WARNING]   - javax.activation.CommandInfo$Beans
[WARNING]   - javax.activation.CommandInfo$Beans$1
[WARNING]   - javax.activation.CommandMap
[WARNING]   - javax.activation.CommandObject
[WARNING]   - javax.activation.DataContentHandler
[WARNING]   - javax.activation.DataContentHandlerFactory
[WARNING]   - javax.activation.DataHandler
[WARNING]   - javax.activation.DataHandler$1
[WARNING]   - 21 more...
[WARNING] activemq-client-5.17.3.jar, classmate-1.5.1.jar, flink-annotations-1.13.5.jar, flink-clients_2.11-1.13.5.jar, flink-connector-base-1.13.5.jar, flink-connector-kafka_2.11-1.13.5.jar, flink-core-1.13.5.jar, flink-file-sink-common-1.13.5.jar, flink-hadoop-fs-1.13.5.jar, flink-java-1.13.5.jar, flink-metrics-core-1.13.5.jar, flink-optimizer_2.11-1.13.5.jar, flink-queryable-state-client-java-1.13.5.jar, flink-runtime_2.11-1.13.5.jar, flink-shaded-asm-7-7.1-13.0.jar, flink-shaded-guava-18.0-13.0.jar, flink-shaded-jackson-2.12.1-13.0.jar, flink-shaded-netty-4.1.49.Final-13.0.jar, flink-shaded-zookeeper-3-3.4.14-13.0.jar, flink-streaming-java_2.11-1.13.5.jar, fluent-hc-4.5.13.jar, force-shading-1.13.5.jar, geronimo-j2ee-management_1.1_spec-1.0.1.jar, geronimo-jms_1.1_spec-1.1.1.jar, httpclient-4.5.13.jar, httpcore-4.4.9.jar, jackson-annotations-2.14.1.jar, jackson-core-2.14.1.jar, jackson-databind-2.14.1.jar, jackson-dataformat-xml-2.14.1.jar, jackson-datatype-jsr310-2.14.1.jar, log4j-api-2.19.0.jar, log4j-to-slf4j-2.19.0.jar, micrometer-commons-1.10.2.jar, micrometer-observation-1.10.2.jar, objenesis-3.3.jar, stax2-api-4.2.1.jar, streampipes-client-0.92.0-SNAPSHOT.jar, streampipes-commons-0.92.0-SNAPSHOT.jar, streampipes-config-0.92.0-SNAPSHOT.jar, streampipes-dataformat-0.92.0-SNAPSHOT.jar, streampipes-dataformat-cbor-0.92.0-SNAPSHOT.jar, streampipes-dataformat-fst-0.92.0-SNAPSHOT.jar, streampipes-dataformat-json-0.92.0-SNAPSHOT.jar, streampipes-dataformat-smile-0.92.0-SNAPSHOT.jar, streampipes-extensions-api-0.92.0-SNAPSHOT.jar, streampipes-extensions-management-0.92.0-SNAPSHOT.jar, streampipes-logging-0.92.0-SNAPSHOT.jar, streampipes-measurement-units-0.92.0-SNAPSHOT.jar, streampipes-messaging-0.92.0-SNAPSHOT.jar, streampipes-messaging-jms-0.92.0-SNAPSHOT.jar, streampipes-messaging-kafka-0.92.0-SNAPSHOT.jar, streampipes-messaging-mqtt-0.92.0-SNAPSHOT.jar, streampipes-messaging-nats-0.92.0-SNAPSHOT.jar, streampipes-model-0.92.0-SNAPSHOT.jar, streampipes-model-client-0.92.0-SNAPSHOT.jar, streampipes-model-shared-0.92.0-SNAPSHOT.jar, streampipes-processors-aggregation-flink.jar, streampipes-rest-extensions-0.92.0-SNAPSHOT.jar, streampipes-rest-shared-0.92.0-SNAPSHOT.jar, streampipes-sdk-0.92.0-SNAPSHOT.jar, streampipes-sdk-bundle-0.92.0-SNAPSHOT.jar, streampipes-security-jwt-0.92.0-SNAPSHOT.jar, streampipes-serializers-json-0.92.0-SNAPSHOT.jar, streampipes-service-base-0.92.0-SNAPSHOT.jar, streampipes-service-discovery-0.92.0-SNAPSHOT.jar, streampipes-service-discovery-api-0.92.0-SNAPSHOT.jar, streampipes-service-discovery-consul-0.92.0-SNAPSHOT.jar, streampipes-service-extensions-0.92.0-SNAPSHOT.jar, streampipes-vocabulary-0.92.0-SNAPSHOT.jar, streampipes-wrapper-0.92.0-SNAPSHOT.jar, streampipes-wrapper-distributed-0.92.0-SNAPSHOT.jar, streampipes-wrapper-flink-0.92.0-SNAPSHOT.jar, tomcat-embed-el-10.1.4.jar, woodstox-core-6.4.0.jar define 1 overlapping resource: 
[WARNING]   - META-INF/LICENSE
[WARNING] spring-aop-6.0.3.jar, spring-beans-6.0.3.jar, spring-boot-3.0.1.jar, spring-boot-autoconfigure-3.0.1.jar, spring-context-6.0.3.jar, spring-context-support-6.0.3.jar, spring-core-6.0.3.jar, spring-security-config-6.0.1.jar, spring-security-core-6.0.1.jar, spring-security-oauth2-client-6.0.1.jar, spring-security-web-6.0.1.jar, spring-web-6.0.3.jar define 1 overlapping resource: 
[WARNING]   - META-INF/spring/aot.factories
[WARNING] accessors-smart-2.4.8.jar, activemq-client-5.17.3.jar, akka-actor_2.11-2.5.21.jar, akka-protobuf_2.11-2.5.21.jar, akka-slf4j_2.11-2.5.21.jar, akka-stream_2.11-2.5.21.jar, animal-sniffer-annotations-1.17.jar, aopalliance-repackaged-3.0.3.jar, asm-9.4.jar, asm-analysis-9.2.jar, asm-commons-9.2.jar, asm-tree-9.2.jar, asm-util-9.2.jar, checker-qual-2.5.2.jar, chill-java-0.7.6.jar, chill_2.11-0.7.6.jar, class-model-3.0.3.jar, classmate-1.5.1.jar, commons-cli-1.3.1.jar, commons-codec-1.11.jar, commons-collections-3.2.2.jar, commons-compress-1.22.jar, commons-io-2.11.0.jar, commons-lang3-3.12.0.jar, commons-logging-1.2.jar, commons-math3-3.6.1.jar, config-1.3.3.jar, consul-api-1.4.5.jar, content-type-2.2.jar, eddsa-0.3.0.jar, error_prone_annotations-2.2.0.jar, failureaccess-1.0.1.jar, flink-annotations-1.13.5.jar, flink-clients_2.11-1.13.5.jar, flink-connector-base-1.13.5.jar, flink-connector-kafka_2.11-1.13.5.jar, flink-core-1.13.5.jar, flink-file-sink-common-1.13.5.jar, flink-hadoop-fs-1.13.5.jar, flink-java-1.13.5.jar, flink-metrics-core-1.13.5.jar, flink-optimizer_2.11-1.13.5.jar, flink-queryable-state-client-java-1.13.5.jar, flink-runtime_2.11-1.13.5.jar, flink-shaded-asm-7-7.1-13.0.jar, flink-shaded-guava-18.0-13.0.jar, flink-shaded-jackson-2.12.1-13.0.jar, flink-shaded-netty-4.1.49.Final-13.0.jar, flink-shaded-zookeeper-3-3.4.14-13.0.jar, flink-streaming-java_2.11-1.13.5.jar, fluent-hc-4.5.13.jar, force-shading-1.13.5.jar, fst-2.57.jar, geojson-jackson-1.14.jar, geronimo-j2ee-management_1.1_spec-1.0.1.jar, geronimo-jms_1.1_spec-1.1.1.jar, grizzled-slf4j_2.11-1.3.2.jar, gson-2.10.jar, guava-27.1-jre.jar, hawtbuf-1.11.jar, hawtdispatch-1.21.jar, hawtdispatch-transport-1.21.jar, hibernate-validator-8.0.0.Final.jar, hk2-3.0.3.jar, hk2-api-3.0.3.jar, hk2-core-3.0.3.jar, hk2-locator-3.0.3.jar, hk2-runlevel-3.0.3.jar, hk2-utils-3.0.3.jar, httpclient-4.5.13.jar, httpcore-4.4.9.jar, j2objc-annotations-1.3.jar, jackson-annotations-2.14.1.jar, jackson-core-2.14.1.jar, jackson-databind-2.14.1.jar, jackson-dataformat-cbor-2.14.1.jar, jackson-dataformat-smile-2.14.1.jar, jackson-dataformat-xml-2.14.1.jar, jackson-datatype-jdk8-2.14.1.jar, jackson-datatype-jsr310-2.14.1.jar, jackson-module-jakarta-xmlbind-annotations-2.14.1.jar, jackson-module-parameter-names-2.14.1.jar, jakarta.activation-api-1.2.2.jar, jakarta.annotation-api-2.1.1.jar, jakarta.inject-api-2.0.1.jar, jakarta.json-1.1.1.jar, jakarta.json-api-2.1.1.jar, jakarta.servlet-api-6.0.0.jar, jakarta.validation-api-3.0.2.jar, jakarta.websocket-api-2.1.0.jar, jakarta.websocket-client-api-2.1.0.jar, jakarta.ws.rs-api-3.1.0.jar, jakarta.xml.bind-api-4.0.0.jar, javassist-3.25.0-GA.jar, javax.activation-api-1.2.0.jar, jaxb-api-2.4.0-b180725.0427.jar, jboss-logging-3.4.0.Final.jar, jboss-logging-annotations-2.2.1.Final.jar, jboss-logging-processor-2.2.1.Final.jar, jboss-threads-3.5.0.Final.jar, jcip-annotations-1.0-1.jar, jdeparser-2.0.3.Final.jar, jersey-bean-validation-3.1.0.jar, jersey-client-3.1.0.jar, jersey-common-3.1.0.jar, jersey-container-servlet-3.1.0.jar, jersey-container-servlet-core-3.1.0.jar, jersey-entity-filtering-3.1.0.jar, jersey-hk2-3.1.0.jar, jersey-media-json-jackson-3.1.0.jar, jersey-media-multipart-3.1.0.jar, jersey-server-3.1.0.jar, jersey-spring6-3.1.0.jar, jjwt-api-0.11.2.jar, jjwt-impl-0.11.2.jar, jjwt-jackson-0.11.2.jar, jnats-2.16.1.jar, json-smart-2.4.8.jar, jsr305-3.0.2.jar, jtidy-r938.jar, jul-to-slf4j-2.0.6.jar, kafka-clients-3.3.1.jar, kryo-2.24.0.jar, lang-tag-1.7.jar, listenablefuture-9999.0-empty-to-avoid-conflict-with-guava.jar, log4j-api-2.19.0.jar, log4j-to-slf4j-2.19.0.jar, logback-classic-1.4.5.jar, logback-core-1.4.5.jar, lz4-java-1.8.0.jar, micrometer-commons-1.10.2.jar, micrometer-observation-1.10.2.jar, mimepull-1.9.15.jar, minlog-1.2.jar, mqtt-client-1.12.jar, nimbus-jose-jwt-9.30.1.jar, oauth2-oidc-sdk-9.43.1.jar, objenesis-3.3.jar, osgi-resource-locator-1.0.3.jar, qudt-1.0.jar, rdf4j-model-3.5.0.jar, rdf4j-model-api-3.5.0.jar, rdf4j-model-vocabulary-3.5.0.jar, rdf4j-rio-api-3.5.0.jar, rdf4j-rio-datatypes-3.5.0.jar, rdf4j-rio-languages-3.5.0.jar, rdf4j-rio-rdfxml-3.5.0.jar, rdf4j-rio-turtle-3.5.0.jar, rdf4j-util-3.5.0.jar, reactive-streams-1.0.2.jar, rendersnake-1.9.0.jar, scala-java8-compat_2.11-0.7.0.jar, scala-library-2.13.10.jar, scala-parser-combinators_2.11-1.1.1.jar, scopt_2.11-3.5.0.jar, servlet-api-2.4.jar, slf4j-api-2.0.6.jar, snakeyaml-1.26.jar, snappy-java-1.1.7.7.jar, spring-aop-6.0.3.jar, spring-beans-6.0.3.jar, spring-boot-3.0.1.jar, spring-boot-autoconfigure-3.0.1.jar, spring-boot-starter-3.0.1.jar, spring-boot-starter-jersey-3.0.1.jar, spring-boot-starter-json-3.0.1.jar, spring-boot-starter-logging-3.0.1.jar, spring-boot-starter-oauth2-client-3.0.1.jar, spring-boot-starter-undertow-3.0.1.jar, spring-boot-starter-validation-3.0.1.jar, spring-bridge-3.0.3.jar, spring-context-6.0.3.jar, spring-context-support-6.0.3.jar, spring-core-6.0.3.jar, spring-expression-6.0.3.jar, spring-jcl-6.0.3.jar, spring-security-config-6.0.1.jar, spring-security-core-6.0.1.jar, spring-security-crypto-6.0.1.jar, spring-security-oauth2-client-6.0.1.jar, spring-security-oauth2-core-6.0.1.jar, spring-security-oauth2-jose-6.0.1.jar, spring-security-web-6.0.1.jar, spring-web-6.0.3.jar, ssl-config-core_2.11-0.3.7.jar, stax2-api-4.2.1.jar, streampipes-client-0.92.0-SNAPSHOT.jar, streampipes-commons-0.92.0-SNAPSHOT.jar, streampipes-config-0.92.0-SNAPSHOT.jar, streampipes-dataformat-0.92.0-SNAPSHOT.jar, streampipes-dataformat-cbor-0.92.0-SNAPSHOT.jar, streampipes-dataformat-fst-0.92.0-SNAPSHOT.jar, streampipes-dataformat-json-0.92.0-SNAPSHOT.jar, streampipes-dataformat-smile-0.92.0-SNAPSHOT.jar, streampipes-extensions-api-0.92.0-SNAPSHOT.jar, streampipes-extensions-management-0.92.0-SNAPSHOT.jar, streampipes-logging-0.92.0-SNAPSHOT.jar, streampipes-measurement-units-0.92.0-SNAPSHOT.jar, streampipes-messaging-0.92.0-SNAPSHOT.jar, streampipes-messaging-jms-0.92.0-SNAPSHOT.jar, streampipes-messaging-kafka-0.92.0-SNAPSHOT.jar, streampipes-messaging-mqtt-0.92.0-SNAPSHOT.jar, streampipes-messaging-nats-0.92.0-SNAPSHOT.jar, streampipes-model-0.92.0-SNAPSHOT.jar, streampipes-model-client-0.92.0-SNAPSHOT.jar, streampipes-model-shared-0.92.0-SNAPSHOT.jar, streampipes-processors-aggregation-flink.jar, streampipes-rest-extensions-0.92.0-SNAPSHOT.jar, streampipes-rest-shared-0.92.0-SNAPSHOT.jar, streampipes-sdk-0.92.0-SNAPSHOT.jar, streampipes-sdk-bundle-0.92.0-SNAPSHOT.jar, streampipes-security-jwt-0.92.0-SNAPSHOT.jar, streampipes-serializers-json-0.92.0-SNAPSHOT.jar, streampipes-service-base-0.92.0-SNAPSHOT.jar, streampipes-service-discovery-0.92.0-SNAPSHOT.jar, streampipes-service-discovery-api-0.92.0-SNAPSHOT.jar, streampipes-service-discovery-consul-0.92.0-SNAPSHOT.jar, streampipes-service-extensions-0.92.0-SNAPSHOT.jar, streampipes-vocabulary-0.92.0-SNAPSHOT.jar, streampipes-wrapper-0.92.0-SNAPSHOT.jar, streampipes-wrapper-distributed-0.92.0-SNAPSHOT.jar, streampipes-wrapper-flink-0.92.0-SNAPSHOT.jar, tomcat-embed-el-10.1.4.jar, type-parser-0.7.0.jar, undertow-core-2.3.2.Final.jar, undertow-servlet-2.3.2.Final.jar, undertow-websockets-jsr-2.3.2.Final.jar, wildfly-client-config-1.0.1.Final.jar, wildfly-common-1.6.0.Final.jar, woodstox-core-6.4.0.jar, xnio-api-3.8.8.Final.jar, xnio-nio-3.8.8.Final.jar, zstd-jni-1.4.3-1.jar define 1 overlapping resource: 
[WARNING]   - META-INF/MANIFEST.MF
[WARNING] aopalliance-repackaged-3.0.3.jar, class-model-3.0.3.jar, hk2-3.0.3.jar, hk2-api-3.0.3.jar, hk2-core-3.0.3.jar, hk2-locator-3.0.3.jar, hk2-runlevel-3.0.3.jar, hk2-utils-3.0.3.jar, jakarta.activation-api-1.2.2.jar, jakarta.annotation-api-2.1.1.jar, jakarta.json-1.1.1.jar, jakarta.json-api-2.1.1.jar, jakarta.websocket-api-2.1.0.jar, jakarta.websocket-client-api-2.1.0.jar, jakarta.ws.rs-api-3.1.0.jar, jakarta.xml.bind-api-4.0.0.jar, jersey-bean-validation-3.1.0.jar, jersey-client-3.1.0.jar, jersey-common-3.1.0.jar, jersey-container-servlet-3.1.0.jar, jersey-container-servlet-core-3.1.0.jar, jersey-entity-filtering-3.1.0.jar, jersey-hk2-3.1.0.jar, jersey-media-json-jackson-3.1.0.jar, jersey-media-multipart-3.1.0.jar, jersey-server-3.1.0.jar, jersey-spring6-3.1.0.jar, mimepull-1.9.15.jar, spring-bridge-3.0.3.jar define 1 overlapping resource: 
[WARNING]   - META-INF/LICENSE.md
[WARNING] spring-boot-3.0.1.jar, spring-boot-autoconfigure-3.0.1.jar define 2 overlapping resources: 
[WARNING]   - META-INF/additional-spring-configuration-metadata.json
[WARNING]   - META-INF/spring-configuration-metadata.json
[WARNING] maven-shade-plugin has detected that some class files are
[WARNING] present in two or more JARs. When this happens, only one
[WARNING] single version of the class is copied to the uber jar.
[WARNING] Usually this is not harmful and you can skip these warnings,
[WARNING] otherwise try to manually exclude artifacts based on
[WARNING] mvn dependency:tree -Ddetail=true and the above output.
[WARNING] See https://maven.apache.org/plugins/maven-shade-plugin/
[INFO] Replacing original artifact with shaded artifact.
[INFO] Replacing /Users/arian/edu/kth/softfund_dd2480/assignment4/DD2480-Assignment-4/streampipes-extensions/streampipes-processors-aggregation-flink/target/streampipes-processors-aggregation-flink.jar with /Users/arian/edu/kth/softfund_dd2480/assignment4/DD2480-Assignment-4/streampipes-extensions/streampipes-processors-aggregation-flink/target/streampipes-processors-aggregation-flink-0.92.0-SNAPSHOT-shaded.jar
[INFO] 
[INFO] ----< org.apache.streampipes:streampipes-processors-enricher-flink >----
[INFO] Building streampipes-processors-enricher-flink 0.92.0-SNAPSHOT   [80/94]
[INFO] --------------------------------[ jar ]---------------------------------
[INFO] 
[INFO] --- maven-clean-plugin:3.2.0:clean (default-clean) @ streampipes-processors-enricher-flink ---
[INFO] 
[INFO] --- maven-enforcer-plugin:3.1.0:enforce (enforce-maven-version) @ streampipes-processors-enricher-flink ---
[INFO] 
[INFO] --- maven-enforcer-plugin:3.1.0:enforce (enforce-java-version) @ streampipes-processors-enricher-flink ---
[INFO] 
[INFO] --- maven-enforcer-plugin:3.1.0:enforce (check-at-least-java-17) @ streampipes-processors-enricher-flink ---
[INFO] 
[INFO] --- maven-enforcer-plugin:3.1.0:enforce (enforce-version-convergence) @ streampipes-processors-enricher-flink ---
[INFO] 
[INFO] --- maven-checkstyle-plugin:3.2.1:check (validate) @ streampipes-processors-enricher-flink ---
[INFO] 
[INFO] --- maven-remote-resources-plugin:1.7.0:process (process-resource-bundles) @ streampipes-processors-enricher-flink ---
[INFO] Preparing remote bundle org.apache:apache-jar-resource-bundle:1.4
[INFO] Copying 3 resources from 1 bundle.
[INFO] 
[INFO] --- maven-resources-plugin:3.3.0:resources (default-resources) @ streampipes-processors-enricher-flink ---
[INFO] Copying 6 resources
[INFO] Copying 3 resources
[INFO] 
[INFO] --- maven-compiler-plugin:3.10.1:compile (default-compile) @ streampipes-processors-enricher-flink ---
[INFO] Changes detected - recompiling the module!
[INFO] Compiling 11 source files to /Users/arian/edu/kth/softfund_dd2480/assignment4/DD2480-Assignment-4/streampipes-extensions/streampipes-processors-enricher-flink/target/classes
[INFO] /Users/arian/edu/kth/softfund_dd2480/assignment4/DD2480-Assignment-4/streampipes-extensions/streampipes-processors-enricher-flink/src/main/java/org/apache/streampipes/processors/enricher/flink/processor/urldereferencing/UrlDereferencingProgram.java: Some input files use or override a deprecated API.
[INFO] /Users/arian/edu/kth/softfund_dd2480/assignment4/DD2480-Assignment-4/streampipes-extensions/streampipes-processors-enricher-flink/src/main/java/org/apache/streampipes/processors/enricher/flink/processor/urldereferencing/UrlDereferencingProgram.java: Recompile with -Xlint:deprecation for details.
[INFO] /Users/arian/edu/kth/softfund_dd2480/assignment4/DD2480-Assignment-4/streampipes-extensions/streampipes-processors-enricher-flink/src/main/java/org/apache/streampipes/processors/enricher/flink/processor/urldereferencing/UrlDereferencingParameter.java: Some input files use or override a deprecated API that is marked for removal.
[INFO] /Users/arian/edu/kth/softfund_dd2480/assignment4/DD2480-Assignment-4/streampipes-extensions/streampipes-processors-enricher-flink/src/main/java/org/apache/streampipes/processors/enricher/flink/processor/urldereferencing/UrlDereferencingParameter.java: Recompile with -Xlint:removal for details.
[INFO] /Users/arian/edu/kth/softfund_dd2480/assignment4/DD2480-Assignment-4/streampipes-extensions/streampipes-processors-enricher-flink/src/main/java/org/apache/streampipes/processors/enricher/flink/processor/urldereferencing/UrlDereferencingProgram.java: Some input files use unchecked or unsafe operations.
[INFO] /Users/arian/edu/kth/softfund_dd2480/assignment4/DD2480-Assignment-4/streampipes-extensions/streampipes-processors-enricher-flink/src/main/java/org/apache/streampipes/processors/enricher/flink/processor/urldereferencing/UrlDereferencingProgram.java: Recompile with -Xlint:unchecked for details.
[INFO] 
[INFO] --- maven-resources-plugin:3.3.0:testResources (default-testResources) @ streampipes-processors-enricher-flink ---
[INFO] skip non existing resourceDirectory /Users/arian/edu/kth/softfund_dd2480/assignment4/DD2480-Assignment-4/streampipes-extensions/streampipes-processors-enricher-flink/src/test/resources
[INFO] Copying 3 resources
[INFO] 
[INFO] --- maven-compiler-plugin:3.10.1:testCompile (default-testCompile) @ streampipes-processors-enricher-flink ---
[INFO] No sources to compile
[INFO] 
[INFO] --- maven-surefire-plugin:2.22.2:test (default-test) @ streampipes-processors-enricher-flink ---
[INFO] 
[INFO] --- maven-jar-plugin:3.3.0:jar (default-jar) @ streampipes-processors-enricher-flink ---
[INFO] Building jar: /Users/arian/edu/kth/softfund_dd2480/assignment4/DD2480-Assignment-4/streampipes-extensions/streampipes-processors-enricher-flink/target/streampipes-processors-enricher-flink.jar
[INFO] 
[INFO] --- maven-site-plugin:3.12.1:attach-descriptor (attach-descriptor) @ streampipes-processors-enricher-flink ---
[INFO] Skipping because packaging 'jar' is not pom.
[INFO] 
[INFO] --- maven-javadoc-plugin:3.4.1:jar (attach-javadocs) @ streampipes-processors-enricher-flink ---
[ERROR] Error fetching link: /Users/arian/edu/kth/softfund_dd2480/assignment4/DD2480-Assignment-4/streampipes-sdk-bundle/target/apidocs. Ignored it.
[INFO] No previous run data found, generating javadoc.
[INFO] Building jar: /Users/arian/edu/kth/softfund_dd2480/assignment4/DD2480-Assignment-4/streampipes-extensions/streampipes-processors-enricher-flink/target/streampipes-processors-enricher-flink-javadoc.jar
[INFO] 
[INFO] >>> maven-source-plugin:3.0.1:jar (attach-sources) > generate-sources @ streampipes-processors-enricher-flink >>>
[INFO] 
[INFO] --- maven-enforcer-plugin:3.1.0:enforce (enforce-maven-version) @ streampipes-processors-enricher-flink ---
[INFO] 
[INFO] --- maven-enforcer-plugin:3.1.0:enforce (enforce-java-version) @ streampipes-processors-enricher-flink ---
[INFO] 
[INFO] --- maven-enforcer-plugin:3.1.0:enforce (check-at-least-java-17) @ streampipes-processors-enricher-flink ---
[INFO] 
[INFO] --- maven-enforcer-plugin:3.1.0:enforce (enforce-version-convergence) @ streampipes-processors-enricher-flink ---
[INFO] 
[INFO] --- maven-checkstyle-plugin:3.2.1:check (validate) @ streampipes-processors-enricher-flink ---
[INFO] 
[INFO] <<< maven-source-plugin:3.0.1:jar (attach-sources) < generate-sources @ streampipes-processors-enricher-flink <<<
[INFO] 
[INFO] 
[INFO] --- maven-source-plugin:3.0.1:jar (attach-sources) @ streampipes-processors-enricher-flink ---
[INFO] Building jar: /Users/arian/edu/kth/softfund_dd2480/assignment4/DD2480-Assignment-4/streampipes-extensions/streampipes-processors-enricher-flink/target/streampipes-processors-enricher-flink-sources.jar
[INFO] 
[INFO] --- maven-shade-plugin:3.4.1:shade (default) @ streampipes-processors-enricher-flink ---
[INFO] Including org.apache.streampipes:streampipes-sdk-bundle:jar:0.92.0-SNAPSHOT in the shaded jar.
[INFO] Including org.apache.streampipes:streampipes-sdk:jar:0.92.0-SNAPSHOT in the shaded jar.
[INFO] Including org.apache.streampipes:streampipes-config:jar:0.92.0-SNAPSHOT in the shaded jar.
[INFO] Including org.apache.streampipes:streampipes-serializers-json:jar:0.92.0-SNAPSHOT in the shaded jar.
[INFO] Including org.apache.streampipes:streampipes-model-client:jar:0.92.0-SNAPSHOT in the shaded jar.
[INFO] Including org.apache.streampipes:streampipes-service-discovery:jar:0.92.0-SNAPSHOT in the shaded jar.
[INFO] Including org.apache.streampipes:streampipes-service-discovery-api:jar:0.92.0-SNAPSHOT in the shaded jar.
[INFO] Including org.apache.streampipes:streampipes-service-discovery-consul:jar:0.92.0-SNAPSHOT in the shaded jar.
[INFO] Including com.ecwid.consul:consul-api:jar:1.4.5 in the shaded jar.
[INFO] Including org.apache.streampipes:streampipes-model:jar:0.92.0-SNAPSHOT in the shaded jar.
[INFO] Including org.apache.streampipes:streampipes-model-shared:jar:0.92.0-SNAPSHOT in the shaded jar.
[INFO] Including org.apache.streampipes:streampipes-logging:jar:0.92.0-SNAPSHOT in the shaded jar.
[INFO] Including com.google.code.gson:gson:jar:2.10 in the shaded jar.
[INFO] Including org.apache.streampipes:streampipes-vocabulary:jar:0.92.0-SNAPSHOT in the shaded jar.
[INFO] Including com.google.guava:guava:jar:27.1-jre in the shaded jar.
[INFO] Including com.google.guava:failureaccess:jar:1.0.1 in the shaded jar.
[INFO] Including com.google.guava:listenablefuture:jar:9999.0-empty-to-avoid-conflict-with-guava in the shaded jar.
[INFO] Including org.checkerframework:checker-qual:jar:2.5.2 in the shaded jar.
[INFO] Including com.google.errorprone:error_prone_annotations:jar:2.2.0 in the shaded jar.
[INFO] Including com.google.j2objc:j2objc-annotations:jar:1.3 in the shaded jar.
[INFO] Including org.codehaus.mojo:animal-sniffer-annotations:jar:1.17 in the shaded jar.
[INFO] Including com.github.drapostolos:type-parser:jar:0.7.0 in the shaded jar.
[INFO] Including org.apache.httpcomponents:fluent-hc:jar:4.5.13 in the shaded jar.
[INFO] Including org.apache.httpcomponents:httpclient:jar:4.5.13 in the shaded jar.
[INFO] Including org.apache.httpcomponents:httpcore:jar:4.4.9 in the shaded jar.
[INFO] Including commons-logging:commons-logging:jar:1.2 in the shaded jar.
[INFO] Including org.apache.streampipes:streampipes-service-extensions:jar:0.92.0-SNAPSHOT in the shaded jar.
[INFO] Including org.apache.streampipes:streampipes-service-base:jar:0.92.0-SNAPSHOT in the shaded jar.
[INFO] Including jakarta.annotation:jakarta.annotation-api:jar:2.1.1 in the shaded jar.
[INFO] Including jakarta.validation:jakarta.validation-api:jar:3.0.2 in the shaded jar.
[INFO] Including org.springframework.boot:spring-boot-starter-jersey:jar:3.0.1 in the shaded jar.
[INFO] Including org.springframework.boot:spring-boot-starter-json:jar:3.0.1 in the shaded jar.
[INFO] Including com.fasterxml.jackson.datatype:jackson-datatype-jsr310:jar:2.14.1 in the shaded jar.
[INFO] Including com.fasterxml.jackson.module:jackson-module-parameter-names:jar:2.14.1 in the shaded jar.
[INFO] Including org.springframework.boot:spring-boot-starter-validation:jar:3.0.1 in the shaded jar.
[INFO] Including org.springframework:spring-web:jar:6.0.3 in the shaded jar.
[INFO] Including io.micrometer:micrometer-observation:jar:1.10.2 in the shaded jar.
[INFO] Including io.micrometer:micrometer-commons:jar:1.10.2 in the shaded jar.
[INFO] Including org.glassfish.jersey.containers:jersey-container-servlet-core:jar:3.1.0 in the shaded jar.
[INFO] Including org.glassfish.jersey.core:jersey-common:jar:3.1.0 in the shaded jar.
[INFO] Including org.glassfish.hk2:osgi-resource-locator:jar:1.0.3 in the shaded jar.
[INFO] Including org.glassfish.jersey.containers:jersey-container-servlet:jar:3.1.0 in the shaded jar.
[INFO] Including org.glassfish.jersey.core:jersey-server:jar:3.1.0 in the shaded jar.
[INFO] Including org.glassfish.jersey.core:jersey-client:jar:3.1.0 in the shaded jar.
[INFO] Including org.glassfish.jersey.ext:jersey-bean-validation:jar:3.1.0 in the shaded jar.
[INFO] Including org.glassfish.jersey.ext:jersey-spring6:jar:3.1.0 in the shaded jar.
[INFO] Including org.glassfish.jersey.inject:jersey-hk2:jar:3.1.0 in the shaded jar.
[INFO] Including org.glassfish.hk2:hk2-locator:jar:3.0.3 in the shaded jar.
[INFO] Including org.glassfish.hk2.external:aopalliance-repackaged:jar:3.0.3 in the shaded jar.
[INFO] Including org.glassfish.hk2:hk2:jar:3.0.3 in the shaded jar.
[INFO] Including org.glassfish.hk2:hk2-utils:jar:3.0.3 in the shaded jar.
[INFO] Including org.glassfish.hk2:hk2-api:jar:3.0.3 in the shaded jar.
[INFO] Including org.glassfish.hk2:hk2-core:jar:3.0.3 in the shaded jar.
[INFO] Including org.glassfish.hk2:hk2-runlevel:jar:3.0.3 in the shaded jar.
[INFO] Including org.glassfish.hk2:class-model:jar:3.0.3 in the shaded jar.
[INFO] Including org.ow2.asm:asm-analysis:jar:9.2 in the shaded jar.
[INFO] Including org.ow2.asm:asm-commons:jar:9.2 in the shaded jar.
[INFO] Including org.ow2.asm:asm-tree:jar:9.2 in the shaded jar.
[INFO] Including org.ow2.asm:asm-util:jar:9.2 in the shaded jar.
[INFO] Including org.glassfish.hk2:spring-bridge:jar:3.0.3 in the shaded jar.
[INFO] Including org.glassfish.jersey.media:jersey-media-json-jackson:jar:3.1.0 in the shaded jar.
[INFO] Including org.glassfish.jersey.ext:jersey-entity-filtering:jar:3.1.0 in the shaded jar.
[INFO] Including com.fasterxml.jackson.module:jackson-module-jakarta-xmlbind-annotations:jar:2.14.1 in the shaded jar.
[INFO] Including jakarta.xml.bind:jakarta.xml.bind-api:jar:4.0.0 in the shaded jar.
[INFO] Including org.springframework.boot:spring-boot-starter-undertow:jar:3.0.1 in the shaded jar.
[INFO] Including io.undertow:undertow-core:jar:2.3.2.Final in the shaded jar.
[INFO] Including org.jboss.xnio:xnio-api:jar:3.8.8.Final in the shaded jar.
[INFO] Including org.wildfly.common:wildfly-common:jar:1.6.0.Final in the shaded jar.
[INFO] Including org.wildfly.client:wildfly-client-config:jar:1.0.1.Final in the shaded jar.
[INFO] Including org.jboss.xnio:xnio-nio:jar:3.8.8.Final in the shaded jar.
[INFO] Including org.jboss.threads:jboss-threads:jar:3.5.0.Final in the shaded jar.
[INFO] Including io.undertow:undertow-servlet:jar:2.3.2.Final in the shaded jar.
[INFO] Including io.undertow:undertow-websockets-jsr:jar:2.3.2.Final in the shaded jar.
[INFO] Including jakarta.websocket:jakarta.websocket-api:jar:2.1.0 in the shaded jar.
[INFO] Including jakarta.websocket:jakarta.websocket-client-api:jar:2.1.0 in the shaded jar.
[INFO] Including org.apache.tomcat.embed:tomcat-embed-el:jar:10.1.4 in the shaded jar.
[INFO] Including org.springframework.boot:spring-boot-starter-oauth2-client:jar:3.0.1 in the shaded jar.
[INFO] Including org.springframework.boot:spring-boot-starter:jar:3.0.1 in the shaded jar.
[INFO] Including org.springframework.boot:spring-boot:jar:3.0.1 in the shaded jar.
[INFO] Including org.springframework.boot:spring-boot-autoconfigure:jar:3.0.1 in the shaded jar.
[INFO] Including org.springframework.boot:spring-boot-starter-logging:jar:3.0.1 in the shaded jar.
[INFO] Including org.slf4j:jul-to-slf4j:jar:2.0.6 in the shaded jar.
[INFO] Including org.yaml:snakeyaml:jar:1.26 in the shaded jar.
[INFO] Including org.springframework.security:spring-security-config:jar:6.0.1 in the shaded jar.
[INFO] Including org.springframework.security:spring-security-core:jar:6.0.1 in the shaded jar.
[INFO] Including org.springframework.security:spring-security-crypto:jar:6.0.1 in the shaded jar.
[INFO] Including org.springframework.security:spring-security-oauth2-client:jar:6.0.1 in the shaded jar.
[INFO] Including org.springframework.security:spring-security-oauth2-core:jar:6.0.1 in the shaded jar.
[INFO] Including org.springframework.security:spring-security-web:jar:6.0.1 in the shaded jar.
[INFO] Including com.nimbusds:oauth2-oidc-sdk:jar:9.43.1 in the shaded jar.
[INFO] Including com.github.stephenc.jcip:jcip-annotations:jar:1.0-1 in the shaded jar.
[INFO] Including com.nimbusds:content-type:jar:2.2 in the shaded jar.
[INFO] Including net.minidev:json-smart:jar:2.4.8 in the shaded jar.
[INFO] Including net.minidev:accessors-smart:jar:2.4.8 in the shaded jar.
[INFO] Including org.ow2.asm:asm:jar:9.4 in the shaded jar.
[INFO] Including com.nimbusds:lang-tag:jar:1.7 in the shaded jar.
[INFO] Including org.springframework.security:spring-security-oauth2-jose:jar:6.0.1 in the shaded jar.
[INFO] Including com.nimbusds:nimbus-jose-jwt:jar:9.30.1 in the shaded jar.
[INFO] Including jakarta.activation:jakarta.activation-api:jar:1.2.2 in the shaded jar.
[INFO] Including jakarta.inject:jakarta.inject-api:jar:2.0.1 in the shaded jar.
[INFO] Including jakarta.servlet:jakarta.servlet-api:jar:6.0.0 in the shaded jar.
[INFO] Including org.jboss.logging:jboss-logging-annotations:jar:2.2.1.Final in the shaded jar.
[INFO] Including org.jboss.logging:jboss-logging-processor:jar:2.2.1.Final in the shaded jar.
[INFO] Including org.jboss.jdeparser:jdeparser:jar:2.0.3.Final in the shaded jar.
[INFO] Including org.springframework:spring-aop:jar:6.0.3 in the shaded jar.
[INFO] Including org.springframework:spring-beans:jar:6.0.3 in the shaded jar.
[INFO] Including org.springframework:spring-core:jar:6.0.3 in the shaded jar.
[INFO] Including org.springframework:spring-jcl:jar:6.0.3 in the shaded jar.
[INFO] Including org.springframework:spring-context:jar:6.0.3 in the shaded jar.
[INFO] Including org.springframework:spring-expression:jar:6.0.3 in the shaded jar.
[INFO] Including org.springframework:spring-context-support:jar:6.0.3 in the shaded jar.
[INFO] Including org.hibernate.validator:hibernate-validator:jar:8.0.0.Final in the shaded jar.
[INFO] Including org.jboss.logging:jboss-logging:jar:3.4.0.Final in the shaded jar.
[INFO] Including com.fasterxml:classmate:jar:1.5.1 in the shaded jar.
[INFO] Including org.apache.streampipes:streampipes-rest-extensions:jar:0.92.0-SNAPSHOT in the shaded jar.
[INFO] Including org.apache.streampipes:streampipes-rest-shared:jar:0.92.0-SNAPSHOT in the shaded jar.
[INFO] Including org.glassfish.jersey.media:jersey-media-multipart:jar:3.1.0 in the shaded jar.
[INFO] Including org.jvnet.mimepull:mimepull:jar:1.9.15 in the shaded jar.
[INFO] Including org.apache.streampipes:streampipes-extensions-management:jar:0.92.0-SNAPSHOT in the shaded jar.
[INFO] Including org.apache.streampipes:streampipes-extensions-api:jar:0.92.0-SNAPSHOT in the shaded jar.
[INFO] Including org.apache.streampipes:streampipes-measurement-units:jar:0.92.0-SNAPSHOT in the shaded jar.
[INFO] Including io.fogsy:qudt:jar:1.0 in the shaded jar.
[INFO] Including org.eclipse.rdf4j:rdf4j-rio-rdfxml:jar:3.5.0 in the shaded jar.
[INFO] Including org.eclipse.rdf4j:rdf4j-model:jar:3.5.0 in the shaded jar.
[INFO] Including org.eclipse.rdf4j:rdf4j-model-api:jar:3.5.0 in the shaded jar.
[INFO] Including org.eclipse.rdf4j:rdf4j-model-vocabulary:jar:3.5.0 in the shaded jar.
[INFO] Including org.eclipse.rdf4j:rdf4j-rio-api:jar:3.5.0 in the shaded jar.
[INFO] Including javax.xml.bind:jaxb-api:jar:2.4.0-b180725.0427 in the shaded jar.
[INFO] Including javax.activation:javax.activation-api:jar:1.2.0 in the shaded jar.
[INFO] Including org.eclipse.rdf4j:rdf4j-rio-datatypes:jar:3.5.0 in the shaded jar.
[INFO] Including org.eclipse.rdf4j:rdf4j-rio-languages:jar:3.5.0 in the shaded jar.
[INFO] Including org.eclipse.rdf4j:rdf4j-util:jar:3.5.0 in the shaded jar.
[INFO] Including org.eclipse.rdf4j:rdf4j-rio-turtle:jar:3.5.0 in the shaded jar.
[INFO] Including de.grundid.opendatalab:geojson-jackson:jar:1.14 in the shaded jar.
[INFO] Including jakarta.json:jakarta.json-api:jar:2.1.1 in the shaded jar.
[INFO] Including com.fasterxml.jackson.dataformat:jackson-dataformat-xml:jar:2.14.1 in the shaded jar.
[INFO] Including org.codehaus.woodstox:stax2-api:jar:4.2.1 in the shaded jar.
[INFO] Including com.fasterxml.woodstox:woodstox-core:jar:6.4.0 in the shaded jar.
[INFO] Including org.eclipse.parsson:jakarta.json:jar:1.1.1 in the shaded jar.
[INFO] Including jakarta.ws.rs:jakarta.ws.rs-api:jar:3.1.0 in the shaded jar.
[INFO] Including org.rendersnake:rendersnake:jar:1.9.0 in the shaded jar.
[INFO] Including javax.servlet:servlet-api:jar:2.4 in the shaded jar.
[INFO] Including net.sf.jtidy:jtidy:jar:r938 in the shaded jar.
[INFO] Including javax.inject:javax.inject:jar:1 in the shaded jar.
[INFO] Including com.fasterxml.jackson.datatype:jackson-datatype-jdk8:jar:2.14.1 in the shaded jar.
[INFO] Including org.apache.streampipes:streampipes-dataformat-json:jar:0.92.0-SNAPSHOT in the shaded jar.
[INFO] Including org.apache.streampipes:streampipes-dataformat:jar:0.92.0-SNAPSHOT in the shaded jar.
[INFO] Including com.fasterxml.jackson.core:jackson-annotations:jar:2.14.1 in the shaded jar.
[INFO] Including org.apache.streampipes:streampipes-dataformat-cbor:jar:0.92.0-SNAPSHOT in the shaded jar.
[INFO] Including com.fasterxml.jackson.dataformat:jackson-dataformat-cbor:jar:2.14.1 in the shaded jar.
[INFO] Including org.apache.streampipes:streampipes-dataformat-smile:jar:0.92.0-SNAPSHOT in the shaded jar.
[INFO] Including com.fasterxml.jackson.dataformat:jackson-dataformat-smile:jar:2.14.1 in the shaded jar.
[INFO] Including org.apache.streampipes:streampipes-dataformat-fst:jar:0.92.0-SNAPSHOT in the shaded jar.
[INFO] Including de.ruedigermoeller:fst:jar:2.57 in the shaded jar.
[INFO] Including org.javassist:javassist:jar:3.25.0-GA in the shaded jar.
[INFO] Including org.objenesis:objenesis:jar:3.3 in the shaded jar.
[INFO] Including org.apache.streampipes:streampipes-messaging-jms:jar:0.92.0-SNAPSHOT in the shaded jar.
[INFO] Including org.apache.streampipes:streampipes-messaging:jar:0.92.0-SNAPSHOT in the shaded jar.
[INFO] Including org.apache.activemq:activemq-client:jar:5.17.3 in the shaded jar.
[INFO] Including org.apache.geronimo.specs:geronimo-jms_1.1_spec:jar:1.1.1 in the shaded jar.
[INFO] Including org.apache.geronimo.specs:geronimo-j2ee-management_1.1_spec:jar:1.0.1 in the shaded jar.
[INFO] Including org.apache.streampipes:streampipes-messaging-kafka:jar:0.92.0-SNAPSHOT in the shaded jar.
[INFO] Including org.apache.streampipes:streampipes-commons:jar:0.92.0-SNAPSHOT in the shaded jar.
[INFO] Including commons-codec:commons-codec:jar:1.11 in the shaded jar.
[INFO] Including ch.qos.logback:logback-classic:jar:1.4.5 in the shaded jar.
[INFO] Including ch.qos.logback:logback-core:jar:1.4.5 in the shaded jar.
[INFO] Including org.apache.kafka:kafka-clients:jar:3.3.1 in the shaded jar.
[INFO] Including com.github.luben:zstd-jni:jar:1.4.3-1 in the shaded jar.
[INFO] Including org.lz4:lz4-java:jar:1.8.0 in the shaded jar.
[INFO] Including org.apache.streampipes:streampipes-messaging-mqtt:jar:0.92.0-SNAPSHOT in the shaded jar.
[INFO] Including org.fusesource.mqtt-client:mqtt-client:jar:1.12 in the shaded jar.
[INFO] Including org.fusesource.hawtdispatch:hawtdispatch-transport:jar:1.21 in the shaded jar.
[INFO] Including org.fusesource.hawtdispatch:hawtdispatch:jar:1.21 in the shaded jar.
[INFO] Including org.fusesource.hawtbuf:hawtbuf:jar:1.11 in the shaded jar.
[INFO] Including org.apache.streampipes:streampipes-messaging-nats:jar:0.92.0-SNAPSHOT in the shaded jar.
[INFO] Including io.nats:jnats:jar:2.16.1 in the shaded jar.
[INFO] Including net.i2p.crypto:eddsa:jar:0.3.0 in the shaded jar.
[INFO] Including org.apache.streampipes:streampipes-wrapper-flink:jar:0.92.0-SNAPSHOT in the shaded jar.
[INFO] Including org.apache.streampipes:streampipes-wrapper-distributed:jar:0.92.0-SNAPSHOT in the shaded jar.
[INFO] Including org.apache.streampipes:streampipes-wrapper:jar:0.92.0-SNAPSHOT in the shaded jar.
[INFO] Including org.apache.streampipes:streampipes-client:jar:0.92.0-SNAPSHOT in the shaded jar.
[INFO] Including org.apache.streampipes:streampipes-security-jwt:jar:0.92.0-SNAPSHOT in the shaded jar.
[INFO] Including io.jsonwebtoken:jjwt-api:jar:0.11.2 in the shaded jar.
[INFO] Including io.jsonwebtoken:jjwt-impl:jar:0.11.2 in the shaded jar.
[INFO] Including io.jsonwebtoken:jjwt-jackson:jar:0.11.2 in the shaded jar.
[INFO] Including commons-collections:commons-collections:jar:3.2.2 in the shaded jar.
[INFO] Including com.fasterxml.jackson.core:jackson-databind:jar:2.14.1 in the shaded jar.
[INFO] Including com.fasterxml.jackson.core:jackson-core:jar:2.14.1 in the shaded jar.
[INFO] Including org.apache.flink:flink-connector-kafka_2.11:jar:1.13.5 in the shaded jar.
[INFO] Including org.apache.flink:flink-connector-base:jar:1.13.5 in the shaded jar.
[INFO] Including org.apache.flink:force-shading:jar:1.13.5 in the shaded jar.
[INFO] Including org.apache.flink:flink-java:jar:1.13.5 in the shaded jar.
[INFO] Including org.apache.flink:flink-core:jar:1.13.5 in the shaded jar.
[INFO] Including org.apache.flink:flink-annotations:jar:1.13.5 in the shaded jar.
[INFO] Including org.apache.flink:flink-metrics-core:jar:1.13.5 in the shaded jar.
[INFO] Including org.apache.flink:flink-shaded-asm-7:jar:7.1-13.0 in the shaded jar.
[INFO] Including com.esotericsoftware.kryo:kryo:jar:2.24.0 in the shaded jar.
[INFO] Including com.esotericsoftware.minlog:minlog:jar:1.2 in the shaded jar.
[INFO] Including org.apache.commons:commons-compress:jar:1.22 in the shaded jar.
[INFO] Including org.apache.commons:commons-lang3:jar:3.12.0 in the shaded jar.
[INFO] Including org.apache.commons:commons-math3:jar:3.6.1 in the shaded jar.
[INFO] Including com.google.code.findbugs:jsr305:jar:3.0.2 in the shaded jar.
[INFO] Including org.apache.flink:flink-streaming-java_2.11:jar:1.13.5 in the shaded jar.
[INFO] Including org.apache.flink:flink-file-sink-common:jar:1.13.5 in the shaded jar.
[INFO] Including org.apache.flink:flink-runtime_2.11:jar:1.13.5 in the shaded jar.
[INFO] Including org.apache.flink:flink-queryable-state-client-java:jar:1.13.5 in the shaded jar.
[INFO] Including org.apache.flink:flink-hadoop-fs:jar:1.13.5 in the shaded jar.
[INFO] Including commons-io:commons-io:jar:2.11.0 in the shaded jar.
[INFO] Including org.apache.flink:flink-shaded-netty:jar:4.1.49.Final-13.0 in the shaded jar.
[INFO] Including org.apache.flink:flink-shaded-jackson:jar:2.12.1-13.0 in the shaded jar.
[INFO] Including org.apache.flink:flink-shaded-zookeeper-3:jar:3.4.14-13.0 in the shaded jar.
[INFO] Including org.scala-lang:scala-library:jar:2.13.10 in the shaded jar.
[INFO] Including com.typesafe.akka:akka-actor_2.11:jar:2.5.21 in the shaded jar.
[INFO] Including com.typesafe:config:jar:1.3.3 in the shaded jar.
[INFO] Including org.scala-lang.modules:scala-java8-compat_2.11:jar:0.7.0 in the shaded jar.
[INFO] Including com.typesafe.akka:akka-stream_2.11:jar:2.5.21 in the shaded jar.
[INFO] Including org.reactivestreams:reactive-streams:jar:1.0.2 in the shaded jar.
[INFO] Including com.typesafe:ssl-config-core_2.11:jar:0.3.7 in the shaded jar.
[INFO] Including org.scala-lang.modules:scala-parser-combinators_2.11:jar:1.1.1 in the shaded jar.
[INFO] Including com.typesafe.akka:akka-protobuf_2.11:jar:2.5.21 in the shaded jar.
[INFO] Including com.typesafe.akka:akka-slf4j_2.11:jar:2.5.21 in the shaded jar.
[INFO] Including org.clapper:grizzled-slf4j_2.11:jar:1.3.2 in the shaded jar.
[INFO] Including com.github.scopt:scopt_2.11:jar:3.5.0 in the shaded jar.
[INFO] Including com.twitter:chill_2.11:jar:0.7.6 in the shaded jar.
[INFO] Including com.twitter:chill-java:jar:0.7.6 in the shaded jar.
[INFO] Including org.apache.flink:flink-shaded-guava:jar:18.0-13.0 in the shaded jar.
[INFO] Including org.apache.flink:flink-clients_2.11:jar:1.13.5 in the shaded jar.
[INFO] Including org.apache.flink:flink-optimizer_2.11:jar:1.13.5 in the shaded jar.
[INFO] Including commons-cli:commons-cli:jar:1.3.1 in the shaded jar.
[INFO] Including org.xerial.snappy:snappy-java:jar:1.1.7.7 in the shaded jar.
[INFO] Including org.apache.logging.log4j:log4j-to-slf4j:jar:2.19.0 in the shaded jar.
[INFO] Including org.slf4j:slf4j-api:jar:2.0.6 in the shaded jar.
[INFO] Including org.apache.logging.log4j:log4j-api:jar:2.19.0 in the shaded jar.
[WARNING] Discovered module-info.class. Shading will break its strong encapsulation.
[WARNING] Discovered module-info.class. Shading will break its strong encapsulation.
[WARNING] Discovered module-info.class. Shading will break its strong encapsulation.
[WARNING] Discovered module-info.class. Shading will break its strong encapsulation.
[WARNING] Discovered module-info.class. Shading will break its strong encapsulation.
[WARNING] Discovered module-info.class. Shading will break its strong encapsulation.
[WARNING] Discovered module-info.class. Shading will break its strong encapsulation.
[WARNING] Discovered module-info.class. Shading will break its strong encapsulation.
[WARNING] Discovered module-info.class. Shading will break its strong encapsulation.
[WARNING] Discovered module-info.class. Shading will break its strong encapsulation.
[WARNING] Discovered module-info.class. Shading will break its strong encapsulation.
[WARNING] Discovered module-info.class. Shading will break its strong encapsulation.
[WARNING] Discovered module-info.class. Shading will break its strong encapsulation.
[WARNING] Discovered module-info.class. Shading will break its strong encapsulation.
[WARNING] Discovered module-info.class. Shading will break its strong encapsulation.
[WARNING] Discovered module-info.class. Shading will break its strong encapsulation.
[WARNING] Discovered module-info.class. Shading will break its strong encapsulation.
[WARNING] Discovered module-info.class. Shading will break its strong encapsulation.
[WARNING] Discovered module-info.class. Shading will break its strong encapsulation.
[WARNING] Discovered module-info.class. Shading will break its strong encapsulation.
[WARNING] Discovered module-info.class. Shading will break its strong encapsulation.
[WARNING] Discovered module-info.class. Shading will break its strong encapsulation.
[WARNING] Discovered module-info.class. Shading will break its strong encapsulation.
[WARNING] Discovered module-info.class. Shading will break its strong encapsulation.
[WARNING] Discovered module-info.class. Shading will break its strong encapsulation.
[WARNING] spring-aop-6.0.3.jar, spring-beans-6.0.3.jar, spring-context-6.0.3.jar define 1 overlapping resource: 
[WARNING]   - META-INF/spring.tooling
[WARNING] aopalliance-repackaged-3.0.3.jar, class-model-3.0.3.jar, hk2-3.0.3.jar, hk2-api-3.0.3.jar, hk2-core-3.0.3.jar, hk2-locator-3.0.3.jar, hk2-runlevel-3.0.3.jar, hk2-utils-3.0.3.jar, jakarta.activation-api-1.2.2.jar, jakarta.annotation-api-2.1.1.jar, jakarta.inject-api-2.0.1.jar, jakarta.json-1.1.1.jar, jakarta.json-api-2.1.1.jar, jakarta.websocket-api-2.1.0.jar, jakarta.websocket-client-api-2.1.0.jar, jakarta.ws.rs-api-3.1.0.jar, jakarta.xml.bind-api-4.0.0.jar, jersey-bean-validation-3.1.0.jar, jersey-client-3.1.0.jar, jersey-common-3.1.0.jar, jersey-container-servlet-3.1.0.jar, jersey-container-servlet-core-3.1.0.jar, jersey-entity-filtering-3.1.0.jar, jersey-hk2-3.1.0.jar, jersey-media-json-jackson-3.1.0.jar, jersey-media-multipart-3.1.0.jar, jersey-server-3.1.0.jar, jersey-spring6-3.1.0.jar, mimepull-1.9.15.jar, spring-bridge-3.0.3.jar define 1 overlapping resource: 
[WARNING]   - META-INF/NOTICE.md
[WARNING] jakarta.json-1.1.1.jar, jakarta.json-api-2.1.1.jar define 41 overlapping classes and resources: 
[WARNING]   - META-INF/maven/jakarta.json/jakarta.json-api/pom.properties
[WARNING]   - META-INF/maven/jakarta.json/jakarta.json-api/pom.xml
[WARNING]   - jakarta.json.EmptyArray
[WARNING]   - jakarta.json.EmptyObject
[WARNING]   - jakarta.json.Json
[WARNING]   - jakarta.json.JsonArray
[WARNING]   - jakarta.json.JsonArrayBuilder
[WARNING]   - jakarta.json.JsonBuilderFactory
[WARNING]   - jakarta.json.JsonConfig
[WARNING]   - jakarta.json.JsonConfig$KeyStrategy
[WARNING]   - 31 more...
[WARNING] activemq-client-5.17.3.jar, classmate-1.5.1.jar, flink-annotations-1.13.5.jar, flink-clients_2.11-1.13.5.jar, flink-connector-base-1.13.5.jar, flink-connector-kafka_2.11-1.13.5.jar, flink-core-1.13.5.jar, flink-file-sink-common-1.13.5.jar, flink-hadoop-fs-1.13.5.jar, flink-java-1.13.5.jar, flink-metrics-core-1.13.5.jar, flink-optimizer_2.11-1.13.5.jar, flink-queryable-state-client-java-1.13.5.jar, flink-runtime_2.11-1.13.5.jar, flink-shaded-asm-7-7.1-13.0.jar, flink-shaded-guava-18.0-13.0.jar, flink-shaded-jackson-2.12.1-13.0.jar, flink-shaded-netty-4.1.49.Final-13.0.jar, flink-shaded-zookeeper-3-3.4.14-13.0.jar, flink-streaming-java_2.11-1.13.5.jar, fluent-hc-4.5.13.jar, force-shading-1.13.5.jar, geronimo-j2ee-management_1.1_spec-1.0.1.jar, geronimo-jms_1.1_spec-1.1.1.jar, httpclient-4.5.13.jar, httpcore-4.4.9.jar, jackson-core-2.14.1.jar, jackson-databind-2.14.1.jar, jackson-dataformat-xml-2.14.1.jar, log4j-api-2.19.0.jar, log4j-to-slf4j-2.19.0.jar, micrometer-commons-1.10.2.jar, micrometer-observation-1.10.2.jar, objenesis-3.3.jar, streampipes-client-0.92.0-SNAPSHOT.jar, streampipes-commons-0.92.0-SNAPSHOT.jar, streampipes-config-0.92.0-SNAPSHOT.jar, streampipes-dataformat-0.92.0-SNAPSHOT.jar, streampipes-dataformat-cbor-0.92.0-SNAPSHOT.jar, streampipes-dataformat-fst-0.92.0-SNAPSHOT.jar, streampipes-dataformat-json-0.92.0-SNAPSHOT.jar, streampipes-dataformat-smile-0.92.0-SNAPSHOT.jar, streampipes-extensions-api-0.92.0-SNAPSHOT.jar, streampipes-extensions-management-0.92.0-SNAPSHOT.jar, streampipes-logging-0.92.0-SNAPSHOT.jar, streampipes-measurement-units-0.92.0-SNAPSHOT.jar, streampipes-messaging-0.92.0-SNAPSHOT.jar, streampipes-messaging-jms-0.92.0-SNAPSHOT.jar, streampipes-messaging-kafka-0.92.0-SNAPSHOT.jar, streampipes-messaging-mqtt-0.92.0-SNAPSHOT.jar, streampipes-messaging-nats-0.92.0-SNAPSHOT.jar, streampipes-model-0.92.0-SNAPSHOT.jar, streampipes-model-client-0.92.0-SNAPSHOT.jar, streampipes-model-shared-0.92.0-SNAPSHOT.jar, streampipes-processors-enricher-flink.jar, streampipes-rest-extensions-0.92.0-SNAPSHOT.jar, streampipes-rest-shared-0.92.0-SNAPSHOT.jar, streampipes-sdk-0.92.0-SNAPSHOT.jar, streampipes-sdk-bundle-0.92.0-SNAPSHOT.jar, streampipes-security-jwt-0.92.0-SNAPSHOT.jar, streampipes-serializers-json-0.92.0-SNAPSHOT.jar, streampipes-service-base-0.92.0-SNAPSHOT.jar, streampipes-service-discovery-0.92.0-SNAPSHOT.jar, streampipes-service-discovery-api-0.92.0-SNAPSHOT.jar, streampipes-service-discovery-consul-0.92.0-SNAPSHOT.jar, streampipes-service-extensions-0.92.0-SNAPSHOT.jar, streampipes-vocabulary-0.92.0-SNAPSHOT.jar, streampipes-wrapper-0.92.0-SNAPSHOT.jar, streampipes-wrapper-distributed-0.92.0-SNAPSHOT.jar, streampipes-wrapper-flink-0.92.0-SNAPSHOT.jar, tomcat-embed-el-10.1.4.jar define 1 overlapping resource: 
[WARNING]   - META-INF/NOTICE
[WARNING] commons-cli-1.3.1.jar, commons-codec-1.11.jar, commons-collections-3.2.2.jar, commons-compress-1.22.jar, commons-io-2.11.0.jar, commons-lang3-3.12.0.jar, commons-logging-1.2.jar, commons-math3-3.6.1.jar, jakarta.inject-api-2.0.1.jar, javax.activation-api-1.2.0.jar, jaxb-api-2.4.0-b180725.0427.jar, jboss-logging-3.4.0.Final.jar, jboss-logging-annotations-2.2.1.Final.jar, jboss-logging-processor-2.2.1.Final.jar, jboss-threads-3.5.0.Final.jar, jtidy-r938.jar, spring-boot-3.0.1.jar, spring-boot-autoconfigure-3.0.1.jar, spring-boot-starter-3.0.1.jar, spring-boot-starter-jersey-3.0.1.jar, spring-boot-starter-json-3.0.1.jar, spring-boot-starter-logging-3.0.1.jar, spring-boot-starter-oauth2-client-3.0.1.jar, spring-boot-starter-undertow-3.0.1.jar, spring-boot-starter-validation-3.0.1.jar define 1 overlapping resource: 
[WARNING]   - META-INF/LICENSE.txt
[WARNING] kafka-clients-3.3.1.jar, scala-library-2.13.10.jar define 2 overlapping resources: 
[WARNING]   - LICENSE
[WARNING]   - NOTICE
[WARNING] commons-logging-1.2.jar, spring-jcl-6.0.3.jar define 5 overlapping classes: 
[WARNING]   - org.apache.commons.logging.Log
[WARNING]   - org.apache.commons.logging.LogFactory
[WARNING]   - org.apache.commons.logging.LogFactory$1
[WARNING]   - org.apache.commons.logging.impl.NoOpLog
[WARNING]   - org.apache.commons.logging.impl.SimpleLog
[WARNING] spring-aop-6.0.3.jar, spring-beans-6.0.3.jar, spring-context-6.0.3.jar, spring-context-support-6.0.3.jar, spring-core-6.0.3.jar, spring-expression-6.0.3.jar, spring-jcl-6.0.3.jar, spring-web-6.0.3.jar define 2 overlapping resources: 
[WARNING]   - META-INF/license.txt
[WARNING]   - META-INF/notice.txt
[WARNING] commons-cli-1.3.1.jar, commons-codec-1.11.jar, commons-collections-3.2.2.jar, commons-compress-1.22.jar, commons-io-2.11.0.jar, commons-lang3-3.12.0.jar, commons-logging-1.2.jar, commons-math3-3.6.1.jar, spring-boot-3.0.1.jar, spring-boot-autoconfigure-3.0.1.jar, spring-boot-starter-3.0.1.jar, spring-boot-starter-jersey-3.0.1.jar, spring-boot-starter-json-3.0.1.jar, spring-boot-starter-logging-3.0.1.jar, spring-boot-starter-oauth2-client-3.0.1.jar, spring-boot-starter-undertow-3.0.1.jar, spring-boot-starter-validation-3.0.1.jar define 1 overlapping resource: 
[WARNING]   - META-INF/NOTICE.txt
[WARNING] gson-2.10.jar, nimbus-jose-jwt-9.30.1.jar define 2 overlapping resources: 
[WARNING]   - META-INF/maven/com.google.code.gson/gson/pom.properties
[WARNING]   - META-INF/maven/com.google.code.gson/gson/pom.xml
[WARNING] gson-2.10.jar, jackson-core-2.14.1.jar, jackson-databind-2.14.1.jar, jackson-dataformat-cbor-2.14.1.jar, jackson-dataformat-smile-2.14.1.jar, jackson-dataformat-xml-2.14.1.jar, jackson-datatype-jdk8-2.14.1.jar, jackson-datatype-jsr310-2.14.1.jar, jackson-module-parameter-names-2.14.1.jar, log4j-api-2.19.0.jar, nimbus-jose-jwt-9.30.1.jar, slf4j-api-2.0.6.jar define 1 overlapping classes: 
[WARNING]   - META-INF.versions.9.module-info
[WARNING] aopalliance-repackaged-3.0.3.jar, spring-aop-6.0.3.jar define 9 overlapping classes: 
[WARNING]   - org.aopalliance.aop.Advice
[WARNING]   - org.aopalliance.aop.AspectException
[WARNING]   - org.aopalliance.intercept.ConstructorInterceptor
[WARNING]   - org.aopalliance.intercept.ConstructorInvocation
[WARNING]   - org.aopalliance.intercept.Interceptor
[WARNING]   - org.aopalliance.intercept.Invocation
[WARNING]   - org.aopalliance.intercept.Joinpoint
[WARNING]   - org.aopalliance.intercept.MethodInterceptor
[WARNING]   - org.aopalliance.intercept.MethodInvocation
[WARNING] activemq-client-5.17.3.jar, flink-annotations-1.13.5.jar, flink-clients_2.11-1.13.5.jar, flink-connector-base-1.13.5.jar, flink-connector-kafka_2.11-1.13.5.jar, flink-core-1.13.5.jar, flink-file-sink-common-1.13.5.jar, flink-hadoop-fs-1.13.5.jar, flink-java-1.13.5.jar, flink-metrics-core-1.13.5.jar, flink-optimizer_2.11-1.13.5.jar, flink-queryable-state-client-java-1.13.5.jar, flink-runtime_2.11-1.13.5.jar, flink-shaded-asm-7-7.1-13.0.jar, flink-shaded-guava-18.0-13.0.jar, flink-shaded-jackson-2.12.1-13.0.jar, flink-shaded-netty-4.1.49.Final-13.0.jar, flink-shaded-zookeeper-3-3.4.14-13.0.jar, flink-streaming-java_2.11-1.13.5.jar, fluent-hc-4.5.13.jar, force-shading-1.13.5.jar, httpclient-4.5.13.jar, httpcore-4.4.9.jar, log4j-api-2.19.0.jar, log4j-to-slf4j-2.19.0.jar, streampipes-client-0.92.0-SNAPSHOT.jar, streampipes-commons-0.92.0-SNAPSHOT.jar, streampipes-config-0.92.0-SNAPSHOT.jar, streampipes-dataformat-0.92.0-SNAPSHOT.jar, streampipes-dataformat-cbor-0.92.0-SNAPSHOT.jar, streampipes-dataformat-fst-0.92.0-SNAPSHOT.jar, streampipes-dataformat-json-0.92.0-SNAPSHOT.jar, streampipes-dataformat-smile-0.92.0-SNAPSHOT.jar, streampipes-extensions-api-0.92.0-SNAPSHOT.jar, streampipes-extensions-management-0.92.0-SNAPSHOT.jar, streampipes-logging-0.92.0-SNAPSHOT.jar, streampipes-measurement-units-0.92.0-SNAPSHOT.jar, streampipes-messaging-0.92.0-SNAPSHOT.jar, streampipes-messaging-jms-0.92.0-SNAPSHOT.jar, streampipes-messaging-kafka-0.92.0-SNAPSHOT.jar, streampipes-messaging-mqtt-0.92.0-SNAPSHOT.jar, streampipes-messaging-nats-0.92.0-SNAPSHOT.jar, streampipes-model-0.92.0-SNAPSHOT.jar, streampipes-model-client-0.92.0-SNAPSHOT.jar, streampipes-model-shared-0.92.0-SNAPSHOT.jar, streampipes-processors-enricher-flink.jar, streampipes-rest-extensions-0.92.0-SNAPSHOT.jar, streampipes-rest-shared-0.92.0-SNAPSHOT.jar, streampipes-sdk-0.92.0-SNAPSHOT.jar, streampipes-sdk-bundle-0.92.0-SNAPSHOT.jar, streampipes-security-jwt-0.92.0-SNAPSHOT.jar, streampipes-serializers-json-0.92.0-SNAPSHOT.jar, streampipes-service-base-0.92.0-SNAPSHOT.jar, streampipes-service-discovery-0.92.0-SNAPSHOT.jar, streampipes-service-discovery-api-0.92.0-SNAPSHOT.jar, streampipes-service-discovery-consul-0.92.0-SNAPSHOT.jar, streampipes-service-extensions-0.92.0-SNAPSHOT.jar, streampipes-vocabulary-0.92.0-SNAPSHOT.jar, streampipes-wrapper-0.92.0-SNAPSHOT.jar, streampipes-wrapper-distributed-0.92.0-SNAPSHOT.jar, streampipes-wrapper-flink-0.92.0-SNAPSHOT.jar define 1 overlapping resource: 
[WARNING]   - META-INF/DEPENDENCIES
[WARNING] spring-web-6.0.3.jar, tomcat-embed-el-10.1.4.jar define 1 overlapping resource: 
[WARNING]   - META-INF/web-fragment.xml
[WARNING] jersey-bean-validation-3.1.0.jar, jersey-common-3.1.0.jar, jersey-media-json-jackson-3.1.0.jar, jersey-server-3.1.0.jar define 1 overlapping resource: 
[WARNING]   - META-INF/NOTICE.markdown
[WARNING] activemq-client-5.17.3.jar, classmate-1.5.1.jar, flink-annotations-1.13.5.jar, flink-clients_2.11-1.13.5.jar, flink-connector-base-1.13.5.jar, flink-connector-kafka_2.11-1.13.5.jar, flink-core-1.13.5.jar, flink-file-sink-common-1.13.5.jar, flink-hadoop-fs-1.13.5.jar, flink-java-1.13.5.jar, flink-metrics-core-1.13.5.jar, flink-optimizer_2.11-1.13.5.jar, flink-queryable-state-client-java-1.13.5.jar, flink-runtime_2.11-1.13.5.jar, flink-shaded-asm-7-7.1-13.0.jar, flink-shaded-guava-18.0-13.0.jar, flink-shaded-jackson-2.12.1-13.0.jar, flink-shaded-netty-4.1.49.Final-13.0.jar, flink-shaded-zookeeper-3-3.4.14-13.0.jar, flink-streaming-java_2.11-1.13.5.jar, fluent-hc-4.5.13.jar, force-shading-1.13.5.jar, geronimo-j2ee-management_1.1_spec-1.0.1.jar, geronimo-jms_1.1_spec-1.1.1.jar, httpclient-4.5.13.jar, httpcore-4.4.9.jar, jackson-annotations-2.14.1.jar, jackson-core-2.14.1.jar, jackson-databind-2.14.1.jar, jackson-dataformat-xml-2.14.1.jar, jackson-datatype-jsr310-2.14.1.jar, log4j-api-2.19.0.jar, log4j-to-slf4j-2.19.0.jar, micrometer-commons-1.10.2.jar, micrometer-observation-1.10.2.jar, objenesis-3.3.jar, stax2-api-4.2.1.jar, streampipes-client-0.92.0-SNAPSHOT.jar, streampipes-commons-0.92.0-SNAPSHOT.jar, streampipes-config-0.92.0-SNAPSHOT.jar, streampipes-dataformat-0.92.0-SNAPSHOT.jar, streampipes-dataformat-cbor-0.92.0-SNAPSHOT.jar, streampipes-dataformat-fst-0.92.0-SNAPSHOT.jar, streampipes-dataformat-json-0.92.0-SNAPSHOT.jar, streampipes-dataformat-smile-0.92.0-SNAPSHOT.jar, streampipes-extensions-api-0.92.0-SNAPSHOT.jar, streampipes-extensions-management-0.92.0-SNAPSHOT.jar, streampipes-logging-0.92.0-SNAPSHOT.jar, streampipes-measurement-units-0.92.0-SNAPSHOT.jar, streampipes-messaging-0.92.0-SNAPSHOT.jar, streampipes-messaging-jms-0.92.0-SNAPSHOT.jar, streampipes-messaging-kafka-0.92.0-SNAPSHOT.jar, streampipes-messaging-mqtt-0.92.0-SNAPSHOT.jar, streampipes-messaging-nats-0.92.0-SNAPSHOT.jar, streampipes-model-0.92.0-SNAPSHOT.jar, streampipes-model-client-0.92.0-SNAPSHOT.jar, streampipes-model-shared-0.92.0-SNAPSHOT.jar, streampipes-processors-enricher-flink.jar, streampipes-rest-extensions-0.92.0-SNAPSHOT.jar, streampipes-rest-shared-0.92.0-SNAPSHOT.jar, streampipes-sdk-0.92.0-SNAPSHOT.jar, streampipes-sdk-bundle-0.92.0-SNAPSHOT.jar, streampipes-security-jwt-0.92.0-SNAPSHOT.jar, streampipes-serializers-json-0.92.0-SNAPSHOT.jar, streampipes-service-base-0.92.0-SNAPSHOT.jar, streampipes-service-discovery-0.92.0-SNAPSHOT.jar, streampipes-service-discovery-api-0.92.0-SNAPSHOT.jar, streampipes-service-discovery-consul-0.92.0-SNAPSHOT.jar, streampipes-service-extensions-0.92.0-SNAPSHOT.jar, streampipes-vocabulary-0.92.0-SNAPSHOT.jar, streampipes-wrapper-0.92.0-SNAPSHOT.jar, streampipes-wrapper-distributed-0.92.0-SNAPSHOT.jar, streampipes-wrapper-flink-0.92.0-SNAPSHOT.jar, tomcat-embed-el-10.1.4.jar, woodstox-core-6.4.0.jar define 1 overlapping resource: 
[WARNING]   - META-INF/LICENSE
[WARNING] jakarta.activation-api-1.2.2.jar, javax.activation-api-1.2.0.jar define 31 overlapping classes: 
[WARNING]   - javax.activation.ActivationDataFlavor
[WARNING]   - javax.activation.CommandInfo
[WARNING]   - javax.activation.CommandInfo$Beans
[WARNING]   - javax.activation.CommandInfo$Beans$1
[WARNING]   - javax.activation.CommandMap
[WARNING]   - javax.activation.CommandObject
[WARNING]   - javax.activation.DataContentHandler
[WARNING]   - javax.activation.DataContentHandlerFactory
[WARNING]   - javax.activation.DataHandler
[WARNING]   - javax.activation.DataHandler$1
[WARNING]   - 21 more...
[WARNING] spring-aop-6.0.3.jar, spring-beans-6.0.3.jar, spring-boot-3.0.1.jar, spring-boot-autoconfigure-3.0.1.jar, spring-context-6.0.3.jar, spring-context-support-6.0.3.jar, spring-core-6.0.3.jar, spring-security-config-6.0.1.jar, spring-security-core-6.0.1.jar, spring-security-oauth2-client-6.0.1.jar, spring-security-web-6.0.1.jar, spring-web-6.0.3.jar define 1 overlapping resource: 
[WARNING]   - META-INF/spring/aot.factories
[WARNING] aopalliance-repackaged-3.0.3.jar, class-model-3.0.3.jar, hk2-3.0.3.jar, hk2-api-3.0.3.jar, hk2-core-3.0.3.jar, hk2-locator-3.0.3.jar, hk2-runlevel-3.0.3.jar, hk2-utils-3.0.3.jar, jakarta.activation-api-1.2.2.jar, jakarta.annotation-api-2.1.1.jar, jakarta.json-1.1.1.jar, jakarta.json-api-2.1.1.jar, jakarta.websocket-api-2.1.0.jar, jakarta.websocket-client-api-2.1.0.jar, jakarta.ws.rs-api-3.1.0.jar, jakarta.xml.bind-api-4.0.0.jar, jersey-bean-validation-3.1.0.jar, jersey-client-3.1.0.jar, jersey-common-3.1.0.jar, jersey-container-servlet-3.1.0.jar, jersey-container-servlet-core-3.1.0.jar, jersey-entity-filtering-3.1.0.jar, jersey-hk2-3.1.0.jar, jersey-media-json-jackson-3.1.0.jar, jersey-media-multipart-3.1.0.jar, jersey-server-3.1.0.jar, jersey-spring6-3.1.0.jar, mimepull-1.9.15.jar, spring-bridge-3.0.3.jar define 1 overlapping resource: 
[WARNING]   - META-INF/LICENSE.md
[WARNING] spring-boot-3.0.1.jar, spring-boot-autoconfigure-3.0.1.jar define 2 overlapping resources: 
[WARNING]   - META-INF/additional-spring-configuration-metadata.json
[WARNING]   - META-INF/spring-configuration-metadata.json
[WARNING] accessors-smart-2.4.8.jar, activemq-client-5.17.3.jar, akka-actor_2.11-2.5.21.jar, akka-protobuf_2.11-2.5.21.jar, akka-slf4j_2.11-2.5.21.jar, akka-stream_2.11-2.5.21.jar, animal-sniffer-annotations-1.17.jar, aopalliance-repackaged-3.0.3.jar, asm-9.4.jar, asm-analysis-9.2.jar, asm-commons-9.2.jar, asm-tree-9.2.jar, asm-util-9.2.jar, checker-qual-2.5.2.jar, chill-java-0.7.6.jar, chill_2.11-0.7.6.jar, class-model-3.0.3.jar, classmate-1.5.1.jar, commons-cli-1.3.1.jar, commons-codec-1.11.jar, commons-collections-3.2.2.jar, commons-compress-1.22.jar, commons-io-2.11.0.jar, commons-lang3-3.12.0.jar, commons-logging-1.2.jar, commons-math3-3.6.1.jar, config-1.3.3.jar, consul-api-1.4.5.jar, content-type-2.2.jar, eddsa-0.3.0.jar, error_prone_annotations-2.2.0.jar, failureaccess-1.0.1.jar, flink-annotations-1.13.5.jar, flink-clients_2.11-1.13.5.jar, flink-connector-base-1.13.5.jar, flink-connector-kafka_2.11-1.13.5.jar, flink-core-1.13.5.jar, flink-file-sink-common-1.13.5.jar, flink-hadoop-fs-1.13.5.jar, flink-java-1.13.5.jar, flink-metrics-core-1.13.5.jar, flink-optimizer_2.11-1.13.5.jar, flink-queryable-state-client-java-1.13.5.jar, flink-runtime_2.11-1.13.5.jar, flink-shaded-asm-7-7.1-13.0.jar, flink-shaded-guava-18.0-13.0.jar, flink-shaded-jackson-2.12.1-13.0.jar, flink-shaded-netty-4.1.49.Final-13.0.jar, flink-shaded-zookeeper-3-3.4.14-13.0.jar, flink-streaming-java_2.11-1.13.5.jar, fluent-hc-4.5.13.jar, force-shading-1.13.5.jar, fst-2.57.jar, geojson-jackson-1.14.jar, geronimo-j2ee-management_1.1_spec-1.0.1.jar, geronimo-jms_1.1_spec-1.1.1.jar, grizzled-slf4j_2.11-1.3.2.jar, gson-2.10.jar, guava-27.1-jre.jar, hawtbuf-1.11.jar, hawtdispatch-1.21.jar, hawtdispatch-transport-1.21.jar, hibernate-validator-8.0.0.Final.jar, hk2-3.0.3.jar, hk2-api-3.0.3.jar, hk2-core-3.0.3.jar, hk2-locator-3.0.3.jar, hk2-runlevel-3.0.3.jar, hk2-utils-3.0.3.jar, httpclient-4.5.13.jar, httpcore-4.4.9.jar, j2objc-annotations-1.3.jar, jackson-annotations-2.14.1.jar, jackson-core-2.14.1.jar, jackson-databind-2.14.1.jar, jackson-dataformat-cbor-2.14.1.jar, jackson-dataformat-smile-2.14.1.jar, jackson-dataformat-xml-2.14.1.jar, jackson-datatype-jdk8-2.14.1.jar, jackson-datatype-jsr310-2.14.1.jar, jackson-module-jakarta-xmlbind-annotations-2.14.1.jar, jackson-module-parameter-names-2.14.1.jar, jakarta.activation-api-1.2.2.jar, jakarta.annotation-api-2.1.1.jar, jakarta.inject-api-2.0.1.jar, jakarta.json-1.1.1.jar, jakarta.json-api-2.1.1.jar, jakarta.servlet-api-6.0.0.jar, jakarta.validation-api-3.0.2.jar, jakarta.websocket-api-2.1.0.jar, jakarta.websocket-client-api-2.1.0.jar, jakarta.ws.rs-api-3.1.0.jar, jakarta.xml.bind-api-4.0.0.jar, javassist-3.25.0-GA.jar, javax.activation-api-1.2.0.jar, jaxb-api-2.4.0-b180725.0427.jar, jboss-logging-3.4.0.Final.jar, jboss-logging-annotations-2.2.1.Final.jar, jboss-logging-processor-2.2.1.Final.jar, jboss-threads-3.5.0.Final.jar, jcip-annotations-1.0-1.jar, jdeparser-2.0.3.Final.jar, jersey-bean-validation-3.1.0.jar, jersey-client-3.1.0.jar, jersey-common-3.1.0.jar, jersey-container-servlet-3.1.0.jar, jersey-container-servlet-core-3.1.0.jar, jersey-entity-filtering-3.1.0.jar, jersey-hk2-3.1.0.jar, jersey-media-json-jackson-3.1.0.jar, jersey-media-multipart-3.1.0.jar, jersey-server-3.1.0.jar, jersey-spring6-3.1.0.jar, jjwt-api-0.11.2.jar, jjwt-impl-0.11.2.jar, jjwt-jackson-0.11.2.jar, jnats-2.16.1.jar, json-smart-2.4.8.jar, jsr305-3.0.2.jar, jtidy-r938.jar, jul-to-slf4j-2.0.6.jar, kafka-clients-3.3.1.jar, kryo-2.24.0.jar, lang-tag-1.7.jar, listenablefuture-9999.0-empty-to-avoid-conflict-with-guava.jar, log4j-api-2.19.0.jar, log4j-to-slf4j-2.19.0.jar, logback-classic-1.4.5.jar, logback-core-1.4.5.jar, lz4-java-1.8.0.jar, micrometer-commons-1.10.2.jar, micrometer-observation-1.10.2.jar, mimepull-1.9.15.jar, minlog-1.2.jar, mqtt-client-1.12.jar, nimbus-jose-jwt-9.30.1.jar, oauth2-oidc-sdk-9.43.1.jar, objenesis-3.3.jar, osgi-resource-locator-1.0.3.jar, qudt-1.0.jar, rdf4j-model-3.5.0.jar, rdf4j-model-api-3.5.0.jar, rdf4j-model-vocabulary-3.5.0.jar, rdf4j-rio-api-3.5.0.jar, rdf4j-rio-datatypes-3.5.0.jar, rdf4j-rio-languages-3.5.0.jar, rdf4j-rio-rdfxml-3.5.0.jar, rdf4j-rio-turtle-3.5.0.jar, rdf4j-util-3.5.0.jar, reactive-streams-1.0.2.jar, rendersnake-1.9.0.jar, scala-java8-compat_2.11-0.7.0.jar, scala-library-2.13.10.jar, scala-parser-combinators_2.11-1.1.1.jar, scopt_2.11-3.5.0.jar, servlet-api-2.4.jar, slf4j-api-2.0.6.jar, snakeyaml-1.26.jar, snappy-java-1.1.7.7.jar, spring-aop-6.0.3.jar, spring-beans-6.0.3.jar, spring-boot-3.0.1.jar, spring-boot-autoconfigure-3.0.1.jar, spring-boot-starter-3.0.1.jar, spring-boot-starter-jersey-3.0.1.jar, spring-boot-starter-json-3.0.1.jar, spring-boot-starter-logging-3.0.1.jar, spring-boot-starter-oauth2-client-3.0.1.jar, spring-boot-starter-undertow-3.0.1.jar, spring-boot-starter-validation-3.0.1.jar, spring-bridge-3.0.3.jar, spring-context-6.0.3.jar, spring-context-support-6.0.3.jar, spring-core-6.0.3.jar, spring-expression-6.0.3.jar, spring-jcl-6.0.3.jar, spring-security-config-6.0.1.jar, spring-security-core-6.0.1.jar, spring-security-crypto-6.0.1.jar, spring-security-oauth2-client-6.0.1.jar, spring-security-oauth2-core-6.0.1.jar, spring-security-oauth2-jose-6.0.1.jar, spring-security-web-6.0.1.jar, spring-web-6.0.3.jar, ssl-config-core_2.11-0.3.7.jar, stax2-api-4.2.1.jar, streampipes-client-0.92.0-SNAPSHOT.jar, streampipes-commons-0.92.0-SNAPSHOT.jar, streampipes-config-0.92.0-SNAPSHOT.jar, streampipes-dataformat-0.92.0-SNAPSHOT.jar, streampipes-dataformat-cbor-0.92.0-SNAPSHOT.jar, streampipes-dataformat-fst-0.92.0-SNAPSHOT.jar, streampipes-dataformat-json-0.92.0-SNAPSHOT.jar, streampipes-dataformat-smile-0.92.0-SNAPSHOT.jar, streampipes-extensions-api-0.92.0-SNAPSHOT.jar, streampipes-extensions-management-0.92.0-SNAPSHOT.jar, streampipes-logging-0.92.0-SNAPSHOT.jar, streampipes-measurement-units-0.92.0-SNAPSHOT.jar, streampipes-messaging-0.92.0-SNAPSHOT.jar, streampipes-messaging-jms-0.92.0-SNAPSHOT.jar, streampipes-messaging-kafka-0.92.0-SNAPSHOT.jar, streampipes-messaging-mqtt-0.92.0-SNAPSHOT.jar, streampipes-messaging-nats-0.92.0-SNAPSHOT.jar, streampipes-model-0.92.0-SNAPSHOT.jar, streampipes-model-client-0.92.0-SNAPSHOT.jar, streampipes-model-shared-0.92.0-SNAPSHOT.jar, streampipes-processors-enricher-flink.jar, streampipes-rest-extensions-0.92.0-SNAPSHOT.jar, streampipes-rest-shared-0.92.0-SNAPSHOT.jar, streampipes-sdk-0.92.0-SNAPSHOT.jar, streampipes-sdk-bundle-0.92.0-SNAPSHOT.jar, streampipes-security-jwt-0.92.0-SNAPSHOT.jar, streampipes-serializers-json-0.92.0-SNAPSHOT.jar, streampipes-service-base-0.92.0-SNAPSHOT.jar, streampipes-service-discovery-0.92.0-SNAPSHOT.jar, streampipes-service-discovery-api-0.92.0-SNAPSHOT.jar, streampipes-service-discovery-consul-0.92.0-SNAPSHOT.jar, streampipes-service-extensions-0.92.0-SNAPSHOT.jar, streampipes-vocabulary-0.92.0-SNAPSHOT.jar, streampipes-wrapper-0.92.0-SNAPSHOT.jar, streampipes-wrapper-distributed-0.92.0-SNAPSHOT.jar, streampipes-wrapper-flink-0.92.0-SNAPSHOT.jar, tomcat-embed-el-10.1.4.jar, type-parser-0.7.0.jar, undertow-core-2.3.2.Final.jar, undertow-servlet-2.3.2.Final.jar, undertow-websockets-jsr-2.3.2.Final.jar, wildfly-client-config-1.0.1.Final.jar, wildfly-common-1.6.0.Final.jar, woodstox-core-6.4.0.jar, xnio-api-3.8.8.Final.jar, xnio-nio-3.8.8.Final.jar, zstd-jni-1.4.3-1.jar define 1 overlapping resource: 
[WARNING]   - META-INF/MANIFEST.MF
[WARNING] maven-shade-plugin has detected that some class files are
[WARNING] present in two or more JARs. When this happens, only one
[WARNING] single version of the class is copied to the uber jar.
[WARNING] Usually this is not harmful and you can skip these warnings,
[WARNING] otherwise try to manually exclude artifacts based on
[WARNING] mvn dependency:tree -Ddetail=true and the above output.
[WARNING] See https://maven.apache.org/plugins/maven-shade-plugin/
[INFO] Replacing original artifact with shaded artifact.
[INFO] Replacing /Users/arian/edu/kth/softfund_dd2480/assignment4/DD2480-Assignment-4/streampipes-extensions/streampipes-processors-enricher-flink/target/streampipes-processors-enricher-flink.jar with /Users/arian/edu/kth/softfund_dd2480/assignment4/DD2480-Assignment-4/streampipes-extensions/streampipes-processors-enricher-flink/target/streampipes-processors-enricher-flink-0.92.0-SNAPSHOT-shaded.jar
[INFO] 
[INFO] ------< org.apache.streampipes:streampipes-processors-geo-flink >-------
[INFO] Building streampipes-processors-geo-flink 0.92.0-SNAPSHOT        [81/94]
[INFO] --------------------------------[ jar ]---------------------------------
[INFO] 
[INFO] --- maven-clean-plugin:3.2.0:clean (default-clean) @ streampipes-processors-geo-flink ---
[INFO] 
[INFO] --- maven-enforcer-plugin:3.1.0:enforce (enforce-maven-version) @ streampipes-processors-geo-flink ---
[INFO] 
[INFO] --- maven-enforcer-plugin:3.1.0:enforce (enforce-java-version) @ streampipes-processors-geo-flink ---
[INFO] 
[INFO] --- maven-enforcer-plugin:3.1.0:enforce (check-at-least-java-17) @ streampipes-processors-geo-flink ---
[INFO] 
[INFO] --- maven-enforcer-plugin:3.1.0:enforce (enforce-version-convergence) @ streampipes-processors-geo-flink ---
[INFO] 
[INFO] --- maven-checkstyle-plugin:3.2.1:check (validate) @ streampipes-processors-geo-flink ---
[INFO] 
[INFO] --- maven-remote-resources-plugin:1.7.0:process (process-resource-bundles) @ streampipes-processors-geo-flink ---
[INFO] Preparing remote bundle org.apache:apache-jar-resource-bundle:1.4
[INFO] Copying 3 resources from 1 bundle.
[INFO] 
[INFO] --- maven-resources-plugin:3.3.0:resources (default-resources) @ streampipes-processors-geo-flink ---
[INFO] Copying 3 resources
[INFO] Copying 3 resources
[INFO] 
[INFO] --- maven-compiler-plugin:3.10.1:compile (default-compile) @ streampipes-processors-geo-flink ---
[INFO] Changes detected - recompiling the module!
[INFO] Compiling 11 source files to /Users/arian/edu/kth/softfund_dd2480/assignment4/DD2480-Assignment-4/streampipes-extensions/streampipes-processors-geo-flink/target/classes
[INFO] /Users/arian/edu/kth/softfund_dd2480/assignment4/DD2480-Assignment-4/streampipes-extensions/streampipes-processors-geo-flink/src/main/java/org/apache/streampipes/processor/geo/flink/processor/gridenricher/SpatialGridEnrichmentProgram.java: /Users/arian/edu/kth/softfund_dd2480/assignment4/DD2480-Assignment-4/streampipes-extensions/streampipes-processors-geo-flink/src/main/java/org/apache/streampipes/processor/geo/flink/processor/gridenricher/SpatialGridEnrichmentProgram.java uses or overrides a deprecated API.
[INFO] /Users/arian/edu/kth/softfund_dd2480/assignment4/DD2480-Assignment-4/streampipes-extensions/streampipes-processors-geo-flink/src/main/java/org/apache/streampipes/processor/geo/flink/processor/gridenricher/SpatialGridEnrichmentProgram.java: Recompile with -Xlint:deprecation for details.
[INFO] /Users/arian/edu/kth/softfund_dd2480/assignment4/DD2480-Assignment-4/streampipes-extensions/streampipes-processors-geo-flink/src/main/java/org/apache/streampipes/processor/geo/flink/AbstractGeoProgram.java: Some input files use or override a deprecated API that is marked for removal.
[INFO] /Users/arian/edu/kth/softfund_dd2480/assignment4/DD2480-Assignment-4/streampipes-extensions/streampipes-processors-geo-flink/src/main/java/org/apache/streampipes/processor/geo/flink/AbstractGeoProgram.java: Recompile with -Xlint:removal for details.
[INFO] 
[INFO] --- maven-resources-plugin:3.3.0:testResources (default-testResources) @ streampipes-processors-geo-flink ---
[INFO] skip non existing resourceDirectory /Users/arian/edu/kth/softfund_dd2480/assignment4/DD2480-Assignment-4/streampipes-extensions/streampipes-processors-geo-flink/src/test/resources
[INFO] Copying 3 resources
[INFO] 
[INFO] --- maven-compiler-plugin:3.10.1:testCompile (default-testCompile) @ streampipes-processors-geo-flink ---
[INFO] No sources to compile
[INFO] 
[INFO] --- maven-surefire-plugin:2.22.2:test (default-test) @ streampipes-processors-geo-flink ---
[INFO] 
[INFO] --- maven-jar-plugin:3.3.0:jar (default-jar) @ streampipes-processors-geo-flink ---
[INFO] Building jar: /Users/arian/edu/kth/softfund_dd2480/assignment4/DD2480-Assignment-4/streampipes-extensions/streampipes-processors-geo-flink/target/streampipes-processors-geo-flink.jar
[INFO] 
[INFO] --- maven-site-plugin:3.12.1:attach-descriptor (attach-descriptor) @ streampipes-processors-geo-flink ---
[INFO] Skipping because packaging 'jar' is not pom.
[INFO] 
[INFO] --- maven-javadoc-plugin:3.4.1:jar (attach-javadocs) @ streampipes-processors-geo-flink ---
[ERROR] Error fetching link: /Users/arian/edu/kth/softfund_dd2480/assignment4/DD2480-Assignment-4/streampipes-sdk-bundle/target/apidocs. Ignored it.
[INFO] No previous run data found, generating javadoc.
[INFO] Building jar: /Users/arian/edu/kth/softfund_dd2480/assignment4/DD2480-Assignment-4/streampipes-extensions/streampipes-processors-geo-flink/target/streampipes-processors-geo-flink-javadoc.jar
[INFO] 
[INFO] >>> maven-source-plugin:3.0.1:jar (attach-sources) > generate-sources @ streampipes-processors-geo-flink >>>
[INFO] 
[INFO] --- maven-enforcer-plugin:3.1.0:enforce (enforce-maven-version) @ streampipes-processors-geo-flink ---
[INFO] 
[INFO] --- maven-enforcer-plugin:3.1.0:enforce (enforce-java-version) @ streampipes-processors-geo-flink ---
[INFO] 
[INFO] --- maven-enforcer-plugin:3.1.0:enforce (check-at-least-java-17) @ streampipes-processors-geo-flink ---
[INFO] 
[INFO] --- maven-enforcer-plugin:3.1.0:enforce (enforce-version-convergence) @ streampipes-processors-geo-flink ---
[INFO] 
[INFO] --- maven-checkstyle-plugin:3.2.1:check (validate) @ streampipes-processors-geo-flink ---
[INFO] 
[INFO] <<< maven-source-plugin:3.0.1:jar (attach-sources) < generate-sources @ streampipes-processors-geo-flink <<<
[INFO] 
[INFO] 
[INFO] --- maven-source-plugin:3.0.1:jar (attach-sources) @ streampipes-processors-geo-flink ---
[INFO] Building jar: /Users/arian/edu/kth/softfund_dd2480/assignment4/DD2480-Assignment-4/streampipes-extensions/streampipes-processors-geo-flink/target/streampipes-processors-geo-flink-sources.jar
[INFO] 
[INFO] --- maven-shade-plugin:3.4.1:shade (default) @ streampipes-processors-geo-flink ---
[INFO] Including org.apache.streampipes:streampipes-sdk-bundle:jar:0.92.0-SNAPSHOT in the shaded jar.
[INFO] Including org.apache.streampipes:streampipes-sdk:jar:0.92.0-SNAPSHOT in the shaded jar.
[INFO] Including org.apache.streampipes:streampipes-config:jar:0.92.0-SNAPSHOT in the shaded jar.
[INFO] Including org.apache.streampipes:streampipes-serializers-json:jar:0.92.0-SNAPSHOT in the shaded jar.
[INFO] Including org.apache.streampipes:streampipes-model-client:jar:0.92.0-SNAPSHOT in the shaded jar.
[INFO] Including org.apache.streampipes:streampipes-service-discovery:jar:0.92.0-SNAPSHOT in the shaded jar.
[INFO] Including org.apache.streampipes:streampipes-service-discovery-api:jar:0.92.0-SNAPSHOT in the shaded jar.
[INFO] Including org.apache.streampipes:streampipes-service-discovery-consul:jar:0.92.0-SNAPSHOT in the shaded jar.
[INFO] Including com.ecwid.consul:consul-api:jar:1.4.5 in the shaded jar.
[INFO] Including org.apache.streampipes:streampipes-model:jar:0.92.0-SNAPSHOT in the shaded jar.
[INFO] Including org.apache.streampipes:streampipes-model-shared:jar:0.92.0-SNAPSHOT in the shaded jar.
[INFO] Including org.apache.streampipes:streampipes-logging:jar:0.92.0-SNAPSHOT in the shaded jar.
[INFO] Including com.google.code.gson:gson:jar:2.10 in the shaded jar.
[INFO] Including org.apache.streampipes:streampipes-vocabulary:jar:0.92.0-SNAPSHOT in the shaded jar.
[INFO] Including com.google.guava:guava:jar:27.1-jre in the shaded jar.
[INFO] Including com.google.guava:failureaccess:jar:1.0.1 in the shaded jar.
[INFO] Including com.google.guava:listenablefuture:jar:9999.0-empty-to-avoid-conflict-with-guava in the shaded jar.
[INFO] Including org.checkerframework:checker-qual:jar:2.5.2 in the shaded jar.
[INFO] Including com.google.errorprone:error_prone_annotations:jar:2.2.0 in the shaded jar.
[INFO] Including com.google.j2objc:j2objc-annotations:jar:1.3 in the shaded jar.
[INFO] Including org.codehaus.mojo:animal-sniffer-annotations:jar:1.17 in the shaded jar.
[INFO] Including com.github.drapostolos:type-parser:jar:0.7.0 in the shaded jar.
[INFO] Including org.apache.httpcomponents:fluent-hc:jar:4.5.13 in the shaded jar.
[INFO] Including org.apache.httpcomponents:httpclient:jar:4.5.13 in the shaded jar.
[INFO] Including org.apache.httpcomponents:httpcore:jar:4.4.9 in the shaded jar.
[INFO] Including commons-logging:commons-logging:jar:1.2 in the shaded jar.
[INFO] Including org.apache.streampipes:streampipes-service-extensions:jar:0.92.0-SNAPSHOT in the shaded jar.
[INFO] Including org.apache.streampipes:streampipes-service-base:jar:0.92.0-SNAPSHOT in the shaded jar.
[INFO] Including jakarta.annotation:jakarta.annotation-api:jar:2.1.1 in the shaded jar.
[INFO] Including jakarta.validation:jakarta.validation-api:jar:3.0.2 in the shaded jar.
[INFO] Including org.springframework.boot:spring-boot-starter-jersey:jar:3.0.1 in the shaded jar.
[INFO] Including org.springframework.boot:spring-boot-starter-json:jar:3.0.1 in the shaded jar.
[INFO] Including com.fasterxml.jackson.datatype:jackson-datatype-jsr310:jar:2.14.1 in the shaded jar.
[INFO] Including com.fasterxml.jackson.module:jackson-module-parameter-names:jar:2.14.1 in the shaded jar.
[INFO] Including org.springframework.boot:spring-boot-starter-validation:jar:3.0.1 in the shaded jar.
[INFO] Including org.springframework:spring-web:jar:6.0.3 in the shaded jar.
[INFO] Including io.micrometer:micrometer-observation:jar:1.10.2 in the shaded jar.
[INFO] Including io.micrometer:micrometer-commons:jar:1.10.2 in the shaded jar.
[INFO] Including org.glassfish.jersey.containers:jersey-container-servlet-core:jar:3.1.0 in the shaded jar.
[INFO] Including org.glassfish.jersey.core:jersey-common:jar:3.1.0 in the shaded jar.
[INFO] Including org.glassfish.hk2:osgi-resource-locator:jar:1.0.3 in the shaded jar.
[INFO] Including org.glassfish.jersey.containers:jersey-container-servlet:jar:3.1.0 in the shaded jar.
[INFO] Including org.glassfish.jersey.core:jersey-server:jar:3.1.0 in the shaded jar.
[INFO] Including org.glassfish.jersey.core:jersey-client:jar:3.1.0 in the shaded jar.
[INFO] Including org.glassfish.jersey.ext:jersey-bean-validation:jar:3.1.0 in the shaded jar.
[INFO] Including org.glassfish.jersey.ext:jersey-spring6:jar:3.1.0 in the shaded jar.
[INFO] Including org.glassfish.jersey.inject:jersey-hk2:jar:3.1.0 in the shaded jar.
[INFO] Including org.glassfish.hk2:hk2-locator:jar:3.0.3 in the shaded jar.
[INFO] Including org.glassfish.hk2.external:aopalliance-repackaged:jar:3.0.3 in the shaded jar.
[INFO] Including org.glassfish.hk2:hk2:jar:3.0.3 in the shaded jar.
[INFO] Including org.glassfish.hk2:hk2-utils:jar:3.0.3 in the shaded jar.
[INFO] Including org.glassfish.hk2:hk2-api:jar:3.0.3 in the shaded jar.
[INFO] Including org.glassfish.hk2:hk2-core:jar:3.0.3 in the shaded jar.
[INFO] Including org.glassfish.hk2:hk2-runlevel:jar:3.0.3 in the shaded jar.
[INFO] Including org.glassfish.hk2:class-model:jar:3.0.3 in the shaded jar.
[INFO] Including org.ow2.asm:asm-analysis:jar:9.2 in the shaded jar.
[INFO] Including org.ow2.asm:asm-commons:jar:9.2 in the shaded jar.
[INFO] Including org.ow2.asm:asm-tree:jar:9.2 in the shaded jar.
[INFO] Including org.ow2.asm:asm-util:jar:9.2 in the shaded jar.
[INFO] Including org.glassfish.hk2:spring-bridge:jar:3.0.3 in the shaded jar.
[INFO] Including org.glassfish.jersey.media:jersey-media-json-jackson:jar:3.1.0 in the shaded jar.
[INFO] Including org.glassfish.jersey.ext:jersey-entity-filtering:jar:3.1.0 in the shaded jar.
[INFO] Including com.fasterxml.jackson.module:jackson-module-jakarta-xmlbind-annotations:jar:2.14.1 in the shaded jar.
[INFO] Including jakarta.xml.bind:jakarta.xml.bind-api:jar:4.0.0 in the shaded jar.
[INFO] Including org.springframework.boot:spring-boot-starter-undertow:jar:3.0.1 in the shaded jar.
[INFO] Including io.undertow:undertow-core:jar:2.3.2.Final in the shaded jar.
[INFO] Including org.jboss.xnio:xnio-api:jar:3.8.8.Final in the shaded jar.
[INFO] Including org.wildfly.common:wildfly-common:jar:1.6.0.Final in the shaded jar.
[INFO] Including org.wildfly.client:wildfly-client-config:jar:1.0.1.Final in the shaded jar.
[INFO] Including org.jboss.xnio:xnio-nio:jar:3.8.8.Final in the shaded jar.
[INFO] Including org.jboss.threads:jboss-threads:jar:3.5.0.Final in the shaded jar.
[INFO] Including io.undertow:undertow-servlet:jar:2.3.2.Final in the shaded jar.
[INFO] Including io.undertow:undertow-websockets-jsr:jar:2.3.2.Final in the shaded jar.
[INFO] Including jakarta.websocket:jakarta.websocket-api:jar:2.1.0 in the shaded jar.
[INFO] Including jakarta.websocket:jakarta.websocket-client-api:jar:2.1.0 in the shaded jar.
[INFO] Including org.apache.tomcat.embed:tomcat-embed-el:jar:10.1.4 in the shaded jar.
[INFO] Including org.springframework.boot:spring-boot-starter-oauth2-client:jar:3.0.1 in the shaded jar.
[INFO] Including org.springframework.boot:spring-boot-starter:jar:3.0.1 in the shaded jar.
[INFO] Including org.springframework.boot:spring-boot:jar:3.0.1 in the shaded jar.
[INFO] Including org.springframework.boot:spring-boot-autoconfigure:jar:3.0.1 in the shaded jar.
[INFO] Including org.springframework.boot:spring-boot-starter-logging:jar:3.0.1 in the shaded jar.
[INFO] Including org.apache.logging.log4j:log4j-to-slf4j:jar:2.19.0 in the shaded jar.
[INFO] Including org.apache.logging.log4j:log4j-api:jar:2.19.0 in the shaded jar.
[INFO] Including org.slf4j:jul-to-slf4j:jar:2.0.6 in the shaded jar.
[INFO] Including org.yaml:snakeyaml:jar:1.26 in the shaded jar.
[INFO] Including org.springframework.security:spring-security-config:jar:6.0.1 in the shaded jar.
[INFO] Including org.springframework.security:spring-security-core:jar:6.0.1 in the shaded jar.
[INFO] Including org.springframework.security:spring-security-crypto:jar:6.0.1 in the shaded jar.
[INFO] Including org.springframework.security:spring-security-oauth2-client:jar:6.0.1 in the shaded jar.
[INFO] Including org.springframework.security:spring-security-oauth2-core:jar:6.0.1 in the shaded jar.
[INFO] Including org.springframework.security:spring-security-web:jar:6.0.1 in the shaded jar.
[INFO] Including com.nimbusds:oauth2-oidc-sdk:jar:9.43.1 in the shaded jar.
[INFO] Including com.github.stephenc.jcip:jcip-annotations:jar:1.0-1 in the shaded jar.
[INFO] Including com.nimbusds:content-type:jar:2.2 in the shaded jar.
[INFO] Including net.minidev:json-smart:jar:2.4.8 in the shaded jar.
[INFO] Including net.minidev:accessors-smart:jar:2.4.8 in the shaded jar.
[INFO] Including org.ow2.asm:asm:jar:9.4 in the shaded jar.
[INFO] Including com.nimbusds:lang-tag:jar:1.7 in the shaded jar.
[INFO] Including org.springframework.security:spring-security-oauth2-jose:jar:6.0.1 in the shaded jar.
[INFO] Including com.nimbusds:nimbus-jose-jwt:jar:9.30.1 in the shaded jar.
[INFO] Including jakarta.activation:jakarta.activation-api:jar:1.2.2 in the shaded jar.
[INFO] Including jakarta.inject:jakarta.inject-api:jar:2.0.1 in the shaded jar.
[INFO] Including jakarta.servlet:jakarta.servlet-api:jar:6.0.0 in the shaded jar.
[INFO] Including org.jboss.logging:jboss-logging-annotations:jar:2.2.1.Final in the shaded jar.
[INFO] Including org.jboss.logging:jboss-logging-processor:jar:2.2.1.Final in the shaded jar.
[INFO] Including org.jboss.jdeparser:jdeparser:jar:2.0.3.Final in the shaded jar.
[INFO] Including org.springframework:spring-aop:jar:6.0.3 in the shaded jar.
[INFO] Including org.springframework:spring-beans:jar:6.0.3 in the shaded jar.
[INFO] Including org.springframework:spring-core:jar:6.0.3 in the shaded jar.
[INFO] Including org.springframework:spring-jcl:jar:6.0.3 in the shaded jar.
[INFO] Including org.springframework:spring-context:jar:6.0.3 in the shaded jar.
[INFO] Including org.springframework:spring-expression:jar:6.0.3 in the shaded jar.
[INFO] Including org.springframework:spring-context-support:jar:6.0.3 in the shaded jar.
[INFO] Including org.hibernate.validator:hibernate-validator:jar:8.0.0.Final in the shaded jar.
[INFO] Including org.jboss.logging:jboss-logging:jar:3.4.0.Final in the shaded jar.
[INFO] Including com.fasterxml:classmate:jar:1.5.1 in the shaded jar.
[INFO] Including org.apache.streampipes:streampipes-rest-extensions:jar:0.92.0-SNAPSHOT in the shaded jar.
[INFO] Including org.apache.streampipes:streampipes-rest-shared:jar:0.92.0-SNAPSHOT in the shaded jar.
[INFO] Including org.glassfish.jersey.media:jersey-media-multipart:jar:3.1.0 in the shaded jar.
[INFO] Including org.jvnet.mimepull:mimepull:jar:1.9.15 in the shaded jar.
[INFO] Including org.apache.streampipes:streampipes-extensions-management:jar:0.92.0-SNAPSHOT in the shaded jar.
[INFO] Including org.apache.streampipes:streampipes-extensions-api:jar:0.92.0-SNAPSHOT in the shaded jar.
[INFO] Including org.apache.streampipes:streampipes-measurement-units:jar:0.92.0-SNAPSHOT in the shaded jar.
[INFO] Including io.fogsy:qudt:jar:1.0 in the shaded jar.
[INFO] Including org.eclipse.rdf4j:rdf4j-rio-rdfxml:jar:3.5.0 in the shaded jar.
[INFO] Including org.eclipse.rdf4j:rdf4j-model:jar:3.5.0 in the shaded jar.
[INFO] Including org.eclipse.rdf4j:rdf4j-model-api:jar:3.5.0 in the shaded jar.
[INFO] Including org.eclipse.rdf4j:rdf4j-model-vocabulary:jar:3.5.0 in the shaded jar.
[INFO] Including org.eclipse.rdf4j:rdf4j-rio-api:jar:3.5.0 in the shaded jar.
[INFO] Including javax.xml.bind:jaxb-api:jar:2.4.0-b180725.0427 in the shaded jar.
[INFO] Including javax.activation:javax.activation-api:jar:1.2.0 in the shaded jar.
[INFO] Including org.eclipse.rdf4j:rdf4j-rio-datatypes:jar:3.5.0 in the shaded jar.
[INFO] Including org.eclipse.rdf4j:rdf4j-rio-languages:jar:3.5.0 in the shaded jar.
[INFO] Including org.eclipse.rdf4j:rdf4j-util:jar:3.5.0 in the shaded jar.
[INFO] Including org.eclipse.rdf4j:rdf4j-rio-turtle:jar:3.5.0 in the shaded jar.
[INFO] Including de.grundid.opendatalab:geojson-jackson:jar:1.14 in the shaded jar.
[INFO] Including jakarta.json:jakarta.json-api:jar:2.1.1 in the shaded jar.
[INFO] Including com.fasterxml.jackson.dataformat:jackson-dataformat-xml:jar:2.14.1 in the shaded jar.
[INFO] Including org.codehaus.woodstox:stax2-api:jar:4.2.1 in the shaded jar.
[INFO] Including com.fasterxml.woodstox:woodstox-core:jar:6.4.0 in the shaded jar.
[INFO] Including org.eclipse.parsson:jakarta.json:jar:1.1.1 in the shaded jar.
[INFO] Including jakarta.ws.rs:jakarta.ws.rs-api:jar:3.1.0 in the shaded jar.
[INFO] Including org.rendersnake:rendersnake:jar:1.9.0 in the shaded jar.
[INFO] Including javax.servlet:servlet-api:jar:2.4 in the shaded jar.
[INFO] Including net.sf.jtidy:jtidy:jar:r938 in the shaded jar.
[INFO] Including javax.inject:javax.inject:jar:1 in the shaded jar.
[INFO] Including com.fasterxml.jackson.datatype:jackson-datatype-jdk8:jar:2.14.1 in the shaded jar.
[INFO] Including org.apache.streampipes:streampipes-dataformat-json:jar:0.92.0-SNAPSHOT in the shaded jar.
[INFO] Including org.apache.streampipes:streampipes-dataformat:jar:0.92.0-SNAPSHOT in the shaded jar.
[INFO] Including com.fasterxml.jackson.core:jackson-annotations:jar:2.14.1 in the shaded jar.
[INFO] Including org.apache.streampipes:streampipes-dataformat-cbor:jar:0.92.0-SNAPSHOT in the shaded jar.
[INFO] Including com.fasterxml.jackson.dataformat:jackson-dataformat-cbor:jar:2.14.1 in the shaded jar.
[INFO] Including org.apache.streampipes:streampipes-dataformat-smile:jar:0.92.0-SNAPSHOT in the shaded jar.
[INFO] Including com.fasterxml.jackson.dataformat:jackson-dataformat-smile:jar:2.14.1 in the shaded jar.
[INFO] Including org.apache.streampipes:streampipes-dataformat-fst:jar:0.92.0-SNAPSHOT in the shaded jar.
[INFO] Including de.ruedigermoeller:fst:jar:2.57 in the shaded jar.
[INFO] Including org.javassist:javassist:jar:3.25.0-GA in the shaded jar.
[INFO] Including org.objenesis:objenesis:jar:3.3 in the shaded jar.
[INFO] Including org.apache.streampipes:streampipes-messaging-jms:jar:0.92.0-SNAPSHOT in the shaded jar.
[INFO] Including org.apache.streampipes:streampipes-messaging:jar:0.92.0-SNAPSHOT in the shaded jar.
[INFO] Including org.apache.activemq:activemq-client:jar:5.17.3 in the shaded jar.
[INFO] Including org.apache.geronimo.specs:geronimo-jms_1.1_spec:jar:1.1.1 in the shaded jar.
[INFO] Including org.apache.geronimo.specs:geronimo-j2ee-management_1.1_spec:jar:1.0.1 in the shaded jar.
[INFO] Including org.apache.streampipes:streampipes-messaging-kafka:jar:0.92.0-SNAPSHOT in the shaded jar.
[INFO] Including org.apache.streampipes:streampipes-commons:jar:0.92.0-SNAPSHOT in the shaded jar.
[INFO] Including commons-codec:commons-codec:jar:1.11 in the shaded jar.
[INFO] Including ch.qos.logback:logback-classic:jar:1.4.5 in the shaded jar.
[INFO] Including ch.qos.logback:logback-core:jar:1.4.5 in the shaded jar.
[INFO] Including org.apache.kafka:kafka-clients:jar:3.3.1 in the shaded jar.
[INFO] Including com.github.luben:zstd-jni:jar:1.4.3-1 in the shaded jar.
[INFO] Including org.lz4:lz4-java:jar:1.8.0 in the shaded jar.
[INFO] Including org.apache.streampipes:streampipes-messaging-mqtt:jar:0.92.0-SNAPSHOT in the shaded jar.
[INFO] Including org.fusesource.mqtt-client:mqtt-client:jar:1.12 in the shaded jar.
[INFO] Including org.fusesource.hawtdispatch:hawtdispatch-transport:jar:1.21 in the shaded jar.
[INFO] Including org.fusesource.hawtdispatch:hawtdispatch:jar:1.21 in the shaded jar.
[INFO] Including org.fusesource.hawtbuf:hawtbuf:jar:1.11 in the shaded jar.
[INFO] Including org.apache.streampipes:streampipes-messaging-nats:jar:0.92.0-SNAPSHOT in the shaded jar.
[INFO] Including io.nats:jnats:jar:2.16.1 in the shaded jar.
[INFO] Including net.i2p.crypto:eddsa:jar:0.3.0 in the shaded jar.
[INFO] Including org.apache.streampipes:streampipes-wrapper-flink:jar:0.92.0-SNAPSHOT in the shaded jar.
[INFO] Including org.apache.streampipes:streampipes-wrapper-distributed:jar:0.92.0-SNAPSHOT in the shaded jar.
[INFO] Including org.apache.streampipes:streampipes-wrapper:jar:0.92.0-SNAPSHOT in the shaded jar.
[INFO] Including org.apache.streampipes:streampipes-client:jar:0.92.0-SNAPSHOT in the shaded jar.
[INFO] Including org.apache.streampipes:streampipes-security-jwt:jar:0.92.0-SNAPSHOT in the shaded jar.
[INFO] Including io.jsonwebtoken:jjwt-api:jar:0.11.2 in the shaded jar.
[INFO] Including io.jsonwebtoken:jjwt-impl:jar:0.11.2 in the shaded jar.
[INFO] Including io.jsonwebtoken:jjwt-jackson:jar:0.11.2 in the shaded jar.
[INFO] Including commons-collections:commons-collections:jar:3.2.2 in the shaded jar.
[INFO] Including com.fasterxml.jackson.core:jackson-databind:jar:2.14.1 in the shaded jar.
[INFO] Including com.fasterxml.jackson.core:jackson-core:jar:2.14.1 in the shaded jar.
[INFO] Including org.apache.flink:flink-connector-kafka_2.11:jar:1.13.5 in the shaded jar.
[INFO] Including org.apache.flink:flink-connector-base:jar:1.13.5 in the shaded jar.
[INFO] Including org.apache.flink:force-shading:jar:1.13.5 in the shaded jar.
[INFO] Including org.apache.flink:flink-java:jar:1.13.5 in the shaded jar.
[INFO] Including org.apache.flink:flink-core:jar:1.13.5 in the shaded jar.
[INFO] Including org.apache.flink:flink-annotations:jar:1.13.5 in the shaded jar.
[INFO] Including org.apache.flink:flink-metrics-core:jar:1.13.5 in the shaded jar.
[INFO] Including org.apache.flink:flink-shaded-asm-7:jar:7.1-13.0 in the shaded jar.
[INFO] Including com.esotericsoftware.kryo:kryo:jar:2.24.0 in the shaded jar.
[INFO] Including com.esotericsoftware.minlog:minlog:jar:1.2 in the shaded jar.
[INFO] Including org.apache.commons:commons-compress:jar:1.22 in the shaded jar.
[INFO] Including org.apache.commons:commons-lang3:jar:3.12.0 in the shaded jar.
[INFO] Including org.apache.commons:commons-math3:jar:3.6.1 in the shaded jar.
[INFO] Including org.slf4j:slf4j-api:jar:2.0.6 in the shaded jar.
[INFO] Including com.google.code.findbugs:jsr305:jar:3.0.2 in the shaded jar.
[INFO] Including org.apache.flink:flink-streaming-java_2.11:jar:1.13.5 in the shaded jar.
[INFO] Including org.apache.flink:flink-file-sink-common:jar:1.13.5 in the shaded jar.
[INFO] Including org.apache.flink:flink-runtime_2.11:jar:1.13.5 in the shaded jar.
[INFO] Including org.apache.flink:flink-queryable-state-client-java:jar:1.13.5 in the shaded jar.
[INFO] Including org.apache.flink:flink-hadoop-fs:jar:1.13.5 in the shaded jar.
[INFO] Including commons-io:commons-io:jar:2.11.0 in the shaded jar.
[INFO] Including org.apache.flink:flink-shaded-netty:jar:4.1.49.Final-13.0 in the shaded jar.
[INFO] Including org.apache.flink:flink-shaded-jackson:jar:2.12.1-13.0 in the shaded jar.
[INFO] Including org.apache.flink:flink-shaded-zookeeper-3:jar:3.4.14-13.0 in the shaded jar.
[INFO] Including org.scala-lang:scala-library:jar:2.13.10 in the shaded jar.
[INFO] Including com.typesafe.akka:akka-actor_2.11:jar:2.5.21 in the shaded jar.
[INFO] Including com.typesafe:config:jar:1.3.3 in the shaded jar.
[INFO] Including org.scala-lang.modules:scala-java8-compat_2.11:jar:0.7.0 in the shaded jar.
[INFO] Including com.typesafe.akka:akka-stream_2.11:jar:2.5.21 in the shaded jar.
[INFO] Including org.reactivestreams:reactive-streams:jar:1.0.2 in the shaded jar.
[INFO] Including com.typesafe:ssl-config-core_2.11:jar:0.3.7 in the shaded jar.
[INFO] Including org.scala-lang.modules:scala-parser-combinators_2.11:jar:1.1.1 in the shaded jar.
[INFO] Including com.typesafe.akka:akka-protobuf_2.11:jar:2.5.21 in the shaded jar.
[INFO] Including com.typesafe.akka:akka-slf4j_2.11:jar:2.5.21 in the shaded jar.
[INFO] Including org.clapper:grizzled-slf4j_2.11:jar:1.3.2 in the shaded jar.
[INFO] Including com.github.scopt:scopt_2.11:jar:3.5.0 in the shaded jar.
[INFO] Including com.twitter:chill_2.11:jar:0.7.6 in the shaded jar.
[INFO] Including com.twitter:chill-java:jar:0.7.6 in the shaded jar.
[INFO] Including org.apache.flink:flink-shaded-guava:jar:18.0-13.0 in the shaded jar.
[INFO] Including org.apache.flink:flink-clients_2.11:jar:1.13.5 in the shaded jar.
[INFO] Including org.apache.flink:flink-optimizer_2.11:jar:1.13.5 in the shaded jar.
[INFO] Including commons-cli:commons-cli:jar:1.3.1 in the shaded jar.
[INFO] Including org.xerial.snappy:snappy-java:jar:1.1.7.7 in the shaded jar.
[WARNING] Discovered module-info.class. Shading will break its strong encapsulation.
[WARNING] Discovered module-info.class. Shading will break its strong encapsulation.
[WARNING] Discovered module-info.class. Shading will break its strong encapsulation.
[WARNING] Discovered module-info.class. Shading will break its strong encapsulation.
[WARNING] Discovered module-info.class. Shading will break its strong encapsulation.
[WARNING] Discovered module-info.class. Shading will break its strong encapsulation.
[WARNING] Discovered module-info.class. Shading will break its strong encapsulation.
[WARNING] Discovered module-info.class. Shading will break its strong encapsulation.
[WARNING] Discovered module-info.class. Shading will break its strong encapsulation.
[WARNING] Discovered module-info.class. Shading will break its strong encapsulation.
[WARNING] Discovered module-info.class. Shading will break its strong encapsulation.
[WARNING] Discovered module-info.class. Shading will break its strong encapsulation.
[WARNING] Discovered module-info.class. Shading will break its strong encapsulation.
[WARNING] Discovered module-info.class. Shading will break its strong encapsulation.
[WARNING] Discovered module-info.class. Shading will break its strong encapsulation.
[WARNING] Discovered module-info.class. Shading will break its strong encapsulation.
[WARNING] Discovered module-info.class. Shading will break its strong encapsulation.
[WARNING] Discovered module-info.class. Shading will break its strong encapsulation.
[WARNING] Discovered module-info.class. Shading will break its strong encapsulation.
[WARNING] Discovered module-info.class. Shading will break its strong encapsulation.
[WARNING] Discovered module-info.class. Shading will break its strong encapsulation.
[WARNING] Discovered module-info.class. Shading will break its strong encapsulation.
[WARNING] Discovered module-info.class. Shading will break its strong encapsulation.
[WARNING] Discovered module-info.class. Shading will break its strong encapsulation.
[WARNING] Discovered module-info.class. Shading will break its strong encapsulation.
[WARNING] spring-aop-6.0.3.jar, spring-beans-6.0.3.jar, spring-context-6.0.3.jar define 1 overlapping resource: 
[WARNING]   - META-INF/spring.tooling
[WARNING] aopalliance-repackaged-3.0.3.jar, class-model-3.0.3.jar, hk2-3.0.3.jar, hk2-api-3.0.3.jar, hk2-core-3.0.3.jar, hk2-locator-3.0.3.jar, hk2-runlevel-3.0.3.jar, hk2-utils-3.0.3.jar, jakarta.activation-api-1.2.2.jar, jakarta.annotation-api-2.1.1.jar, jakarta.inject-api-2.0.1.jar, jakarta.json-1.1.1.jar, jakarta.json-api-2.1.1.jar, jakarta.websocket-api-2.1.0.jar, jakarta.websocket-client-api-2.1.0.jar, jakarta.ws.rs-api-3.1.0.jar, jakarta.xml.bind-api-4.0.0.jar, jersey-bean-validation-3.1.0.jar, jersey-client-3.1.0.jar, jersey-common-3.1.0.jar, jersey-container-servlet-3.1.0.jar, jersey-container-servlet-core-3.1.0.jar, jersey-entity-filtering-3.1.0.jar, jersey-hk2-3.1.0.jar, jersey-media-json-jackson-3.1.0.jar, jersey-media-multipart-3.1.0.jar, jersey-server-3.1.0.jar, jersey-spring6-3.1.0.jar, mimepull-1.9.15.jar, spring-bridge-3.0.3.jar define 1 overlapping resource: 
[WARNING]   - META-INF/NOTICE.md
[WARNING] accessors-smart-2.4.8.jar, activemq-client-5.17.3.jar, akka-actor_2.11-2.5.21.jar, akka-protobuf_2.11-2.5.21.jar, akka-slf4j_2.11-2.5.21.jar, akka-stream_2.11-2.5.21.jar, animal-sniffer-annotations-1.17.jar, aopalliance-repackaged-3.0.3.jar, asm-9.4.jar, asm-analysis-9.2.jar, asm-commons-9.2.jar, asm-tree-9.2.jar, asm-util-9.2.jar, checker-qual-2.5.2.jar, chill-java-0.7.6.jar, chill_2.11-0.7.6.jar, class-model-3.0.3.jar, classmate-1.5.1.jar, commons-cli-1.3.1.jar, commons-codec-1.11.jar, commons-collections-3.2.2.jar, commons-compress-1.22.jar, commons-io-2.11.0.jar, commons-lang3-3.12.0.jar, commons-logging-1.2.jar, commons-math3-3.6.1.jar, config-1.3.3.jar, consul-api-1.4.5.jar, content-type-2.2.jar, eddsa-0.3.0.jar, error_prone_annotations-2.2.0.jar, failureaccess-1.0.1.jar, flink-annotations-1.13.5.jar, flink-clients_2.11-1.13.5.jar, flink-connector-base-1.13.5.jar, flink-connector-kafka_2.11-1.13.5.jar, flink-core-1.13.5.jar, flink-file-sink-common-1.13.5.jar, flink-hadoop-fs-1.13.5.jar, flink-java-1.13.5.jar, flink-metrics-core-1.13.5.jar, flink-optimizer_2.11-1.13.5.jar, flink-queryable-state-client-java-1.13.5.jar, flink-runtime_2.11-1.13.5.jar, flink-shaded-asm-7-7.1-13.0.jar, flink-shaded-guava-18.0-13.0.jar, flink-shaded-jackson-2.12.1-13.0.jar, flink-shaded-netty-4.1.49.Final-13.0.jar, flink-shaded-zookeeper-3-3.4.14-13.0.jar, flink-streaming-java_2.11-1.13.5.jar, fluent-hc-4.5.13.jar, force-shading-1.13.5.jar, fst-2.57.jar, geojson-jackson-1.14.jar, geronimo-j2ee-management_1.1_spec-1.0.1.jar, geronimo-jms_1.1_spec-1.1.1.jar, grizzled-slf4j_2.11-1.3.2.jar, gson-2.10.jar, guava-27.1-jre.jar, hawtbuf-1.11.jar, hawtdispatch-1.21.jar, hawtdispatch-transport-1.21.jar, hibernate-validator-8.0.0.Final.jar, hk2-3.0.3.jar, hk2-api-3.0.3.jar, hk2-core-3.0.3.jar, hk2-locator-3.0.3.jar, hk2-runlevel-3.0.3.jar, hk2-utils-3.0.3.jar, httpclient-4.5.13.jar, httpcore-4.4.9.jar, j2objc-annotations-1.3.jar, jackson-annotations-2.14.1.jar, jackson-core-2.14.1.jar, jackson-databind-2.14.1.jar, jackson-dataformat-cbor-2.14.1.jar, jackson-dataformat-smile-2.14.1.jar, jackson-dataformat-xml-2.14.1.jar, jackson-datatype-jdk8-2.14.1.jar, jackson-datatype-jsr310-2.14.1.jar, jackson-module-jakarta-xmlbind-annotations-2.14.1.jar, jackson-module-parameter-names-2.14.1.jar, jakarta.activation-api-1.2.2.jar, jakarta.annotation-api-2.1.1.jar, jakarta.inject-api-2.0.1.jar, jakarta.json-1.1.1.jar, jakarta.json-api-2.1.1.jar, jakarta.servlet-api-6.0.0.jar, jakarta.validation-api-3.0.2.jar, jakarta.websocket-api-2.1.0.jar, jakarta.websocket-client-api-2.1.0.jar, jakarta.ws.rs-api-3.1.0.jar, jakarta.xml.bind-api-4.0.0.jar, javassist-3.25.0-GA.jar, javax.activation-api-1.2.0.jar, jaxb-api-2.4.0-b180725.0427.jar, jboss-logging-3.4.0.Final.jar, jboss-logging-annotations-2.2.1.Final.jar, jboss-logging-processor-2.2.1.Final.jar, jboss-threads-3.5.0.Final.jar, jcip-annotations-1.0-1.jar, jdeparser-2.0.3.Final.jar, jersey-bean-validation-3.1.0.jar, jersey-client-3.1.0.jar, jersey-common-3.1.0.jar, jersey-container-servlet-3.1.0.jar, jersey-container-servlet-core-3.1.0.jar, jersey-entity-filtering-3.1.0.jar, jersey-hk2-3.1.0.jar, jersey-media-json-jackson-3.1.0.jar, jersey-media-multipart-3.1.0.jar, jersey-server-3.1.0.jar, jersey-spring6-3.1.0.jar, jjwt-api-0.11.2.jar, jjwt-impl-0.11.2.jar, jjwt-jackson-0.11.2.jar, jnats-2.16.1.jar, json-smart-2.4.8.jar, jsr305-3.0.2.jar, jtidy-r938.jar, jul-to-slf4j-2.0.6.jar, kafka-clients-3.3.1.jar, kryo-2.24.0.jar, lang-tag-1.7.jar, listenablefuture-9999.0-empty-to-avoid-conflict-with-guava.jar, log4j-api-2.19.0.jar, log4j-to-slf4j-2.19.0.jar, logback-classic-1.4.5.jar, logback-core-1.4.5.jar, lz4-java-1.8.0.jar, micrometer-commons-1.10.2.jar, micrometer-observation-1.10.2.jar, mimepull-1.9.15.jar, minlog-1.2.jar, mqtt-client-1.12.jar, nimbus-jose-jwt-9.30.1.jar, oauth2-oidc-sdk-9.43.1.jar, objenesis-3.3.jar, osgi-resource-locator-1.0.3.jar, qudt-1.0.jar, rdf4j-model-3.5.0.jar, rdf4j-model-api-3.5.0.jar, rdf4j-model-vocabulary-3.5.0.jar, rdf4j-rio-api-3.5.0.jar, rdf4j-rio-datatypes-3.5.0.jar, rdf4j-rio-languages-3.5.0.jar, rdf4j-rio-rdfxml-3.5.0.jar, rdf4j-rio-turtle-3.5.0.jar, rdf4j-util-3.5.0.jar, reactive-streams-1.0.2.jar, rendersnake-1.9.0.jar, scala-java8-compat_2.11-0.7.0.jar, scala-library-2.13.10.jar, scala-parser-combinators_2.11-1.1.1.jar, scopt_2.11-3.5.0.jar, servlet-api-2.4.jar, slf4j-api-2.0.6.jar, snakeyaml-1.26.jar, snappy-java-1.1.7.7.jar, spring-aop-6.0.3.jar, spring-beans-6.0.3.jar, spring-boot-3.0.1.jar, spring-boot-autoconfigure-3.0.1.jar, spring-boot-starter-3.0.1.jar, spring-boot-starter-jersey-3.0.1.jar, spring-boot-starter-json-3.0.1.jar, spring-boot-starter-logging-3.0.1.jar, spring-boot-starter-oauth2-client-3.0.1.jar, spring-boot-starter-undertow-3.0.1.jar, spring-boot-starter-validation-3.0.1.jar, spring-bridge-3.0.3.jar, spring-context-6.0.3.jar, spring-context-support-6.0.3.jar, spring-core-6.0.3.jar, spring-expression-6.0.3.jar, spring-jcl-6.0.3.jar, spring-security-config-6.0.1.jar, spring-security-core-6.0.1.jar, spring-security-crypto-6.0.1.jar, spring-security-oauth2-client-6.0.1.jar, spring-security-oauth2-core-6.0.1.jar, spring-security-oauth2-jose-6.0.1.jar, spring-security-web-6.0.1.jar, spring-web-6.0.3.jar, ssl-config-core_2.11-0.3.7.jar, stax2-api-4.2.1.jar, streampipes-client-0.92.0-SNAPSHOT.jar, streampipes-commons-0.92.0-SNAPSHOT.jar, streampipes-config-0.92.0-SNAPSHOT.jar, streampipes-dataformat-0.92.0-SNAPSHOT.jar, streampipes-dataformat-cbor-0.92.0-SNAPSHOT.jar, streampipes-dataformat-fst-0.92.0-SNAPSHOT.jar, streampipes-dataformat-json-0.92.0-SNAPSHOT.jar, streampipes-dataformat-smile-0.92.0-SNAPSHOT.jar, streampipes-extensions-api-0.92.0-SNAPSHOT.jar, streampipes-extensions-management-0.92.0-SNAPSHOT.jar, streampipes-logging-0.92.0-SNAPSHOT.jar, streampipes-measurement-units-0.92.0-SNAPSHOT.jar, streampipes-messaging-0.92.0-SNAPSHOT.jar, streampipes-messaging-jms-0.92.0-SNAPSHOT.jar, streampipes-messaging-kafka-0.92.0-SNAPSHOT.jar, streampipes-messaging-mqtt-0.92.0-SNAPSHOT.jar, streampipes-messaging-nats-0.92.0-SNAPSHOT.jar, streampipes-model-0.92.0-SNAPSHOT.jar, streampipes-model-client-0.92.0-SNAPSHOT.jar, streampipes-model-shared-0.92.0-SNAPSHOT.jar, streampipes-processors-geo-flink.jar, streampipes-rest-extensions-0.92.0-SNAPSHOT.jar, streampipes-rest-shared-0.92.0-SNAPSHOT.jar, streampipes-sdk-0.92.0-SNAPSHOT.jar, streampipes-sdk-bundle-0.92.0-SNAPSHOT.jar, streampipes-security-jwt-0.92.0-SNAPSHOT.jar, streampipes-serializers-json-0.92.0-SNAPSHOT.jar, streampipes-service-base-0.92.0-SNAPSHOT.jar, streampipes-service-discovery-0.92.0-SNAPSHOT.jar, streampipes-service-discovery-api-0.92.0-SNAPSHOT.jar, streampipes-service-discovery-consul-0.92.0-SNAPSHOT.jar, streampipes-service-extensions-0.92.0-SNAPSHOT.jar, streampipes-vocabulary-0.92.0-SNAPSHOT.jar, streampipes-wrapper-0.92.0-SNAPSHOT.jar, streampipes-wrapper-distributed-0.92.0-SNAPSHOT.jar, streampipes-wrapper-flink-0.92.0-SNAPSHOT.jar, tomcat-embed-el-10.1.4.jar, type-parser-0.7.0.jar, undertow-core-2.3.2.Final.jar, undertow-servlet-2.3.2.Final.jar, undertow-websockets-jsr-2.3.2.Final.jar, wildfly-client-config-1.0.1.Final.jar, wildfly-common-1.6.0.Final.jar, woodstox-core-6.4.0.jar, xnio-api-3.8.8.Final.jar, xnio-nio-3.8.8.Final.jar, zstd-jni-1.4.3-1.jar define 1 overlapping resource: 
[WARNING]   - META-INF/MANIFEST.MF
[WARNING] jakarta.json-1.1.1.jar, jakarta.json-api-2.1.1.jar define 41 overlapping classes and resources: 
[WARNING]   - META-INF/maven/jakarta.json/jakarta.json-api/pom.properties
[WARNING]   - META-INF/maven/jakarta.json/jakarta.json-api/pom.xml
[WARNING]   - jakarta.json.EmptyArray
[WARNING]   - jakarta.json.EmptyObject
[WARNING]   - jakarta.json.Json
[WARNING]   - jakarta.json.JsonArray
[WARNING]   - jakarta.json.JsonArrayBuilder
[WARNING]   - jakarta.json.JsonBuilderFactory
[WARNING]   - jakarta.json.JsonConfig
[WARNING]   - jakarta.json.JsonConfig$KeyStrategy
[WARNING]   - 31 more...
[WARNING] activemq-client-5.17.3.jar, flink-annotations-1.13.5.jar, flink-clients_2.11-1.13.5.jar, flink-connector-base-1.13.5.jar, flink-connector-kafka_2.11-1.13.5.jar, flink-core-1.13.5.jar, flink-file-sink-common-1.13.5.jar, flink-hadoop-fs-1.13.5.jar, flink-java-1.13.5.jar, flink-metrics-core-1.13.5.jar, flink-optimizer_2.11-1.13.5.jar, flink-queryable-state-client-java-1.13.5.jar, flink-runtime_2.11-1.13.5.jar, flink-shaded-asm-7-7.1-13.0.jar, flink-shaded-guava-18.0-13.0.jar, flink-shaded-jackson-2.12.1-13.0.jar, flink-shaded-netty-4.1.49.Final-13.0.jar, flink-shaded-zookeeper-3-3.4.14-13.0.jar, flink-streaming-java_2.11-1.13.5.jar, fluent-hc-4.5.13.jar, force-shading-1.13.5.jar, httpclient-4.5.13.jar, httpcore-4.4.9.jar, log4j-api-2.19.0.jar, log4j-to-slf4j-2.19.0.jar, streampipes-client-0.92.0-SNAPSHOT.jar, streampipes-commons-0.92.0-SNAPSHOT.jar, streampipes-config-0.92.0-SNAPSHOT.jar, streampipes-dataformat-0.92.0-SNAPSHOT.jar, streampipes-dataformat-cbor-0.92.0-SNAPSHOT.jar, streampipes-dataformat-fst-0.92.0-SNAPSHOT.jar, streampipes-dataformat-json-0.92.0-SNAPSHOT.jar, streampipes-dataformat-smile-0.92.0-SNAPSHOT.jar, streampipes-extensions-api-0.92.0-SNAPSHOT.jar, streampipes-extensions-management-0.92.0-SNAPSHOT.jar, streampipes-logging-0.92.0-SNAPSHOT.jar, streampipes-measurement-units-0.92.0-SNAPSHOT.jar, streampipes-messaging-0.92.0-SNAPSHOT.jar, streampipes-messaging-jms-0.92.0-SNAPSHOT.jar, streampipes-messaging-kafka-0.92.0-SNAPSHOT.jar, streampipes-messaging-mqtt-0.92.0-SNAPSHOT.jar, streampipes-messaging-nats-0.92.0-SNAPSHOT.jar, streampipes-model-0.92.0-SNAPSHOT.jar, streampipes-model-client-0.92.0-SNAPSHOT.jar, streampipes-model-shared-0.92.0-SNAPSHOT.jar, streampipes-processors-geo-flink.jar, streampipes-rest-extensions-0.92.0-SNAPSHOT.jar, streampipes-rest-shared-0.92.0-SNAPSHOT.jar, streampipes-sdk-0.92.0-SNAPSHOT.jar, streampipes-sdk-bundle-0.92.0-SNAPSHOT.jar, streampipes-security-jwt-0.92.0-SNAPSHOT.jar, streampipes-serializers-json-0.92.0-SNAPSHOT.jar, streampipes-service-base-0.92.0-SNAPSHOT.jar, streampipes-service-discovery-0.92.0-SNAPSHOT.jar, streampipes-service-discovery-api-0.92.0-SNAPSHOT.jar, streampipes-service-discovery-consul-0.92.0-SNAPSHOT.jar, streampipes-service-extensions-0.92.0-SNAPSHOT.jar, streampipes-vocabulary-0.92.0-SNAPSHOT.jar, streampipes-wrapper-0.92.0-SNAPSHOT.jar, streampipes-wrapper-distributed-0.92.0-SNAPSHOT.jar, streampipes-wrapper-flink-0.92.0-SNAPSHOT.jar define 1 overlapping resource: 
[WARNING]   - META-INF/DEPENDENCIES
[WARNING] commons-cli-1.3.1.jar, commons-codec-1.11.jar, commons-collections-3.2.2.jar, commons-compress-1.22.jar, commons-io-2.11.0.jar, commons-lang3-3.12.0.jar, commons-logging-1.2.jar, commons-math3-3.6.1.jar, jakarta.inject-api-2.0.1.jar, javax.activation-api-1.2.0.jar, jaxb-api-2.4.0-b180725.0427.jar, jboss-logging-3.4.0.Final.jar, jboss-logging-annotations-2.2.1.Final.jar, jboss-logging-processor-2.2.1.Final.jar, jboss-threads-3.5.0.Final.jar, jtidy-r938.jar, spring-boot-3.0.1.jar, spring-boot-autoconfigure-3.0.1.jar, spring-boot-starter-3.0.1.jar, spring-boot-starter-jersey-3.0.1.jar, spring-boot-starter-json-3.0.1.jar, spring-boot-starter-logging-3.0.1.jar, spring-boot-starter-oauth2-client-3.0.1.jar, spring-boot-starter-undertow-3.0.1.jar, spring-boot-starter-validation-3.0.1.jar define 1 overlapping resource: 
[WARNING]   - META-INF/LICENSE.txt
[WARNING] activemq-client-5.17.3.jar, classmate-1.5.1.jar, flink-annotations-1.13.5.jar, flink-clients_2.11-1.13.5.jar, flink-connector-base-1.13.5.jar, flink-connector-kafka_2.11-1.13.5.jar, flink-core-1.13.5.jar, flink-file-sink-common-1.13.5.jar, flink-hadoop-fs-1.13.5.jar, flink-java-1.13.5.jar, flink-metrics-core-1.13.5.jar, flink-optimizer_2.11-1.13.5.jar, flink-queryable-state-client-java-1.13.5.jar, flink-runtime_2.11-1.13.5.jar, flink-shaded-asm-7-7.1-13.0.jar, flink-shaded-guava-18.0-13.0.jar, flink-shaded-jackson-2.12.1-13.0.jar, flink-shaded-netty-4.1.49.Final-13.0.jar, flink-shaded-zookeeper-3-3.4.14-13.0.jar, flink-streaming-java_2.11-1.13.5.jar, fluent-hc-4.5.13.jar, force-shading-1.13.5.jar, geronimo-j2ee-management_1.1_spec-1.0.1.jar, geronimo-jms_1.1_spec-1.1.1.jar, httpclient-4.5.13.jar, httpcore-4.4.9.jar, jackson-annotations-2.14.1.jar, jackson-core-2.14.1.jar, jackson-databind-2.14.1.jar, jackson-dataformat-xml-2.14.1.jar, jackson-datatype-jsr310-2.14.1.jar, log4j-api-2.19.0.jar, log4j-to-slf4j-2.19.0.jar, micrometer-commons-1.10.2.jar, micrometer-observation-1.10.2.jar, objenesis-3.3.jar, stax2-api-4.2.1.jar, streampipes-client-0.92.0-SNAPSHOT.jar, streampipes-commons-0.92.0-SNAPSHOT.jar, streampipes-config-0.92.0-SNAPSHOT.jar, streampipes-dataformat-0.92.0-SNAPSHOT.jar, streampipes-dataformat-cbor-0.92.0-SNAPSHOT.jar, streampipes-dataformat-fst-0.92.0-SNAPSHOT.jar, streampipes-dataformat-json-0.92.0-SNAPSHOT.jar, streampipes-dataformat-smile-0.92.0-SNAPSHOT.jar, streampipes-extensions-api-0.92.0-SNAPSHOT.jar, streampipes-extensions-management-0.92.0-SNAPSHOT.jar, streampipes-logging-0.92.0-SNAPSHOT.jar, streampipes-measurement-units-0.92.0-SNAPSHOT.jar, streampipes-messaging-0.92.0-SNAPSHOT.jar, streampipes-messaging-jms-0.92.0-SNAPSHOT.jar, streampipes-messaging-kafka-0.92.0-SNAPSHOT.jar, streampipes-messaging-mqtt-0.92.0-SNAPSHOT.jar, streampipes-messaging-nats-0.92.0-SNAPSHOT.jar, streampipes-model-0.92.0-SNAPSHOT.jar, streampipes-model-client-0.92.0-SNAPSHOT.jar, streampipes-model-shared-0.92.0-SNAPSHOT.jar, streampipes-processors-geo-flink.jar, streampipes-rest-extensions-0.92.0-SNAPSHOT.jar, streampipes-rest-shared-0.92.0-SNAPSHOT.jar, streampipes-sdk-0.92.0-SNAPSHOT.jar, streampipes-sdk-bundle-0.92.0-SNAPSHOT.jar, streampipes-security-jwt-0.92.0-SNAPSHOT.jar, streampipes-serializers-json-0.92.0-SNAPSHOT.jar, streampipes-service-base-0.92.0-SNAPSHOT.jar, streampipes-service-discovery-0.92.0-SNAPSHOT.jar, streampipes-service-discovery-api-0.92.0-SNAPSHOT.jar, streampipes-service-discovery-consul-0.92.0-SNAPSHOT.jar, streampipes-service-extensions-0.92.0-SNAPSHOT.jar, streampipes-vocabulary-0.92.0-SNAPSHOT.jar, streampipes-wrapper-0.92.0-SNAPSHOT.jar, streampipes-wrapper-distributed-0.92.0-SNAPSHOT.jar, streampipes-wrapper-flink-0.92.0-SNAPSHOT.jar, tomcat-embed-el-10.1.4.jar, woodstox-core-6.4.0.jar define 1 overlapping resource: 
[WARNING]   - META-INF/LICENSE
[WARNING] kafka-clients-3.3.1.jar, scala-library-2.13.10.jar define 2 overlapping resources: 
[WARNING]   - LICENSE
[WARNING]   - NOTICE
[WARNING] commons-logging-1.2.jar, spring-jcl-6.0.3.jar define 5 overlapping classes: 
[WARNING]   - org.apache.commons.logging.Log
[WARNING]   - org.apache.commons.logging.LogFactory
[WARNING]   - org.apache.commons.logging.LogFactory$1
[WARNING]   - org.apache.commons.logging.impl.NoOpLog
[WARNING]   - org.apache.commons.logging.impl.SimpleLog
[WARNING] activemq-client-5.17.3.jar, classmate-1.5.1.jar, flink-annotations-1.13.5.jar, flink-clients_2.11-1.13.5.jar, flink-connector-base-1.13.5.jar, flink-connector-kafka_2.11-1.13.5.jar, flink-core-1.13.5.jar, flink-file-sink-common-1.13.5.jar, flink-hadoop-fs-1.13.5.jar, flink-java-1.13.5.jar, flink-metrics-core-1.13.5.jar, flink-optimizer_2.11-1.13.5.jar, flink-queryable-state-client-java-1.13.5.jar, flink-runtime_2.11-1.13.5.jar, flink-shaded-asm-7-7.1-13.0.jar, flink-shaded-guava-18.0-13.0.jar, flink-shaded-jackson-2.12.1-13.0.jar, flink-shaded-netty-4.1.49.Final-13.0.jar, flink-shaded-zookeeper-3-3.4.14-13.0.jar, flink-streaming-java_2.11-1.13.5.jar, fluent-hc-4.5.13.jar, force-shading-1.13.5.jar, geronimo-j2ee-management_1.1_spec-1.0.1.jar, geronimo-jms_1.1_spec-1.1.1.jar, httpclient-4.5.13.jar, httpcore-4.4.9.jar, jackson-core-2.14.1.jar, jackson-databind-2.14.1.jar, jackson-dataformat-xml-2.14.1.jar, log4j-api-2.19.0.jar, log4j-to-slf4j-2.19.0.jar, micrometer-commons-1.10.2.jar, micrometer-observation-1.10.2.jar, objenesis-3.3.jar, streampipes-client-0.92.0-SNAPSHOT.jar, streampipes-commons-0.92.0-SNAPSHOT.jar, streampipes-config-0.92.0-SNAPSHOT.jar, streampipes-dataformat-0.92.0-SNAPSHOT.jar, streampipes-dataformat-cbor-0.92.0-SNAPSHOT.jar, streampipes-dataformat-fst-0.92.0-SNAPSHOT.jar, streampipes-dataformat-json-0.92.0-SNAPSHOT.jar, streampipes-dataformat-smile-0.92.0-SNAPSHOT.jar, streampipes-extensions-api-0.92.0-SNAPSHOT.jar, streampipes-extensions-management-0.92.0-SNAPSHOT.jar, streampipes-logging-0.92.0-SNAPSHOT.jar, streampipes-measurement-units-0.92.0-SNAPSHOT.jar, streampipes-messaging-0.92.0-SNAPSHOT.jar, streampipes-messaging-jms-0.92.0-SNAPSHOT.jar, streampipes-messaging-kafka-0.92.0-SNAPSHOT.jar, streampipes-messaging-mqtt-0.92.0-SNAPSHOT.jar, streampipes-messaging-nats-0.92.0-SNAPSHOT.jar, streampipes-model-0.92.0-SNAPSHOT.jar, streampipes-model-client-0.92.0-SNAPSHOT.jar, streampipes-model-shared-0.92.0-SNAPSHOT.jar, streampipes-processors-geo-flink.jar, streampipes-rest-extensions-0.92.0-SNAPSHOT.jar, streampipes-rest-shared-0.92.0-SNAPSHOT.jar, streampipes-sdk-0.92.0-SNAPSHOT.jar, streampipes-sdk-bundle-0.92.0-SNAPSHOT.jar, streampipes-security-jwt-0.92.0-SNAPSHOT.jar, streampipes-serializers-json-0.92.0-SNAPSHOT.jar, streampipes-service-base-0.92.0-SNAPSHOT.jar, streampipes-service-discovery-0.92.0-SNAPSHOT.jar, streampipes-service-discovery-api-0.92.0-SNAPSHOT.jar, streampipes-service-discovery-consul-0.92.0-SNAPSHOT.jar, streampipes-service-extensions-0.92.0-SNAPSHOT.jar, streampipes-vocabulary-0.92.0-SNAPSHOT.jar, streampipes-wrapper-0.92.0-SNAPSHOT.jar, streampipes-wrapper-distributed-0.92.0-SNAPSHOT.jar, streampipes-wrapper-flink-0.92.0-SNAPSHOT.jar, tomcat-embed-el-10.1.4.jar define 1 overlapping resource: 
[WARNING]   - META-INF/NOTICE
[WARNING] spring-aop-6.0.3.jar, spring-beans-6.0.3.jar, spring-context-6.0.3.jar, spring-context-support-6.0.3.jar, spring-core-6.0.3.jar, spring-expression-6.0.3.jar, spring-jcl-6.0.3.jar, spring-web-6.0.3.jar define 2 overlapping resources: 
[WARNING]   - META-INF/license.txt
[WARNING]   - META-INF/notice.txt
[WARNING] commons-cli-1.3.1.jar, commons-codec-1.11.jar, commons-collections-3.2.2.jar, commons-compress-1.22.jar, commons-io-2.11.0.jar, commons-lang3-3.12.0.jar, commons-logging-1.2.jar, commons-math3-3.6.1.jar, spring-boot-3.0.1.jar, spring-boot-autoconfigure-3.0.1.jar, spring-boot-starter-3.0.1.jar, spring-boot-starter-jersey-3.0.1.jar, spring-boot-starter-json-3.0.1.jar, spring-boot-starter-logging-3.0.1.jar, spring-boot-starter-oauth2-client-3.0.1.jar, spring-boot-starter-undertow-3.0.1.jar, spring-boot-starter-validation-3.0.1.jar define 1 overlapping resource: 
[WARNING]   - META-INF/NOTICE.txt
[WARNING] gson-2.10.jar, nimbus-jose-jwt-9.30.1.jar define 2 overlapping resources: 
[WARNING]   - META-INF/maven/com.google.code.gson/gson/pom.properties
[WARNING]   - META-INF/maven/com.google.code.gson/gson/pom.xml
[WARNING] gson-2.10.jar, jackson-core-2.14.1.jar, jackson-databind-2.14.1.jar, jackson-dataformat-cbor-2.14.1.jar, jackson-dataformat-smile-2.14.1.jar, jackson-dataformat-xml-2.14.1.jar, jackson-datatype-jdk8-2.14.1.jar, jackson-datatype-jsr310-2.14.1.jar, jackson-module-parameter-names-2.14.1.jar, log4j-api-2.19.0.jar, nimbus-jose-jwt-9.30.1.jar, slf4j-api-2.0.6.jar define 1 overlapping classes: 
[WARNING]   - META-INF.versions.9.module-info
[WARNING] aopalliance-repackaged-3.0.3.jar, spring-aop-6.0.3.jar define 9 overlapping classes: 
[WARNING]   - org.aopalliance.aop.Advice
[WARNING]   - org.aopalliance.aop.AspectException
[WARNING]   - org.aopalliance.intercept.ConstructorInterceptor
[WARNING]   - org.aopalliance.intercept.ConstructorInvocation
[WARNING]   - org.aopalliance.intercept.Interceptor
[WARNING]   - org.aopalliance.intercept.Invocation
[WARNING]   - org.aopalliance.intercept.Joinpoint
[WARNING]   - org.aopalliance.intercept.MethodInterceptor
[WARNING]   - org.aopalliance.intercept.MethodInvocation
[WARNING] spring-web-6.0.3.jar, tomcat-embed-el-10.1.4.jar define 1 overlapping resource: 
[WARNING]   - META-INF/web-fragment.xml
[WARNING] jersey-bean-validation-3.1.0.jar, jersey-common-3.1.0.jar, jersey-media-json-jackson-3.1.0.jar, jersey-server-3.1.0.jar define 1 overlapping resource: 
[WARNING]   - META-INF/NOTICE.markdown
[WARNING] jakarta.activation-api-1.2.2.jar, javax.activation-api-1.2.0.jar define 31 overlapping classes: 
[WARNING]   - javax.activation.ActivationDataFlavor
[WARNING]   - javax.activation.CommandInfo
[WARNING]   - javax.activation.CommandInfo$Beans
[WARNING]   - javax.activation.CommandInfo$Beans$1
[WARNING]   - javax.activation.CommandMap
[WARNING]   - javax.activation.CommandObject
[WARNING]   - javax.activation.DataContentHandler
[WARNING]   - javax.activation.DataContentHandlerFactory
[WARNING]   - javax.activation.DataHandler
[WARNING]   - javax.activation.DataHandler$1
[WARNING]   - 21 more...
[WARNING] spring-aop-6.0.3.jar, spring-beans-6.0.3.jar, spring-boot-3.0.1.jar, spring-boot-autoconfigure-3.0.1.jar, spring-context-6.0.3.jar, spring-context-support-6.0.3.jar, spring-core-6.0.3.jar, spring-security-config-6.0.1.jar, spring-security-core-6.0.1.jar, spring-security-oauth2-client-6.0.1.jar, spring-security-web-6.0.1.jar, spring-web-6.0.3.jar define 1 overlapping resource: 
[WARNING]   - META-INF/spring/aot.factories
[WARNING] aopalliance-repackaged-3.0.3.jar, class-model-3.0.3.jar, hk2-3.0.3.jar, hk2-api-3.0.3.jar, hk2-core-3.0.3.jar, hk2-locator-3.0.3.jar, hk2-runlevel-3.0.3.jar, hk2-utils-3.0.3.jar, jakarta.activation-api-1.2.2.jar, jakarta.annotation-api-2.1.1.jar, jakarta.json-1.1.1.jar, jakarta.json-api-2.1.1.jar, jakarta.websocket-api-2.1.0.jar, jakarta.websocket-client-api-2.1.0.jar, jakarta.ws.rs-api-3.1.0.jar, jakarta.xml.bind-api-4.0.0.jar, jersey-bean-validation-3.1.0.jar, jersey-client-3.1.0.jar, jersey-common-3.1.0.jar, jersey-container-servlet-3.1.0.jar, jersey-container-servlet-core-3.1.0.jar, jersey-entity-filtering-3.1.0.jar, jersey-hk2-3.1.0.jar, jersey-media-json-jackson-3.1.0.jar, jersey-media-multipart-3.1.0.jar, jersey-server-3.1.0.jar, jersey-spring6-3.1.0.jar, mimepull-1.9.15.jar, spring-bridge-3.0.3.jar define 1 overlapping resource: 
[WARNING]   - META-INF/LICENSE.md
[WARNING] spring-boot-3.0.1.jar, spring-boot-autoconfigure-3.0.1.jar define 2 overlapping resources: 
[WARNING]   - META-INF/additional-spring-configuration-metadata.json
[WARNING]   - META-INF/spring-configuration-metadata.json
[WARNING] maven-shade-plugin has detected that some class files are
[WARNING] present in two or more JARs. When this happens, only one
[WARNING] single version of the class is copied to the uber jar.
[WARNING] Usually this is not harmful and you can skip these warnings,
[WARNING] otherwise try to manually exclude artifacts based on
[WARNING] mvn dependency:tree -Ddetail=true and the above output.
[WARNING] See https://maven.apache.org/plugins/maven-shade-plugin/
[INFO] Replacing original artifact with shaded artifact.
[INFO] Replacing /Users/arian/edu/kth/softfund_dd2480/assignment4/DD2480-Assignment-4/streampipes-extensions/streampipes-processors-geo-flink/target/streampipes-processors-geo-flink.jar with /Users/arian/edu/kth/softfund_dd2480/assignment4/DD2480-Assignment-4/streampipes-extensions/streampipes-processors-geo-flink/target/streampipes-processors-geo-flink-0.92.0-SNAPSHOT-shaded.jar
[INFO] 
[INFO] --< org.apache.streampipes:streampipes-processors-pattern-detection-flink >--
[INFO] Building streampipes-processors-pattern-detection-flink 0.92.0-SNAPSHOT [82/94]
[INFO] --------------------------------[ jar ]---------------------------------
[INFO] 
[INFO] --- maven-clean-plugin:3.2.0:clean (default-clean) @ streampipes-processors-pattern-detection-flink ---
[INFO] 
[INFO] --- maven-enforcer-plugin:3.1.0:enforce (enforce-maven-version) @ streampipes-processors-pattern-detection-flink ---
[INFO] 
[INFO] --- maven-enforcer-plugin:3.1.0:enforce (enforce-java-version) @ streampipes-processors-pattern-detection-flink ---
[INFO] 
[INFO] --- maven-enforcer-plugin:3.1.0:enforce (check-at-least-java-17) @ streampipes-processors-pattern-detection-flink ---
[INFO] 
[INFO] --- maven-enforcer-plugin:3.1.0:enforce (enforce-version-convergence) @ streampipes-processors-pattern-detection-flink ---
[INFO] 
[INFO] --- maven-checkstyle-plugin:3.2.1:check (validate) @ streampipes-processors-pattern-detection-flink ---
[INFO] 
[INFO] --- maven-remote-resources-plugin:1.7.0:process (process-resource-bundles) @ streampipes-processors-pattern-detection-flink ---
[INFO] Preparing remote bundle org.apache:apache-jar-resource-bundle:1.4
[INFO] Copying 3 resources from 1 bundle.
[INFO] 
[INFO] --- maven-resources-plugin:3.3.0:resources (default-resources) @ streampipes-processors-pattern-detection-flink ---
[INFO] Copying 11 resources
[INFO] Copying 3 resources
[INFO] 
[INFO] --- maven-compiler-plugin:3.10.1:compile (default-compile) @ streampipes-processors-pattern-detection-flink ---
[INFO] Changes detected - recompiling the module!
[INFO] Compiling 24 source files to /Users/arian/edu/kth/softfund_dd2480/assignment4/DD2480-Assignment-4/streampipes-extensions/streampipes-processors-pattern-detection-flink/target/classes
[INFO] /Users/arian/edu/kth/softfund_dd2480/assignment4/DD2480-Assignment-4/streampipes-extensions/streampipes-processors-pattern-detection-flink/src/main/java/org/apache/streampipes/processors/pattern/detection/flink/AbstractPatternDetectionProgram.java: Some input files use or override a deprecated API.
[INFO] /Users/arian/edu/kth/softfund_dd2480/assignment4/DD2480-Assignment-4/streampipes-extensions/streampipes-processors-pattern-detection-flink/src/main/java/org/apache/streampipes/processors/pattern/detection/flink/AbstractPatternDetectionProgram.java: Recompile with -Xlint:deprecation for details.
[INFO] /Users/arian/edu/kth/softfund_dd2480/assignment4/DD2480-Assignment-4/streampipes-extensions/streampipes-processors-pattern-detection-flink/src/main/java/org/apache/streampipes/processors/pattern/detection/flink/processor/peak/PeakDetectionParameters.java: Some input files use or override a deprecated API that is marked for removal.
[INFO] /Users/arian/edu/kth/softfund_dd2480/assignment4/DD2480-Assignment-4/streampipes-extensions/streampipes-processors-pattern-detection-flink/src/main/java/org/apache/streampipes/processors/pattern/detection/flink/processor/peak/PeakDetectionParameters.java: Recompile with -Xlint:removal for details.
[INFO] /Users/arian/edu/kth/softfund_dd2480/assignment4/DD2480-Assignment-4/streampipes-extensions/streampipes-processors-pattern-detection-flink/src/main/java/org/apache/streampipes/processors/pattern/detection/flink/processor/and/AndProgram.java: Some input files use unchecked or unsafe operations.
[INFO] /Users/arian/edu/kth/softfund_dd2480/assignment4/DD2480-Assignment-4/streampipes-extensions/streampipes-processors-pattern-detection-flink/src/main/java/org/apache/streampipes/processors/pattern/detection/flink/processor/and/AndProgram.java: Recompile with -Xlint:unchecked for details.
[INFO] 
[INFO] --- maven-resources-plugin:3.3.0:testResources (default-testResources) @ streampipes-processors-pattern-detection-flink ---
[INFO] skip non existing resourceDirectory /Users/arian/edu/kth/softfund_dd2480/assignment4/DD2480-Assignment-4/streampipes-extensions/streampipes-processors-pattern-detection-flink/src/test/resources
[INFO] Copying 3 resources
[INFO] 
[INFO] --- maven-compiler-plugin:3.10.1:testCompile (default-testCompile) @ streampipes-processors-pattern-detection-flink ---
[INFO] No sources to compile
[INFO] 
[INFO] --- maven-surefire-plugin:2.22.2:test (default-test) @ streampipes-processors-pattern-detection-flink ---
[INFO] 
[INFO] --- maven-jar-plugin:3.3.0:jar (default-jar) @ streampipes-processors-pattern-detection-flink ---
[INFO] Building jar: /Users/arian/edu/kth/softfund_dd2480/assignment4/DD2480-Assignment-4/streampipes-extensions/streampipes-processors-pattern-detection-flink/target/streampipes-processors-pattern-detection-flink.jar
[INFO] 
[INFO] --- maven-site-plugin:3.12.1:attach-descriptor (attach-descriptor) @ streampipes-processors-pattern-detection-flink ---
[INFO] Skipping because packaging 'jar' is not pom.
[INFO] 
[INFO] --- maven-javadoc-plugin:3.4.1:jar (attach-javadocs) @ streampipes-processors-pattern-detection-flink ---
[ERROR] Error fetching link: /Users/arian/edu/kth/softfund_dd2480/assignment4/DD2480-Assignment-4/streampipes-sdk-bundle/target/apidocs. Ignored it.
[INFO] No previous run data found, generating javadoc.
[INFO] Building jar: /Users/arian/edu/kth/softfund_dd2480/assignment4/DD2480-Assignment-4/streampipes-extensions/streampipes-processors-pattern-detection-flink/target/streampipes-processors-pattern-detection-flink-javadoc.jar
[INFO] 
[INFO] >>> maven-source-plugin:3.0.1:jar (attach-sources) > generate-sources @ streampipes-processors-pattern-detection-flink >>>
[INFO] 
[INFO] --- maven-enforcer-plugin:3.1.0:enforce (enforce-maven-version) @ streampipes-processors-pattern-detection-flink ---
[INFO] 
[INFO] --- maven-enforcer-plugin:3.1.0:enforce (enforce-java-version) @ streampipes-processors-pattern-detection-flink ---
[INFO] 
[INFO] --- maven-enforcer-plugin:3.1.0:enforce (check-at-least-java-17) @ streampipes-processors-pattern-detection-flink ---
[INFO] 
[INFO] --- maven-enforcer-plugin:3.1.0:enforce (enforce-version-convergence) @ streampipes-processors-pattern-detection-flink ---
[INFO] 
[INFO] --- maven-checkstyle-plugin:3.2.1:check (validate) @ streampipes-processors-pattern-detection-flink ---
[INFO] 
[INFO] <<< maven-source-plugin:3.0.1:jar (attach-sources) < generate-sources @ streampipes-processors-pattern-detection-flink <<<
[INFO] 
[INFO] 
[INFO] --- maven-source-plugin:3.0.1:jar (attach-sources) @ streampipes-processors-pattern-detection-flink ---
[INFO] Building jar: /Users/arian/edu/kth/softfund_dd2480/assignment4/DD2480-Assignment-4/streampipes-extensions/streampipes-processors-pattern-detection-flink/target/streampipes-processors-pattern-detection-flink-sources.jar
[INFO] 
[INFO] --- maven-shade-plugin:3.4.1:shade (default) @ streampipes-processors-pattern-detection-flink ---
[INFO] Including org.apache.streampipes:streampipes-sdk-bundle:jar:0.92.0-SNAPSHOT in the shaded jar.
[INFO] Including org.apache.streampipes:streampipes-sdk:jar:0.92.0-SNAPSHOT in the shaded jar.
[INFO] Including org.apache.streampipes:streampipes-config:jar:0.92.0-SNAPSHOT in the shaded jar.
[INFO] Including org.apache.streampipes:streampipes-serializers-json:jar:0.92.0-SNAPSHOT in the shaded jar.
[INFO] Including org.apache.streampipes:streampipes-model-client:jar:0.92.0-SNAPSHOT in the shaded jar.
[INFO] Including org.apache.streampipes:streampipes-service-discovery:jar:0.92.0-SNAPSHOT in the shaded jar.
[INFO] Including org.apache.streampipes:streampipes-service-discovery-api:jar:0.92.0-SNAPSHOT in the shaded jar.
[INFO] Including org.apache.streampipes:streampipes-service-discovery-consul:jar:0.92.0-SNAPSHOT in the shaded jar.
[INFO] Including com.ecwid.consul:consul-api:jar:1.4.5 in the shaded jar.
[INFO] Including org.apache.streampipes:streampipes-vocabulary:jar:0.92.0-SNAPSHOT in the shaded jar.
[INFO] Including com.github.drapostolos:type-parser:jar:0.7.0 in the shaded jar.
[INFO] Including org.apache.httpcomponents:fluent-hc:jar:4.5.13 in the shaded jar.
[INFO] Including org.apache.httpcomponents:httpclient:jar:4.5.13 in the shaded jar.
[INFO] Including org.apache.httpcomponents:httpcore:jar:4.4.9 in the shaded jar.
[INFO] Including commons-logging:commons-logging:jar:1.2 in the shaded jar.
[INFO] Including org.apache.streampipes:streampipes-service-extensions:jar:0.92.0-SNAPSHOT in the shaded jar.
[INFO] Including org.apache.streampipes:streampipes-service-base:jar:0.92.0-SNAPSHOT in the shaded jar.
[INFO] Including jakarta.annotation:jakarta.annotation-api:jar:2.1.1 in the shaded jar.
[INFO] Including jakarta.validation:jakarta.validation-api:jar:3.0.2 in the shaded jar.
[INFO] Including org.springframework.boot:spring-boot-starter-jersey:jar:3.0.1 in the shaded jar.
[INFO] Including org.springframework.boot:spring-boot-starter-json:jar:3.0.1 in the shaded jar.
[INFO] Including com.fasterxml.jackson.datatype:jackson-datatype-jsr310:jar:2.14.1 in the shaded jar.
[INFO] Including com.fasterxml.jackson.module:jackson-module-parameter-names:jar:2.14.1 in the shaded jar.
[INFO] Including org.springframework.boot:spring-boot-starter-validation:jar:3.0.1 in the shaded jar.
[INFO] Including org.springframework:spring-web:jar:6.0.3 in the shaded jar.
[INFO] Including io.micrometer:micrometer-observation:jar:1.10.2 in the shaded jar.
[INFO] Including io.micrometer:micrometer-commons:jar:1.10.2 in the shaded jar.
[INFO] Including org.glassfish.jersey.containers:jersey-container-servlet-core:jar:3.1.0 in the shaded jar.
[INFO] Including org.glassfish.jersey.core:jersey-common:jar:3.1.0 in the shaded jar.
[INFO] Including org.glassfish.hk2:osgi-resource-locator:jar:1.0.3 in the shaded jar.
[INFO] Including org.glassfish.jersey.containers:jersey-container-servlet:jar:3.1.0 in the shaded jar.
[INFO] Including org.glassfish.jersey.core:jersey-server:jar:3.1.0 in the shaded jar.
[INFO] Including org.glassfish.jersey.core:jersey-client:jar:3.1.0 in the shaded jar.
[INFO] Including org.glassfish.jersey.ext:jersey-bean-validation:jar:3.1.0 in the shaded jar.
[INFO] Including org.glassfish.jersey.ext:jersey-spring6:jar:3.1.0 in the shaded jar.
[INFO] Including org.glassfish.jersey.inject:jersey-hk2:jar:3.1.0 in the shaded jar.
[INFO] Including org.glassfish.hk2:hk2-locator:jar:3.0.3 in the shaded jar.
[INFO] Including org.glassfish.hk2.external:aopalliance-repackaged:jar:3.0.3 in the shaded jar.
[INFO] Including org.glassfish.hk2:hk2:jar:3.0.3 in the shaded jar.
[INFO] Including org.glassfish.hk2:hk2-utils:jar:3.0.3 in the shaded jar.
[INFO] Including org.glassfish.hk2:hk2-api:jar:3.0.3 in the shaded jar.
[INFO] Including org.glassfish.hk2:hk2-core:jar:3.0.3 in the shaded jar.
[INFO] Including org.glassfish.hk2:hk2-runlevel:jar:3.0.3 in the shaded jar.
[INFO] Including org.glassfish.hk2:class-model:jar:3.0.3 in the shaded jar.
[INFO] Including org.ow2.asm:asm-analysis:jar:9.2 in the shaded jar.
[INFO] Including org.ow2.asm:asm-commons:jar:9.2 in the shaded jar.
[INFO] Including org.ow2.asm:asm-tree:jar:9.2 in the shaded jar.
[INFO] Including org.ow2.asm:asm-util:jar:9.2 in the shaded jar.
[INFO] Including org.glassfish.hk2:spring-bridge:jar:3.0.3 in the shaded jar.
[INFO] Including org.glassfish.jersey.media:jersey-media-json-jackson:jar:3.1.0 in the shaded jar.
[INFO] Including org.glassfish.jersey.ext:jersey-entity-filtering:jar:3.1.0 in the shaded jar.
[INFO] Including com.fasterxml.jackson.module:jackson-module-jakarta-xmlbind-annotations:jar:2.14.1 in the shaded jar.
[INFO] Including jakarta.xml.bind:jakarta.xml.bind-api:jar:4.0.0 in the shaded jar.
[INFO] Including org.springframework.boot:spring-boot-starter-undertow:jar:3.0.1 in the shaded jar.
[INFO] Including io.undertow:undertow-core:jar:2.3.2.Final in the shaded jar.
[INFO] Including org.jboss.xnio:xnio-api:jar:3.8.8.Final in the shaded jar.
[INFO] Including org.wildfly.common:wildfly-common:jar:1.6.0.Final in the shaded jar.
[INFO] Including org.wildfly.client:wildfly-client-config:jar:1.0.1.Final in the shaded jar.
[INFO] Including org.jboss.xnio:xnio-nio:jar:3.8.8.Final in the shaded jar.
[INFO] Including org.jboss.threads:jboss-threads:jar:3.5.0.Final in the shaded jar.
[INFO] Including io.undertow:undertow-servlet:jar:2.3.2.Final in the shaded jar.
[INFO] Including io.undertow:undertow-websockets-jsr:jar:2.3.2.Final in the shaded jar.
[INFO] Including jakarta.websocket:jakarta.websocket-api:jar:2.1.0 in the shaded jar.
[INFO] Including jakarta.websocket:jakarta.websocket-client-api:jar:2.1.0 in the shaded jar.
[INFO] Including org.apache.tomcat.embed:tomcat-embed-el:jar:10.1.4 in the shaded jar.
[INFO] Including org.springframework.boot:spring-boot-starter-oauth2-client:jar:3.0.1 in the shaded jar.
[INFO] Including org.springframework.boot:spring-boot-starter:jar:3.0.1 in the shaded jar.
[INFO] Including org.springframework.boot:spring-boot:jar:3.0.1 in the shaded jar.
[INFO] Including org.springframework.boot:spring-boot-autoconfigure:jar:3.0.1 in the shaded jar.
[INFO] Including org.springframework.boot:spring-boot-starter-logging:jar:3.0.1 in the shaded jar.
[INFO] Including org.slf4j:jul-to-slf4j:jar:2.0.6 in the shaded jar.
[INFO] Including org.yaml:snakeyaml:jar:1.26 in the shaded jar.
[INFO] Including org.springframework.security:spring-security-config:jar:6.0.1 in the shaded jar.
[INFO] Including org.springframework.security:spring-security-core:jar:6.0.1 in the shaded jar.
[INFO] Including org.springframework.security:spring-security-crypto:jar:6.0.1 in the shaded jar.
[INFO] Including org.springframework.security:spring-security-oauth2-client:jar:6.0.1 in the shaded jar.
[INFO] Including org.springframework.security:spring-security-oauth2-core:jar:6.0.1 in the shaded jar.
[INFO] Including org.springframework.security:spring-security-web:jar:6.0.1 in the shaded jar.
[INFO] Including com.nimbusds:oauth2-oidc-sdk:jar:9.43.1 in the shaded jar.
[INFO] Including com.github.stephenc.jcip:jcip-annotations:jar:1.0-1 in the shaded jar.
[INFO] Including com.nimbusds:content-type:jar:2.2 in the shaded jar.
[INFO] Including net.minidev:json-smart:jar:2.4.8 in the shaded jar.
[INFO] Including net.minidev:accessors-smart:jar:2.4.8 in the shaded jar.
[INFO] Including org.ow2.asm:asm:jar:9.4 in the shaded jar.
[INFO] Including com.nimbusds:lang-tag:jar:1.7 in the shaded jar.
[INFO] Including org.springframework.security:spring-security-oauth2-jose:jar:6.0.1 in the shaded jar.
[INFO] Including com.nimbusds:nimbus-jose-jwt:jar:9.30.1 in the shaded jar.
[INFO] Including jakarta.activation:jakarta.activation-api:jar:1.2.2 in the shaded jar.
[INFO] Including jakarta.inject:jakarta.inject-api:jar:2.0.1 in the shaded jar.
[INFO] Including jakarta.servlet:jakarta.servlet-api:jar:6.0.0 in the shaded jar.
[INFO] Including org.jboss.logging:jboss-logging-annotations:jar:2.2.1.Final in the shaded jar.
[INFO] Including org.jboss.logging:jboss-logging-processor:jar:2.2.1.Final in the shaded jar.
[INFO] Including org.jboss.jdeparser:jdeparser:jar:2.0.3.Final in the shaded jar.
[INFO] Including org.springframework:spring-aop:jar:6.0.3 in the shaded jar.
[INFO] Including org.springframework:spring-beans:jar:6.0.3 in the shaded jar.
[INFO] Including org.springframework:spring-core:jar:6.0.3 in the shaded jar.
[INFO] Including org.springframework:spring-jcl:jar:6.0.3 in the shaded jar.
[INFO] Including org.springframework:spring-context:jar:6.0.3 in the shaded jar.
[INFO] Including org.springframework:spring-expression:jar:6.0.3 in the shaded jar.
[INFO] Including org.springframework:spring-context-support:jar:6.0.3 in the shaded jar.
[INFO] Including org.hibernate.validator:hibernate-validator:jar:8.0.0.Final in the shaded jar.
[INFO] Including org.jboss.logging:jboss-logging:jar:3.4.0.Final in the shaded jar.
[INFO] Including com.fasterxml:classmate:jar:1.5.1 in the shaded jar.
[INFO] Including org.apache.streampipes:streampipes-rest-extensions:jar:0.92.0-SNAPSHOT in the shaded jar.
[INFO] Including org.apache.streampipes:streampipes-rest-shared:jar:0.92.0-SNAPSHOT in the shaded jar.
[INFO] Including org.glassfish.jersey.media:jersey-media-multipart:jar:3.1.0 in the shaded jar.
[INFO] Including org.jvnet.mimepull:mimepull:jar:1.9.15 in the shaded jar.
[INFO] Including org.apache.streampipes:streampipes-extensions-management:jar:0.92.0-SNAPSHOT in the shaded jar.
[INFO] Including org.apache.streampipes:streampipes-extensions-api:jar:0.92.0-SNAPSHOT in the shaded jar.
[INFO] Including org.apache.streampipes:streampipes-measurement-units:jar:0.92.0-SNAPSHOT in the shaded jar.
[INFO] Including io.fogsy:qudt:jar:1.0 in the shaded jar.
[INFO] Including org.eclipse.rdf4j:rdf4j-rio-rdfxml:jar:3.5.0 in the shaded jar.
[INFO] Including org.eclipse.rdf4j:rdf4j-model:jar:3.5.0 in the shaded jar.
[INFO] Including org.eclipse.rdf4j:rdf4j-model-api:jar:3.5.0 in the shaded jar.
[INFO] Including org.eclipse.rdf4j:rdf4j-model-vocabulary:jar:3.5.0 in the shaded jar.
[INFO] Including org.eclipse.rdf4j:rdf4j-rio-api:jar:3.5.0 in the shaded jar.
[INFO] Including javax.xml.bind:jaxb-api:jar:2.4.0-b180725.0427 in the shaded jar.
[INFO] Including javax.activation:javax.activation-api:jar:1.2.0 in the shaded jar.
[INFO] Including org.eclipse.rdf4j:rdf4j-rio-datatypes:jar:3.5.0 in the shaded jar.
[INFO] Including org.eclipse.rdf4j:rdf4j-rio-languages:jar:3.5.0 in the shaded jar.
[INFO] Including org.eclipse.rdf4j:rdf4j-util:jar:3.5.0 in the shaded jar.
[INFO] Including org.eclipse.rdf4j:rdf4j-rio-turtle:jar:3.5.0 in the shaded jar.
[INFO] Including de.grundid.opendatalab:geojson-jackson:jar:1.14 in the shaded jar.
[INFO] Including jakarta.json:jakarta.json-api:jar:2.1.1 in the shaded jar.
[INFO] Including com.fasterxml.jackson.dataformat:jackson-dataformat-xml:jar:2.14.1 in the shaded jar.
[INFO] Including org.codehaus.woodstox:stax2-api:jar:4.2.1 in the shaded jar.
[INFO] Including com.fasterxml.woodstox:woodstox-core:jar:6.4.0 in the shaded jar.
[INFO] Including org.eclipse.parsson:jakarta.json:jar:1.1.1 in the shaded jar.
[INFO] Including jakarta.ws.rs:jakarta.ws.rs-api:jar:3.1.0 in the shaded jar.
[INFO] Including org.rendersnake:rendersnake:jar:1.9.0 in the shaded jar.
[INFO] Including javax.servlet:servlet-api:jar:2.4 in the shaded jar.
[INFO] Including net.sf.jtidy:jtidy:jar:r938 in the shaded jar.
[INFO] Including com.fasterxml.jackson.datatype:jackson-datatype-jdk8:jar:2.14.1 in the shaded jar.
[INFO] Including org.apache.streampipes:streampipes-dataformat-json:jar:0.92.0-SNAPSHOT in the shaded jar.
[INFO] Including org.apache.streampipes:streampipes-dataformat:jar:0.92.0-SNAPSHOT in the shaded jar.
[INFO] Including com.fasterxml.jackson.core:jackson-annotations:jar:2.14.1 in the shaded jar.
[INFO] Including org.apache.streampipes:streampipes-dataformat-cbor:jar:0.92.0-SNAPSHOT in the shaded jar.
[INFO] Including com.fasterxml.jackson.dataformat:jackson-dataformat-cbor:jar:2.14.1 in the shaded jar.
[INFO] Including org.apache.streampipes:streampipes-dataformat-smile:jar:0.92.0-SNAPSHOT in the shaded jar.
[INFO] Including com.fasterxml.jackson.dataformat:jackson-dataformat-smile:jar:2.14.1 in the shaded jar.
[INFO] Including org.apache.streampipes:streampipes-dataformat-fst:jar:0.92.0-SNAPSHOT in the shaded jar.
[INFO] Including de.ruedigermoeller:fst:jar:2.57 in the shaded jar.
[INFO] Including org.objenesis:objenesis:jar:3.3 in the shaded jar.
[INFO] Including org.apache.streampipes:streampipes-messaging-jms:jar:0.92.0-SNAPSHOT in the shaded jar.
[INFO] Including org.apache.streampipes:streampipes-messaging:jar:0.92.0-SNAPSHOT in the shaded jar.
[INFO] Including org.apache.activemq:activemq-client:jar:5.17.3 in the shaded jar.
[INFO] Including org.apache.geronimo.specs:geronimo-jms_1.1_spec:jar:1.1.1 in the shaded jar.
[INFO] Including org.apache.geronimo.specs:geronimo-j2ee-management_1.1_spec:jar:1.0.1 in the shaded jar.
[INFO] Including org.apache.streampipes:streampipes-messaging-kafka:jar:0.92.0-SNAPSHOT in the shaded jar.
[INFO] Including org.apache.streampipes:streampipes-commons:jar:0.92.0-SNAPSHOT in the shaded jar.
[INFO] Including commons-codec:commons-codec:jar:1.11 in the shaded jar.
[INFO] Including ch.qos.logback:logback-classic:jar:1.4.5 in the shaded jar.
[INFO] Including ch.qos.logback:logback-core:jar:1.4.5 in the shaded jar.
[INFO] Including org.apache.kafka:kafka-clients:jar:3.3.1 in the shaded jar.
[INFO] Including com.github.luben:zstd-jni:jar:1.4.3-1 in the shaded jar.
[INFO] Including org.apache.streampipes:streampipes-messaging-mqtt:jar:0.92.0-SNAPSHOT in the shaded jar.
[INFO] Including org.fusesource.mqtt-client:mqtt-client:jar:1.12 in the shaded jar.
[INFO] Including org.fusesource.hawtdispatch:hawtdispatch-transport:jar:1.21 in the shaded jar.
[INFO] Including org.fusesource.hawtdispatch:hawtdispatch:jar:1.21 in the shaded jar.
[INFO] Including org.fusesource.hawtbuf:hawtbuf:jar:1.11 in the shaded jar.
[INFO] Including org.apache.streampipes:streampipes-messaging-nats:jar:0.92.0-SNAPSHOT in the shaded jar.
[INFO] Including io.nats:jnats:jar:2.16.1 in the shaded jar.
[INFO] Including net.i2p.crypto:eddsa:jar:0.3.0 in the shaded jar.
[INFO] Including org.apache.streampipes:streampipes-wrapper-flink:jar:0.92.0-SNAPSHOT in the shaded jar.
[INFO] Including org.apache.streampipes:streampipes-wrapper-distributed:jar:0.92.0-SNAPSHOT in the shaded jar.
[INFO] Including org.apache.streampipes:streampipes-wrapper:jar:0.92.0-SNAPSHOT in the shaded jar.
[INFO] Including org.apache.streampipes:streampipes-client:jar:0.92.0-SNAPSHOT in the shaded jar.
[INFO] Including org.apache.streampipes:streampipes-security-jwt:jar:0.92.0-SNAPSHOT in the shaded jar.
[INFO] Including io.jsonwebtoken:jjwt-api:jar:0.11.2 in the shaded jar.
[INFO] Including io.jsonwebtoken:jjwt-impl:jar:0.11.2 in the shaded jar.
[INFO] Including io.jsonwebtoken:jjwt-jackson:jar:0.11.2 in the shaded jar.
[INFO] Including commons-collections:commons-collections:jar:3.2.2 in the shaded jar.
[INFO] Including com.fasterxml.jackson.core:jackson-databind:jar:2.14.1 in the shaded jar.
[INFO] Including com.fasterxml.jackson.core:jackson-core:jar:2.14.1 in the shaded jar.
[INFO] Including org.apache.flink:flink-connector-kafka_2.11:jar:1.13.5 in the shaded jar.
[INFO] Including org.apache.flink:flink-connector-base:jar:1.13.5 in the shaded jar.
[INFO] Including org.apache.flink:flink-java:jar:1.13.5 in the shaded jar.
[INFO] Including org.apache.commons:commons-math3:jar:3.6.1 in the shaded jar.
[INFO] Including org.apache.flink:flink-streaming-java_2.11:jar:1.13.5 in the shaded jar.
[INFO] Including org.apache.flink:flink-file-sink-common:jar:1.13.5 in the shaded jar.
[INFO] Including org.apache.flink:flink-clients_2.11:jar:1.13.5 in the shaded jar.
[INFO] Including org.apache.flink:flink-optimizer_2.11:jar:1.13.5 in the shaded jar.
[INFO] Including org.xerial.snappy:snappy-java:jar:1.1.7.7 in the shaded jar.
[INFO] Including org.apache.logging.log4j:log4j-to-slf4j:jar:2.19.0 in the shaded jar.
[INFO] Including org.slf4j:slf4j-api:jar:2.0.6 in the shaded jar.
[INFO] Including org.apache.logging.log4j:log4j-api:jar:2.19.0 in the shaded jar.
[INFO] Including org.apache.flink:flink-cep_2.11:jar:1.13.5 in the shaded jar.
[INFO] Including org.apache.flink:flink-shaded-guava:jar:18.0-13.0 in the shaded jar.
[INFO] Including org.apache.flink:force-shading:jar:1.13.5 in the shaded jar.
[INFO] Including org.apache.flink:flink-runtime_2.11:jar:1.13.5 in the shaded jar.
[INFO] Including org.apache.flink:flink-core:jar:1.13.5 in the shaded jar.
[INFO] Including org.apache.flink:flink-annotations:jar:1.13.5 in the shaded jar.
[INFO] Including org.apache.flink:flink-metrics-core:jar:1.13.5 in the shaded jar.
[INFO] Including org.apache.flink:flink-shaded-asm-7:jar:7.1-13.0 in the shaded jar.
[INFO] Including com.esotericsoftware.kryo:kryo:jar:2.24.0 in the shaded jar.
[INFO] Including com.esotericsoftware.minlog:minlog:jar:1.2 in the shaded jar.
[INFO] Including org.apache.commons:commons-compress:jar:1.22 in the shaded jar.
[INFO] Including org.apache.flink:flink-queryable-state-client-java:jar:1.13.5 in the shaded jar.
[INFO] Including org.apache.flink:flink-hadoop-fs:jar:1.13.5 in the shaded jar.
[INFO] Including commons-io:commons-io:jar:2.11.0 in the shaded jar.
[INFO] Including org.apache.flink:flink-shaded-netty:jar:4.1.49.Final-13.0 in the shaded jar.
[INFO] Including org.apache.flink:flink-shaded-jackson:jar:2.12.1-13.0 in the shaded jar.
[INFO] Including org.apache.flink:flink-shaded-zookeeper-3:jar:3.4.14-13.0 in the shaded jar.
[INFO] Including org.apache.commons:commons-lang3:jar:3.12.0 in the shaded jar.
[INFO] Including commons-cli:commons-cli:jar:1.3.1 in the shaded jar.
[INFO] Including org.javassist:javassist:jar:3.25.0-GA in the shaded jar.
[INFO] Including com.typesafe.akka:akka-actor_2.11:jar:2.5.21 in the shaded jar.
[INFO] Including com.typesafe:config:jar:1.3.3 in the shaded jar.
[INFO] Including org.scala-lang.modules:scala-java8-compat_2.11:jar:0.7.0 in the shaded jar.
[INFO] Including com.typesafe.akka:akka-stream_2.11:jar:2.5.21 in the shaded jar.
[INFO] Including org.reactivestreams:reactive-streams:jar:1.0.2 in the shaded jar.
[INFO] Including com.typesafe:ssl-config-core_2.11:jar:0.3.7 in the shaded jar.
[INFO] Including com.typesafe.akka:akka-protobuf_2.11:jar:2.5.21 in the shaded jar.
[INFO] Including com.typesafe.akka:akka-slf4j_2.11:jar:2.5.21 in the shaded jar.
[INFO] Including org.clapper:grizzled-slf4j_2.11:jar:1.3.2 in the shaded jar.
[INFO] Including com.github.scopt:scopt_2.11:jar:3.5.0 in the shaded jar.
[INFO] Including com.twitter:chill_2.11:jar:0.7.6 in the shaded jar.
[INFO] Including com.twitter:chill-java:jar:0.7.6 in the shaded jar.
[INFO] Including org.lz4:lz4-java:jar:1.8.0 in the shaded jar.
[INFO] Including com.google.code.findbugs:jsr305:jar:3.0.2 in the shaded jar.
[INFO] Including org.scala-lang:scala-library:jar:2.13.10 in the shaded jar.
[INFO] Including org.scala-lang.modules:scala-parser-combinators_2.11:jar:1.1.1 in the shaded jar.
[INFO] Including javax.inject:javax.inject:jar:1 in the shaded jar.
[INFO] Including com.google.guava:guava:jar:27.1-jre in the shaded jar.
[INFO] Including com.google.guava:failureaccess:jar:1.0.1 in the shaded jar.
[INFO] Including com.google.guava:listenablefuture:jar:9999.0-empty-to-avoid-conflict-with-guava in the shaded jar.
[INFO] Including org.checkerframework:checker-qual:jar:2.5.2 in the shaded jar.
[INFO] Including com.google.errorprone:error_prone_annotations:jar:2.2.0 in the shaded jar.
[INFO] Including com.google.j2objc:j2objc-annotations:jar:1.3 in the shaded jar.
[INFO] Including org.codehaus.mojo:animal-sniffer-annotations:jar:1.17 in the shaded jar.
[INFO] Including org.apache.streampipes:streampipes-model:jar:0.92.0-SNAPSHOT in the shaded jar.
[INFO] Including org.apache.streampipes:streampipes-model-shared:jar:0.92.0-SNAPSHOT in the shaded jar.
[INFO] Including org.apache.streampipes:streampipes-logging:jar:0.92.0-SNAPSHOT in the shaded jar.
[INFO] Including com.google.code.gson:gson:jar:2.10 in the shaded jar.
[WARNING] Discovered module-info.class. Shading will break its strong encapsulation.
[WARNING] Discovered module-info.class. Shading will break its strong encapsulation.
[WARNING] Discovered module-info.class. Shading will break its strong encapsulation.
[WARNING] Discovered module-info.class. Shading will break its strong encapsulation.
[WARNING] Discovered module-info.class. Shading will break its strong encapsulation.
[WARNING] Discovered module-info.class. Shading will break its strong encapsulation.
[WARNING] Discovered module-info.class. Shading will break its strong encapsulation.
[WARNING] Discovered module-info.class. Shading will break its strong encapsulation.
[WARNING] Discovered module-info.class. Shading will break its strong encapsulation.
[WARNING] Discovered module-info.class. Shading will break its strong encapsulation.
[WARNING] Discovered module-info.class. Shading will break its strong encapsulation.
[WARNING] Discovered module-info.class. Shading will break its strong encapsulation.
[WARNING] Discovered module-info.class. Shading will break its strong encapsulation.
[WARNING] Discovered module-info.class. Shading will break its strong encapsulation.
[WARNING] Discovered module-info.class. Shading will break its strong encapsulation.
[WARNING] Discovered module-info.class. Shading will break its strong encapsulation.
[WARNING] Discovered module-info.class. Shading will break its strong encapsulation.
[WARNING] Discovered module-info.class. Shading will break its strong encapsulation.
[WARNING] Discovered module-info.class. Shading will break its strong encapsulation.
[WARNING] Discovered module-info.class. Shading will break its strong encapsulation.
[WARNING] Discovered module-info.class. Shading will break its strong encapsulation.
[WARNING] Discovered module-info.class. Shading will break its strong encapsulation.
[WARNING] Discovered module-info.class. Shading will break its strong encapsulation.
[WARNING] Discovered module-info.class. Shading will break its strong encapsulation.
[WARNING] Discovered module-info.class. Shading will break its strong encapsulation.
[WARNING] activemq-client-5.17.3.jar, classmate-1.5.1.jar, flink-annotations-1.13.5.jar, flink-cep_2.11-1.13.5.jar, flink-clients_2.11-1.13.5.jar, flink-connector-base-1.13.5.jar, flink-connector-kafka_2.11-1.13.5.jar, flink-core-1.13.5.jar, flink-file-sink-common-1.13.5.jar, flink-hadoop-fs-1.13.5.jar, flink-java-1.13.5.jar, flink-metrics-core-1.13.5.jar, flink-optimizer_2.11-1.13.5.jar, flink-queryable-state-client-java-1.13.5.jar, flink-runtime_2.11-1.13.5.jar, flink-shaded-asm-7-7.1-13.0.jar, flink-shaded-guava-18.0-13.0.jar, flink-shaded-jackson-2.12.1-13.0.jar, flink-shaded-netty-4.1.49.Final-13.0.jar, flink-shaded-zookeeper-3-3.4.14-13.0.jar, flink-streaming-java_2.11-1.13.5.jar, fluent-hc-4.5.13.jar, force-shading-1.13.5.jar, geronimo-j2ee-management_1.1_spec-1.0.1.jar, geronimo-jms_1.1_spec-1.1.1.jar, httpclient-4.5.13.jar, httpcore-4.4.9.jar, jackson-annotations-2.14.1.jar, jackson-core-2.14.1.jar, jackson-databind-2.14.1.jar, jackson-dataformat-xml-2.14.1.jar, jackson-datatype-jsr310-2.14.1.jar, log4j-api-2.19.0.jar, log4j-to-slf4j-2.19.0.jar, micrometer-commons-1.10.2.jar, micrometer-observation-1.10.2.jar, objenesis-3.3.jar, stax2-api-4.2.1.jar, streampipes-client-0.92.0-SNAPSHOT.jar, streampipes-commons-0.92.0-SNAPSHOT.jar, streampipes-config-0.92.0-SNAPSHOT.jar, streampipes-dataformat-0.92.0-SNAPSHOT.jar, streampipes-dataformat-cbor-0.92.0-SNAPSHOT.jar, streampipes-dataformat-fst-0.92.0-SNAPSHOT.jar, streampipes-dataformat-json-0.92.0-SNAPSHOT.jar, streampipes-dataformat-smile-0.92.0-SNAPSHOT.jar, streampipes-extensions-api-0.92.0-SNAPSHOT.jar, streampipes-extensions-management-0.92.0-SNAPSHOT.jar, streampipes-logging-0.92.0-SNAPSHOT.jar, streampipes-measurement-units-0.92.0-SNAPSHOT.jar, streampipes-messaging-0.92.0-SNAPSHOT.jar, streampipes-messaging-jms-0.92.0-SNAPSHOT.jar, streampipes-messaging-kafka-0.92.0-SNAPSHOT.jar, streampipes-messaging-mqtt-0.92.0-SNAPSHOT.jar, streampipes-messaging-nats-0.92.0-SNAPSHOT.jar, streampipes-model-0.92.0-SNAPSHOT.jar, streampipes-model-client-0.92.0-SNAPSHOT.jar, streampipes-model-shared-0.92.0-SNAPSHOT.jar, streampipes-processors-pattern-detection-flink.jar, streampipes-rest-extensions-0.92.0-SNAPSHOT.jar, streampipes-rest-shared-0.92.0-SNAPSHOT.jar, streampipes-sdk-0.92.0-SNAPSHOT.jar, streampipes-sdk-bundle-0.92.0-SNAPSHOT.jar, streampipes-security-jwt-0.92.0-SNAPSHOT.jar, streampipes-serializers-json-0.92.0-SNAPSHOT.jar, streampipes-service-base-0.92.0-SNAPSHOT.jar, streampipes-service-discovery-0.92.0-SNAPSHOT.jar, streampipes-service-discovery-api-0.92.0-SNAPSHOT.jar, streampipes-service-discovery-consul-0.92.0-SNAPSHOT.jar, streampipes-service-extensions-0.92.0-SNAPSHOT.jar, streampipes-vocabulary-0.92.0-SNAPSHOT.jar, streampipes-wrapper-0.92.0-SNAPSHOT.jar, streampipes-wrapper-distributed-0.92.0-SNAPSHOT.jar, streampipes-wrapper-flink-0.92.0-SNAPSHOT.jar, tomcat-embed-el-10.1.4.jar, woodstox-core-6.4.0.jar define 1 overlapping resource: 
[WARNING]   - META-INF/LICENSE
[WARNING] spring-aop-6.0.3.jar, spring-beans-6.0.3.jar, spring-context-6.0.3.jar define 1 overlapping resource: 
[WARNING]   - META-INF/spring.tooling
[WARNING] aopalliance-repackaged-3.0.3.jar, class-model-3.0.3.jar, hk2-3.0.3.jar, hk2-api-3.0.3.jar, hk2-core-3.0.3.jar, hk2-locator-3.0.3.jar, hk2-runlevel-3.0.3.jar, hk2-utils-3.0.3.jar, jakarta.activation-api-1.2.2.jar, jakarta.annotation-api-2.1.1.jar, jakarta.inject-api-2.0.1.jar, jakarta.json-1.1.1.jar, jakarta.json-api-2.1.1.jar, jakarta.websocket-api-2.1.0.jar, jakarta.websocket-client-api-2.1.0.jar, jakarta.ws.rs-api-3.1.0.jar, jakarta.xml.bind-api-4.0.0.jar, jersey-bean-validation-3.1.0.jar, jersey-client-3.1.0.jar, jersey-common-3.1.0.jar, jersey-container-servlet-3.1.0.jar, jersey-container-servlet-core-3.1.0.jar, jersey-entity-filtering-3.1.0.jar, jersey-hk2-3.1.0.jar, jersey-media-json-jackson-3.1.0.jar, jersey-media-multipart-3.1.0.jar, jersey-server-3.1.0.jar, jersey-spring6-3.1.0.jar, mimepull-1.9.15.jar, spring-bridge-3.0.3.jar define 1 overlapping resource: 
[WARNING]   - META-INF/NOTICE.md
[WARNING] accessors-smart-2.4.8.jar, activemq-client-5.17.3.jar, akka-actor_2.11-2.5.21.jar, akka-protobuf_2.11-2.5.21.jar, akka-slf4j_2.11-2.5.21.jar, akka-stream_2.11-2.5.21.jar, animal-sniffer-annotations-1.17.jar, aopalliance-repackaged-3.0.3.jar, asm-9.4.jar, asm-analysis-9.2.jar, asm-commons-9.2.jar, asm-tree-9.2.jar, asm-util-9.2.jar, checker-qual-2.5.2.jar, chill-java-0.7.6.jar, chill_2.11-0.7.6.jar, class-model-3.0.3.jar, classmate-1.5.1.jar, commons-cli-1.3.1.jar, commons-codec-1.11.jar, commons-collections-3.2.2.jar, commons-compress-1.22.jar, commons-io-2.11.0.jar, commons-lang3-3.12.0.jar, commons-logging-1.2.jar, commons-math3-3.6.1.jar, config-1.3.3.jar, consul-api-1.4.5.jar, content-type-2.2.jar, eddsa-0.3.0.jar, error_prone_annotations-2.2.0.jar, failureaccess-1.0.1.jar, flink-annotations-1.13.5.jar, flink-cep_2.11-1.13.5.jar, flink-clients_2.11-1.13.5.jar, flink-connector-base-1.13.5.jar, flink-connector-kafka_2.11-1.13.5.jar, flink-core-1.13.5.jar, flink-file-sink-common-1.13.5.jar, flink-hadoop-fs-1.13.5.jar, flink-java-1.13.5.jar, flink-metrics-core-1.13.5.jar, flink-optimizer_2.11-1.13.5.jar, flink-queryable-state-client-java-1.13.5.jar, flink-runtime_2.11-1.13.5.jar, flink-shaded-asm-7-7.1-13.0.jar, flink-shaded-guava-18.0-13.0.jar, flink-shaded-jackson-2.12.1-13.0.jar, flink-shaded-netty-4.1.49.Final-13.0.jar, flink-shaded-zookeeper-3-3.4.14-13.0.jar, flink-streaming-java_2.11-1.13.5.jar, fluent-hc-4.5.13.jar, force-shading-1.13.5.jar, fst-2.57.jar, geojson-jackson-1.14.jar, geronimo-j2ee-management_1.1_spec-1.0.1.jar, geronimo-jms_1.1_spec-1.1.1.jar, grizzled-slf4j_2.11-1.3.2.jar, gson-2.10.jar, guava-27.1-jre.jar, hawtbuf-1.11.jar, hawtdispatch-1.21.jar, hawtdispatch-transport-1.21.jar, hibernate-validator-8.0.0.Final.jar, hk2-3.0.3.jar, hk2-api-3.0.3.jar, hk2-core-3.0.3.jar, hk2-locator-3.0.3.jar, hk2-runlevel-3.0.3.jar, hk2-utils-3.0.3.jar, httpclient-4.5.13.jar, httpcore-4.4.9.jar, j2objc-annotations-1.3.jar, jackson-annotations-2.14.1.jar, jackson-core-2.14.1.jar, jackson-databind-2.14.1.jar, jackson-dataformat-cbor-2.14.1.jar, jackson-dataformat-smile-2.14.1.jar, jackson-dataformat-xml-2.14.1.jar, jackson-datatype-jdk8-2.14.1.jar, jackson-datatype-jsr310-2.14.1.jar, jackson-module-jakarta-xmlbind-annotations-2.14.1.jar, jackson-module-parameter-names-2.14.1.jar, jakarta.activation-api-1.2.2.jar, jakarta.annotation-api-2.1.1.jar, jakarta.inject-api-2.0.1.jar, jakarta.json-1.1.1.jar, jakarta.json-api-2.1.1.jar, jakarta.servlet-api-6.0.0.jar, jakarta.validation-api-3.0.2.jar, jakarta.websocket-api-2.1.0.jar, jakarta.websocket-client-api-2.1.0.jar, jakarta.ws.rs-api-3.1.0.jar, jakarta.xml.bind-api-4.0.0.jar, javassist-3.25.0-GA.jar, javax.activation-api-1.2.0.jar, jaxb-api-2.4.0-b180725.0427.jar, jboss-logging-3.4.0.Final.jar, jboss-logging-annotations-2.2.1.Final.jar, jboss-logging-processor-2.2.1.Final.jar, jboss-threads-3.5.0.Final.jar, jcip-annotations-1.0-1.jar, jdeparser-2.0.3.Final.jar, jersey-bean-validation-3.1.0.jar, jersey-client-3.1.0.jar, jersey-common-3.1.0.jar, jersey-container-servlet-3.1.0.jar, jersey-container-servlet-core-3.1.0.jar, jersey-entity-filtering-3.1.0.jar, jersey-hk2-3.1.0.jar, jersey-media-json-jackson-3.1.0.jar, jersey-media-multipart-3.1.0.jar, jersey-server-3.1.0.jar, jersey-spring6-3.1.0.jar, jjwt-api-0.11.2.jar, jjwt-impl-0.11.2.jar, jjwt-jackson-0.11.2.jar, jnats-2.16.1.jar, json-smart-2.4.8.jar, jsr305-3.0.2.jar, jtidy-r938.jar, jul-to-slf4j-2.0.6.jar, kafka-clients-3.3.1.jar, kryo-2.24.0.jar, lang-tag-1.7.jar, listenablefuture-9999.0-empty-to-avoid-conflict-with-guava.jar, log4j-api-2.19.0.jar, log4j-to-slf4j-2.19.0.jar, logback-classic-1.4.5.jar, logback-core-1.4.5.jar, lz4-java-1.8.0.jar, micrometer-commons-1.10.2.jar, micrometer-observation-1.10.2.jar, mimepull-1.9.15.jar, minlog-1.2.jar, mqtt-client-1.12.jar, nimbus-jose-jwt-9.30.1.jar, oauth2-oidc-sdk-9.43.1.jar, objenesis-3.3.jar, osgi-resource-locator-1.0.3.jar, qudt-1.0.jar, rdf4j-model-3.5.0.jar, rdf4j-model-api-3.5.0.jar, rdf4j-model-vocabulary-3.5.0.jar, rdf4j-rio-api-3.5.0.jar, rdf4j-rio-datatypes-3.5.0.jar, rdf4j-rio-languages-3.5.0.jar, rdf4j-rio-rdfxml-3.5.0.jar, rdf4j-rio-turtle-3.5.0.jar, rdf4j-util-3.5.0.jar, reactive-streams-1.0.2.jar, rendersnake-1.9.0.jar, scala-java8-compat_2.11-0.7.0.jar, scala-library-2.13.10.jar, scala-parser-combinators_2.11-1.1.1.jar, scopt_2.11-3.5.0.jar, servlet-api-2.4.jar, slf4j-api-2.0.6.jar, snakeyaml-1.26.jar, snappy-java-1.1.7.7.jar, spring-aop-6.0.3.jar, spring-beans-6.0.3.jar, spring-boot-3.0.1.jar, spring-boot-autoconfigure-3.0.1.jar, spring-boot-starter-3.0.1.jar, spring-boot-starter-jersey-3.0.1.jar, spring-boot-starter-json-3.0.1.jar, spring-boot-starter-logging-3.0.1.jar, spring-boot-starter-oauth2-client-3.0.1.jar, spring-boot-starter-undertow-3.0.1.jar, spring-boot-starter-validation-3.0.1.jar, spring-bridge-3.0.3.jar, spring-context-6.0.3.jar, spring-context-support-6.0.3.jar, spring-core-6.0.3.jar, spring-expression-6.0.3.jar, spring-jcl-6.0.3.jar, spring-security-config-6.0.1.jar, spring-security-core-6.0.1.jar, spring-security-crypto-6.0.1.jar, spring-security-oauth2-client-6.0.1.jar, spring-security-oauth2-core-6.0.1.jar, spring-security-oauth2-jose-6.0.1.jar, spring-security-web-6.0.1.jar, spring-web-6.0.3.jar, ssl-config-core_2.11-0.3.7.jar, stax2-api-4.2.1.jar, streampipes-client-0.92.0-SNAPSHOT.jar, streampipes-commons-0.92.0-SNAPSHOT.jar, streampipes-config-0.92.0-SNAPSHOT.jar, streampipes-dataformat-0.92.0-SNAPSHOT.jar, streampipes-dataformat-cbor-0.92.0-SNAPSHOT.jar, streampipes-dataformat-fst-0.92.0-SNAPSHOT.jar, streampipes-dataformat-json-0.92.0-SNAPSHOT.jar, streampipes-dataformat-smile-0.92.0-SNAPSHOT.jar, streampipes-extensions-api-0.92.0-SNAPSHOT.jar, streampipes-extensions-management-0.92.0-SNAPSHOT.jar, streampipes-logging-0.92.0-SNAPSHOT.jar, streampipes-measurement-units-0.92.0-SNAPSHOT.jar, streampipes-messaging-0.92.0-SNAPSHOT.jar, streampipes-messaging-jms-0.92.0-SNAPSHOT.jar, streampipes-messaging-kafka-0.92.0-SNAPSHOT.jar, streampipes-messaging-mqtt-0.92.0-SNAPSHOT.jar, streampipes-messaging-nats-0.92.0-SNAPSHOT.jar, streampipes-model-0.92.0-SNAPSHOT.jar, streampipes-model-client-0.92.0-SNAPSHOT.jar, streampipes-model-shared-0.92.0-SNAPSHOT.jar, streampipes-processors-pattern-detection-flink.jar, streampipes-rest-extensions-0.92.0-SNAPSHOT.jar, streampipes-rest-shared-0.92.0-SNAPSHOT.jar, streampipes-sdk-0.92.0-SNAPSHOT.jar, streampipes-sdk-bundle-0.92.0-SNAPSHOT.jar, streampipes-security-jwt-0.92.0-SNAPSHOT.jar, streampipes-serializers-json-0.92.0-SNAPSHOT.jar, streampipes-service-base-0.92.0-SNAPSHOT.jar, streampipes-service-discovery-0.92.0-SNAPSHOT.jar, streampipes-service-discovery-api-0.92.0-SNAPSHOT.jar, streampipes-service-discovery-consul-0.92.0-SNAPSHOT.jar, streampipes-service-extensions-0.92.0-SNAPSHOT.jar, streampipes-vocabulary-0.92.0-SNAPSHOT.jar, streampipes-wrapper-0.92.0-SNAPSHOT.jar, streampipes-wrapper-distributed-0.92.0-SNAPSHOT.jar, streampipes-wrapper-flink-0.92.0-SNAPSHOT.jar, tomcat-embed-el-10.1.4.jar, type-parser-0.7.0.jar, undertow-core-2.3.2.Final.jar, undertow-servlet-2.3.2.Final.jar, undertow-websockets-jsr-2.3.2.Final.jar, wildfly-client-config-1.0.1.Final.jar, wildfly-common-1.6.0.Final.jar, woodstox-core-6.4.0.jar, xnio-api-3.8.8.Final.jar, xnio-nio-3.8.8.Final.jar, zstd-jni-1.4.3-1.jar define 1 overlapping resource: 
[WARNING]   - META-INF/MANIFEST.MF
[WARNING] activemq-client-5.17.3.jar, classmate-1.5.1.jar, flink-annotations-1.13.5.jar, flink-cep_2.11-1.13.5.jar, flink-clients_2.11-1.13.5.jar, flink-connector-base-1.13.5.jar, flink-connector-kafka_2.11-1.13.5.jar, flink-core-1.13.5.jar, flink-file-sink-common-1.13.5.jar, flink-hadoop-fs-1.13.5.jar, flink-java-1.13.5.jar, flink-metrics-core-1.13.5.jar, flink-optimizer_2.11-1.13.5.jar, flink-queryable-state-client-java-1.13.5.jar, flink-runtime_2.11-1.13.5.jar, flink-shaded-asm-7-7.1-13.0.jar, flink-shaded-guava-18.0-13.0.jar, flink-shaded-jackson-2.12.1-13.0.jar, flink-shaded-netty-4.1.49.Final-13.0.jar, flink-shaded-zookeeper-3-3.4.14-13.0.jar, flink-streaming-java_2.11-1.13.5.jar, fluent-hc-4.5.13.jar, force-shading-1.13.5.jar, geronimo-j2ee-management_1.1_spec-1.0.1.jar, geronimo-jms_1.1_spec-1.1.1.jar, httpclient-4.5.13.jar, httpcore-4.4.9.jar, jackson-core-2.14.1.jar, jackson-databind-2.14.1.jar, jackson-dataformat-xml-2.14.1.jar, log4j-api-2.19.0.jar, log4j-to-slf4j-2.19.0.jar, micrometer-commons-1.10.2.jar, micrometer-observation-1.10.2.jar, objenesis-3.3.jar, streampipes-client-0.92.0-SNAPSHOT.jar, streampipes-commons-0.92.0-SNAPSHOT.jar, streampipes-config-0.92.0-SNAPSHOT.jar, streampipes-dataformat-0.92.0-SNAPSHOT.jar, streampipes-dataformat-cbor-0.92.0-SNAPSHOT.jar, streampipes-dataformat-fst-0.92.0-SNAPSHOT.jar, streampipes-dataformat-json-0.92.0-SNAPSHOT.jar, streampipes-dataformat-smile-0.92.0-SNAPSHOT.jar, streampipes-extensions-api-0.92.0-SNAPSHOT.jar, streampipes-extensions-management-0.92.0-SNAPSHOT.jar, streampipes-logging-0.92.0-SNAPSHOT.jar, streampipes-measurement-units-0.92.0-SNAPSHOT.jar, streampipes-messaging-0.92.0-SNAPSHOT.jar, streampipes-messaging-jms-0.92.0-SNAPSHOT.jar, streampipes-messaging-kafka-0.92.0-SNAPSHOT.jar, streampipes-messaging-mqtt-0.92.0-SNAPSHOT.jar, streampipes-messaging-nats-0.92.0-SNAPSHOT.jar, streampipes-model-0.92.0-SNAPSHOT.jar, streampipes-model-client-0.92.0-SNAPSHOT.jar, streampipes-model-shared-0.92.0-SNAPSHOT.jar, streampipes-processors-pattern-detection-flink.jar, streampipes-rest-extensions-0.92.0-SNAPSHOT.jar, streampipes-rest-shared-0.92.0-SNAPSHOT.jar, streampipes-sdk-0.92.0-SNAPSHOT.jar, streampipes-sdk-bundle-0.92.0-SNAPSHOT.jar, streampipes-security-jwt-0.92.0-SNAPSHOT.jar, streampipes-serializers-json-0.92.0-SNAPSHOT.jar, streampipes-service-base-0.92.0-SNAPSHOT.jar, streampipes-service-discovery-0.92.0-SNAPSHOT.jar, streampipes-service-discovery-api-0.92.0-SNAPSHOT.jar, streampipes-service-discovery-consul-0.92.0-SNAPSHOT.jar, streampipes-service-extensions-0.92.0-SNAPSHOT.jar, streampipes-vocabulary-0.92.0-SNAPSHOT.jar, streampipes-wrapper-0.92.0-SNAPSHOT.jar, streampipes-wrapper-distributed-0.92.0-SNAPSHOT.jar, streampipes-wrapper-flink-0.92.0-SNAPSHOT.jar, tomcat-embed-el-10.1.4.jar define 1 overlapping resource: 
[WARNING]   - META-INF/NOTICE
[WARNING] jakarta.json-1.1.1.jar, jakarta.json-api-2.1.1.jar define 41 overlapping classes and resources: 
[WARNING]   - META-INF/maven/jakarta.json/jakarta.json-api/pom.properties
[WARNING]   - META-INF/maven/jakarta.json/jakarta.json-api/pom.xml
[WARNING]   - jakarta.json.EmptyArray
[WARNING]   - jakarta.json.EmptyObject
[WARNING]   - jakarta.json.Json
[WARNING]   - jakarta.json.JsonArray
[WARNING]   - jakarta.json.JsonArrayBuilder
[WARNING]   - jakarta.json.JsonBuilderFactory
[WARNING]   - jakarta.json.JsonConfig
[WARNING]   - jakarta.json.JsonConfig$KeyStrategy
[WARNING]   - 31 more...
[WARNING] activemq-client-5.17.3.jar, flink-annotations-1.13.5.jar, flink-cep_2.11-1.13.5.jar, flink-clients_2.11-1.13.5.jar, flink-connector-base-1.13.5.jar, flink-connector-kafka_2.11-1.13.5.jar, flink-core-1.13.5.jar, flink-file-sink-common-1.13.5.jar, flink-hadoop-fs-1.13.5.jar, flink-java-1.13.5.jar, flink-metrics-core-1.13.5.jar, flink-optimizer_2.11-1.13.5.jar, flink-queryable-state-client-java-1.13.5.jar, flink-runtime_2.11-1.13.5.jar, flink-shaded-asm-7-7.1-13.0.jar, flink-shaded-guava-18.0-13.0.jar, flink-shaded-jackson-2.12.1-13.0.jar, flink-shaded-netty-4.1.49.Final-13.0.jar, flink-shaded-zookeeper-3-3.4.14-13.0.jar, flink-streaming-java_2.11-1.13.5.jar, fluent-hc-4.5.13.jar, force-shading-1.13.5.jar, httpclient-4.5.13.jar, httpcore-4.4.9.jar, log4j-api-2.19.0.jar, log4j-to-slf4j-2.19.0.jar, streampipes-client-0.92.0-SNAPSHOT.jar, streampipes-commons-0.92.0-SNAPSHOT.jar, streampipes-config-0.92.0-SNAPSHOT.jar, streampipes-dataformat-0.92.0-SNAPSHOT.jar, streampipes-dataformat-cbor-0.92.0-SNAPSHOT.jar, streampipes-dataformat-fst-0.92.0-SNAPSHOT.jar, streampipes-dataformat-json-0.92.0-SNAPSHOT.jar, streampipes-dataformat-smile-0.92.0-SNAPSHOT.jar, streampipes-extensions-api-0.92.0-SNAPSHOT.jar, streampipes-extensions-management-0.92.0-SNAPSHOT.jar, streampipes-logging-0.92.0-SNAPSHOT.jar, streampipes-measurement-units-0.92.0-SNAPSHOT.jar, streampipes-messaging-0.92.0-SNAPSHOT.jar, streampipes-messaging-jms-0.92.0-SNAPSHOT.jar, streampipes-messaging-kafka-0.92.0-SNAPSHOT.jar, streampipes-messaging-mqtt-0.92.0-SNAPSHOT.jar, streampipes-messaging-nats-0.92.0-SNAPSHOT.jar, streampipes-model-0.92.0-SNAPSHOT.jar, streampipes-model-client-0.92.0-SNAPSHOT.jar, streampipes-model-shared-0.92.0-SNAPSHOT.jar, streampipes-processors-pattern-detection-flink.jar, streampipes-rest-extensions-0.92.0-SNAPSHOT.jar, streampipes-rest-shared-0.92.0-SNAPSHOT.jar, streampipes-sdk-0.92.0-SNAPSHOT.jar, streampipes-sdk-bundle-0.92.0-SNAPSHOT.jar, streampipes-security-jwt-0.92.0-SNAPSHOT.jar, streampipes-serializers-json-0.92.0-SNAPSHOT.jar, streampipes-service-base-0.92.0-SNAPSHOT.jar, streampipes-service-discovery-0.92.0-SNAPSHOT.jar, streampipes-service-discovery-api-0.92.0-SNAPSHOT.jar, streampipes-service-discovery-consul-0.92.0-SNAPSHOT.jar, streampipes-service-extensions-0.92.0-SNAPSHOT.jar, streampipes-vocabulary-0.92.0-SNAPSHOT.jar, streampipes-wrapper-0.92.0-SNAPSHOT.jar, streampipes-wrapper-distributed-0.92.0-SNAPSHOT.jar, streampipes-wrapper-flink-0.92.0-SNAPSHOT.jar define 1 overlapping resource: 
[WARNING]   - META-INF/DEPENDENCIES
[WARNING] commons-cli-1.3.1.jar, commons-codec-1.11.jar, commons-collections-3.2.2.jar, commons-compress-1.22.jar, commons-io-2.11.0.jar, commons-lang3-3.12.0.jar, commons-logging-1.2.jar, commons-math3-3.6.1.jar, jakarta.inject-api-2.0.1.jar, javax.activation-api-1.2.0.jar, jaxb-api-2.4.0-b180725.0427.jar, jboss-logging-3.4.0.Final.jar, jboss-logging-annotations-2.2.1.Final.jar, jboss-logging-processor-2.2.1.Final.jar, jboss-threads-3.5.0.Final.jar, jtidy-r938.jar, spring-boot-3.0.1.jar, spring-boot-autoconfigure-3.0.1.jar, spring-boot-starter-3.0.1.jar, spring-boot-starter-jersey-3.0.1.jar, spring-boot-starter-json-3.0.1.jar, spring-boot-starter-logging-3.0.1.jar, spring-boot-starter-oauth2-client-3.0.1.jar, spring-boot-starter-undertow-3.0.1.jar, spring-boot-starter-validation-3.0.1.jar define 1 overlapping resource: 
[WARNING]   - META-INF/LICENSE.txt
[WARNING] kafka-clients-3.3.1.jar, scala-library-2.13.10.jar define 2 overlapping resources: 
[WARNING]   - LICENSE
[WARNING]   - NOTICE
[WARNING] commons-logging-1.2.jar, spring-jcl-6.0.3.jar define 5 overlapping classes: 
[WARNING]   - org.apache.commons.logging.Log
[WARNING]   - org.apache.commons.logging.LogFactory
[WARNING]   - org.apache.commons.logging.LogFactory$1
[WARNING]   - org.apache.commons.logging.impl.NoOpLog
[WARNING]   - org.apache.commons.logging.impl.SimpleLog
[WARNING] spring-aop-6.0.3.jar, spring-beans-6.0.3.jar, spring-context-6.0.3.jar, spring-context-support-6.0.3.jar, spring-core-6.0.3.jar, spring-expression-6.0.3.jar, spring-jcl-6.0.3.jar, spring-web-6.0.3.jar define 2 overlapping resources: 
[WARNING]   - META-INF/license.txt
[WARNING]   - META-INF/notice.txt
[WARNING] commons-cli-1.3.1.jar, commons-codec-1.11.jar, commons-collections-3.2.2.jar, commons-compress-1.22.jar, commons-io-2.11.0.jar, commons-lang3-3.12.0.jar, commons-logging-1.2.jar, commons-math3-3.6.1.jar, spring-boot-3.0.1.jar, spring-boot-autoconfigure-3.0.1.jar, spring-boot-starter-3.0.1.jar, spring-boot-starter-jersey-3.0.1.jar, spring-boot-starter-json-3.0.1.jar, spring-boot-starter-logging-3.0.1.jar, spring-boot-starter-oauth2-client-3.0.1.jar, spring-boot-starter-undertow-3.0.1.jar, spring-boot-starter-validation-3.0.1.jar define 1 overlapping resource: 
[WARNING]   - META-INF/NOTICE.txt
[WARNING] gson-2.10.jar, nimbus-jose-jwt-9.30.1.jar define 2 overlapping resources: 
[WARNING]   - META-INF/maven/com.google.code.gson/gson/pom.properties
[WARNING]   - META-INF/maven/com.google.code.gson/gson/pom.xml
[WARNING] gson-2.10.jar, jackson-core-2.14.1.jar, jackson-databind-2.14.1.jar, jackson-dataformat-cbor-2.14.1.jar, jackson-dataformat-smile-2.14.1.jar, jackson-dataformat-xml-2.14.1.jar, jackson-datatype-jdk8-2.14.1.jar, jackson-datatype-jsr310-2.14.1.jar, jackson-module-parameter-names-2.14.1.jar, log4j-api-2.19.0.jar, nimbus-jose-jwt-9.30.1.jar, slf4j-api-2.0.6.jar define 1 overlapping classes: 
[WARNING]   - META-INF.versions.9.module-info
[WARNING] aopalliance-repackaged-3.0.3.jar, spring-aop-6.0.3.jar define 9 overlapping classes: 
[WARNING]   - org.aopalliance.aop.Advice
[WARNING]   - org.aopalliance.aop.AspectException
[WARNING]   - org.aopalliance.intercept.ConstructorInterceptor
[WARNING]   - org.aopalliance.intercept.ConstructorInvocation
[WARNING]   - org.aopalliance.intercept.Interceptor
[WARNING]   - org.aopalliance.intercept.Invocation
[WARNING]   - org.aopalliance.intercept.Joinpoint
[WARNING]   - org.aopalliance.intercept.MethodInterceptor
[WARNING]   - org.aopalliance.intercept.MethodInvocation
[WARNING] spring-web-6.0.3.jar, tomcat-embed-el-10.1.4.jar define 1 overlapping resource: 
[WARNING]   - META-INF/web-fragment.xml
[WARNING] jersey-bean-validation-3.1.0.jar, jersey-common-3.1.0.jar, jersey-media-json-jackson-3.1.0.jar, jersey-server-3.1.0.jar define 1 overlapping resource: 
[WARNING]   - META-INF/NOTICE.markdown
[WARNING] jakarta.activation-api-1.2.2.jar, javax.activation-api-1.2.0.jar define 31 overlapping classes: 
[WARNING]   - javax.activation.ActivationDataFlavor
[WARNING]   - javax.activation.CommandInfo
[WARNING]   - javax.activation.CommandInfo$Beans
[WARNING]   - javax.activation.CommandInfo$Beans$1
[WARNING]   - javax.activation.CommandMap
[WARNING]   - javax.activation.CommandObject
[WARNING]   - javax.activation.DataContentHandler
[WARNING]   - javax.activation.DataContentHandlerFactory
[WARNING]   - javax.activation.DataHandler
[WARNING]   - javax.activation.DataHandler$1
[WARNING]   - 21 more...
[WARNING] spring-aop-6.0.3.jar, spring-beans-6.0.3.jar, spring-boot-3.0.1.jar, spring-boot-autoconfigure-3.0.1.jar, spring-context-6.0.3.jar, spring-context-support-6.0.3.jar, spring-core-6.0.3.jar, spring-security-config-6.0.1.jar, spring-security-core-6.0.1.jar, spring-security-oauth2-client-6.0.1.jar, spring-security-web-6.0.1.jar, spring-web-6.0.3.jar define 1 overlapping resource: 
[WARNING]   - META-INF/spring/aot.factories
[WARNING] aopalliance-repackaged-3.0.3.jar, class-model-3.0.3.jar, hk2-3.0.3.jar, hk2-api-3.0.3.jar, hk2-core-3.0.3.jar, hk2-locator-3.0.3.jar, hk2-runlevel-3.0.3.jar, hk2-utils-3.0.3.jar, jakarta.activation-api-1.2.2.jar, jakarta.annotation-api-2.1.1.jar, jakarta.json-1.1.1.jar, jakarta.json-api-2.1.1.jar, jakarta.websocket-api-2.1.0.jar, jakarta.websocket-client-api-2.1.0.jar, jakarta.ws.rs-api-3.1.0.jar, jakarta.xml.bind-api-4.0.0.jar, jersey-bean-validation-3.1.0.jar, jersey-client-3.1.0.jar, jersey-common-3.1.0.jar, jersey-container-servlet-3.1.0.jar, jersey-container-servlet-core-3.1.0.jar, jersey-entity-filtering-3.1.0.jar, jersey-hk2-3.1.0.jar, jersey-media-json-jackson-3.1.0.jar, jersey-media-multipart-3.1.0.jar, jersey-server-3.1.0.jar, jersey-spring6-3.1.0.jar, mimepull-1.9.15.jar, spring-bridge-3.0.3.jar define 1 overlapping resource: 
[WARNING]   - META-INF/LICENSE.md
[WARNING] spring-boot-3.0.1.jar, spring-boot-autoconfigure-3.0.1.jar define 2 overlapping resources: 
[WARNING]   - META-INF/additional-spring-configuration-metadata.json
[WARNING]   - META-INF/spring-configuration-metadata.json
[WARNING] maven-shade-plugin has detected that some class files are
[WARNING] present in two or more JARs. When this happens, only one
[WARNING] single version of the class is copied to the uber jar.
[WARNING] Usually this is not harmful and you can skip these warnings,
[WARNING] otherwise try to manually exclude artifacts based on
[WARNING] mvn dependency:tree -Ddetail=true and the above output.
[WARNING] See https://maven.apache.org/plugins/maven-shade-plugin/
[INFO] Replacing original artifact with shaded artifact.
[INFO] Replacing /Users/arian/edu/kth/softfund_dd2480/assignment4/DD2480-Assignment-4/streampipes-extensions/streampipes-processors-pattern-detection-flink/target/streampipes-processors-pattern-detection-flink.jar with /Users/arian/edu/kth/softfund_dd2480/assignment4/DD2480-Assignment-4/streampipes-extensions/streampipes-processors-pattern-detection-flink/target/streampipes-processors-pattern-detection-flink-0.92.0-SNAPSHOT-shaded.jar
[INFO] 
[INFO] ---< org.apache.streampipes:streampipes-processors-statistics-flink >---
[INFO] Building streampipes-processors-statistics-flink 0.92.0-SNAPSHOT [83/94]
[INFO] --------------------------------[ jar ]---------------------------------
[INFO] 
[INFO] --- maven-clean-plugin:3.2.0:clean (default-clean) @ streampipes-processors-statistics-flink ---
[INFO] 
[INFO] --- maven-enforcer-plugin:3.1.0:enforce (enforce-maven-version) @ streampipes-processors-statistics-flink ---
[INFO] 
[INFO] --- maven-enforcer-plugin:3.1.0:enforce (enforce-java-version) @ streampipes-processors-statistics-flink ---
[INFO] 
[INFO] --- maven-enforcer-plugin:3.1.0:enforce (check-at-least-java-17) @ streampipes-processors-statistics-flink ---
[INFO] 
[INFO] --- maven-enforcer-plugin:3.1.0:enforce (enforce-version-convergence) @ streampipes-processors-statistics-flink ---
[INFO] 
[INFO] --- maven-checkstyle-plugin:3.2.1:check (validate) @ streampipes-processors-statistics-flink ---
[INFO] 
[INFO] --- maven-remote-resources-plugin:1.7.0:process (process-resource-bundles) @ streampipes-processors-statistics-flink ---
[INFO] Preparing remote bundle org.apache:apache-jar-resource-bundle:1.4
[INFO] Copying 3 resources from 1 bundle.
[INFO] 
[INFO] --- maven-resources-plugin:3.3.0:resources (default-resources) @ streampipes-processors-statistics-flink ---
[INFO] Copying 6 resources
[INFO] Copying 3 resources
[INFO] 
[INFO] --- maven-compiler-plugin:3.10.1:compile (default-compile) @ streampipes-processors-statistics-flink ---
[INFO] Changes detected - recompiling the module!
[INFO] Compiling 16 source files to /Users/arian/edu/kth/softfund_dd2480/assignment4/DD2480-Assignment-4/streampipes-extensions/streampipes-processors-statistics-flink/target/classes
[INFO] /Users/arian/edu/kth/softfund_dd2480/assignment4/DD2480-Assignment-4/streampipes-extensions/streampipes-processors-statistics-flink/src/main/java/org/apache/streampipes/processors/statistics/flink/processor/stat/window/StatisticsSummaryProgramWindow.java: /Users/arian/edu/kth/softfund_dd2480/assignment4/DD2480-Assignment-4/streampipes-extensions/streampipes-processors-statistics-flink/src/main/java/org/apache/streampipes/processors/statistics/flink/processor/stat/window/StatisticsSummaryProgramWindow.java uses or overrides a deprecated API.
[INFO] /Users/arian/edu/kth/softfund_dd2480/assignment4/DD2480-Assignment-4/streampipes-extensions/streampipes-processors-statistics-flink/src/main/java/org/apache/streampipes/processors/statistics/flink/processor/stat/window/StatisticsSummaryProgramWindow.java: Recompile with -Xlint:deprecation for details.
[INFO] /Users/arian/edu/kth/softfund_dd2480/assignment4/DD2480-Assignment-4/streampipes-extensions/streampipes-processors-statistics-flink/src/main/java/org/apache/streampipes/processors/statistics/flink/AbstractStatisticsProgram.java: Some input files use or override a deprecated API that is marked for removal.
[INFO] /Users/arian/edu/kth/softfund_dd2480/assignment4/DD2480-Assignment-4/streampipes-extensions/streampipes-processors-statistics-flink/src/main/java/org/apache/streampipes/processors/statistics/flink/AbstractStatisticsProgram.java: Recompile with -Xlint:removal for details.
[INFO] /Users/arian/edu/kth/softfund_dd2480/assignment4/DD2480-Assignment-4/streampipes-extensions/streampipes-processors-statistics-flink/src/main/java/org/apache/streampipes/processors/statistics/flink/processor/stat/window/StatisticsSummaryProgramWindow.java: Some input files use unchecked or unsafe operations.
[INFO] /Users/arian/edu/kth/softfund_dd2480/assignment4/DD2480-Assignment-4/streampipes-extensions/streampipes-processors-statistics-flink/src/main/java/org/apache/streampipes/processors/statistics/flink/processor/stat/window/StatisticsSummaryProgramWindow.java: Recompile with -Xlint:unchecked for details.
[INFO] 
[INFO] --- maven-resources-plugin:3.3.0:testResources (default-testResources) @ streampipes-processors-statistics-flink ---
[INFO] skip non existing resourceDirectory /Users/arian/edu/kth/softfund_dd2480/assignment4/DD2480-Assignment-4/streampipes-extensions/streampipes-processors-statistics-flink/src/test/resources
[INFO] Copying 3 resources
[INFO] 
[INFO] --- maven-compiler-plugin:3.10.1:testCompile (default-testCompile) @ streampipes-processors-statistics-flink ---
[INFO] No sources to compile
[INFO] 
[INFO] --- maven-surefire-plugin:2.22.2:test (default-test) @ streampipes-processors-statistics-flink ---
[INFO] 
[INFO] --- maven-jar-plugin:3.3.0:jar (default-jar) @ streampipes-processors-statistics-flink ---
[INFO] Building jar: /Users/arian/edu/kth/softfund_dd2480/assignment4/DD2480-Assignment-4/streampipes-extensions/streampipes-processors-statistics-flink/target/streampipes-processors-statistics-flink.jar
[INFO] 
[INFO] --- maven-site-plugin:3.12.1:attach-descriptor (attach-descriptor) @ streampipes-processors-statistics-flink ---
[INFO] Skipping because packaging 'jar' is not pom.
[INFO] 
[INFO] --- maven-javadoc-plugin:3.4.1:jar (attach-javadocs) @ streampipes-processors-statistics-flink ---
[ERROR] Error fetching link: /Users/arian/edu/kth/softfund_dd2480/assignment4/DD2480-Assignment-4/streampipes-sdk-bundle/target/apidocs. Ignored it.
[INFO] No previous run data found, generating javadoc.
[INFO] Building jar: /Users/arian/edu/kth/softfund_dd2480/assignment4/DD2480-Assignment-4/streampipes-extensions/streampipes-processors-statistics-flink/target/streampipes-processors-statistics-flink-javadoc.jar
[INFO] 
[INFO] >>> maven-source-plugin:3.0.1:jar (attach-sources) > generate-sources @ streampipes-processors-statistics-flink >>>
[INFO] 
[INFO] --- maven-enforcer-plugin:3.1.0:enforce (enforce-maven-version) @ streampipes-processors-statistics-flink ---
[INFO] 
[INFO] --- maven-enforcer-plugin:3.1.0:enforce (enforce-java-version) @ streampipes-processors-statistics-flink ---
[INFO] 
[INFO] --- maven-enforcer-plugin:3.1.0:enforce (check-at-least-java-17) @ streampipes-processors-statistics-flink ---
[INFO] 
[INFO] --- maven-enforcer-plugin:3.1.0:enforce (enforce-version-convergence) @ streampipes-processors-statistics-flink ---
[INFO] 
[INFO] --- maven-checkstyle-plugin:3.2.1:check (validate) @ streampipes-processors-statistics-flink ---
[INFO] 
[INFO] <<< maven-source-plugin:3.0.1:jar (attach-sources) < generate-sources @ streampipes-processors-statistics-flink <<<
[INFO] 
[INFO] 
[INFO] --- maven-source-plugin:3.0.1:jar (attach-sources) @ streampipes-processors-statistics-flink ---
[INFO] Building jar: /Users/arian/edu/kth/softfund_dd2480/assignment4/DD2480-Assignment-4/streampipes-extensions/streampipes-processors-statistics-flink/target/streampipes-processors-statistics-flink-sources.jar
[INFO] 
[INFO] --- maven-shade-plugin:3.4.1:shade (default) @ streampipes-processors-statistics-flink ---
[INFO] Including org.apache.streampipes:streampipes-sdk-bundle:jar:0.92.0-SNAPSHOT in the shaded jar.
[INFO] Including org.apache.streampipes:streampipes-sdk:jar:0.92.0-SNAPSHOT in the shaded jar.
[INFO] Including org.apache.streampipes:streampipes-config:jar:0.92.0-SNAPSHOT in the shaded jar.
[INFO] Including org.apache.streampipes:streampipes-serializers-json:jar:0.92.0-SNAPSHOT in the shaded jar.
[INFO] Including org.apache.streampipes:streampipes-model-client:jar:0.92.0-SNAPSHOT in the shaded jar.
[INFO] Including org.apache.streampipes:streampipes-service-discovery:jar:0.92.0-SNAPSHOT in the shaded jar.
[INFO] Including org.apache.streampipes:streampipes-service-discovery-api:jar:0.92.0-SNAPSHOT in the shaded jar.
[INFO] Including org.apache.streampipes:streampipes-service-discovery-consul:jar:0.92.0-SNAPSHOT in the shaded jar.
[INFO] Including com.ecwid.consul:consul-api:jar:1.4.5 in the shaded jar.
[INFO] Including org.apache.streampipes:streampipes-model:jar:0.92.0-SNAPSHOT in the shaded jar.
[INFO] Including org.apache.streampipes:streampipes-model-shared:jar:0.92.0-SNAPSHOT in the shaded jar.
[INFO] Including org.apache.streampipes:streampipes-logging:jar:0.92.0-SNAPSHOT in the shaded jar.
[INFO] Including com.google.code.gson:gson:jar:2.10 in the shaded jar.
[INFO] Including org.apache.streampipes:streampipes-vocabulary:jar:0.92.0-SNAPSHOT in the shaded jar.
[INFO] Including com.google.guava:guava:jar:27.1-jre in the shaded jar.
[INFO] Including com.google.guava:failureaccess:jar:1.0.1 in the shaded jar.
[INFO] Including com.google.guava:listenablefuture:jar:9999.0-empty-to-avoid-conflict-with-guava in the shaded jar.
[INFO] Including org.checkerframework:checker-qual:jar:2.5.2 in the shaded jar.
[INFO] Including com.google.errorprone:error_prone_annotations:jar:2.2.0 in the shaded jar.
[INFO] Including com.google.j2objc:j2objc-annotations:jar:1.3 in the shaded jar.
[INFO] Including org.codehaus.mojo:animal-sniffer-annotations:jar:1.17 in the shaded jar.
[INFO] Including com.github.drapostolos:type-parser:jar:0.7.0 in the shaded jar.
[INFO] Including org.apache.httpcomponents:fluent-hc:jar:4.5.13 in the shaded jar.
[INFO] Including org.apache.httpcomponents:httpclient:jar:4.5.13 in the shaded jar.
[INFO] Including org.apache.httpcomponents:httpcore:jar:4.4.9 in the shaded jar.
[INFO] Including commons-logging:commons-logging:jar:1.2 in the shaded jar.
[INFO] Including org.apache.streampipes:streampipes-service-extensions:jar:0.92.0-SNAPSHOT in the shaded jar.
[INFO] Including org.apache.streampipes:streampipes-service-base:jar:0.92.0-SNAPSHOT in the shaded jar.
[INFO] Including jakarta.annotation:jakarta.annotation-api:jar:2.1.1 in the shaded jar.
[INFO] Including jakarta.validation:jakarta.validation-api:jar:3.0.2 in the shaded jar.
[INFO] Including org.springframework.boot:spring-boot-starter-jersey:jar:3.0.1 in the shaded jar.
[INFO] Including org.springframework.boot:spring-boot-starter-json:jar:3.0.1 in the shaded jar.
[INFO] Including com.fasterxml.jackson.datatype:jackson-datatype-jsr310:jar:2.14.1 in the shaded jar.
[INFO] Including com.fasterxml.jackson.module:jackson-module-parameter-names:jar:2.14.1 in the shaded jar.
[INFO] Including org.springframework.boot:spring-boot-starter-validation:jar:3.0.1 in the shaded jar.
[INFO] Including org.springframework:spring-web:jar:6.0.3 in the shaded jar.
[INFO] Including io.micrometer:micrometer-observation:jar:1.10.2 in the shaded jar.
[INFO] Including io.micrometer:micrometer-commons:jar:1.10.2 in the shaded jar.
[INFO] Including org.glassfish.jersey.containers:jersey-container-servlet-core:jar:3.1.0 in the shaded jar.
[INFO] Including org.glassfish.jersey.core:jersey-common:jar:3.1.0 in the shaded jar.
[INFO] Including org.glassfish.hk2:osgi-resource-locator:jar:1.0.3 in the shaded jar.
[INFO] Including org.glassfish.jersey.containers:jersey-container-servlet:jar:3.1.0 in the shaded jar.
[INFO] Including org.glassfish.jersey.core:jersey-server:jar:3.1.0 in the shaded jar.
[INFO] Including org.glassfish.jersey.core:jersey-client:jar:3.1.0 in the shaded jar.
[INFO] Including org.glassfish.jersey.ext:jersey-bean-validation:jar:3.1.0 in the shaded jar.
[INFO] Including org.glassfish.jersey.ext:jersey-spring6:jar:3.1.0 in the shaded jar.
[INFO] Including org.glassfish.jersey.inject:jersey-hk2:jar:3.1.0 in the shaded jar.
[INFO] Including org.glassfish.hk2:hk2-locator:jar:3.0.3 in the shaded jar.
[INFO] Including org.glassfish.hk2.external:aopalliance-repackaged:jar:3.0.3 in the shaded jar.
[INFO] Including org.glassfish.hk2:hk2:jar:3.0.3 in the shaded jar.
[INFO] Including org.glassfish.hk2:hk2-utils:jar:3.0.3 in the shaded jar.
[INFO] Including org.glassfish.hk2:hk2-api:jar:3.0.3 in the shaded jar.
[INFO] Including org.glassfish.hk2:hk2-core:jar:3.0.3 in the shaded jar.
[INFO] Including org.glassfish.hk2:hk2-runlevel:jar:3.0.3 in the shaded jar.
[INFO] Including org.glassfish.hk2:class-model:jar:3.0.3 in the shaded jar.
[INFO] Including org.ow2.asm:asm-analysis:jar:9.2 in the shaded jar.
[INFO] Including org.ow2.asm:asm-commons:jar:9.2 in the shaded jar.
[INFO] Including org.ow2.asm:asm-tree:jar:9.2 in the shaded jar.
[INFO] Including org.ow2.asm:asm-util:jar:9.2 in the shaded jar.
[INFO] Including org.glassfish.hk2:spring-bridge:jar:3.0.3 in the shaded jar.
[INFO] Including org.glassfish.jersey.media:jersey-media-json-jackson:jar:3.1.0 in the shaded jar.
[INFO] Including org.glassfish.jersey.ext:jersey-entity-filtering:jar:3.1.0 in the shaded jar.
[INFO] Including com.fasterxml.jackson.module:jackson-module-jakarta-xmlbind-annotations:jar:2.14.1 in the shaded jar.
[INFO] Including jakarta.xml.bind:jakarta.xml.bind-api:jar:4.0.0 in the shaded jar.
[INFO] Including org.springframework.boot:spring-boot-starter-undertow:jar:3.0.1 in the shaded jar.
[INFO] Including io.undertow:undertow-core:jar:2.3.2.Final in the shaded jar.
[INFO] Including org.jboss.xnio:xnio-api:jar:3.8.8.Final in the shaded jar.
[INFO] Including org.wildfly.common:wildfly-common:jar:1.6.0.Final in the shaded jar.
[INFO] Including org.wildfly.client:wildfly-client-config:jar:1.0.1.Final in the shaded jar.
[INFO] Including org.jboss.xnio:xnio-nio:jar:3.8.8.Final in the shaded jar.
[INFO] Including org.jboss.threads:jboss-threads:jar:3.5.0.Final in the shaded jar.
[INFO] Including io.undertow:undertow-servlet:jar:2.3.2.Final in the shaded jar.
[INFO] Including io.undertow:undertow-websockets-jsr:jar:2.3.2.Final in the shaded jar.
[INFO] Including jakarta.websocket:jakarta.websocket-api:jar:2.1.0 in the shaded jar.
[INFO] Including jakarta.websocket:jakarta.websocket-client-api:jar:2.1.0 in the shaded jar.
[INFO] Including org.apache.tomcat.embed:tomcat-embed-el:jar:10.1.4 in the shaded jar.
[INFO] Including org.springframework.boot:spring-boot-starter-oauth2-client:jar:3.0.1 in the shaded jar.
[INFO] Including org.springframework.boot:spring-boot-starter:jar:3.0.1 in the shaded jar.
[INFO] Including org.springframework.boot:spring-boot:jar:3.0.1 in the shaded jar.
[INFO] Including org.springframework.boot:spring-boot-autoconfigure:jar:3.0.1 in the shaded jar.
[INFO] Including org.springframework.boot:spring-boot-starter-logging:jar:3.0.1 in the shaded jar.
[INFO] Including org.slf4j:jul-to-slf4j:jar:2.0.6 in the shaded jar.
[INFO] Including org.yaml:snakeyaml:jar:1.26 in the shaded jar.
[INFO] Including org.springframework.security:spring-security-config:jar:6.0.1 in the shaded jar.
[INFO] Including org.springframework.security:spring-security-core:jar:6.0.1 in the shaded jar.
[INFO] Including org.springframework.security:spring-security-crypto:jar:6.0.1 in the shaded jar.
[INFO] Including org.springframework.security:spring-security-oauth2-client:jar:6.0.1 in the shaded jar.
[INFO] Including org.springframework.security:spring-security-oauth2-core:jar:6.0.1 in the shaded jar.
[INFO] Including org.springframework.security:spring-security-web:jar:6.0.1 in the shaded jar.
[INFO] Including com.nimbusds:oauth2-oidc-sdk:jar:9.43.1 in the shaded jar.
[INFO] Including com.github.stephenc.jcip:jcip-annotations:jar:1.0-1 in the shaded jar.
[INFO] Including com.nimbusds:content-type:jar:2.2 in the shaded jar.
[INFO] Including net.minidev:json-smart:jar:2.4.8 in the shaded jar.
[INFO] Including net.minidev:accessors-smart:jar:2.4.8 in the shaded jar.
[INFO] Including org.ow2.asm:asm:jar:9.4 in the shaded jar.
[INFO] Including com.nimbusds:lang-tag:jar:1.7 in the shaded jar.
[INFO] Including org.springframework.security:spring-security-oauth2-jose:jar:6.0.1 in the shaded jar.
[INFO] Including com.nimbusds:nimbus-jose-jwt:jar:9.30.1 in the shaded jar.
[INFO] Including jakarta.activation:jakarta.activation-api:jar:1.2.2 in the shaded jar.
[INFO] Including jakarta.inject:jakarta.inject-api:jar:2.0.1 in the shaded jar.
[INFO] Including jakarta.servlet:jakarta.servlet-api:jar:6.0.0 in the shaded jar.
[INFO] Including org.jboss.logging:jboss-logging-annotations:jar:2.2.1.Final in the shaded jar.
[INFO] Including org.jboss.logging:jboss-logging-processor:jar:2.2.1.Final in the shaded jar.
[INFO] Including org.jboss.jdeparser:jdeparser:jar:2.0.3.Final in the shaded jar.
[INFO] Including org.springframework:spring-aop:jar:6.0.3 in the shaded jar.
[INFO] Including org.springframework:spring-beans:jar:6.0.3 in the shaded jar.
[INFO] Including org.springframework:spring-core:jar:6.0.3 in the shaded jar.
[INFO] Including org.springframework:spring-jcl:jar:6.0.3 in the shaded jar.
[INFO] Including org.springframework:spring-context:jar:6.0.3 in the shaded jar.
[INFO] Including org.springframework:spring-expression:jar:6.0.3 in the shaded jar.
[INFO] Including org.springframework:spring-context-support:jar:6.0.3 in the shaded jar.
[INFO] Including org.hibernate.validator:hibernate-validator:jar:8.0.0.Final in the shaded jar.
[INFO] Including org.jboss.logging:jboss-logging:jar:3.4.0.Final in the shaded jar.
[INFO] Including com.fasterxml:classmate:jar:1.5.1 in the shaded jar.
[INFO] Including org.apache.streampipes:streampipes-rest-extensions:jar:0.92.0-SNAPSHOT in the shaded jar.
[INFO] Including org.apache.streampipes:streampipes-rest-shared:jar:0.92.0-SNAPSHOT in the shaded jar.
[INFO] Including org.glassfish.jersey.media:jersey-media-multipart:jar:3.1.0 in the shaded jar.
[INFO] Including org.jvnet.mimepull:mimepull:jar:1.9.15 in the shaded jar.
[INFO] Including org.apache.streampipes:streampipes-extensions-management:jar:0.92.0-SNAPSHOT in the shaded jar.
[INFO] Including org.apache.streampipes:streampipes-extensions-api:jar:0.92.0-SNAPSHOT in the shaded jar.
[INFO] Including org.apache.streampipes:streampipes-measurement-units:jar:0.92.0-SNAPSHOT in the shaded jar.
[INFO] Including io.fogsy:qudt:jar:1.0 in the shaded jar.
[INFO] Including org.eclipse.rdf4j:rdf4j-rio-rdfxml:jar:3.5.0 in the shaded jar.
[INFO] Including org.eclipse.rdf4j:rdf4j-model:jar:3.5.0 in the shaded jar.
[INFO] Including org.eclipse.rdf4j:rdf4j-model-api:jar:3.5.0 in the shaded jar.
[INFO] Including org.eclipse.rdf4j:rdf4j-model-vocabulary:jar:3.5.0 in the shaded jar.
[INFO] Including org.eclipse.rdf4j:rdf4j-rio-api:jar:3.5.0 in the shaded jar.
[INFO] Including javax.xml.bind:jaxb-api:jar:2.4.0-b180725.0427 in the shaded jar.
[INFO] Including javax.activation:javax.activation-api:jar:1.2.0 in the shaded jar.
[INFO] Including org.eclipse.rdf4j:rdf4j-rio-datatypes:jar:3.5.0 in the shaded jar.
[INFO] Including org.eclipse.rdf4j:rdf4j-rio-languages:jar:3.5.0 in the shaded jar.
[INFO] Including org.eclipse.rdf4j:rdf4j-util:jar:3.5.0 in the shaded jar.
[INFO] Including org.eclipse.rdf4j:rdf4j-rio-turtle:jar:3.5.0 in the shaded jar.
[INFO] Including de.grundid.opendatalab:geojson-jackson:jar:1.14 in the shaded jar.
[INFO] Including jakarta.json:jakarta.json-api:jar:2.1.1 in the shaded jar.
[INFO] Including com.fasterxml.jackson.dataformat:jackson-dataformat-xml:jar:2.14.1 in the shaded jar.
[INFO] Including org.codehaus.woodstox:stax2-api:jar:4.2.1 in the shaded jar.
[INFO] Including com.fasterxml.woodstox:woodstox-core:jar:6.4.0 in the shaded jar.
[INFO] Including org.eclipse.parsson:jakarta.json:jar:1.1.1 in the shaded jar.
[INFO] Including jakarta.ws.rs:jakarta.ws.rs-api:jar:3.1.0 in the shaded jar.
[INFO] Including org.rendersnake:rendersnake:jar:1.9.0 in the shaded jar.
[INFO] Including javax.servlet:servlet-api:jar:2.4 in the shaded jar.
[INFO] Including net.sf.jtidy:jtidy:jar:r938 in the shaded jar.
[INFO] Including javax.inject:javax.inject:jar:1 in the shaded jar.
[INFO] Including com.fasterxml.jackson.datatype:jackson-datatype-jdk8:jar:2.14.1 in the shaded jar.
[INFO] Including org.apache.streampipes:streampipes-dataformat-json:jar:0.92.0-SNAPSHOT in the shaded jar.
[INFO] Including org.apache.streampipes:streampipes-dataformat:jar:0.92.0-SNAPSHOT in the shaded jar.
[INFO] Including com.fasterxml.jackson.core:jackson-annotations:jar:2.14.1 in the shaded jar.
[INFO] Including org.apache.streampipes:streampipes-dataformat-cbor:jar:0.92.0-SNAPSHOT in the shaded jar.
[INFO] Including com.fasterxml.jackson.dataformat:jackson-dataformat-cbor:jar:2.14.1 in the shaded jar.
[INFO] Including org.apache.streampipes:streampipes-dataformat-smile:jar:0.92.0-SNAPSHOT in the shaded jar.
[INFO] Including com.fasterxml.jackson.dataformat:jackson-dataformat-smile:jar:2.14.1 in the shaded jar.
[INFO] Including org.apache.streampipes:streampipes-dataformat-fst:jar:0.92.0-SNAPSHOT in the shaded jar.
[INFO] Including de.ruedigermoeller:fst:jar:2.57 in the shaded jar.
[INFO] Including org.javassist:javassist:jar:3.25.0-GA in the shaded jar.
[INFO] Including org.objenesis:objenesis:jar:3.3 in the shaded jar.
[INFO] Including org.apache.streampipes:streampipes-messaging-jms:jar:0.92.0-SNAPSHOT in the shaded jar.
[INFO] Including org.apache.streampipes:streampipes-messaging:jar:0.92.0-SNAPSHOT in the shaded jar.
[INFO] Including org.apache.activemq:activemq-client:jar:5.17.3 in the shaded jar.
[INFO] Including org.apache.geronimo.specs:geronimo-jms_1.1_spec:jar:1.1.1 in the shaded jar.
[INFO] Including org.apache.geronimo.specs:geronimo-j2ee-management_1.1_spec:jar:1.0.1 in the shaded jar.
[INFO] Including org.apache.streampipes:streampipes-messaging-kafka:jar:0.92.0-SNAPSHOT in the shaded jar.
[INFO] Including org.apache.streampipes:streampipes-commons:jar:0.92.0-SNAPSHOT in the shaded jar.
[INFO] Including commons-codec:commons-codec:jar:1.11 in the shaded jar.
[INFO] Including ch.qos.logback:logback-classic:jar:1.4.5 in the shaded jar.
[INFO] Including ch.qos.logback:logback-core:jar:1.4.5 in the shaded jar.
[INFO] Including org.apache.kafka:kafka-clients:jar:3.3.1 in the shaded jar.
[INFO] Including com.github.luben:zstd-jni:jar:1.4.3-1 in the shaded jar.
[INFO] Including org.lz4:lz4-java:jar:1.8.0 in the shaded jar.
[INFO] Including org.apache.streampipes:streampipes-messaging-mqtt:jar:0.92.0-SNAPSHOT in the shaded jar.
[INFO] Including org.fusesource.mqtt-client:mqtt-client:jar:1.12 in the shaded jar.
[INFO] Including org.fusesource.hawtdispatch:hawtdispatch-transport:jar:1.21 in the shaded jar.
[INFO] Including org.fusesource.hawtdispatch:hawtdispatch:jar:1.21 in the shaded jar.
[INFO] Including org.fusesource.hawtbuf:hawtbuf:jar:1.11 in the shaded jar.
[INFO] Including org.apache.streampipes:streampipes-messaging-nats:jar:0.92.0-SNAPSHOT in the shaded jar.
[INFO] Including io.nats:jnats:jar:2.16.1 in the shaded jar.
[INFO] Including net.i2p.crypto:eddsa:jar:0.3.0 in the shaded jar.
[INFO] Including org.apache.streampipes:streampipes-wrapper-flink:jar:0.92.0-SNAPSHOT in the shaded jar.
[INFO] Including org.apache.streampipes:streampipes-wrapper-distributed:jar:0.92.0-SNAPSHOT in the shaded jar.
[INFO] Including org.apache.streampipes:streampipes-wrapper:jar:0.92.0-SNAPSHOT in the shaded jar.
[INFO] Including org.apache.streampipes:streampipes-client:jar:0.92.0-SNAPSHOT in the shaded jar.
[INFO] Including org.apache.streampipes:streampipes-security-jwt:jar:0.92.0-SNAPSHOT in the shaded jar.
[INFO] Including io.jsonwebtoken:jjwt-api:jar:0.11.2 in the shaded jar.
[INFO] Including io.jsonwebtoken:jjwt-impl:jar:0.11.2 in the shaded jar.
[INFO] Including io.jsonwebtoken:jjwt-jackson:jar:0.11.2 in the shaded jar.
[INFO] Including commons-collections:commons-collections:jar:3.2.2 in the shaded jar.
[INFO] Including com.fasterxml.jackson.core:jackson-databind:jar:2.14.1 in the shaded jar.
[INFO] Including com.fasterxml.jackson.core:jackson-core:jar:2.14.1 in the shaded jar.
[INFO] Including org.apache.flink:flink-connector-kafka_2.11:jar:1.13.5 in the shaded jar.
[INFO] Including org.apache.flink:flink-connector-base:jar:1.13.5 in the shaded jar.
[INFO] Including org.apache.flink:force-shading:jar:1.13.5 in the shaded jar.
[INFO] Including org.apache.flink:flink-java:jar:1.13.5 in the shaded jar.
[INFO] Including org.apache.flink:flink-core:jar:1.13.5 in the shaded jar.
[INFO] Including org.apache.flink:flink-annotations:jar:1.13.5 in the shaded jar.
[INFO] Including org.apache.flink:flink-metrics-core:jar:1.13.5 in the shaded jar.
[INFO] Including org.apache.flink:flink-shaded-asm-7:jar:7.1-13.0 in the shaded jar.
[INFO] Including com.esotericsoftware.kryo:kryo:jar:2.24.0 in the shaded jar.
[INFO] Including com.esotericsoftware.minlog:minlog:jar:1.2 in the shaded jar.
[INFO] Including org.apache.commons:commons-compress:jar:1.22 in the shaded jar.
[INFO] Including org.apache.commons:commons-lang3:jar:3.12.0 in the shaded jar.
[INFO] Including com.google.code.findbugs:jsr305:jar:3.0.2 in the shaded jar.
[INFO] Including org.apache.flink:flink-streaming-java_2.11:jar:1.13.5 in the shaded jar.
[INFO] Including org.apache.flink:flink-file-sink-common:jar:1.13.5 in the shaded jar.
[INFO] Including org.apache.flink:flink-runtime_2.11:jar:1.13.5 in the shaded jar.
[INFO] Including org.apache.flink:flink-queryable-state-client-java:jar:1.13.5 in the shaded jar.
[INFO] Including org.apache.flink:flink-hadoop-fs:jar:1.13.5 in the shaded jar.
[INFO] Including commons-io:commons-io:jar:2.11.0 in the shaded jar.
[INFO] Including org.apache.flink:flink-shaded-netty:jar:4.1.49.Final-13.0 in the shaded jar.
[INFO] Including org.apache.flink:flink-shaded-jackson:jar:2.12.1-13.0 in the shaded jar.
[INFO] Including org.apache.flink:flink-shaded-zookeeper-3:jar:3.4.14-13.0 in the shaded jar.
[INFO] Including org.scala-lang:scala-library:jar:2.13.10 in the shaded jar.
[INFO] Including com.typesafe.akka:akka-actor_2.11:jar:2.5.21 in the shaded jar.
[INFO] Including com.typesafe:config:jar:1.3.3 in the shaded jar.
[INFO] Including org.scala-lang.modules:scala-java8-compat_2.11:jar:0.7.0 in the shaded jar.
[INFO] Including com.typesafe.akka:akka-stream_2.11:jar:2.5.21 in the shaded jar.
[INFO] Including org.reactivestreams:reactive-streams:jar:1.0.2 in the shaded jar.
[INFO] Including com.typesafe:ssl-config-core_2.11:jar:0.3.7 in the shaded jar.
[INFO] Including org.scala-lang.modules:scala-parser-combinators_2.11:jar:1.1.1 in the shaded jar.
[INFO] Including com.typesafe.akka:akka-protobuf_2.11:jar:2.5.21 in the shaded jar.
[INFO] Including com.typesafe.akka:akka-slf4j_2.11:jar:2.5.21 in the shaded jar.
[INFO] Including org.clapper:grizzled-slf4j_2.11:jar:1.3.2 in the shaded jar.
[INFO] Including com.github.scopt:scopt_2.11:jar:3.5.0 in the shaded jar.
[INFO] Including com.twitter:chill_2.11:jar:0.7.6 in the shaded jar.
[INFO] Including com.twitter:chill-java:jar:0.7.6 in the shaded jar.
[INFO] Including org.apache.flink:flink-shaded-guava:jar:18.0-13.0 in the shaded jar.
[INFO] Including org.apache.flink:flink-clients_2.11:jar:1.13.5 in the shaded jar.
[INFO] Including org.apache.flink:flink-optimizer_2.11:jar:1.13.5 in the shaded jar.
[INFO] Including commons-cli:commons-cli:jar:1.3.1 in the shaded jar.
[INFO] Including org.xerial.snappy:snappy-java:jar:1.1.7.7 in the shaded jar.
[INFO] Including org.apache.commons:commons-math3:jar:3.6.1 in the shaded jar.
[INFO] Including org.apache.logging.log4j:log4j-to-slf4j:jar:2.19.0 in the shaded jar.
[INFO] Including org.slf4j:slf4j-api:jar:2.0.6 in the shaded jar.
[INFO] Including org.apache.logging.log4j:log4j-api:jar:2.19.0 in the shaded jar.
[WARNING] Discovered module-info.class. Shading will break its strong encapsulation.
[WARNING] Discovered module-info.class. Shading will break its strong encapsulation.
[WARNING] Discovered module-info.class. Shading will break its strong encapsulation.
[WARNING] Discovered module-info.class. Shading will break its strong encapsulation.
[WARNING] Discovered module-info.class. Shading will break its strong encapsulation.
[WARNING] Discovered module-info.class. Shading will break its strong encapsulation.
[WARNING] Discovered module-info.class. Shading will break its strong encapsulation.
[WARNING] Discovered module-info.class. Shading will break its strong encapsulation.
[WARNING] Discovered module-info.class. Shading will break its strong encapsulation.
[WARNING] Discovered module-info.class. Shading will break its strong encapsulation.
[WARNING] Discovered module-info.class. Shading will break its strong encapsulation.
[WARNING] Discovered module-info.class. Shading will break its strong encapsulation.
[WARNING] Discovered module-info.class. Shading will break its strong encapsulation.
[WARNING] Discovered module-info.class. Shading will break its strong encapsulation.
[WARNING] Discovered module-info.class. Shading will break its strong encapsulation.
[WARNING] Discovered module-info.class. Shading will break its strong encapsulation.
[WARNING] Discovered module-info.class. Shading will break its strong encapsulation.
[WARNING] Discovered module-info.class. Shading will break its strong encapsulation.
[WARNING] Discovered module-info.class. Shading will break its strong encapsulation.
[WARNING] Discovered module-info.class. Shading will break its strong encapsulation.
[WARNING] Discovered module-info.class. Shading will break its strong encapsulation.
[WARNING] Discovered module-info.class. Shading will break its strong encapsulation.
[WARNING] Discovered module-info.class. Shading will break its strong encapsulation.
[WARNING] Discovered module-info.class. Shading will break its strong encapsulation.
[WARNING] Discovered module-info.class. Shading will break its strong encapsulation.
[WARNING] spring-aop-6.0.3.jar, spring-beans-6.0.3.jar, spring-context-6.0.3.jar define 1 overlapping resource: 
[WARNING]   - META-INF/spring.tooling
[WARNING] aopalliance-repackaged-3.0.3.jar, class-model-3.0.3.jar, hk2-3.0.3.jar, hk2-api-3.0.3.jar, hk2-core-3.0.3.jar, hk2-locator-3.0.3.jar, hk2-runlevel-3.0.3.jar, hk2-utils-3.0.3.jar, jakarta.activation-api-1.2.2.jar, jakarta.annotation-api-2.1.1.jar, jakarta.inject-api-2.0.1.jar, jakarta.json-1.1.1.jar, jakarta.json-api-2.1.1.jar, jakarta.websocket-api-2.1.0.jar, jakarta.websocket-client-api-2.1.0.jar, jakarta.ws.rs-api-3.1.0.jar, jakarta.xml.bind-api-4.0.0.jar, jersey-bean-validation-3.1.0.jar, jersey-client-3.1.0.jar, jersey-common-3.1.0.jar, jersey-container-servlet-3.1.0.jar, jersey-container-servlet-core-3.1.0.jar, jersey-entity-filtering-3.1.0.jar, jersey-hk2-3.1.0.jar, jersey-media-json-jackson-3.1.0.jar, jersey-media-multipart-3.1.0.jar, jersey-server-3.1.0.jar, jersey-spring6-3.1.0.jar, mimepull-1.9.15.jar, spring-bridge-3.0.3.jar define 1 overlapping resource: 
[WARNING]   - META-INF/NOTICE.md
[WARNING] jakarta.json-1.1.1.jar, jakarta.json-api-2.1.1.jar define 41 overlapping classes and resources: 
[WARNING]   - META-INF/maven/jakarta.json/jakarta.json-api/pom.properties
[WARNING]   - META-INF/maven/jakarta.json/jakarta.json-api/pom.xml
[WARNING]   - jakarta.json.EmptyArray
[WARNING]   - jakarta.json.EmptyObject
[WARNING]   - jakarta.json.Json
[WARNING]   - jakarta.json.JsonArray
[WARNING]   - jakarta.json.JsonArrayBuilder
[WARNING]   - jakarta.json.JsonBuilderFactory
[WARNING]   - jakarta.json.JsonConfig
[WARNING]   - jakarta.json.JsonConfig$KeyStrategy
[WARNING]   - 31 more...
[WARNING] activemq-client-5.17.3.jar, flink-annotations-1.13.5.jar, flink-clients_2.11-1.13.5.jar, flink-connector-base-1.13.5.jar, flink-connector-kafka_2.11-1.13.5.jar, flink-core-1.13.5.jar, flink-file-sink-common-1.13.5.jar, flink-hadoop-fs-1.13.5.jar, flink-java-1.13.5.jar, flink-metrics-core-1.13.5.jar, flink-optimizer_2.11-1.13.5.jar, flink-queryable-state-client-java-1.13.5.jar, flink-runtime_2.11-1.13.5.jar, flink-shaded-asm-7-7.1-13.0.jar, flink-shaded-guava-18.0-13.0.jar, flink-shaded-jackson-2.12.1-13.0.jar, flink-shaded-netty-4.1.49.Final-13.0.jar, flink-shaded-zookeeper-3-3.4.14-13.0.jar, flink-streaming-java_2.11-1.13.5.jar, fluent-hc-4.5.13.jar, force-shading-1.13.5.jar, httpclient-4.5.13.jar, httpcore-4.4.9.jar, log4j-api-2.19.0.jar, log4j-to-slf4j-2.19.0.jar, streampipes-client-0.92.0-SNAPSHOT.jar, streampipes-commons-0.92.0-SNAPSHOT.jar, streampipes-config-0.92.0-SNAPSHOT.jar, streampipes-dataformat-0.92.0-SNAPSHOT.jar, streampipes-dataformat-cbor-0.92.0-SNAPSHOT.jar, streampipes-dataformat-fst-0.92.0-SNAPSHOT.jar, streampipes-dataformat-json-0.92.0-SNAPSHOT.jar, streampipes-dataformat-smile-0.92.0-SNAPSHOT.jar, streampipes-extensions-api-0.92.0-SNAPSHOT.jar, streampipes-extensions-management-0.92.0-SNAPSHOT.jar, streampipes-logging-0.92.0-SNAPSHOT.jar, streampipes-measurement-units-0.92.0-SNAPSHOT.jar, streampipes-messaging-0.92.0-SNAPSHOT.jar, streampipes-messaging-jms-0.92.0-SNAPSHOT.jar, streampipes-messaging-kafka-0.92.0-SNAPSHOT.jar, streampipes-messaging-mqtt-0.92.0-SNAPSHOT.jar, streampipes-messaging-nats-0.92.0-SNAPSHOT.jar, streampipes-model-0.92.0-SNAPSHOT.jar, streampipes-model-client-0.92.0-SNAPSHOT.jar, streampipes-model-shared-0.92.0-SNAPSHOT.jar, streampipes-processors-statistics-flink.jar, streampipes-rest-extensions-0.92.0-SNAPSHOT.jar, streampipes-rest-shared-0.92.0-SNAPSHOT.jar, streampipes-sdk-0.92.0-SNAPSHOT.jar, streampipes-sdk-bundle-0.92.0-SNAPSHOT.jar, streampipes-security-jwt-0.92.0-SNAPSHOT.jar, streampipes-serializers-json-0.92.0-SNAPSHOT.jar, streampipes-service-base-0.92.0-SNAPSHOT.jar, streampipes-service-discovery-0.92.0-SNAPSHOT.jar, streampipes-service-discovery-api-0.92.0-SNAPSHOT.jar, streampipes-service-discovery-consul-0.92.0-SNAPSHOT.jar, streampipes-service-extensions-0.92.0-SNAPSHOT.jar, streampipes-vocabulary-0.92.0-SNAPSHOT.jar, streampipes-wrapper-0.92.0-SNAPSHOT.jar, streampipes-wrapper-distributed-0.92.0-SNAPSHOT.jar, streampipes-wrapper-flink-0.92.0-SNAPSHOT.jar define 1 overlapping resource: 
[WARNING]   - META-INF/DEPENDENCIES
[WARNING] commons-cli-1.3.1.jar, commons-codec-1.11.jar, commons-collections-3.2.2.jar, commons-compress-1.22.jar, commons-io-2.11.0.jar, commons-lang3-3.12.0.jar, commons-logging-1.2.jar, commons-math3-3.6.1.jar, jakarta.inject-api-2.0.1.jar, javax.activation-api-1.2.0.jar, jaxb-api-2.4.0-b180725.0427.jar, jboss-logging-3.4.0.Final.jar, jboss-logging-annotations-2.2.1.Final.jar, jboss-logging-processor-2.2.1.Final.jar, jboss-threads-3.5.0.Final.jar, jtidy-r938.jar, spring-boot-3.0.1.jar, spring-boot-autoconfigure-3.0.1.jar, spring-boot-starter-3.0.1.jar, spring-boot-starter-jersey-3.0.1.jar, spring-boot-starter-json-3.0.1.jar, spring-boot-starter-logging-3.0.1.jar, spring-boot-starter-oauth2-client-3.0.1.jar, spring-boot-starter-undertow-3.0.1.jar, spring-boot-starter-validation-3.0.1.jar define 1 overlapping resource: 
[WARNING]   - META-INF/LICENSE.txt
[WARNING] accessors-smart-2.4.8.jar, activemq-client-5.17.3.jar, akka-actor_2.11-2.5.21.jar, akka-protobuf_2.11-2.5.21.jar, akka-slf4j_2.11-2.5.21.jar, akka-stream_2.11-2.5.21.jar, animal-sniffer-annotations-1.17.jar, aopalliance-repackaged-3.0.3.jar, asm-9.4.jar, asm-analysis-9.2.jar, asm-commons-9.2.jar, asm-tree-9.2.jar, asm-util-9.2.jar, checker-qual-2.5.2.jar, chill-java-0.7.6.jar, chill_2.11-0.7.6.jar, class-model-3.0.3.jar, classmate-1.5.1.jar, commons-cli-1.3.1.jar, commons-codec-1.11.jar, commons-collections-3.2.2.jar, commons-compress-1.22.jar, commons-io-2.11.0.jar, commons-lang3-3.12.0.jar, commons-logging-1.2.jar, commons-math3-3.6.1.jar, config-1.3.3.jar, consul-api-1.4.5.jar, content-type-2.2.jar, eddsa-0.3.0.jar, error_prone_annotations-2.2.0.jar, failureaccess-1.0.1.jar, flink-annotations-1.13.5.jar, flink-clients_2.11-1.13.5.jar, flink-connector-base-1.13.5.jar, flink-connector-kafka_2.11-1.13.5.jar, flink-core-1.13.5.jar, flink-file-sink-common-1.13.5.jar, flink-hadoop-fs-1.13.5.jar, flink-java-1.13.5.jar, flink-metrics-core-1.13.5.jar, flink-optimizer_2.11-1.13.5.jar, flink-queryable-state-client-java-1.13.5.jar, flink-runtime_2.11-1.13.5.jar, flink-shaded-asm-7-7.1-13.0.jar, flink-shaded-guava-18.0-13.0.jar, flink-shaded-jackson-2.12.1-13.0.jar, flink-shaded-netty-4.1.49.Final-13.0.jar, flink-shaded-zookeeper-3-3.4.14-13.0.jar, flink-streaming-java_2.11-1.13.5.jar, fluent-hc-4.5.13.jar, force-shading-1.13.5.jar, fst-2.57.jar, geojson-jackson-1.14.jar, geronimo-j2ee-management_1.1_spec-1.0.1.jar, geronimo-jms_1.1_spec-1.1.1.jar, grizzled-slf4j_2.11-1.3.2.jar, gson-2.10.jar, guava-27.1-jre.jar, hawtbuf-1.11.jar, hawtdispatch-1.21.jar, hawtdispatch-transport-1.21.jar, hibernate-validator-8.0.0.Final.jar, hk2-3.0.3.jar, hk2-api-3.0.3.jar, hk2-core-3.0.3.jar, hk2-locator-3.0.3.jar, hk2-runlevel-3.0.3.jar, hk2-utils-3.0.3.jar, httpclient-4.5.13.jar, httpcore-4.4.9.jar, j2objc-annotations-1.3.jar, jackson-annotations-2.14.1.jar, jackson-core-2.14.1.jar, jackson-databind-2.14.1.jar, jackson-dataformat-cbor-2.14.1.jar, jackson-dataformat-smile-2.14.1.jar, jackson-dataformat-xml-2.14.1.jar, jackson-datatype-jdk8-2.14.1.jar, jackson-datatype-jsr310-2.14.1.jar, jackson-module-jakarta-xmlbind-annotations-2.14.1.jar, jackson-module-parameter-names-2.14.1.jar, jakarta.activation-api-1.2.2.jar, jakarta.annotation-api-2.1.1.jar, jakarta.inject-api-2.0.1.jar, jakarta.json-1.1.1.jar, jakarta.json-api-2.1.1.jar, jakarta.servlet-api-6.0.0.jar, jakarta.validation-api-3.0.2.jar, jakarta.websocket-api-2.1.0.jar, jakarta.websocket-client-api-2.1.0.jar, jakarta.ws.rs-api-3.1.0.jar, jakarta.xml.bind-api-4.0.0.jar, javassist-3.25.0-GA.jar, javax.activation-api-1.2.0.jar, jaxb-api-2.4.0-b180725.0427.jar, jboss-logging-3.4.0.Final.jar, jboss-logging-annotations-2.2.1.Final.jar, jboss-logging-processor-2.2.1.Final.jar, jboss-threads-3.5.0.Final.jar, jcip-annotations-1.0-1.jar, jdeparser-2.0.3.Final.jar, jersey-bean-validation-3.1.0.jar, jersey-client-3.1.0.jar, jersey-common-3.1.0.jar, jersey-container-servlet-3.1.0.jar, jersey-container-servlet-core-3.1.0.jar, jersey-entity-filtering-3.1.0.jar, jersey-hk2-3.1.0.jar, jersey-media-json-jackson-3.1.0.jar, jersey-media-multipart-3.1.0.jar, jersey-server-3.1.0.jar, jersey-spring6-3.1.0.jar, jjwt-api-0.11.2.jar, jjwt-impl-0.11.2.jar, jjwt-jackson-0.11.2.jar, jnats-2.16.1.jar, json-smart-2.4.8.jar, jsr305-3.0.2.jar, jtidy-r938.jar, jul-to-slf4j-2.0.6.jar, kafka-clients-3.3.1.jar, kryo-2.24.0.jar, lang-tag-1.7.jar, listenablefuture-9999.0-empty-to-avoid-conflict-with-guava.jar, log4j-api-2.19.0.jar, log4j-to-slf4j-2.19.0.jar, logback-classic-1.4.5.jar, logback-core-1.4.5.jar, lz4-java-1.8.0.jar, micrometer-commons-1.10.2.jar, micrometer-observation-1.10.2.jar, mimepull-1.9.15.jar, minlog-1.2.jar, mqtt-client-1.12.jar, nimbus-jose-jwt-9.30.1.jar, oauth2-oidc-sdk-9.43.1.jar, objenesis-3.3.jar, osgi-resource-locator-1.0.3.jar, qudt-1.0.jar, rdf4j-model-3.5.0.jar, rdf4j-model-api-3.5.0.jar, rdf4j-model-vocabulary-3.5.0.jar, rdf4j-rio-api-3.5.0.jar, rdf4j-rio-datatypes-3.5.0.jar, rdf4j-rio-languages-3.5.0.jar, rdf4j-rio-rdfxml-3.5.0.jar, rdf4j-rio-turtle-3.5.0.jar, rdf4j-util-3.5.0.jar, reactive-streams-1.0.2.jar, rendersnake-1.9.0.jar, scala-java8-compat_2.11-0.7.0.jar, scala-library-2.13.10.jar, scala-parser-combinators_2.11-1.1.1.jar, scopt_2.11-3.5.0.jar, servlet-api-2.4.jar, slf4j-api-2.0.6.jar, snakeyaml-1.26.jar, snappy-java-1.1.7.7.jar, spring-aop-6.0.3.jar, spring-beans-6.0.3.jar, spring-boot-3.0.1.jar, spring-boot-autoconfigure-3.0.1.jar, spring-boot-starter-3.0.1.jar, spring-boot-starter-jersey-3.0.1.jar, spring-boot-starter-json-3.0.1.jar, spring-boot-starter-logging-3.0.1.jar, spring-boot-starter-oauth2-client-3.0.1.jar, spring-boot-starter-undertow-3.0.1.jar, spring-boot-starter-validation-3.0.1.jar, spring-bridge-3.0.3.jar, spring-context-6.0.3.jar, spring-context-support-6.0.3.jar, spring-core-6.0.3.jar, spring-expression-6.0.3.jar, spring-jcl-6.0.3.jar, spring-security-config-6.0.1.jar, spring-security-core-6.0.1.jar, spring-security-crypto-6.0.1.jar, spring-security-oauth2-client-6.0.1.jar, spring-security-oauth2-core-6.0.1.jar, spring-security-oauth2-jose-6.0.1.jar, spring-security-web-6.0.1.jar, spring-web-6.0.3.jar, ssl-config-core_2.11-0.3.7.jar, stax2-api-4.2.1.jar, streampipes-client-0.92.0-SNAPSHOT.jar, streampipes-commons-0.92.0-SNAPSHOT.jar, streampipes-config-0.92.0-SNAPSHOT.jar, streampipes-dataformat-0.92.0-SNAPSHOT.jar, streampipes-dataformat-cbor-0.92.0-SNAPSHOT.jar, streampipes-dataformat-fst-0.92.0-SNAPSHOT.jar, streampipes-dataformat-json-0.92.0-SNAPSHOT.jar, streampipes-dataformat-smile-0.92.0-SNAPSHOT.jar, streampipes-extensions-api-0.92.0-SNAPSHOT.jar, streampipes-extensions-management-0.92.0-SNAPSHOT.jar, streampipes-logging-0.92.0-SNAPSHOT.jar, streampipes-measurement-units-0.92.0-SNAPSHOT.jar, streampipes-messaging-0.92.0-SNAPSHOT.jar, streampipes-messaging-jms-0.92.0-SNAPSHOT.jar, streampipes-messaging-kafka-0.92.0-SNAPSHOT.jar, streampipes-messaging-mqtt-0.92.0-SNAPSHOT.jar, streampipes-messaging-nats-0.92.0-SNAPSHOT.jar, streampipes-model-0.92.0-SNAPSHOT.jar, streampipes-model-client-0.92.0-SNAPSHOT.jar, streampipes-model-shared-0.92.0-SNAPSHOT.jar, streampipes-processors-statistics-flink.jar, streampipes-rest-extensions-0.92.0-SNAPSHOT.jar, streampipes-rest-shared-0.92.0-SNAPSHOT.jar, streampipes-sdk-0.92.0-SNAPSHOT.jar, streampipes-sdk-bundle-0.92.0-SNAPSHOT.jar, streampipes-security-jwt-0.92.0-SNAPSHOT.jar, streampipes-serializers-json-0.92.0-SNAPSHOT.jar, streampipes-service-base-0.92.0-SNAPSHOT.jar, streampipes-service-discovery-0.92.0-SNAPSHOT.jar, streampipes-service-discovery-api-0.92.0-SNAPSHOT.jar, streampipes-service-discovery-consul-0.92.0-SNAPSHOT.jar, streampipes-service-extensions-0.92.0-SNAPSHOT.jar, streampipes-vocabulary-0.92.0-SNAPSHOT.jar, streampipes-wrapper-0.92.0-SNAPSHOT.jar, streampipes-wrapper-distributed-0.92.0-SNAPSHOT.jar, streampipes-wrapper-flink-0.92.0-SNAPSHOT.jar, tomcat-embed-el-10.1.4.jar, type-parser-0.7.0.jar, undertow-core-2.3.2.Final.jar, undertow-servlet-2.3.2.Final.jar, undertow-websockets-jsr-2.3.2.Final.jar, wildfly-client-config-1.0.1.Final.jar, wildfly-common-1.6.0.Final.jar, woodstox-core-6.4.0.jar, xnio-api-3.8.8.Final.jar, xnio-nio-3.8.8.Final.jar, zstd-jni-1.4.3-1.jar define 1 overlapping resource: 
[WARNING]   - META-INF/MANIFEST.MF
[WARNING] kafka-clients-3.3.1.jar, scala-library-2.13.10.jar define 2 overlapping resources: 
[WARNING]   - LICENSE
[WARNING]   - NOTICE
[WARNING] commons-logging-1.2.jar, spring-jcl-6.0.3.jar define 5 overlapping classes: 
[WARNING]   - org.apache.commons.logging.Log
[WARNING]   - org.apache.commons.logging.LogFactory
[WARNING]   - org.apache.commons.logging.LogFactory$1
[WARNING]   - org.apache.commons.logging.impl.NoOpLog
[WARNING]   - org.apache.commons.logging.impl.SimpleLog
[WARNING] spring-aop-6.0.3.jar, spring-beans-6.0.3.jar, spring-context-6.0.3.jar, spring-context-support-6.0.3.jar, spring-core-6.0.3.jar, spring-expression-6.0.3.jar, spring-jcl-6.0.3.jar, spring-web-6.0.3.jar define 2 overlapping resources: 
[WARNING]   - META-INF/license.txt
[WARNING]   - META-INF/notice.txt
[WARNING] commons-cli-1.3.1.jar, commons-codec-1.11.jar, commons-collections-3.2.2.jar, commons-compress-1.22.jar, commons-io-2.11.0.jar, commons-lang3-3.12.0.jar, commons-logging-1.2.jar, commons-math3-3.6.1.jar, spring-boot-3.0.1.jar, spring-boot-autoconfigure-3.0.1.jar, spring-boot-starter-3.0.1.jar, spring-boot-starter-jersey-3.0.1.jar, spring-boot-starter-json-3.0.1.jar, spring-boot-starter-logging-3.0.1.jar, spring-boot-starter-oauth2-client-3.0.1.jar, spring-boot-starter-undertow-3.0.1.jar, spring-boot-starter-validation-3.0.1.jar define 1 overlapping resource: 
[WARNING]   - META-INF/NOTICE.txt
[WARNING] activemq-client-5.17.3.jar, classmate-1.5.1.jar, flink-annotations-1.13.5.jar, flink-clients_2.11-1.13.5.jar, flink-connector-base-1.13.5.jar, flink-connector-kafka_2.11-1.13.5.jar, flink-core-1.13.5.jar, flink-file-sink-common-1.13.5.jar, flink-hadoop-fs-1.13.5.jar, flink-java-1.13.5.jar, flink-metrics-core-1.13.5.jar, flink-optimizer_2.11-1.13.5.jar, flink-queryable-state-client-java-1.13.5.jar, flink-runtime_2.11-1.13.5.jar, flink-shaded-asm-7-7.1-13.0.jar, flink-shaded-guava-18.0-13.0.jar, flink-shaded-jackson-2.12.1-13.0.jar, flink-shaded-netty-4.1.49.Final-13.0.jar, flink-shaded-zookeeper-3-3.4.14-13.0.jar, flink-streaming-java_2.11-1.13.5.jar, fluent-hc-4.5.13.jar, force-shading-1.13.5.jar, geronimo-j2ee-management_1.1_spec-1.0.1.jar, geronimo-jms_1.1_spec-1.1.1.jar, httpclient-4.5.13.jar, httpcore-4.4.9.jar, jackson-annotations-2.14.1.jar, jackson-core-2.14.1.jar, jackson-databind-2.14.1.jar, jackson-dataformat-xml-2.14.1.jar, jackson-datatype-jsr310-2.14.1.jar, log4j-api-2.19.0.jar, log4j-to-slf4j-2.19.0.jar, micrometer-commons-1.10.2.jar, micrometer-observation-1.10.2.jar, objenesis-3.3.jar, stax2-api-4.2.1.jar, streampipes-client-0.92.0-SNAPSHOT.jar, streampipes-commons-0.92.0-SNAPSHOT.jar, streampipes-config-0.92.0-SNAPSHOT.jar, streampipes-dataformat-0.92.0-SNAPSHOT.jar, streampipes-dataformat-cbor-0.92.0-SNAPSHOT.jar, streampipes-dataformat-fst-0.92.0-SNAPSHOT.jar, streampipes-dataformat-json-0.92.0-SNAPSHOT.jar, streampipes-dataformat-smile-0.92.0-SNAPSHOT.jar, streampipes-extensions-api-0.92.0-SNAPSHOT.jar, streampipes-extensions-management-0.92.0-SNAPSHOT.jar, streampipes-logging-0.92.0-SNAPSHOT.jar, streampipes-measurement-units-0.92.0-SNAPSHOT.jar, streampipes-messaging-0.92.0-SNAPSHOT.jar, streampipes-messaging-jms-0.92.0-SNAPSHOT.jar, streampipes-messaging-kafka-0.92.0-SNAPSHOT.jar, streampipes-messaging-mqtt-0.92.0-SNAPSHOT.jar, streampipes-messaging-nats-0.92.0-SNAPSHOT.jar, streampipes-model-0.92.0-SNAPSHOT.jar, streampipes-model-client-0.92.0-SNAPSHOT.jar, streampipes-model-shared-0.92.0-SNAPSHOT.jar, streampipes-processors-statistics-flink.jar, streampipes-rest-extensions-0.92.0-SNAPSHOT.jar, streampipes-rest-shared-0.92.0-SNAPSHOT.jar, streampipes-sdk-0.92.0-SNAPSHOT.jar, streampipes-sdk-bundle-0.92.0-SNAPSHOT.jar, streampipes-security-jwt-0.92.0-SNAPSHOT.jar, streampipes-serializers-json-0.92.0-SNAPSHOT.jar, streampipes-service-base-0.92.0-SNAPSHOT.jar, streampipes-service-discovery-0.92.0-SNAPSHOT.jar, streampipes-service-discovery-api-0.92.0-SNAPSHOT.jar, streampipes-service-discovery-consul-0.92.0-SNAPSHOT.jar, streampipes-service-extensions-0.92.0-SNAPSHOT.jar, streampipes-vocabulary-0.92.0-SNAPSHOT.jar, streampipes-wrapper-0.92.0-SNAPSHOT.jar, streampipes-wrapper-distributed-0.92.0-SNAPSHOT.jar, streampipes-wrapper-flink-0.92.0-SNAPSHOT.jar, tomcat-embed-el-10.1.4.jar, woodstox-core-6.4.0.jar define 1 overlapping resource: 
[WARNING]   - META-INF/LICENSE
[WARNING] gson-2.10.jar, nimbus-jose-jwt-9.30.1.jar define 2 overlapping resources: 
[WARNING]   - META-INF/maven/com.google.code.gson/gson/pom.properties
[WARNING]   - META-INF/maven/com.google.code.gson/gson/pom.xml
[WARNING] gson-2.10.jar, jackson-core-2.14.1.jar, jackson-databind-2.14.1.jar, jackson-dataformat-cbor-2.14.1.jar, jackson-dataformat-smile-2.14.1.jar, jackson-dataformat-xml-2.14.1.jar, jackson-datatype-jdk8-2.14.1.jar, jackson-datatype-jsr310-2.14.1.jar, jackson-module-parameter-names-2.14.1.jar, log4j-api-2.19.0.jar, nimbus-jose-jwt-9.30.1.jar, slf4j-api-2.0.6.jar define 1 overlapping classes: 
[WARNING]   - META-INF.versions.9.module-info
[WARNING] aopalliance-repackaged-3.0.3.jar, spring-aop-6.0.3.jar define 9 overlapping classes: 
[WARNING]   - org.aopalliance.aop.Advice
[WARNING]   - org.aopalliance.aop.AspectException
[WARNING]   - org.aopalliance.intercept.ConstructorInterceptor
[WARNING]   - org.aopalliance.intercept.ConstructorInvocation
[WARNING]   - org.aopalliance.intercept.Interceptor
[WARNING]   - org.aopalliance.intercept.Invocation
[WARNING]   - org.aopalliance.intercept.Joinpoint
[WARNING]   - org.aopalliance.intercept.MethodInterceptor
[WARNING]   - org.aopalliance.intercept.MethodInvocation
[WARNING] activemq-client-5.17.3.jar, classmate-1.5.1.jar, flink-annotations-1.13.5.jar, flink-clients_2.11-1.13.5.jar, flink-connector-base-1.13.5.jar, flink-connector-kafka_2.11-1.13.5.jar, flink-core-1.13.5.jar, flink-file-sink-common-1.13.5.jar, flink-hadoop-fs-1.13.5.jar, flink-java-1.13.5.jar, flink-metrics-core-1.13.5.jar, flink-optimizer_2.11-1.13.5.jar, flink-queryable-state-client-java-1.13.5.jar, flink-runtime_2.11-1.13.5.jar, flink-shaded-asm-7-7.1-13.0.jar, flink-shaded-guava-18.0-13.0.jar, flink-shaded-jackson-2.12.1-13.0.jar, flink-shaded-netty-4.1.49.Final-13.0.jar, flink-shaded-zookeeper-3-3.4.14-13.0.jar, flink-streaming-java_2.11-1.13.5.jar, fluent-hc-4.5.13.jar, force-shading-1.13.5.jar, geronimo-j2ee-management_1.1_spec-1.0.1.jar, geronimo-jms_1.1_spec-1.1.1.jar, httpclient-4.5.13.jar, httpcore-4.4.9.jar, jackson-core-2.14.1.jar, jackson-databind-2.14.1.jar, jackson-dataformat-xml-2.14.1.jar, log4j-api-2.19.0.jar, log4j-to-slf4j-2.19.0.jar, micrometer-commons-1.10.2.jar, micrometer-observation-1.10.2.jar, objenesis-3.3.jar, streampipes-client-0.92.0-SNAPSHOT.jar, streampipes-commons-0.92.0-SNAPSHOT.jar, streampipes-config-0.92.0-SNAPSHOT.jar, streampipes-dataformat-0.92.0-SNAPSHOT.jar, streampipes-dataformat-cbor-0.92.0-SNAPSHOT.jar, streampipes-dataformat-fst-0.92.0-SNAPSHOT.jar, streampipes-dataformat-json-0.92.0-SNAPSHOT.jar, streampipes-dataformat-smile-0.92.0-SNAPSHOT.jar, streampipes-extensions-api-0.92.0-SNAPSHOT.jar, streampipes-extensions-management-0.92.0-SNAPSHOT.jar, streampipes-logging-0.92.0-SNAPSHOT.jar, streampipes-measurement-units-0.92.0-SNAPSHOT.jar, streampipes-messaging-0.92.0-SNAPSHOT.jar, streampipes-messaging-jms-0.92.0-SNAPSHOT.jar, streampipes-messaging-kafka-0.92.0-SNAPSHOT.jar, streampipes-messaging-mqtt-0.92.0-SNAPSHOT.jar, streampipes-messaging-nats-0.92.0-SNAPSHOT.jar, streampipes-model-0.92.0-SNAPSHOT.jar, streampipes-model-client-0.92.0-SNAPSHOT.jar, streampipes-model-shared-0.92.0-SNAPSHOT.jar, streampipes-processors-statistics-flink.jar, streampipes-rest-extensions-0.92.0-SNAPSHOT.jar, streampipes-rest-shared-0.92.0-SNAPSHOT.jar, streampipes-sdk-0.92.0-SNAPSHOT.jar, streampipes-sdk-bundle-0.92.0-SNAPSHOT.jar, streampipes-security-jwt-0.92.0-SNAPSHOT.jar, streampipes-serializers-json-0.92.0-SNAPSHOT.jar, streampipes-service-base-0.92.0-SNAPSHOT.jar, streampipes-service-discovery-0.92.0-SNAPSHOT.jar, streampipes-service-discovery-api-0.92.0-SNAPSHOT.jar, streampipes-service-discovery-consul-0.92.0-SNAPSHOT.jar, streampipes-service-extensions-0.92.0-SNAPSHOT.jar, streampipes-vocabulary-0.92.0-SNAPSHOT.jar, streampipes-wrapper-0.92.0-SNAPSHOT.jar, streampipes-wrapper-distributed-0.92.0-SNAPSHOT.jar, streampipes-wrapper-flink-0.92.0-SNAPSHOT.jar, tomcat-embed-el-10.1.4.jar define 1 overlapping resource: 
[WARNING]   - META-INF/NOTICE
[WARNING] spring-web-6.0.3.jar, tomcat-embed-el-10.1.4.jar define 1 overlapping resource: 
[WARNING]   - META-INF/web-fragment.xml
[WARNING] jersey-bean-validation-3.1.0.jar, jersey-common-3.1.0.jar, jersey-media-json-jackson-3.1.0.jar, jersey-server-3.1.0.jar define 1 overlapping resource: 
[WARNING]   - META-INF/NOTICE.markdown
[WARNING] jakarta.activation-api-1.2.2.jar, javax.activation-api-1.2.0.jar define 31 overlapping classes: 
[WARNING]   - javax.activation.ActivationDataFlavor
[WARNING]   - javax.activation.CommandInfo
[WARNING]   - javax.activation.CommandInfo$Beans
[WARNING]   - javax.activation.CommandInfo$Beans$1
[WARNING]   - javax.activation.CommandMap
[WARNING]   - javax.activation.CommandObject
[WARNING]   - javax.activation.DataContentHandler
[WARNING]   - javax.activation.DataContentHandlerFactory
[WARNING]   - javax.activation.DataHandler
[WARNING]   - javax.activation.DataHandler$1
[WARNING]   - 21 more...
[WARNING] spring-aop-6.0.3.jar, spring-beans-6.0.3.jar, spring-boot-3.0.1.jar, spring-boot-autoconfigure-3.0.1.jar, spring-context-6.0.3.jar, spring-context-support-6.0.3.jar, spring-core-6.0.3.jar, spring-security-config-6.0.1.jar, spring-security-core-6.0.1.jar, spring-security-oauth2-client-6.0.1.jar, spring-security-web-6.0.1.jar, spring-web-6.0.3.jar define 1 overlapping resource: 
[WARNING]   - META-INF/spring/aot.factories
[WARNING] aopalliance-repackaged-3.0.3.jar, class-model-3.0.3.jar, hk2-3.0.3.jar, hk2-api-3.0.3.jar, hk2-core-3.0.3.jar, hk2-locator-3.0.3.jar, hk2-runlevel-3.0.3.jar, hk2-utils-3.0.3.jar, jakarta.activation-api-1.2.2.jar, jakarta.annotation-api-2.1.1.jar, jakarta.json-1.1.1.jar, jakarta.json-api-2.1.1.jar, jakarta.websocket-api-2.1.0.jar, jakarta.websocket-client-api-2.1.0.jar, jakarta.ws.rs-api-3.1.0.jar, jakarta.xml.bind-api-4.0.0.jar, jersey-bean-validation-3.1.0.jar, jersey-client-3.1.0.jar, jersey-common-3.1.0.jar, jersey-container-servlet-3.1.0.jar, jersey-container-servlet-core-3.1.0.jar, jersey-entity-filtering-3.1.0.jar, jersey-hk2-3.1.0.jar, jersey-media-json-jackson-3.1.0.jar, jersey-media-multipart-3.1.0.jar, jersey-server-3.1.0.jar, jersey-spring6-3.1.0.jar, mimepull-1.9.15.jar, spring-bridge-3.0.3.jar define 1 overlapping resource: 
[WARNING]   - META-INF/LICENSE.md
[WARNING] spring-boot-3.0.1.jar, spring-boot-autoconfigure-3.0.1.jar define 2 overlapping resources: 
[WARNING]   - META-INF/additional-spring-configuration-metadata.json
[WARNING]   - META-INF/spring-configuration-metadata.json
[WARNING] maven-shade-plugin has detected that some class files are
[WARNING] present in two or more JARs. When this happens, only one
[WARNING] single version of the class is copied to the uber jar.
[WARNING] Usually this is not harmful and you can skip these warnings,
[WARNING] otherwise try to manually exclude artifacts based on
[WARNING] mvn dependency:tree -Ddetail=true and the above output.
[WARNING] See https://maven.apache.org/plugins/maven-shade-plugin/
[INFO] Replacing original artifact with shaded artifact.
[INFO] Replacing /Users/arian/edu/kth/softfund_dd2480/assignment4/DD2480-Assignment-4/streampipes-extensions/streampipes-processors-statistics-flink/target/streampipes-processors-statistics-flink.jar with /Users/arian/edu/kth/softfund_dd2480/assignment4/DD2480-Assignment-4/streampipes-extensions/streampipes-processors-statistics-flink/target/streampipes-processors-statistics-flink-0.92.0-SNAPSHOT-shaded.jar
[INFO] 
[INFO] --< org.apache.streampipes:streampipes-processors-text-mining-flink >---
[INFO] Building streampipes-processors-text-mining-flink 0.92.0-SNAPSHOT [84/94]
[INFO] --------------------------------[ jar ]---------------------------------
[INFO] 
[INFO] --- maven-clean-plugin:3.2.0:clean (default-clean) @ streampipes-processors-text-mining-flink ---
[INFO] 
[INFO] --- maven-enforcer-plugin:3.1.0:enforce (enforce-maven-version) @ streampipes-processors-text-mining-flink ---
[INFO] 
[INFO] --- maven-enforcer-plugin:3.1.0:enforce (enforce-java-version) @ streampipes-processors-text-mining-flink ---
[INFO] 
[INFO] --- maven-enforcer-plugin:3.1.0:enforce (check-at-least-java-17) @ streampipes-processors-text-mining-flink ---
[INFO] 
[INFO] --- maven-enforcer-plugin:3.1.0:enforce (enforce-version-convergence) @ streampipes-processors-text-mining-flink ---
Downloading from maven-default-http-blocker: http://0.0.0.0/javax/servlet/servlet-api/maven-metadata.xml
Downloading from central: https://repo.maven.apache.org/maven2/javax/servlet/servlet-api/maven-metadata.xml
Downloading from apache.snapshots: https://repository.apache.org/snapshots/javax/servlet/servlet-api/maven-metadata.xml
Progress (1): 566 B                   Downloaded from central: https://repo.maven.apache.org/maven2/javax/servlet/servlet-api/maven-metadata.xml (566 B at 16 kB/s)
[WARNING] Could not transfer metadata javax.servlet:servlet-api/maven-metadata.xml from/to maven-default-http-blocker (http://0.0.0.0/): transfer failed for http://0.0.0.0/javax/servlet/servlet-api/maven-metadata.xml
[INFO] 
[INFO] --- maven-checkstyle-plugin:3.2.1:check (validate) @ streampipes-processors-text-mining-flink ---
[INFO] 
[INFO] --- maven-remote-resources-plugin:1.7.0:process (process-resource-bundles) @ streampipes-processors-text-mining-flink ---
[INFO] Preparing remote bundle org.apache:apache-jar-resource-bundle:1.4
[INFO] Copying 3 resources from 1 bundle.
[INFO] 
[INFO] --- maven-resources-plugin:3.3.0:resources (default-resources) @ streampipes-processors-text-mining-flink ---
[INFO] Copying 5 resources
[INFO] Copying 3 resources
[INFO] 
[INFO] --- maven-compiler-plugin:3.10.1:compile (default-compile) @ streampipes-processors-text-mining-flink ---
[INFO] Changes detected - recompiling the module!
[INFO] Compiling 17 source files to /Users/arian/edu/kth/softfund_dd2480/assignment4/DD2480-Assignment-4/streampipes-extensions/streampipes-processors-text-mining-flink/target/classes
[INFO] /Users/arian/edu/kth/softfund_dd2480/assignment4/DD2480-Assignment-4/streampipes-extensions/streampipes-processors-text-mining-flink/src/main/java/org/apache/streampipes/processors/textmining/flink/processor/language/LanguageDetectionProgram.java: Some input files use or override a deprecated API.
[INFO] /Users/arian/edu/kth/softfund_dd2480/assignment4/DD2480-Assignment-4/streampipes-extensions/streampipes-processors-text-mining-flink/src/main/java/org/apache/streampipes/processors/textmining/flink/processor/language/LanguageDetectionProgram.java: Recompile with -Xlint:deprecation for details.
[INFO] /Users/arian/edu/kth/softfund_dd2480/assignment4/DD2480-Assignment-4/streampipes-extensions/streampipes-processors-text-mining-flink/src/main/java/org/apache/streampipes/processors/textmining/flink/processor/wordcount/WordCountParameters.java: Some input files use or override a deprecated API that is marked for removal.
[INFO] /Users/arian/edu/kth/softfund_dd2480/assignment4/DD2480-Assignment-4/streampipes-extensions/streampipes-processors-text-mining-flink/src/main/java/org/apache/streampipes/processors/textmining/flink/processor/wordcount/WordCountParameters.java: Recompile with -Xlint:removal for details.
[INFO] /Users/arian/edu/kth/softfund_dd2480/assignment4/DD2480-Assignment-4/streampipes-extensions/streampipes-processors-text-mining-flink/src/main/java/org/apache/streampipes/processors/textmining/flink/processor/language/LanguageDetectionProgram.java: Some input files use unchecked or unsafe operations.
[INFO] /Users/arian/edu/kth/softfund_dd2480/assignment4/DD2480-Assignment-4/streampipes-extensions/streampipes-processors-text-mining-flink/src/main/java/org/apache/streampipes/processors/textmining/flink/processor/language/LanguageDetectionProgram.java: Recompile with -Xlint:unchecked for details.
[INFO] 
[INFO] --- maven-resources-plugin:3.3.0:testResources (default-testResources) @ streampipes-processors-text-mining-flink ---
[INFO] skip non existing resourceDirectory /Users/arian/edu/kth/softfund_dd2480/assignment4/DD2480-Assignment-4/streampipes-extensions/streampipes-processors-text-mining-flink/src/test/resources
[INFO] Copying 3 resources
[INFO] 
[INFO] --- maven-compiler-plugin:3.10.1:testCompile (default-testCompile) @ streampipes-processors-text-mining-flink ---
[INFO] No sources to compile
[INFO] 
[INFO] --- maven-surefire-plugin:2.22.2:test (default-test) @ streampipes-processors-text-mining-flink ---
[INFO] 
[INFO] --- maven-jar-plugin:3.3.0:jar (default-jar) @ streampipes-processors-text-mining-flink ---
[INFO] Building jar: /Users/arian/edu/kth/softfund_dd2480/assignment4/DD2480-Assignment-4/streampipes-extensions/streampipes-processors-text-mining-flink/target/streampipes-processors-textmining-flink.jar
[INFO] 
[INFO] --- maven-site-plugin:3.12.1:attach-descriptor (attach-descriptor) @ streampipes-processors-text-mining-flink ---
[INFO] Skipping because packaging 'jar' is not pom.
[INFO] 
[INFO] --- maven-javadoc-plugin:3.4.1:jar (attach-javadocs) @ streampipes-processors-text-mining-flink ---
[ERROR] Error fetching link: /Users/arian/edu/kth/softfund_dd2480/assignment4/DD2480-Assignment-4/streampipes-sdk-bundle/target/apidocs. Ignored it.
[INFO] No previous run data found, generating javadoc.
[INFO] Building jar: /Users/arian/edu/kth/softfund_dd2480/assignment4/DD2480-Assignment-4/streampipes-extensions/streampipes-processors-text-mining-flink/target/streampipes-processors-textmining-flink-javadoc.jar
[INFO] 
[INFO] >>> maven-source-plugin:3.0.1:jar (attach-sources) > generate-sources @ streampipes-processors-text-mining-flink >>>
[INFO] 
[INFO] --- maven-enforcer-plugin:3.1.0:enforce (enforce-maven-version) @ streampipes-processors-text-mining-flink ---
[INFO] 
[INFO] --- maven-enforcer-plugin:3.1.0:enforce (enforce-java-version) @ streampipes-processors-text-mining-flink ---
[INFO] 
[INFO] --- maven-enforcer-plugin:3.1.0:enforce (check-at-least-java-17) @ streampipes-processors-text-mining-flink ---
[INFO] 
[INFO] --- maven-enforcer-plugin:3.1.0:enforce (enforce-version-convergence) @ streampipes-processors-text-mining-flink ---
[WARNING] javax.servlet:servlet-api/maven-metadata.xmlfailed to transfer from http://0.0.0.0/ during a previous attempt. This failure was cached in the local repository and resolution will not be reattempted until the update interval of maven-default-http-blocker has elapsed or updates are forced. Original error: Could not transfer metadata javax.servlet:servlet-api/maven-metadata.xml from/to maven-default-http-blocker (http://0.0.0.0/): transfer failed for http://0.0.0.0/javax/servlet/servlet-api/maven-metadata.xml
[INFO] 
[INFO] --- maven-checkstyle-plugin:3.2.1:check (validate) @ streampipes-processors-text-mining-flink ---
[INFO] 
[INFO] <<< maven-source-plugin:3.0.1:jar (attach-sources) < generate-sources @ streampipes-processors-text-mining-flink <<<
[INFO] 
[INFO] 
[INFO] --- maven-source-plugin:3.0.1:jar (attach-sources) @ streampipes-processors-text-mining-flink ---
[INFO] Building jar: /Users/arian/edu/kth/softfund_dd2480/assignment4/DD2480-Assignment-4/streampipes-extensions/streampipes-processors-text-mining-flink/target/streampipes-processors-textmining-flink-sources.jar
[INFO] 
[INFO] --- maven-shade-plugin:3.4.1:shade (default) @ streampipes-processors-text-mining-flink ---
[INFO] Including org.apache.streampipes:streampipes-sdk-bundle:jar:0.92.0-SNAPSHOT in the shaded jar.
[INFO] Including org.apache.streampipes:streampipes-sdk:jar:0.92.0-SNAPSHOT in the shaded jar.
[INFO] Including org.apache.streampipes:streampipes-config:jar:0.92.0-SNAPSHOT in the shaded jar.
[INFO] Including org.apache.streampipes:streampipes-serializers-json:jar:0.92.0-SNAPSHOT in the shaded jar.
[INFO] Including org.apache.streampipes:streampipes-model-client:jar:0.92.0-SNAPSHOT in the shaded jar.
[INFO] Including org.apache.streampipes:streampipes-service-discovery:jar:0.92.0-SNAPSHOT in the shaded jar.
[INFO] Including org.apache.streampipes:streampipes-service-discovery-api:jar:0.92.0-SNAPSHOT in the shaded jar.
[INFO] Including org.apache.streampipes:streampipes-service-discovery-consul:jar:0.92.0-SNAPSHOT in the shaded jar.
[INFO] Including com.ecwid.consul:consul-api:jar:1.4.5 in the shaded jar.
[INFO] Including org.apache.streampipes:streampipes-vocabulary:jar:0.92.0-SNAPSHOT in the shaded jar.
[INFO] Including com.github.drapostolos:type-parser:jar:0.7.0 in the shaded jar.
[INFO] Including org.apache.httpcomponents:fluent-hc:jar:4.5.13 in the shaded jar.
[INFO] Including org.apache.httpcomponents:httpclient:jar:4.5.13 in the shaded jar.
[INFO] Including org.apache.httpcomponents:httpcore:jar:4.4.9 in the shaded jar.
[INFO] Including commons-logging:commons-logging:jar:1.2 in the shaded jar.
[INFO] Including org.apache.streampipes:streampipes-service-extensions:jar:0.92.0-SNAPSHOT in the shaded jar.
[INFO] Including org.apache.streampipes:streampipes-service-base:jar:0.92.0-SNAPSHOT in the shaded jar.
[INFO] Including jakarta.annotation:jakarta.annotation-api:jar:2.1.1 in the shaded jar.
[INFO] Including jakarta.validation:jakarta.validation-api:jar:3.0.2 in the shaded jar.
[INFO] Including org.springframework.boot:spring-boot-starter-jersey:jar:3.0.1 in the shaded jar.
[INFO] Including org.springframework.boot:spring-boot-starter-json:jar:3.0.1 in the shaded jar.
[INFO] Including com.fasterxml.jackson.datatype:jackson-datatype-jsr310:jar:2.14.1 in the shaded jar.
[INFO] Including com.fasterxml.jackson.module:jackson-module-parameter-names:jar:2.14.1 in the shaded jar.
[INFO] Including org.springframework.boot:spring-boot-starter-validation:jar:3.0.1 in the shaded jar.
[INFO] Including org.springframework:spring-web:jar:6.0.3 in the shaded jar.
[INFO] Including io.micrometer:micrometer-observation:jar:1.10.2 in the shaded jar.
[INFO] Including io.micrometer:micrometer-commons:jar:1.10.2 in the shaded jar.
[INFO] Including org.glassfish.jersey.containers:jersey-container-servlet-core:jar:3.1.0 in the shaded jar.
[INFO] Including org.glassfish.jersey.core:jersey-common:jar:3.1.0 in the shaded jar.
[INFO] Including org.glassfish.hk2:osgi-resource-locator:jar:1.0.3 in the shaded jar.
[INFO] Including org.glassfish.jersey.containers:jersey-container-servlet:jar:3.1.0 in the shaded jar.
[INFO] Including org.glassfish.jersey.core:jersey-server:jar:3.1.0 in the shaded jar.
[INFO] Including org.glassfish.jersey.core:jersey-client:jar:3.1.0 in the shaded jar.
[INFO] Including org.glassfish.jersey.ext:jersey-bean-validation:jar:3.1.0 in the shaded jar.
[INFO] Including org.glassfish.jersey.ext:jersey-spring6:jar:3.1.0 in the shaded jar.
[INFO] Including org.glassfish.jersey.inject:jersey-hk2:jar:3.1.0 in the shaded jar.
[INFO] Including org.glassfish.hk2:hk2-locator:jar:3.0.3 in the shaded jar.
[INFO] Including org.glassfish.hk2.external:aopalliance-repackaged:jar:3.0.3 in the shaded jar.
[INFO] Including org.glassfish.hk2:hk2:jar:3.0.3 in the shaded jar.
[INFO] Including org.glassfish.hk2:hk2-utils:jar:3.0.3 in the shaded jar.
[INFO] Including org.glassfish.hk2:hk2-api:jar:3.0.3 in the shaded jar.
[INFO] Including org.glassfish.hk2:hk2-core:jar:3.0.3 in the shaded jar.
[INFO] Including org.glassfish.hk2:hk2-runlevel:jar:3.0.3 in the shaded jar.
[INFO] Including org.glassfish.hk2:class-model:jar:3.0.3 in the shaded jar.
[INFO] Including org.ow2.asm:asm-analysis:jar:9.2 in the shaded jar.
[INFO] Including org.ow2.asm:asm-commons:jar:9.2 in the shaded jar.
[INFO] Including org.ow2.asm:asm-tree:jar:9.2 in the shaded jar.
[INFO] Including org.ow2.asm:asm-util:jar:9.2 in the shaded jar.
[INFO] Including org.glassfish.hk2:spring-bridge:jar:3.0.3 in the shaded jar.
[INFO] Including org.glassfish.jersey.media:jersey-media-json-jackson:jar:3.1.0 in the shaded jar.
[INFO] Including org.glassfish.jersey.ext:jersey-entity-filtering:jar:3.1.0 in the shaded jar.
[INFO] Including com.fasterxml.jackson.module:jackson-module-jakarta-xmlbind-annotations:jar:2.14.1 in the shaded jar.
[INFO] Including jakarta.xml.bind:jakarta.xml.bind-api:jar:4.0.0 in the shaded jar.
[INFO] Including org.springframework.boot:spring-boot-starter-undertow:jar:3.0.1 in the shaded jar.
[INFO] Including io.undertow:undertow-core:jar:2.3.2.Final in the shaded jar.
[INFO] Including org.jboss.xnio:xnio-api:jar:3.8.8.Final in the shaded jar.
[INFO] Including org.wildfly.common:wildfly-common:jar:1.6.0.Final in the shaded jar.
[INFO] Including org.wildfly.client:wildfly-client-config:jar:1.0.1.Final in the shaded jar.
[INFO] Including org.jboss.xnio:xnio-nio:jar:3.8.8.Final in the shaded jar.
[INFO] Including org.jboss.threads:jboss-threads:jar:3.5.0.Final in the shaded jar.
[INFO] Including io.undertow:undertow-servlet:jar:2.3.2.Final in the shaded jar.
[INFO] Including io.undertow:undertow-websockets-jsr:jar:2.3.2.Final in the shaded jar.
[INFO] Including jakarta.websocket:jakarta.websocket-api:jar:2.1.0 in the shaded jar.
[INFO] Including jakarta.websocket:jakarta.websocket-client-api:jar:2.1.0 in the shaded jar.
[INFO] Including org.apache.tomcat.embed:tomcat-embed-el:jar:10.1.4 in the shaded jar.
[INFO] Including org.springframework.boot:spring-boot-starter-oauth2-client:jar:3.0.1 in the shaded jar.
[INFO] Including org.springframework.boot:spring-boot-starter:jar:3.0.1 in the shaded jar.
[INFO] Including org.springframework.boot:spring-boot:jar:3.0.1 in the shaded jar.
[INFO] Including org.springframework.boot:spring-boot-autoconfigure:jar:3.0.1 in the shaded jar.
[INFO] Including org.springframework.boot:spring-boot-starter-logging:jar:3.0.1 in the shaded jar.
[INFO] Including org.slf4j:jul-to-slf4j:jar:2.0.6 in the shaded jar.
[INFO] Including org.yaml:snakeyaml:jar:1.26 in the shaded jar.
[INFO] Including org.springframework.security:spring-security-config:jar:6.0.1 in the shaded jar.
[INFO] Including org.springframework.security:spring-security-core:jar:6.0.1 in the shaded jar.
[INFO] Including org.springframework.security:spring-security-crypto:jar:6.0.1 in the shaded jar.
[INFO] Including org.springframework.security:spring-security-oauth2-client:jar:6.0.1 in the shaded jar.
[INFO] Including org.springframework.security:spring-security-oauth2-core:jar:6.0.1 in the shaded jar.
[INFO] Including org.springframework.security:spring-security-web:jar:6.0.1 in the shaded jar.
[INFO] Including com.nimbusds:oauth2-oidc-sdk:jar:9.43.1 in the shaded jar.
[INFO] Including com.github.stephenc.jcip:jcip-annotations:jar:1.0-1 in the shaded jar.
[INFO] Including com.nimbusds:content-type:jar:2.2 in the shaded jar.
[INFO] Including net.minidev:json-smart:jar:2.4.8 in the shaded jar.
[INFO] Including net.minidev:accessors-smart:jar:2.4.8 in the shaded jar.
[INFO] Including org.ow2.asm:asm:jar:9.4 in the shaded jar.
[INFO] Including com.nimbusds:lang-tag:jar:1.7 in the shaded jar.
[INFO] Including org.springframework.security:spring-security-oauth2-jose:jar:6.0.1 in the shaded jar.
[INFO] Including com.nimbusds:nimbus-jose-jwt:jar:9.30.1 in the shaded jar.
[INFO] Including jakarta.activation:jakarta.activation-api:jar:1.2.2 in the shaded jar.
[INFO] Including jakarta.inject:jakarta.inject-api:jar:2.0.1 in the shaded jar.
[INFO] Including jakarta.servlet:jakarta.servlet-api:jar:6.0.0 in the shaded jar.
[INFO] Including org.jboss.logging:jboss-logging-annotations:jar:2.2.1.Final in the shaded jar.
[INFO] Including org.jboss.logging:jboss-logging-processor:jar:2.2.1.Final in the shaded jar.
[INFO] Including org.jboss.jdeparser:jdeparser:jar:2.0.3.Final in the shaded jar.
[INFO] Including org.springframework:spring-aop:jar:6.0.3 in the shaded jar.
[INFO] Including org.springframework:spring-beans:jar:6.0.3 in the shaded jar.
[INFO] Including org.springframework:spring-core:jar:6.0.3 in the shaded jar.
[INFO] Including org.springframework:spring-jcl:jar:6.0.3 in the shaded jar.
[INFO] Including org.springframework:spring-context:jar:6.0.3 in the shaded jar.
[INFO] Including org.springframework:spring-expression:jar:6.0.3 in the shaded jar.
[INFO] Including org.springframework:spring-context-support:jar:6.0.3 in the shaded jar.
[INFO] Including org.hibernate.validator:hibernate-validator:jar:8.0.0.Final in the shaded jar.
[INFO] Including org.jboss.logging:jboss-logging:jar:3.4.0.Final in the shaded jar.
[INFO] Including com.fasterxml:classmate:jar:1.5.1 in the shaded jar.
[INFO] Including org.apache.streampipes:streampipes-rest-extensions:jar:0.92.0-SNAPSHOT in the shaded jar.
[INFO] Including org.apache.streampipes:streampipes-rest-shared:jar:0.92.0-SNAPSHOT in the shaded jar.
[INFO] Including org.glassfish.jersey.media:jersey-media-multipart:jar:3.1.0 in the shaded jar.
[INFO] Including org.jvnet.mimepull:mimepull:jar:1.9.15 in the shaded jar.
[INFO] Including org.apache.streampipes:streampipes-extensions-management:jar:0.92.0-SNAPSHOT in the shaded jar.
[INFO] Including org.apache.streampipes:streampipes-extensions-api:jar:0.92.0-SNAPSHOT in the shaded jar.
[INFO] Including org.apache.streampipes:streampipes-measurement-units:jar:0.92.0-SNAPSHOT in the shaded jar.
[INFO] Including io.fogsy:qudt:jar:1.0 in the shaded jar.
[INFO] Including org.eclipse.rdf4j:rdf4j-rio-rdfxml:jar:3.5.0 in the shaded jar.
[INFO] Including org.eclipse.rdf4j:rdf4j-model:jar:3.5.0 in the shaded jar.
[INFO] Including org.eclipse.rdf4j:rdf4j-model-api:jar:3.5.0 in the shaded jar.
[INFO] Including org.eclipse.rdf4j:rdf4j-model-vocabulary:jar:3.5.0 in the shaded jar.
[INFO] Including org.eclipse.rdf4j:rdf4j-rio-api:jar:3.5.0 in the shaded jar.
[INFO] Including javax.xml.bind:jaxb-api:jar:2.4.0-b180725.0427 in the shaded jar.
[INFO] Including javax.activation:javax.activation-api:jar:1.2.0 in the shaded jar.
[INFO] Including org.eclipse.rdf4j:rdf4j-rio-datatypes:jar:3.5.0 in the shaded jar.
[INFO] Including org.eclipse.rdf4j:rdf4j-rio-languages:jar:3.5.0 in the shaded jar.
[INFO] Including org.eclipse.rdf4j:rdf4j-util:jar:3.5.0 in the shaded jar.
[INFO] Including org.eclipse.rdf4j:rdf4j-rio-turtle:jar:3.5.0 in the shaded jar.
[INFO] Including de.grundid.opendatalab:geojson-jackson:jar:1.14 in the shaded jar.
[INFO] Including jakarta.json:jakarta.json-api:jar:2.1.1 in the shaded jar.
[INFO] Including com.fasterxml.jackson.dataformat:jackson-dataformat-xml:jar:2.14.1 in the shaded jar.
[INFO] Including org.codehaus.woodstox:stax2-api:jar:4.2.1 in the shaded jar.
[INFO] Including com.fasterxml.woodstox:woodstox-core:jar:6.4.0 in the shaded jar.
[INFO] Including org.eclipse.parsson:jakarta.json:jar:1.1.1 in the shaded jar.
[INFO] Including jakarta.ws.rs:jakarta.ws.rs-api:jar:3.1.0 in the shaded jar.
[INFO] Including org.rendersnake:rendersnake:jar:1.9.0 in the shaded jar.
[INFO] Including javax.servlet:servlet-api:jar:2.4 in the shaded jar.
[INFO] Including net.sf.jtidy:jtidy:jar:r938 in the shaded jar.
[INFO] Including javax.inject:javax.inject:jar:1 in the shaded jar.
[INFO] Including com.fasterxml.jackson.datatype:jackson-datatype-jdk8:jar:2.14.1 in the shaded jar.
[INFO] Including org.apache.streampipes:streampipes-dataformat-json:jar:0.92.0-SNAPSHOT in the shaded jar.
[INFO] Including org.apache.streampipes:streampipes-dataformat:jar:0.92.0-SNAPSHOT in the shaded jar.
[INFO] Including com.fasterxml.jackson.core:jackson-annotations:jar:2.14.1 in the shaded jar.
[INFO] Including org.apache.streampipes:streampipes-dataformat-cbor:jar:0.92.0-SNAPSHOT in the shaded jar.
[INFO] Including com.fasterxml.jackson.dataformat:jackson-dataformat-cbor:jar:2.14.1 in the shaded jar.
[INFO] Including org.apache.streampipes:streampipes-dataformat-smile:jar:0.92.0-SNAPSHOT in the shaded jar.
[INFO] Including com.fasterxml.jackson.dataformat:jackson-dataformat-smile:jar:2.14.1 in the shaded jar.
[INFO] Including org.apache.streampipes:streampipes-dataformat-fst:jar:0.92.0-SNAPSHOT in the shaded jar.
[INFO] Including de.ruedigermoeller:fst:jar:2.57 in the shaded jar.
[INFO] Including org.javassist:javassist:jar:3.25.0-GA in the shaded jar.
[INFO] Including org.objenesis:objenesis:jar:3.3 in the shaded jar.
[INFO] Including org.apache.streampipes:streampipes-messaging-jms:jar:0.92.0-SNAPSHOT in the shaded jar.
[INFO] Including org.apache.streampipes:streampipes-messaging:jar:0.92.0-SNAPSHOT in the shaded jar.
[INFO] Including org.apache.activemq:activemq-client:jar:5.17.3 in the shaded jar.
[INFO] Including org.apache.geronimo.specs:geronimo-jms_1.1_spec:jar:1.1.1 in the shaded jar.
[INFO] Including org.apache.geronimo.specs:geronimo-j2ee-management_1.1_spec:jar:1.0.1 in the shaded jar.
[INFO] Including org.apache.streampipes:streampipes-messaging-kafka:jar:0.92.0-SNAPSHOT in the shaded jar.
[INFO] Including org.apache.streampipes:streampipes-commons:jar:0.92.0-SNAPSHOT in the shaded jar.
[INFO] Including commons-codec:commons-codec:jar:1.11 in the shaded jar.
[INFO] Including ch.qos.logback:logback-classic:jar:1.4.5 in the shaded jar.
[INFO] Including ch.qos.logback:logback-core:jar:1.4.5 in the shaded jar.
[INFO] Including org.apache.kafka:kafka-clients:jar:3.3.1 in the shaded jar.
[INFO] Including com.github.luben:zstd-jni:jar:1.4.3-1 in the shaded jar.
[INFO] Including org.lz4:lz4-java:jar:1.8.0 in the shaded jar.
[INFO] Including org.apache.streampipes:streampipes-messaging-mqtt:jar:0.92.0-SNAPSHOT in the shaded jar.
[INFO] Including org.fusesource.mqtt-client:mqtt-client:jar:1.12 in the shaded jar.
[INFO] Including org.fusesource.hawtdispatch:hawtdispatch-transport:jar:1.21 in the shaded jar.
[INFO] Including org.fusesource.hawtdispatch:hawtdispatch:jar:1.21 in the shaded jar.
[INFO] Including org.fusesource.hawtbuf:hawtbuf:jar:1.11 in the shaded jar.
[INFO] Including org.apache.streampipes:streampipes-messaging-nats:jar:0.92.0-SNAPSHOT in the shaded jar.
[INFO] Including io.nats:jnats:jar:2.16.1 in the shaded jar.
[INFO] Including net.i2p.crypto:eddsa:jar:0.3.0 in the shaded jar.
[INFO] Including org.apache.streampipes:streampipes-wrapper-flink:jar:0.92.0-SNAPSHOT in the shaded jar.
[INFO] Including org.apache.streampipes:streampipes-wrapper-distributed:jar:0.92.0-SNAPSHOT in the shaded jar.
[INFO] Including org.apache.streampipes:streampipes-wrapper:jar:0.92.0-SNAPSHOT in the shaded jar.
[INFO] Including org.apache.streampipes:streampipes-client:jar:0.92.0-SNAPSHOT in the shaded jar.
[INFO] Including org.apache.streampipes:streampipes-security-jwt:jar:0.92.0-SNAPSHOT in the shaded jar.
[INFO] Including io.jsonwebtoken:jjwt-api:jar:0.11.2 in the shaded jar.
[INFO] Including io.jsonwebtoken:jjwt-impl:jar:0.11.2 in the shaded jar.
[INFO] Including io.jsonwebtoken:jjwt-jackson:jar:0.11.2 in the shaded jar.
[INFO] Including commons-collections:commons-collections:jar:3.2.2 in the shaded jar.
[INFO] Including com.fasterxml.jackson.core:jackson-databind:jar:2.14.1 in the shaded jar.
[INFO] Including com.fasterxml.jackson.core:jackson-core:jar:2.14.1 in the shaded jar.
[INFO] Including org.apache.flink:flink-connector-kafka_2.11:jar:1.13.5 in the shaded jar.
[INFO] Including org.apache.flink:flink-connector-base:jar:1.13.5 in the shaded jar.
[INFO] Including org.apache.flink:flink-java:jar:1.13.5 in the shaded jar.
[INFO] Including org.apache.flink:flink-core:jar:1.13.5 in the shaded jar.
[INFO] Including org.apache.flink:flink-annotations:jar:1.13.5 in the shaded jar.
[INFO] Including org.apache.flink:flink-metrics-core:jar:1.13.5 in the shaded jar.
[INFO] Including org.apache.flink:flink-shaded-asm-7:jar:7.1-13.0 in the shaded jar.
[INFO] Including com.esotericsoftware.kryo:kryo:jar:2.24.0 in the shaded jar.
[INFO] Including com.esotericsoftware.minlog:minlog:jar:1.2 in the shaded jar.
[INFO] Including org.apache.commons:commons-compress:jar:1.22 in the shaded jar.
[INFO] Including org.apache.commons:commons-lang3:jar:3.12.0 in the shaded jar.
[INFO] Including org.apache.commons:commons-math3:jar:3.6.1 in the shaded jar.
[INFO] Including com.google.code.findbugs:jsr305:jar:3.0.2 in the shaded jar.
[INFO] Including org.apache.flink:flink-streaming-java_2.11:jar:1.13.5 in the shaded jar.
[INFO] Including org.apache.flink:flink-file-sink-common:jar:1.13.5 in the shaded jar.
[INFO] Including org.apache.flink:flink-runtime_2.11:jar:1.13.5 in the shaded jar.
[INFO] Including org.apache.flink:flink-queryable-state-client-java:jar:1.13.5 in the shaded jar.
[INFO] Including org.apache.flink:flink-hadoop-fs:jar:1.13.5 in the shaded jar.
[INFO] Including commons-io:commons-io:jar:2.11.0 in the shaded jar.
[INFO] Including org.apache.flink:flink-shaded-netty:jar:4.1.49.Final-13.0 in the shaded jar.
[INFO] Including org.apache.flink:flink-shaded-jackson:jar:2.12.1-13.0 in the shaded jar.
[INFO] Including org.apache.flink:flink-shaded-zookeeper-3:jar:3.4.14-13.0 in the shaded jar.
[INFO] Including org.scala-lang:scala-library:jar:2.13.10 in the shaded jar.
[INFO] Including com.typesafe.akka:akka-actor_2.11:jar:2.5.21 in the shaded jar.
[INFO] Including com.typesafe:config:jar:1.3.3 in the shaded jar.
[INFO] Including org.scala-lang.modules:scala-java8-compat_2.11:jar:0.7.0 in the shaded jar.
[INFO] Including com.typesafe.akka:akka-stream_2.11:jar:2.5.21 in the shaded jar.
[INFO] Including org.reactivestreams:reactive-streams:jar:1.0.2 in the shaded jar.
[INFO] Including com.typesafe:ssl-config-core_2.11:jar:0.3.7 in the shaded jar.
[INFO] Including org.scala-lang.modules:scala-parser-combinators_2.11:jar:1.1.1 in the shaded jar.
[INFO] Including com.typesafe.akka:akka-protobuf_2.11:jar:2.5.21 in the shaded jar.
[INFO] Including com.typesafe.akka:akka-slf4j_2.11:jar:2.5.21 in the shaded jar.
[INFO] Including org.clapper:grizzled-slf4j_2.11:jar:1.3.2 in the shaded jar.
[INFO] Including com.github.scopt:scopt_2.11:jar:3.5.0 in the shaded jar.
[INFO] Including com.twitter:chill_2.11:jar:0.7.6 in the shaded jar.
[INFO] Including com.twitter:chill-java:jar:0.7.6 in the shaded jar.
[INFO] Including org.apache.flink:flink-shaded-guava:jar:18.0-13.0 in the shaded jar.
[INFO] Including org.apache.flink:flink-clients_2.11:jar:1.13.5 in the shaded jar.
[INFO] Including org.apache.flink:flink-optimizer_2.11:jar:1.13.5 in the shaded jar.
[INFO] Including commons-cli:commons-cli:jar:1.3.1 in the shaded jar.
[INFO] Including org.xerial.snappy:snappy-java:jar:1.1.7.7 in the shaded jar.
[INFO] Including com.optimaize.languagedetector:language-detector:jar:0.6 in the shaded jar.
[INFO] Including net.arnx:jsonic:jar:1.2.11 in the shaded jar.
[INFO] Including com.intellij:annotations:jar:12.0 in the shaded jar.
[INFO] Including com.google.guava:guava:jar:27.1-jre in the shaded jar.
[INFO] Including com.google.guava:failureaccess:jar:1.0.1 in the shaded jar.
[INFO] Including com.google.guava:listenablefuture:jar:9999.0-empty-to-avoid-conflict-with-guava in the shaded jar.
[INFO] Including org.checkerframework:checker-qual:jar:2.5.2 in the shaded jar.
[INFO] Including com.google.errorprone:error_prone_annotations:jar:2.2.0 in the shaded jar.
[INFO] Including com.google.j2objc:j2objc-annotations:jar:1.3 in the shaded jar.
[INFO] Including org.codehaus.mojo:animal-sniffer-annotations:jar:1.17 in the shaded jar.
[INFO] Including org.slf4j:slf4j-api:jar:2.0.6 in the shaded jar.
[INFO] Including org.apache.flink:flink-cep-scala_2.11:jar:1.13.5 in the shaded jar.
[INFO] Including org.apache.flink:flink-cep_2.11:jar:1.13.5 in the shaded jar.
[INFO] Including org.apache.flink:force-shading:jar:1.13.5 in the shaded jar.
[INFO] Including org.apache.logging.log4j:log4j-to-slf4j:jar:2.19.0 in the shaded jar.
[INFO] Including org.apache.logging.log4j:log4j-api:jar:2.19.0 in the shaded jar.
[INFO] Including org.apache.opennlp:opennlp-tools:jar:2.1.0 in the shaded jar.
[INFO] Including org.apache.streampipes:streampipes-model:jar:0.92.0-SNAPSHOT in the shaded jar.
[INFO] Including org.apache.streampipes:streampipes-model-shared:jar:0.92.0-SNAPSHOT in the shaded jar.
[INFO] Including org.apache.streampipes:streampipes-logging:jar:0.92.0-SNAPSHOT in the shaded jar.
[INFO] Including com.google.code.gson:gson:jar:2.10 in the shaded jar.
[WARNING] Discovered module-info.class. Shading will break its strong encapsulation.
[WARNING] Discovered module-info.class. Shading will break its strong encapsulation.
[WARNING] Discovered module-info.class. Shading will break its strong encapsulation.
[WARNING] Discovered module-info.class. Shading will break its strong encapsulation.
[WARNING] Discovered module-info.class. Shading will break its strong encapsulation.
[WARNING] Discovered module-info.class. Shading will break its strong encapsulation.
[WARNING] Discovered module-info.class. Shading will break its strong encapsulation.
[WARNING] Discovered module-info.class. Shading will break its strong encapsulation.
[WARNING] Discovered module-info.class. Shading will break its strong encapsulation.
[WARNING] Discovered module-info.class. Shading will break its strong encapsulation.
[WARNING] Discovered module-info.class. Shading will break its strong encapsulation.
[WARNING] Discovered module-info.class. Shading will break its strong encapsulation.
[WARNING] Discovered module-info.class. Shading will break its strong encapsulation.
[WARNING] Discovered module-info.class. Shading will break its strong encapsulation.
[WARNING] Discovered module-info.class. Shading will break its strong encapsulation.
[WARNING] Discovered module-info.class. Shading will break its strong encapsulation.
[WARNING] Discovered module-info.class. Shading will break its strong encapsulation.
[WARNING] Discovered module-info.class. Shading will break its strong encapsulation.
[WARNING] Discovered module-info.class. Shading will break its strong encapsulation.
[WARNING] Discovered module-info.class. Shading will break its strong encapsulation.
[WARNING] Discovered module-info.class. Shading will break its strong encapsulation.
[WARNING] Discovered module-info.class. Shading will break its strong encapsulation.
[WARNING] Discovered module-info.class. Shading will break its strong encapsulation.
[WARNING] Discovered module-info.class. Shading will break its strong encapsulation.
[WARNING] Discovered module-info.class. Shading will break its strong encapsulation.
[WARNING] spring-aop-6.0.3.jar, spring-beans-6.0.3.jar, spring-context-6.0.3.jar define 1 overlapping resource: 
[WARNING]   - META-INF/spring.tooling
[WARNING] aopalliance-repackaged-3.0.3.jar, class-model-3.0.3.jar, hk2-3.0.3.jar, hk2-api-3.0.3.jar, hk2-core-3.0.3.jar, hk2-locator-3.0.3.jar, hk2-runlevel-3.0.3.jar, hk2-utils-3.0.3.jar, jakarta.activation-api-1.2.2.jar, jakarta.annotation-api-2.1.1.jar, jakarta.inject-api-2.0.1.jar, jakarta.json-1.1.1.jar, jakarta.json-api-2.1.1.jar, jakarta.websocket-api-2.1.0.jar, jakarta.websocket-client-api-2.1.0.jar, jakarta.ws.rs-api-3.1.0.jar, jakarta.xml.bind-api-4.0.0.jar, jersey-bean-validation-3.1.0.jar, jersey-client-3.1.0.jar, jersey-common-3.1.0.jar, jersey-container-servlet-3.1.0.jar, jersey-container-servlet-core-3.1.0.jar, jersey-entity-filtering-3.1.0.jar, jersey-hk2-3.1.0.jar, jersey-media-json-jackson-3.1.0.jar, jersey-media-multipart-3.1.0.jar, jersey-server-3.1.0.jar, jersey-spring6-3.1.0.jar, mimepull-1.9.15.jar, spring-bridge-3.0.3.jar define 1 overlapping resource: 
[WARNING]   - META-INF/NOTICE.md
[WARNING] activemq-client-5.17.3.jar, flink-annotations-1.13.5.jar, flink-cep-scala_2.11-1.13.5.jar, flink-cep_2.11-1.13.5.jar, flink-clients_2.11-1.13.5.jar, flink-connector-base-1.13.5.jar, flink-connector-kafka_2.11-1.13.5.jar, flink-core-1.13.5.jar, flink-file-sink-common-1.13.5.jar, flink-hadoop-fs-1.13.5.jar, flink-java-1.13.5.jar, flink-metrics-core-1.13.5.jar, flink-optimizer_2.11-1.13.5.jar, flink-queryable-state-client-java-1.13.5.jar, flink-runtime_2.11-1.13.5.jar, flink-shaded-asm-7-7.1-13.0.jar, flink-shaded-guava-18.0-13.0.jar, flink-shaded-jackson-2.12.1-13.0.jar, flink-shaded-netty-4.1.49.Final-13.0.jar, flink-shaded-zookeeper-3-3.4.14-13.0.jar, flink-streaming-java_2.11-1.13.5.jar, fluent-hc-4.5.13.jar, force-shading-1.13.5.jar, httpclient-4.5.13.jar, httpcore-4.4.9.jar, log4j-api-2.19.0.jar, log4j-to-slf4j-2.19.0.jar, opennlp-tools-2.1.0.jar, streampipes-client-0.92.0-SNAPSHOT.jar, streampipes-commons-0.92.0-SNAPSHOT.jar, streampipes-config-0.92.0-SNAPSHOT.jar, streampipes-dataformat-0.92.0-SNAPSHOT.jar, streampipes-dataformat-cbor-0.92.0-SNAPSHOT.jar, streampipes-dataformat-fst-0.92.0-SNAPSHOT.jar, streampipes-dataformat-json-0.92.0-SNAPSHOT.jar, streampipes-dataformat-smile-0.92.0-SNAPSHOT.jar, streampipes-extensions-api-0.92.0-SNAPSHOT.jar, streampipes-extensions-management-0.92.0-SNAPSHOT.jar, streampipes-logging-0.92.0-SNAPSHOT.jar, streampipes-measurement-units-0.92.0-SNAPSHOT.jar, streampipes-messaging-0.92.0-SNAPSHOT.jar, streampipes-messaging-jms-0.92.0-SNAPSHOT.jar, streampipes-messaging-kafka-0.92.0-SNAPSHOT.jar, streampipes-messaging-mqtt-0.92.0-SNAPSHOT.jar, streampipes-messaging-nats-0.92.0-SNAPSHOT.jar, streampipes-model-0.92.0-SNAPSHOT.jar, streampipes-model-client-0.92.0-SNAPSHOT.jar, streampipes-model-shared-0.92.0-SNAPSHOT.jar, streampipes-processors-textmining-flink.jar, streampipes-rest-extensions-0.92.0-SNAPSHOT.jar, streampipes-rest-shared-0.92.0-SNAPSHOT.jar, streampipes-sdk-0.92.0-SNAPSHOT.jar, streampipes-sdk-bundle-0.92.0-SNAPSHOT.jar, streampipes-security-jwt-0.92.0-SNAPSHOT.jar, streampipes-serializers-json-0.92.0-SNAPSHOT.jar, streampipes-service-base-0.92.0-SNAPSHOT.jar, streampipes-service-discovery-0.92.0-SNAPSHOT.jar, streampipes-service-discovery-api-0.92.0-SNAPSHOT.jar, streampipes-service-discovery-consul-0.92.0-SNAPSHOT.jar, streampipes-service-extensions-0.92.0-SNAPSHOT.jar, streampipes-vocabulary-0.92.0-SNAPSHOT.jar, streampipes-wrapper-0.92.0-SNAPSHOT.jar, streampipes-wrapper-distributed-0.92.0-SNAPSHOT.jar, streampipes-wrapper-flink-0.92.0-SNAPSHOT.jar define 1 overlapping resource: 
[WARNING]   - META-INF/DEPENDENCIES
[WARNING] jakarta.json-1.1.1.jar, jakarta.json-api-2.1.1.jar define 41 overlapping classes and resources: 
[WARNING]   - META-INF/maven/jakarta.json/jakarta.json-api/pom.properties
[WARNING]   - META-INF/maven/jakarta.json/jakarta.json-api/pom.xml
[WARNING]   - jakarta.json.EmptyArray
[WARNING]   - jakarta.json.EmptyObject
[WARNING]   - jakarta.json.Json
[WARNING]   - jakarta.json.JsonArray
[WARNING]   - jakarta.json.JsonArrayBuilder
[WARNING]   - jakarta.json.JsonBuilderFactory
[WARNING]   - jakarta.json.JsonConfig
[WARNING]   - jakarta.json.JsonConfig$KeyStrategy
[WARNING]   - 31 more...
[WARNING] activemq-client-5.17.3.jar, classmate-1.5.1.jar, flink-annotations-1.13.5.jar, flink-cep-scala_2.11-1.13.5.jar, flink-cep_2.11-1.13.5.jar, flink-clients_2.11-1.13.5.jar, flink-connector-base-1.13.5.jar, flink-connector-kafka_2.11-1.13.5.jar, flink-core-1.13.5.jar, flink-file-sink-common-1.13.5.jar, flink-hadoop-fs-1.13.5.jar, flink-java-1.13.5.jar, flink-metrics-core-1.13.5.jar, flink-optimizer_2.11-1.13.5.jar, flink-queryable-state-client-java-1.13.5.jar, flink-runtime_2.11-1.13.5.jar, flink-shaded-asm-7-7.1-13.0.jar, flink-shaded-guava-18.0-13.0.jar, flink-shaded-jackson-2.12.1-13.0.jar, flink-shaded-netty-4.1.49.Final-13.0.jar, flink-shaded-zookeeper-3-3.4.14-13.0.jar, flink-streaming-java_2.11-1.13.5.jar, fluent-hc-4.5.13.jar, force-shading-1.13.5.jar, geronimo-j2ee-management_1.1_spec-1.0.1.jar, geronimo-jms_1.1_spec-1.1.1.jar, httpclient-4.5.13.jar, httpcore-4.4.9.jar, jackson-core-2.14.1.jar, jackson-databind-2.14.1.jar, jackson-dataformat-xml-2.14.1.jar, log4j-api-2.19.0.jar, log4j-to-slf4j-2.19.0.jar, micrometer-commons-1.10.2.jar, micrometer-observation-1.10.2.jar, objenesis-3.3.jar, opennlp-tools-2.1.0.jar, streampipes-client-0.92.0-SNAPSHOT.jar, streampipes-commons-0.92.0-SNAPSHOT.jar, streampipes-config-0.92.0-SNAPSHOT.jar, streampipes-dataformat-0.92.0-SNAPSHOT.jar, streampipes-dataformat-cbor-0.92.0-SNAPSHOT.jar, streampipes-dataformat-fst-0.92.0-SNAPSHOT.jar, streampipes-dataformat-json-0.92.0-SNAPSHOT.jar, streampipes-dataformat-smile-0.92.0-SNAPSHOT.jar, streampipes-extensions-api-0.92.0-SNAPSHOT.jar, streampipes-extensions-management-0.92.0-SNAPSHOT.jar, streampipes-logging-0.92.0-SNAPSHOT.jar, streampipes-measurement-units-0.92.0-SNAPSHOT.jar, streampipes-messaging-0.92.0-SNAPSHOT.jar, streampipes-messaging-jms-0.92.0-SNAPSHOT.jar, streampipes-messaging-kafka-0.92.0-SNAPSHOT.jar, streampipes-messaging-mqtt-0.92.0-SNAPSHOT.jar, streampipes-messaging-nats-0.92.0-SNAPSHOT.jar, streampipes-model-0.92.0-SNAPSHOT.jar, streampipes-model-client-0.92.0-SNAPSHOT.jar, streampipes-model-shared-0.92.0-SNAPSHOT.jar, streampipes-processors-textmining-flink.jar, streampipes-rest-extensions-0.92.0-SNAPSHOT.jar, streampipes-rest-shared-0.92.0-SNAPSHOT.jar, streampipes-sdk-0.92.0-SNAPSHOT.jar, streampipes-sdk-bundle-0.92.0-SNAPSHOT.jar, streampipes-security-jwt-0.92.0-SNAPSHOT.jar, streampipes-serializers-json-0.92.0-SNAPSHOT.jar, streampipes-service-base-0.92.0-SNAPSHOT.jar, streampipes-service-discovery-0.92.0-SNAPSHOT.jar, streampipes-service-discovery-api-0.92.0-SNAPSHOT.jar, streampipes-service-discovery-consul-0.92.0-SNAPSHOT.jar, streampipes-service-extensions-0.92.0-SNAPSHOT.jar, streampipes-vocabulary-0.92.0-SNAPSHOT.jar, streampipes-wrapper-0.92.0-SNAPSHOT.jar, streampipes-wrapper-distributed-0.92.0-SNAPSHOT.jar, streampipes-wrapper-flink-0.92.0-SNAPSHOT.jar, tomcat-embed-el-10.1.4.jar define 1 overlapping resource: 
[WARNING]   - META-INF/NOTICE
[WARNING] activemq-client-5.17.3.jar, classmate-1.5.1.jar, flink-annotations-1.13.5.jar, flink-cep-scala_2.11-1.13.5.jar, flink-cep_2.11-1.13.5.jar, flink-clients_2.11-1.13.5.jar, flink-connector-base-1.13.5.jar, flink-connector-kafka_2.11-1.13.5.jar, flink-core-1.13.5.jar, flink-file-sink-common-1.13.5.jar, flink-hadoop-fs-1.13.5.jar, flink-java-1.13.5.jar, flink-metrics-core-1.13.5.jar, flink-optimizer_2.11-1.13.5.jar, flink-queryable-state-client-java-1.13.5.jar, flink-runtime_2.11-1.13.5.jar, flink-shaded-asm-7-7.1-13.0.jar, flink-shaded-guava-18.0-13.0.jar, flink-shaded-jackson-2.12.1-13.0.jar, flink-shaded-netty-4.1.49.Final-13.0.jar, flink-shaded-zookeeper-3-3.4.14-13.0.jar, flink-streaming-java_2.11-1.13.5.jar, fluent-hc-4.5.13.jar, force-shading-1.13.5.jar, geronimo-j2ee-management_1.1_spec-1.0.1.jar, geronimo-jms_1.1_spec-1.1.1.jar, httpclient-4.5.13.jar, httpcore-4.4.9.jar, jackson-annotations-2.14.1.jar, jackson-core-2.14.1.jar, jackson-databind-2.14.1.jar, jackson-dataformat-xml-2.14.1.jar, jackson-datatype-jsr310-2.14.1.jar, log4j-api-2.19.0.jar, log4j-to-slf4j-2.19.0.jar, micrometer-commons-1.10.2.jar, micrometer-observation-1.10.2.jar, objenesis-3.3.jar, opennlp-tools-2.1.0.jar, stax2-api-4.2.1.jar, streampipes-client-0.92.0-SNAPSHOT.jar, streampipes-commons-0.92.0-SNAPSHOT.jar, streampipes-config-0.92.0-SNAPSHOT.jar, streampipes-dataformat-0.92.0-SNAPSHOT.jar, streampipes-dataformat-cbor-0.92.0-SNAPSHOT.jar, streampipes-dataformat-fst-0.92.0-SNAPSHOT.jar, streampipes-dataformat-json-0.92.0-SNAPSHOT.jar, streampipes-dataformat-smile-0.92.0-SNAPSHOT.jar, streampipes-extensions-api-0.92.0-SNAPSHOT.jar, streampipes-extensions-management-0.92.0-SNAPSHOT.jar, streampipes-logging-0.92.0-SNAPSHOT.jar, streampipes-measurement-units-0.92.0-SNAPSHOT.jar, streampipes-messaging-0.92.0-SNAPSHOT.jar, streampipes-messaging-jms-0.92.0-SNAPSHOT.jar, streampipes-messaging-kafka-0.92.0-SNAPSHOT.jar, streampipes-messaging-mqtt-0.92.0-SNAPSHOT.jar, streampipes-messaging-nats-0.92.0-SNAPSHOT.jar, streampipes-model-0.92.0-SNAPSHOT.jar, streampipes-model-client-0.92.0-SNAPSHOT.jar, streampipes-model-shared-0.92.0-SNAPSHOT.jar, streampipes-processors-textmining-flink.jar, streampipes-rest-extensions-0.92.0-SNAPSHOT.jar, streampipes-rest-shared-0.92.0-SNAPSHOT.jar, streampipes-sdk-0.92.0-SNAPSHOT.jar, streampipes-sdk-bundle-0.92.0-SNAPSHOT.jar, streampipes-security-jwt-0.92.0-SNAPSHOT.jar, streampipes-serializers-json-0.92.0-SNAPSHOT.jar, streampipes-service-base-0.92.0-SNAPSHOT.jar, streampipes-service-discovery-0.92.0-SNAPSHOT.jar, streampipes-service-discovery-api-0.92.0-SNAPSHOT.jar, streampipes-service-discovery-consul-0.92.0-SNAPSHOT.jar, streampipes-service-extensions-0.92.0-SNAPSHOT.jar, streampipes-vocabulary-0.92.0-SNAPSHOT.jar, streampipes-wrapper-0.92.0-SNAPSHOT.jar, streampipes-wrapper-distributed-0.92.0-SNAPSHOT.jar, streampipes-wrapper-flink-0.92.0-SNAPSHOT.jar, tomcat-embed-el-10.1.4.jar, woodstox-core-6.4.0.jar define 1 overlapping resource: 
[WARNING]   - META-INF/LICENSE
[WARNING] commons-cli-1.3.1.jar, commons-codec-1.11.jar, commons-collections-3.2.2.jar, commons-compress-1.22.jar, commons-io-2.11.0.jar, commons-lang3-3.12.0.jar, commons-logging-1.2.jar, commons-math3-3.6.1.jar, jakarta.inject-api-2.0.1.jar, javax.activation-api-1.2.0.jar, jaxb-api-2.4.0-b180725.0427.jar, jboss-logging-3.4.0.Final.jar, jboss-logging-annotations-2.2.1.Final.jar, jboss-logging-processor-2.2.1.Final.jar, jboss-threads-3.5.0.Final.jar, jtidy-r938.jar, spring-boot-3.0.1.jar, spring-boot-autoconfigure-3.0.1.jar, spring-boot-starter-3.0.1.jar, spring-boot-starter-jersey-3.0.1.jar, spring-boot-starter-json-3.0.1.jar, spring-boot-starter-logging-3.0.1.jar, spring-boot-starter-oauth2-client-3.0.1.jar, spring-boot-starter-undertow-3.0.1.jar, spring-boot-starter-validation-3.0.1.jar define 1 overlapping resource: 
[WARNING]   - META-INF/LICENSE.txt
[WARNING] kafka-clients-3.3.1.jar, scala-library-2.13.10.jar define 1 overlapping resource: 
[WARNING]   - NOTICE
[WARNING] commons-logging-1.2.jar, spring-jcl-6.0.3.jar define 5 overlapping classes: 
[WARNING]   - org.apache.commons.logging.Log
[WARNING]   - org.apache.commons.logging.LogFactory
[WARNING]   - org.apache.commons.logging.LogFactory$1
[WARNING]   - org.apache.commons.logging.impl.NoOpLog
[WARNING]   - org.apache.commons.logging.impl.SimpleLog
[WARNING] spring-aop-6.0.3.jar, spring-beans-6.0.3.jar, spring-context-6.0.3.jar, spring-context-support-6.0.3.jar, spring-core-6.0.3.jar, spring-expression-6.0.3.jar, spring-jcl-6.0.3.jar, spring-web-6.0.3.jar define 2 overlapping resources: 
[WARNING]   - META-INF/license.txt
[WARNING]   - META-INF/notice.txt
[WARNING] commons-cli-1.3.1.jar, commons-codec-1.11.jar, commons-collections-3.2.2.jar, commons-compress-1.22.jar, commons-io-2.11.0.jar, commons-lang3-3.12.0.jar, commons-logging-1.2.jar, commons-math3-3.6.1.jar, spring-boot-3.0.1.jar, spring-boot-autoconfigure-3.0.1.jar, spring-boot-starter-3.0.1.jar, spring-boot-starter-jersey-3.0.1.jar, spring-boot-starter-json-3.0.1.jar, spring-boot-starter-logging-3.0.1.jar, spring-boot-starter-oauth2-client-3.0.1.jar, spring-boot-starter-undertow-3.0.1.jar, spring-boot-starter-validation-3.0.1.jar define 1 overlapping resource: 
[WARNING]   - META-INF/NOTICE.txt
[WARNING] gson-2.10.jar, nimbus-jose-jwt-9.30.1.jar define 2 overlapping resources: 
[WARNING]   - META-INF/maven/com.google.code.gson/gson/pom.properties
[WARNING]   - META-INF/maven/com.google.code.gson/gson/pom.xml
[WARNING] gson-2.10.jar, jackson-core-2.14.1.jar, jackson-databind-2.14.1.jar, jackson-dataformat-cbor-2.14.1.jar, jackson-dataformat-smile-2.14.1.jar, jackson-dataformat-xml-2.14.1.jar, jackson-datatype-jdk8-2.14.1.jar, jackson-datatype-jsr310-2.14.1.jar, jackson-module-parameter-names-2.14.1.jar, log4j-api-2.19.0.jar, nimbus-jose-jwt-9.30.1.jar, slf4j-api-2.0.6.jar define 1 overlapping classes: 
[WARNING]   - META-INF.versions.9.module-info
[WARNING] aopalliance-repackaged-3.0.3.jar, spring-aop-6.0.3.jar define 9 overlapping classes: 
[WARNING]   - org.aopalliance.aop.Advice
[WARNING]   - org.aopalliance.aop.AspectException
[WARNING]   - org.aopalliance.intercept.ConstructorInterceptor
[WARNING]   - org.aopalliance.intercept.ConstructorInvocation
[WARNING]   - org.aopalliance.intercept.Interceptor
[WARNING]   - org.aopalliance.intercept.Invocation
[WARNING]   - org.aopalliance.intercept.Joinpoint
[WARNING]   - org.aopalliance.intercept.MethodInterceptor
[WARNING]   - org.aopalliance.intercept.MethodInvocation
[WARNING] spring-web-6.0.3.jar, tomcat-embed-el-10.1.4.jar define 1 overlapping resource: 
[WARNING]   - META-INF/web-fragment.xml
[WARNING] jersey-bean-validation-3.1.0.jar, jersey-common-3.1.0.jar, jersey-media-json-jackson-3.1.0.jar, jersey-server-3.1.0.jar define 1 overlapping resource: 
[WARNING]   - META-INF/NOTICE.markdown
[WARNING] kafka-clients-3.3.1.jar, language-detector-0.6.jar, scala-library-2.13.10.jar define 1 overlapping resource: 
[WARNING]   - LICENSE
[WARNING] jakarta.activation-api-1.2.2.jar, javax.activation-api-1.2.0.jar define 31 overlapping classes: 
[WARNING]   - javax.activation.ActivationDataFlavor
[WARNING]   - javax.activation.CommandInfo
[WARNING]   - javax.activation.CommandInfo$Beans
[WARNING]   - javax.activation.CommandInfo$Beans$1
[WARNING]   - javax.activation.CommandMap
[WARNING]   - javax.activation.CommandObject
[WARNING]   - javax.activation.DataContentHandler
[WARNING]   - javax.activation.DataContentHandlerFactory
[WARNING]   - javax.activation.DataHandler
[WARNING]   - javax.activation.DataHandler$1
[WARNING]   - 21 more...
[WARNING] accessors-smart-2.4.8.jar, activemq-client-5.17.3.jar, akka-actor_2.11-2.5.21.jar, akka-protobuf_2.11-2.5.21.jar, akka-slf4j_2.11-2.5.21.jar, akka-stream_2.11-2.5.21.jar, animal-sniffer-annotations-1.17.jar, annotations-12.0.jar, aopalliance-repackaged-3.0.3.jar, asm-9.4.jar, asm-analysis-9.2.jar, asm-commons-9.2.jar, asm-tree-9.2.jar, asm-util-9.2.jar, checker-qual-2.5.2.jar, chill-java-0.7.6.jar, chill_2.11-0.7.6.jar, class-model-3.0.3.jar, classmate-1.5.1.jar, commons-cli-1.3.1.jar, commons-codec-1.11.jar, commons-collections-3.2.2.jar, commons-compress-1.22.jar, commons-io-2.11.0.jar, commons-lang3-3.12.0.jar, commons-logging-1.2.jar, commons-math3-3.6.1.jar, config-1.3.3.jar, consul-api-1.4.5.jar, content-type-2.2.jar, eddsa-0.3.0.jar, error_prone_annotations-2.2.0.jar, failureaccess-1.0.1.jar, flink-annotations-1.13.5.jar, flink-cep-scala_2.11-1.13.5.jar, flink-cep_2.11-1.13.5.jar, flink-clients_2.11-1.13.5.jar, flink-connector-base-1.13.5.jar, flink-connector-kafka_2.11-1.13.5.jar, flink-core-1.13.5.jar, flink-file-sink-common-1.13.5.jar, flink-hadoop-fs-1.13.5.jar, flink-java-1.13.5.jar, flink-metrics-core-1.13.5.jar, flink-optimizer_2.11-1.13.5.jar, flink-queryable-state-client-java-1.13.5.jar, flink-runtime_2.11-1.13.5.jar, flink-shaded-asm-7-7.1-13.0.jar, flink-shaded-guava-18.0-13.0.jar, flink-shaded-jackson-2.12.1-13.0.jar, flink-shaded-netty-4.1.49.Final-13.0.jar, flink-shaded-zookeeper-3-3.4.14-13.0.jar, flink-streaming-java_2.11-1.13.5.jar, fluent-hc-4.5.13.jar, force-shading-1.13.5.jar, fst-2.57.jar, geojson-jackson-1.14.jar, geronimo-j2ee-management_1.1_spec-1.0.1.jar, geronimo-jms_1.1_spec-1.1.1.jar, grizzled-slf4j_2.11-1.3.2.jar, gson-2.10.jar, guava-27.1-jre.jar, hawtbuf-1.11.jar, hawtdispatch-1.21.jar, hawtdispatch-transport-1.21.jar, hibernate-validator-8.0.0.Final.jar, hk2-3.0.3.jar, hk2-api-3.0.3.jar, hk2-core-3.0.3.jar, hk2-locator-3.0.3.jar, hk2-runlevel-3.0.3.jar, hk2-utils-3.0.3.jar, httpclient-4.5.13.jar, httpcore-4.4.9.jar, j2objc-annotations-1.3.jar, jackson-annotations-2.14.1.jar, jackson-core-2.14.1.jar, jackson-databind-2.14.1.jar, jackson-dataformat-cbor-2.14.1.jar, jackson-dataformat-smile-2.14.1.jar, jackson-dataformat-xml-2.14.1.jar, jackson-datatype-jdk8-2.14.1.jar, jackson-datatype-jsr310-2.14.1.jar, jackson-module-jakarta-xmlbind-annotations-2.14.1.jar, jackson-module-parameter-names-2.14.1.jar, jakarta.activation-api-1.2.2.jar, jakarta.annotation-api-2.1.1.jar, jakarta.inject-api-2.0.1.jar, jakarta.json-1.1.1.jar, jakarta.json-api-2.1.1.jar, jakarta.servlet-api-6.0.0.jar, jakarta.validation-api-3.0.2.jar, jakarta.websocket-api-2.1.0.jar, jakarta.websocket-client-api-2.1.0.jar, jakarta.ws.rs-api-3.1.0.jar, jakarta.xml.bind-api-4.0.0.jar, javassist-3.25.0-GA.jar, javax.activation-api-1.2.0.jar, jaxb-api-2.4.0-b180725.0427.jar, jboss-logging-3.4.0.Final.jar, jboss-logging-annotations-2.2.1.Final.jar, jboss-logging-processor-2.2.1.Final.jar, jboss-threads-3.5.0.Final.jar, jcip-annotations-1.0-1.jar, jdeparser-2.0.3.Final.jar, jersey-bean-validation-3.1.0.jar, jersey-client-3.1.0.jar, jersey-common-3.1.0.jar, jersey-container-servlet-3.1.0.jar, jersey-container-servlet-core-3.1.0.jar, jersey-entity-filtering-3.1.0.jar, jersey-hk2-3.1.0.jar, jersey-media-json-jackson-3.1.0.jar, jersey-media-multipart-3.1.0.jar, jersey-server-3.1.0.jar, jersey-spring6-3.1.0.jar, jjwt-api-0.11.2.jar, jjwt-impl-0.11.2.jar, jjwt-jackson-0.11.2.jar, jnats-2.16.1.jar, json-smart-2.4.8.jar, jsonic-1.2.11.jar, jsr305-3.0.2.jar, jtidy-r938.jar, jul-to-slf4j-2.0.6.jar, kafka-clients-3.3.1.jar, kryo-2.24.0.jar, lang-tag-1.7.jar, language-detector-0.6.jar, listenablefuture-9999.0-empty-to-avoid-conflict-with-guava.jar, log4j-api-2.19.0.jar, log4j-to-slf4j-2.19.0.jar, logback-classic-1.4.5.jar, logback-core-1.4.5.jar, lz4-java-1.8.0.jar, micrometer-commons-1.10.2.jar, micrometer-observation-1.10.2.jar, mimepull-1.9.15.jar, minlog-1.2.jar, mqtt-client-1.12.jar, nimbus-jose-jwt-9.30.1.jar, oauth2-oidc-sdk-9.43.1.jar, objenesis-3.3.jar, opennlp-tools-2.1.0.jar, osgi-resource-locator-1.0.3.jar, qudt-1.0.jar, rdf4j-model-3.5.0.jar, rdf4j-model-api-3.5.0.jar, rdf4j-model-vocabulary-3.5.0.jar, rdf4j-rio-api-3.5.0.jar, rdf4j-rio-datatypes-3.5.0.jar, rdf4j-rio-languages-3.5.0.jar, rdf4j-rio-rdfxml-3.5.0.jar, rdf4j-rio-turtle-3.5.0.jar, rdf4j-util-3.5.0.jar, reactive-streams-1.0.2.jar, rendersnake-1.9.0.jar, scala-java8-compat_2.11-0.7.0.jar, scala-library-2.13.10.jar, scala-parser-combinators_2.11-1.1.1.jar, scopt_2.11-3.5.0.jar, servlet-api-2.4.jar, slf4j-api-2.0.6.jar, snakeyaml-1.26.jar, snappy-java-1.1.7.7.jar, spring-aop-6.0.3.jar, spring-beans-6.0.3.jar, spring-boot-3.0.1.jar, spring-boot-autoconfigure-3.0.1.jar, spring-boot-starter-3.0.1.jar, spring-boot-starter-jersey-3.0.1.jar, spring-boot-starter-json-3.0.1.jar, spring-boot-starter-logging-3.0.1.jar, spring-boot-starter-oauth2-client-3.0.1.jar, spring-boot-starter-undertow-3.0.1.jar, spring-boot-starter-validation-3.0.1.jar, spring-bridge-3.0.3.jar, spring-context-6.0.3.jar, spring-context-support-6.0.3.jar, spring-core-6.0.3.jar, spring-expression-6.0.3.jar, spring-jcl-6.0.3.jar, spring-security-config-6.0.1.jar, spring-security-core-6.0.1.jar, spring-security-crypto-6.0.1.jar, spring-security-oauth2-client-6.0.1.jar, spring-security-oauth2-core-6.0.1.jar, spring-security-oauth2-jose-6.0.1.jar, spring-security-web-6.0.1.jar, spring-web-6.0.3.jar, ssl-config-core_2.11-0.3.7.jar, stax2-api-4.2.1.jar, streampipes-client-0.92.0-SNAPSHOT.jar, streampipes-commons-0.92.0-SNAPSHOT.jar, streampipes-config-0.92.0-SNAPSHOT.jar, streampipes-dataformat-0.92.0-SNAPSHOT.jar, streampipes-dataformat-cbor-0.92.0-SNAPSHOT.jar, streampipes-dataformat-fst-0.92.0-SNAPSHOT.jar, streampipes-dataformat-json-0.92.0-SNAPSHOT.jar, streampipes-dataformat-smile-0.92.0-SNAPSHOT.jar, streampipes-extensions-api-0.92.0-SNAPSHOT.jar, streampipes-extensions-management-0.92.0-SNAPSHOT.jar, streampipes-logging-0.92.0-SNAPSHOT.jar, streampipes-measurement-units-0.92.0-SNAPSHOT.jar, streampipes-messaging-0.92.0-SNAPSHOT.jar, streampipes-messaging-jms-0.92.0-SNAPSHOT.jar, streampipes-messaging-kafka-0.92.0-SNAPSHOT.jar, streampipes-messaging-mqtt-0.92.0-SNAPSHOT.jar, streampipes-messaging-nats-0.92.0-SNAPSHOT.jar, streampipes-model-0.92.0-SNAPSHOT.jar, streampipes-model-client-0.92.0-SNAPSHOT.jar, streampipes-model-shared-0.92.0-SNAPSHOT.jar, streampipes-processors-textmining-flink.jar, streampipes-rest-extensions-0.92.0-SNAPSHOT.jar, streampipes-rest-shared-0.92.0-SNAPSHOT.jar, streampipes-sdk-0.92.0-SNAPSHOT.jar, streampipes-sdk-bundle-0.92.0-SNAPSHOT.jar, streampipes-security-jwt-0.92.0-SNAPSHOT.jar, streampipes-serializers-json-0.92.0-SNAPSHOT.jar, streampipes-service-base-0.92.0-SNAPSHOT.jar, streampipes-service-discovery-0.92.0-SNAPSHOT.jar, streampipes-service-discovery-api-0.92.0-SNAPSHOT.jar, streampipes-service-discovery-consul-0.92.0-SNAPSHOT.jar, streampipes-service-extensions-0.92.0-SNAPSHOT.jar, streampipes-vocabulary-0.92.0-SNAPSHOT.jar, streampipes-wrapper-0.92.0-SNAPSHOT.jar, streampipes-wrapper-distributed-0.92.0-SNAPSHOT.jar, streampipes-wrapper-flink-0.92.0-SNAPSHOT.jar, tomcat-embed-el-10.1.4.jar, type-parser-0.7.0.jar, undertow-core-2.3.2.Final.jar, undertow-servlet-2.3.2.Final.jar, undertow-websockets-jsr-2.3.2.Final.jar, wildfly-client-config-1.0.1.Final.jar, wildfly-common-1.6.0.Final.jar, woodstox-core-6.4.0.jar, xnio-api-3.8.8.Final.jar, xnio-nio-3.8.8.Final.jar, zstd-jni-1.4.3-1.jar define 1 overlapping resource: 
[WARNING]   - META-INF/MANIFEST.MF
[WARNING] spring-aop-6.0.3.jar, spring-beans-6.0.3.jar, spring-boot-3.0.1.jar, spring-boot-autoconfigure-3.0.1.jar, spring-context-6.0.3.jar, spring-context-support-6.0.3.jar, spring-core-6.0.3.jar, spring-security-config-6.0.1.jar, spring-security-core-6.0.1.jar, spring-security-oauth2-client-6.0.1.jar, spring-security-web-6.0.1.jar, spring-web-6.0.3.jar define 1 overlapping resource: 
[WARNING]   - META-INF/spring/aot.factories
[WARNING] aopalliance-repackaged-3.0.3.jar, class-model-3.0.3.jar, hk2-3.0.3.jar, hk2-api-3.0.3.jar, hk2-core-3.0.3.jar, hk2-locator-3.0.3.jar, hk2-runlevel-3.0.3.jar, hk2-utils-3.0.3.jar, jakarta.activation-api-1.2.2.jar, jakarta.annotation-api-2.1.1.jar, jakarta.json-1.1.1.jar, jakarta.json-api-2.1.1.jar, jakarta.websocket-api-2.1.0.jar, jakarta.websocket-client-api-2.1.0.jar, jakarta.ws.rs-api-3.1.0.jar, jakarta.xml.bind-api-4.0.0.jar, jersey-bean-validation-3.1.0.jar, jersey-client-3.1.0.jar, jersey-common-3.1.0.jar, jersey-container-servlet-3.1.0.jar, jersey-container-servlet-core-3.1.0.jar, jersey-entity-filtering-3.1.0.jar, jersey-hk2-3.1.0.jar, jersey-media-json-jackson-3.1.0.jar, jersey-media-multipart-3.1.0.jar, jersey-server-3.1.0.jar, jersey-spring6-3.1.0.jar, mimepull-1.9.15.jar, spring-bridge-3.0.3.jar define 1 overlapping resource: 
[WARNING]   - META-INF/LICENSE.md
[WARNING] spring-boot-3.0.1.jar, spring-boot-autoconfigure-3.0.1.jar define 2 overlapping resources: 
[WARNING]   - META-INF/additional-spring-configuration-metadata.json
[WARNING]   - META-INF/spring-configuration-metadata.json
[WARNING] maven-shade-plugin has detected that some class files are
[WARNING] present in two or more JARs. When this happens, only one
[WARNING] single version of the class is copied to the uber jar.
[WARNING] Usually this is not harmful and you can skip these warnings,
[WARNING] otherwise try to manually exclude artifacts based on
[WARNING] mvn dependency:tree -Ddetail=true and the above output.
[WARNING] See https://maven.apache.org/plugins/maven-shade-plugin/
[INFO] Replacing original artifact with shaded artifact.
[INFO] Replacing /Users/arian/edu/kth/softfund_dd2480/assignment4/DD2480-Assignment-4/streampipes-extensions/streampipes-processors-text-mining-flink/target/streampipes-processors-textmining-flink.jar with /Users/arian/edu/kth/softfund_dd2480/assignment4/DD2480-Assignment-4/streampipes-extensions/streampipes-processors-text-mining-flink/target/streampipes-processors-text-mining-flink-0.92.0-SNAPSHOT-shaded.jar
[INFO] 
[INFO] --< org.apache.streampipes:streampipes-processors-transformation-flink >--
[INFO] Building streampipes-processors-transformation-flink 0.92.0-SNAPSHOT [85/94]
[INFO] --------------------------------[ jar ]---------------------------------
[INFO] 
[INFO] --- maven-clean-plugin:3.2.0:clean (default-clean) @ streampipes-processors-transformation-flink ---
[INFO] 
[INFO] --- maven-enforcer-plugin:3.1.0:enforce (enforce-maven-version) @ streampipes-processors-transformation-flink ---
[INFO] 
[INFO] --- maven-enforcer-plugin:3.1.0:enforce (enforce-java-version) @ streampipes-processors-transformation-flink ---
[INFO] 
[INFO] --- maven-enforcer-plugin:3.1.0:enforce (check-at-least-java-17) @ streampipes-processors-transformation-flink ---
[INFO] 
[INFO] --- maven-enforcer-plugin:3.1.0:enforce (enforce-version-convergence) @ streampipes-processors-transformation-flink ---
[INFO] 
[INFO] --- maven-checkstyle-plugin:3.2.1:check (validate) @ streampipes-processors-transformation-flink ---
[INFO] 
[INFO] --- maven-remote-resources-plugin:1.7.0:process (process-resource-bundles) @ streampipes-processors-transformation-flink ---
[INFO] Preparing remote bundle org.apache:apache-jar-resource-bundle:1.4
[INFO] Copying 3 resources from 1 bundle.
[INFO] 
[INFO] --- maven-resources-plugin:3.3.0:resources (default-resources) @ streampipes-processors-transformation-flink ---
[INFO] Copying 18 resources
[INFO] Copying 3 resources
[INFO] 
[INFO] --- maven-compiler-plugin:3.10.1:compile (default-compile) @ streampipes-processors-transformation-flink ---
[INFO] Changes detected - recompiling the module!
[INFO] Compiling 111 source files to /Users/arian/edu/kth/softfund_dd2480/assignment4/DD2480-Assignment-4/streampipes-extensions/streampipes-processors-transformation-flink/target/classes
[INFO] /Users/arian/edu/kth/softfund_dd2480/assignment4/DD2480-Assignment-4/streampipes-extensions/streampipes-processors-transformation-flink/src/main/java/org/apache/streampipes/processors/transformation/flink/processor/mapper/FieldMapperProgram.java: Some input files use or override a deprecated API.
[INFO] /Users/arian/edu/kth/softfund_dd2480/assignment4/DD2480-Assignment-4/streampipes-extensions/streampipes-processors-transformation-flink/src/main/java/org/apache/streampipes/processors/transformation/flink/processor/mapper/FieldMapperProgram.java: Recompile with -Xlint:deprecation for details.
[INFO] /Users/arian/edu/kth/softfund_dd2480/assignment4/DD2480-Assignment-4/streampipes-extensions/streampipes-processors-transformation-flink/src/main/java/org/apache/streampipes/processors/transformation/flink/processor/mapper/FieldMapperParameters.java: Some input files use or override a deprecated API that is marked for removal.
[INFO] /Users/arian/edu/kth/softfund_dd2480/assignment4/DD2480-Assignment-4/streampipes-extensions/streampipes-processors-transformation-flink/src/main/java/org/apache/streampipes/processors/transformation/flink/processor/mapper/FieldMapperParameters.java: Recompile with -Xlint:removal for details.
[INFO] /Users/arian/edu/kth/softfund_dd2480/assignment4/DD2480-Assignment-4/streampipes-extensions/streampipes-processors-transformation-flink/src/main/java/org/apache/streampipes/processors/transformation/flink/processor/mapper/FieldMapperProgram.java: Some input files use unchecked or unsafe operations.
[INFO] /Users/arian/edu/kth/softfund_dd2480/assignment4/DD2480-Assignment-4/streampipes-extensions/streampipes-processors-transformation-flink/src/main/java/org/apache/streampipes/processors/transformation/flink/processor/mapper/FieldMapperProgram.java: Recompile with -Xlint:unchecked for details.
[INFO] 
[INFO] --- maven-resources-plugin:3.3.0:testResources (default-testResources) @ streampipes-processors-transformation-flink ---
[INFO] skip non existing resourceDirectory /Users/arian/edu/kth/softfund_dd2480/assignment4/DD2480-Assignment-4/streampipes-extensions/streampipes-processors-transformation-flink/src/test/resources
[INFO] Copying 3 resources
[INFO] 
[INFO] --- maven-compiler-plugin:3.10.1:testCompile (default-testCompile) @ streampipes-processors-transformation-flink ---
[INFO] No sources to compile
[INFO] 
[INFO] --- maven-surefire-plugin:2.22.2:test (default-test) @ streampipes-processors-transformation-flink ---
[INFO] 
[INFO] --- maven-jar-plugin:3.3.0:jar (default-jar) @ streampipes-processors-transformation-flink ---
[INFO] Building jar: /Users/arian/edu/kth/softfund_dd2480/assignment4/DD2480-Assignment-4/streampipes-extensions/streampipes-processors-transformation-flink/target/streampipes-processors-transformation-flink.jar
[INFO] 
[INFO] --- maven-site-plugin:3.12.1:attach-descriptor (attach-descriptor) @ streampipes-processors-transformation-flink ---
[INFO] Skipping because packaging 'jar' is not pom.
[INFO] 
[INFO] --- maven-javadoc-plugin:3.4.1:jar (attach-javadocs) @ streampipes-processors-transformation-flink ---
[ERROR] Error fetching link: /Users/arian/edu/kth/softfund_dd2480/assignment4/DD2480-Assignment-4/streampipes-sdk-bundle/target/apidocs. Ignored it.
[INFO] No previous run data found, generating javadoc.
[WARNING] Javadoc Warnings
[WARNING] Loading source files for package org.apache.streampipes.processors.transformation.flink.config...
[WARNING] Loading source files for package org.apache.streampipes.processors.transformation.flink.processor.hasher.algorithm...
[WARNING] Loading source files for package org.apache.streampipes.processors.transformation.flink.processor.hasher...
[WARNING] Loading source files for package org.apache.streampipes.processors.transformation.flink.processor.converter...
[WARNING] Loading source files for package org.apache.streampipes.processors.transformation.flink.processor.mapper...
[WARNING] Loading source files for package org.apache.streampipes.processors.transformation.flink.processor.measurementunitonverter...
[WARNING] Loading source files for package org.apache.streampipes.processors.transformation.flink.processor.boilerplate...
[WARNING] Loading source files for package org.apache.streampipes.processors.transformation.flink.processor.rename...
[WARNING] Loading source files for package org.apache.streampipes.processors.transformation.flink...
[WARNING] Loading source files for package com.kohlschutter.boilerpipe.filters.heuristics...
[WARNING] Loading source files for package com.kohlschutter.boilerpipe.filters.simple...
[WARNING] Loading source files for package com.kohlschutter.boilerpipe.filters.english...
[WARNING] Loading source files for package com.kohlschutter.boilerpipe.filters.debug...
[WARNING] Loading source files for package com.kohlschutter.boilerpipe...
[WARNING] Loading source files for package com.kohlschutter.boilerpipe.util...
[WARNING] Loading source files for package com.kohlschutter.boilerpipe.sax...
[WARNING] Loading source files for package com.kohlschutter.boilerpipe.labels...
[WARNING] Loading source files for package com.kohlschutter.boilerpipe.document...
[WARNING] Loading source files for package com.kohlschutter.boilerpipe.estimators...
[WARNING] Loading source files for package com.kohlschutter.boilerpipe.conditions...
[WARNING] Loading source files for package com.kohlschutter.boilerpipe.extractors...
[WARNING] Constructing Javadoc information...
[WARNING] Building index for all the packages and classes...
[WARNING] Standard Doclet version 19.0.2
[WARNING] Building tree for all the packages and classes...
[WARNING] Generating /Users/arian/edu/kth/softfund_dd2480/assignment4/DD2480-Assignment-4/streampipes-extensions/streampipes-processors-transformation-flink/target/apidocs/org/apache/streampipes/processors/transformation/flink/AbstractFlinkTransformationProgram.html...
[WARNING] Generating /Users/arian/edu/kth/softfund_dd2480/assignment4/DD2480-Assignment-4/streampipes-extensions/streampipes-processors-transformation-flink/target/apidocs/com/kohlschutter/boilerpipe/filters/heuristics/AddPrecedingLabelsFilter.html...
[WARNING] /Users/arian/edu/kth/softfund_dd2480/assignment4/DD2480-Assignment-4/streampipes-extensions/streampipes-processors-transformation-flink/src/main/java/com/kohlschutter/boilerpipe/filters/heuristics/AddPrecedingLabelsFilter.java:42: warning: @param argument "maxBlocksDistance" is not a parameter name.
[WARNING] * @param maxBlocksDistance The maximum distance in blocks.
[WARNING] ^
[WARNING] /Users/arian/edu/kth/softfund_dd2480/assignment4/DD2480-Assignment-4/streampipes-extensions/streampipes-processors-transformation-flink/src/main/java/com/kohlschutter/boilerpipe/filters/heuristics/AddPrecedingLabelsFilter.java:43: warning: @param argument "contentOnly" is not a parameter name.
[WARNING] * @param contentOnly
[WARNING] ^
[WARNING] Generating /Users/arian/edu/kth/softfund_dd2480/assignment4/DD2480-Assignment-4/streampipes-extensions/streampipes-processors-transformation-flink/target/apidocs/com/kohlschutter/boilerpipe/extractors/ArticleExtractor.html...
[WARNING] Generating /Users/arian/edu/kth/softfund_dd2480/assignment4/DD2480-Assignment-4/streampipes-extensions/streampipes-processors-transformation-flink/target/apidocs/com/kohlschutter/boilerpipe/filters/heuristics/ArticleMetadataFilter.html...
[WARNING] Generating /Users/arian/edu/kth/softfund_dd2480/assignment4/DD2480-Assignment-4/streampipes-extensions/streampipes-processors-transformation-flink/target/apidocs/com/kohlschutter/boilerpipe/extractors/ArticleSentencesExtractor.html...
[WARNING] Generating /Users/arian/edu/kth/softfund_dd2480/assignment4/DD2480-Assignment-4/streampipes-extensions/streampipes-processors-transformation-flink/target/apidocs/com/kohlschutter/boilerpipe/filters/heuristics/BlockProximityFusion.html...
[WARNING] Generating /Users/arian/edu/kth/softfund_dd2480/assignment4/DD2480-Assignment-4/streampipes-extensions/streampipes-processors-transformation-flink/target/apidocs/com/kohlschutter/boilerpipe/BoilerpipeDocumentSource.html...
[WARNING] Generating /Users/arian/edu/kth/softfund_dd2480/assignment4/DD2480-Assignment-4/streampipes-extensions/streampipes-processors-transformation-flink/target/apidocs/com/kohlschutter/boilerpipe/BoilerpipeExtractor.html...
[WARNING] Generating /Users/arian/edu/kth/softfund_dd2480/assignment4/DD2480-Assignment-4/streampipes-extensions/streampipes-processors-transformation-flink/target/apidocs/com/kohlschutter/boilerpipe/BoilerpipeFilter.html...
[WARNING] Generating /Users/arian/edu/kth/softfund_dd2480/assignment4/DD2480-Assignment-4/streampipes-extensions/streampipes-processors-transformation-flink/target/apidocs/com/kohlschutter/boilerpipe/sax/BoilerpipeHTMLContentHandler.html...
[WARNING] Generating /Users/arian/edu/kth/softfund_dd2480/assignment4/DD2480-Assignment-4/streampipes-extensions/streampipes-processors-transformation-flink/target/apidocs/com/kohlschutter/boilerpipe/sax/BoilerpipeHTMLParser.html...
[WARNING] Generating /Users/arian/edu/kth/softfund_dd2480/assignment4/DD2480-Assignment-4/streampipes-extensions/streampipes-processors-transformation-flink/target/apidocs/com/kohlschutter/boilerpipe/BoilerpipeInput.html...
[WARNING] Generating /Users/arian/edu/kth/softfund_dd2480/assignment4/DD2480-Assignment-4/streampipes-extensions/streampipes-processors-transformation-flink/target/apidocs/com/kohlschutter/boilerpipe/BoilerpipeProcessingException.html...
[WARNING] Generating /Users/arian/edu/kth/softfund_dd2480/assignment4/DD2480-Assignment-4/streampipes-extensions/streampipes-processors-transformation-flink/target/apidocs/com/kohlschutter/boilerpipe/sax/BoilerpipeSAXInput.html...
[WARNING] Generating /Users/arian/edu/kth/softfund_dd2480/assignment4/DD2480-Assignment-4/streampipes-extensions/streampipes-processors-transformation-flink/target/apidocs/com/kohlschutter/boilerpipe/filters/simple/BoilerplateBlockFilter.html...
[WARNING] Generating /Users/arian/edu/kth/softfund_dd2480/assignment4/DD2480-Assignment-4/streampipes-extensions/streampipes-processors-transformation-flink/target/apidocs/org/apache/streampipes/processors/transformation/flink/processor/boilerplate/BoilerplateController.html...
[WARNING] Generating /Users/arian/edu/kth/softfund_dd2480/assignment4/DD2480-Assignment-4/streampipes-extensions/streampipes-processors-transformation-flink/target/apidocs/org/apache/streampipes/processors/transformation/flink/processor/boilerplate/BoilerplateParameters.html...
[WARNING] Generating /Users/arian/edu/kth/softfund_dd2480/assignment4/DD2480-Assignment-4/streampipes-extensions/streampipes-processors-transformation-flink/target/apidocs/org/apache/streampipes/processors/transformation/flink/processor/boilerplate/BoilerplateProgram.html...
[WARNING] Generating /Users/arian/edu/kth/softfund_dd2480/assignment4/DD2480-Assignment-4/streampipes-extensions/streampipes-processors-transformation-flink/target/apidocs/org/apache/streampipes/processors/transformation/flink/processor/boilerplate/BoilerplateRemover.html...
[WARNING] Generating /Users/arian/edu/kth/softfund_dd2480/assignment4/DD2480-Assignment-4/streampipes-extensions/streampipes-processors-transformation-flink/target/apidocs/com/kohlschutter/boilerpipe/extractors/CanolaExtractor.html...
[WARNING] Generating /Users/arian/edu/kth/softfund_dd2480/assignment4/DD2480-Assignment-4/streampipes-extensions/streampipes-processors-transformation-flink/target/apidocs/com/kohlschutter/boilerpipe/extractors/CommonExtractors.html...
[WARNING] Generating /Users/arian/edu/kth/softfund_dd2480/assignment4/DD2480-Assignment-4/streampipes-extensions/streampipes-processors-transformation-flink/target/apidocs/com/kohlschutter/boilerpipe/sax/CommonTagActions.html...
[WARNING] Generating /Users/arian/edu/kth/softfund_dd2480/assignment4/DD2480-Assignment-4/streampipes-extensions/streampipes-processors-transformation-flink/target/apidocs/com/kohlschutter/boilerpipe/sax/CommonTagActions.BlockTagLabelAction.html...
[WARNING] Generating /Users/arian/edu/kth/softfund_dd2480/assignment4/DD2480-Assignment-4/streampipes-extensions/streampipes-processors-transformation-flink/target/apidocs/com/kohlschutter/boilerpipe/sax/CommonTagActions.Chained.html...
[WARNING] Generating /Users/arian/edu/kth/softfund_dd2480/assignment4/DD2480-Assignment-4/streampipes-extensions/streampipes-processors-transformation-flink/target/apidocs/com/kohlschutter/boilerpipe/sax/CommonTagActions.InlineTagLabelAction.html...
[WARNING] Generating /Users/arian/edu/kth/softfund_dd2480/assignment4/DD2480-Assignment-4/streampipes-extensions/streampipes-processors-transformation-flink/target/apidocs/com/kohlschutter/boilerpipe/labels/ConditionalLabelAction.html...
[WARNING] Generating /Users/arian/edu/kth/softfund_dd2480/assignment4/DD2480-Assignment-4/streampipes-extensions/streampipes-processors-transformation-flink/target/apidocs/org/apache/streampipes/processors/transformation/flink/config/ConfigKeys.html...
[WARNING] Generating /Users/arian/edu/kth/softfund_dd2480/assignment4/DD2480-Assignment-4/streampipes-extensions/streampipes-processors-transformation-flink/target/apidocs/com/kohlschutter/boilerpipe/filters/heuristics/ContentFusion.html...
[WARNING] Generating /Users/arian/edu/kth/softfund_dd2480/assignment4/DD2480-Assignment-4/streampipes-extensions/streampipes-processors-transformation-flink/target/apidocs/com/kohlschutter/boilerpipe/extractors/DefaultExtractor.html...
[WARNING] Generating /Users/arian/edu/kth/softfund_dd2480/assignment4/DD2480-Assignment-4/streampipes-extensions/streampipes-processors-transformation-flink/target/apidocs/com/kohlschutter/boilerpipe/labels/DefaultLabels.html...
[WARNING] Generating /Users/arian/edu/kth/softfund_dd2480/assignment4/DD2480-Assignment-4/streampipes-extensions/streampipes-processors-transformation-flink/target/apidocs/com/kohlschutter/boilerpipe/sax/DefaultTagActionMap.html...
[WARNING] Generating /Users/arian/edu/kth/softfund_dd2480/assignment4/DD2480-Assignment-4/streampipes-extensions/streampipes-processors-transformation-flink/target/apidocs/com/kohlschutter/boilerpipe/filters/english/DensityRulesClassifier.html...
[WARNING] Generating /Users/arian/edu/kth/softfund_dd2480/assignment4/DD2480-Assignment-4/streampipes-extensions/streampipes-processors-transformation-flink/target/apidocs/com/kohlschutter/boilerpipe/filters/heuristics/DocumentTitleMatchClassifier.html...
[WARNING] Generating /Users/arian/edu/kth/softfund_dd2480/assignment4/DD2480-Assignment-4/streampipes-extensions/streampipes-processors-transformation-flink/target/apidocs/com/kohlschutter/boilerpipe/filters/heuristics/ExpandTitleToContentFilter.html...
[WARNING] Generating /Users/arian/edu/kth/softfund_dd2480/assignment4/DD2480-Assignment-4/streampipes-extensions/streampipes-processors-transformation-flink/target/apidocs/com/kohlschutter/boilerpipe/extractors/ExtractorBase.html...
[WARNING] Generating /Users/arian/edu/kth/softfund_dd2480/assignment4/DD2480-Assignment-4/streampipes-extensions/streampipes-processors-transformation-flink/target/apidocs/org/apache/streampipes/processors/transformation/flink/processor/boilerplate/ExtractorMode.html...
[WARNING] Generating /Users/arian/edu/kth/softfund_dd2480/assignment4/DD2480-Assignment-4/streampipes-extensions/streampipes-processors-transformation-flink/target/apidocs/org/apache/streampipes/processors/transformation/flink/processor/converter/FieldConverter.html...
[WARNING] Generating /Users/arian/edu/kth/softfund_dd2480/assignment4/DD2480-Assignment-4/streampipes-extensions/streampipes-processors-transformation-flink/target/apidocs/org/apache/streampipes/processors/transformation/flink/processor/converter/FieldConverterController.html...
[WARNING] Generating /Users/arian/edu/kth/softfund_dd2480/assignment4/DD2480-Assignment-4/streampipes-extensions/streampipes-processors-transformation-flink/target/apidocs/org/apache/streampipes/processors/transformation/flink/processor/converter/FieldConverterParameters.html...
[WARNING] Generating /Users/arian/edu/kth/softfund_dd2480/assignment4/DD2480-Assignment-4/streampipes-extensions/streampipes-processors-transformation-flink/target/apidocs/org/apache/streampipes/processors/transformation/flink/processor/converter/FieldConverterProgram.html...
[WARNING] Generating /Users/arian/edu/kth/softfund_dd2480/assignment4/DD2480-Assignment-4/streampipes-extensions/streampipes-processors-transformation-flink/target/apidocs/org/apache/streampipes/processors/transformation/flink/processor/hasher/FieldHasher.html...
[WARNING] Generating /Users/arian/edu/kth/softfund_dd2480/assignment4/DD2480-Assignment-4/streampipes-extensions/streampipes-processors-transformation-flink/target/apidocs/org/apache/streampipes/processors/transformation/flink/processor/hasher/FieldHasherController.html...
[WARNING] Generating /Users/arian/edu/kth/softfund_dd2480/assignment4/DD2480-Assignment-4/streampipes-extensions/streampipes-processors-transformation-flink/target/apidocs/org/apache/streampipes/processors/transformation/flink/processor/hasher/FieldHasherParameters.html...
[WARNING] Generating /Users/arian/edu/kth/softfund_dd2480/assignment4/DD2480-Assignment-4/streampipes-extensions/streampipes-processors-transformation-flink/target/apidocs/org/apache/streampipes/processors/transformation/flink/processor/hasher/FieldHasherProgram.html...
[WARNING] Generating /Users/arian/edu/kth/softfund_dd2480/assignment4/DD2480-Assignment-4/streampipes-extensions/streampipes-processors-transformation-flink/target/apidocs/org/apache/streampipes/processors/transformation/flink/processor/mapper/FieldMapper.html...
[WARNING] Generating /Users/arian/edu/kth/softfund_dd2480/assignment4/DD2480-Assignment-4/streampipes-extensions/streampipes-processors-transformation-flink/target/apidocs/org/apache/streampipes/processors/transformation/flink/processor/mapper/FieldMapperController.html...
[WARNING] Generating /Users/arian/edu/kth/softfund_dd2480/assignment4/DD2480-Assignment-4/streampipes-extensions/streampipes-processors-transformation-flink/target/apidocs/org/apache/streampipes/processors/transformation/flink/processor/mapper/FieldMapperParameters.html...
[WARNING] Generating /Users/arian/edu/kth/softfund_dd2480/assignment4/DD2480-Assignment-4/streampipes-extensions/streampipes-processors-transformation-flink/target/apidocs/org/apache/streampipes/processors/transformation/flink/processor/mapper/FieldMapperProgram.html...
[WARNING] Generating /Users/arian/edu/kth/softfund_dd2480/assignment4/DD2480-Assignment-4/streampipes-extensions/streampipes-processors-transformation-flink/target/apidocs/org/apache/streampipes/processors/transformation/flink/processor/rename/FieldRenamer.html...
[WARNING] Generating /Users/arian/edu/kth/softfund_dd2480/assignment4/DD2480-Assignment-4/streampipes-extensions/streampipes-processors-transformation-flink/target/apidocs/org/apache/streampipes/processors/transformation/flink/processor/rename/FieldRenamerController.html...
[WARNING] Generating /Users/arian/edu/kth/softfund_dd2480/assignment4/DD2480-Assignment-4/streampipes-extensions/streampipes-processors-transformation-flink/target/apidocs/org/apache/streampipes/processors/transformation/flink/processor/rename/FieldRenamerParameters.html...
[WARNING] Generating /Users/arian/edu/kth/softfund_dd2480/assignment4/DD2480-Assignment-4/streampipes-extensions/streampipes-processors-transformation-flink/target/apidocs/org/apache/streampipes/processors/transformation/flink/processor/rename/FieldRenamerProgram.html...
[WARNING] Generating /Users/arian/edu/kth/softfund_dd2480/assignment4/DD2480-Assignment-4/streampipes-extensions/streampipes-processors-transformation-flink/target/apidocs/org/apache/streampipes/processors/transformation/flink/processor/hasher/algorithm/HashAlgorithm.html...
[WARNING] Generating /Users/arian/edu/kth/softfund_dd2480/assignment4/DD2480-Assignment-4/streampipes-extensions/streampipes-processors-transformation-flink/target/apidocs/org/apache/streampipes/processors/transformation/flink/processor/hasher/algorithm/HashAlgorithmType.html...
[WARNING] Generating /Users/arian/edu/kth/softfund_dd2480/assignment4/DD2480-Assignment-4/streampipes-extensions/streampipes-processors-transformation-flink/target/apidocs/com/kohlschutter/boilerpipe/sax/HTMLDocument.html...
[WARNING] Generating /Users/arian/edu/kth/softfund_dd2480/assignment4/DD2480-Assignment-4/streampipes-extensions/streampipes-processors-transformation-flink/target/apidocs/com/kohlschutter/boilerpipe/sax/HTMLFetcher.html...
[WARNING] Generating /Users/arian/edu/kth/softfund_dd2480/assignment4/DD2480-Assignment-4/streampipes-extensions/streampipes-processors-transformation-flink/target/apidocs/com/kohlschutter/boilerpipe/sax/HTMLHighlighter.html...
[WARNING] /Users/arian/edu/kth/softfund_dd2480/assignment4/DD2480-Assignment-4/streampipes-extensions/streampipes-processors-transformation-flink/src/main/java/com/kohlschutter/boilerpipe/sax/HTMLHighlighter.java:138: warning: @param argument "doc" is not a parameter name.
[WARNING] * @param doc The processed {@link TextDocument}.
[WARNING] ^
[WARNING] /Users/arian/edu/kth/softfund_dd2480/assignment4/DD2480-Assignment-4/streampipes-extensions/streampipes-processors-transformation-flink/src/main/java/com/kohlschutter/boilerpipe/sax/HTMLHighlighter.java:139: warning: @param argument "is" is not a parameter name.
[WARNING] * @param is The original HTML document.
[WARNING] ^
[WARNING] Generating /Users/arian/edu/kth/softfund_dd2480/assignment4/DD2480-Assignment-4/streampipes-extensions/streampipes-processors-transformation-flink/target/apidocs/com/kohlschutter/boilerpipe/filters/english/IgnoreBlocksAfterContentFilter.html...
[WARNING] Generating /Users/arian/edu/kth/softfund_dd2480/assignment4/DD2480-Assignment-4/streampipes-extensions/streampipes-processors-transformation-flink/target/apidocs/com/kohlschutter/boilerpipe/filters/english/IgnoreBlocksAfterContentFromEndFilter.html...
[WARNING] Generating /Users/arian/edu/kth/softfund_dd2480/assignment4/DD2480-Assignment-4/streampipes-extensions/streampipes-processors-transformation-flink/target/apidocs/com/kohlschutter/boilerpipe/document/Image.html...
[WARNING] Generating /Users/arian/edu/kth/softfund_dd2480/assignment4/DD2480-Assignment-4/streampipes-extensions/streampipes-processors-transformation-flink/target/apidocs/com/kohlschutter/boilerpipe/sax/ImageExtractor.html...
[WARNING] /Users/arian/edu/kth/softfund_dd2480/assignment4/DD2480-Assignment-4/streampipes-extensions/streampipes-processors-transformation-flink/src/main/java/com/kohlschutter/boilerpipe/sax/ImageExtractor.java:78: warning: @param argument "origHTML" is not a parameter name.
[WARNING] * @param origHTML The original HTML document.
[WARNING] ^
[WARNING] /Users/arian/edu/kth/softfund_dd2480/assignment4/DD2480-Assignment-4/streampipes-extensions/streampipes-processors-transformation-flink/src/main/java/com/kohlschutter/boilerpipe/sax/ImageExtractor.java:94: warning: @param argument "doc" is not a parameter name.
[WARNING] * @param doc The processed {@link TextDocument}.
[WARNING] ^
[WARNING] /Users/arian/edu/kth/softfund_dd2480/assignment4/DD2480-Assignment-4/streampipes-extensions/streampipes-processors-transformation-flink/src/main/java/com/kohlschutter/boilerpipe/sax/ImageExtractor.java:95: warning: @param argument "is" is not a parameter name.
[WARNING] * @param is The original HTML document.
[WARNING] ^
[WARNING] Generating /Users/arian/edu/kth/softfund_dd2480/assignment4/DD2480-Assignment-4/streampipes-extensions/streampipes-processors-transformation-flink/target/apidocs/com/kohlschutter/boilerpipe/sax/InputSourceable.html...
[WARNING] Generating /Users/arian/edu/kth/softfund_dd2480/assignment4/DD2480-Assignment-4/streampipes-extensions/streampipes-processors-transformation-flink/target/apidocs/com/kohlschutter/boilerpipe/filters/simple/InvertedFilter.html...
[WARNING] Generating /Users/arian/edu/kth/softfund_dd2480/assignment4/DD2480-Assignment-4/streampipes-extensions/streampipes-processors-transformation-flink/target/apidocs/com/kohlschutter/boilerpipe/extractors/KeepEverythingExtractor.html...
[WARNING] Generating /Users/arian/edu/kth/softfund_dd2480/assignment4/DD2480-Assignment-4/streampipes-extensions/streampipes-processors-transformation-flink/target/apidocs/com/kohlschutter/boilerpipe/extractors/KeepEverythingWithMinKWordsExtractor.html...
[WARNING] Generating /Users/arian/edu/kth/softfund_dd2480/assignment4/DD2480-Assignment-4/streampipes-extensions/streampipes-processors-transformation-flink/target/apidocs/com/kohlschutter/boilerpipe/filters/heuristics/KeepLargestBlockFilter.html...
[WARNING] Generating /Users/arian/edu/kth/softfund_dd2480/assignment4/DD2480-Assignment-4/streampipes-extensions/streampipes-processors-transformation-flink/target/apidocs/com/kohlschutter/boilerpipe/filters/english/KeepLargestFulltextBlockFilter.html...
[WARNING] Generating /Users/arian/edu/kth/softfund_dd2480/assignment4/DD2480-Assignment-4/streampipes-extensions/streampipes-processors-transformation-flink/target/apidocs/com/kohlschutter/boilerpipe/labels/LabelAction.html...
[WARNING] Generating /Users/arian/edu/kth/softfund_dd2480/assignment4/DD2480-Assignment-4/streampipes-extensions/streampipes-processors-transformation-flink/target/apidocs/com/kohlschutter/boilerpipe/filters/heuristics/LabelFusion.html...
[WARNING] Generating /Users/arian/edu/kth/softfund_dd2480/assignment4/DD2480-Assignment-4/streampipes-extensions/streampipes-processors-transformation-flink/target/apidocs/com/kohlschutter/boilerpipe/filters/simple/LabelToBoilerplateFilter.html...
[WARNING] Generating /Users/arian/edu/kth/softfund_dd2480/assignment4/DD2480-Assignment-4/streampipes-extensions/streampipes-processors-transformation-flink/target/apidocs/com/kohlschutter/boilerpipe/filters/simple/LabelToContentFilter.html...
[WARNING] Generating /Users/arian/edu/kth/softfund_dd2480/assignment4/DD2480-Assignment-4/streampipes-extensions/streampipes-processors-transformation-flink/target/apidocs/com/kohlschutter/boilerpipe/filters/heuristics/LargeBlockSameTagLevelToContentFilter.html...
[WARNING] Generating /Users/arian/edu/kth/softfund_dd2480/assignment4/DD2480-Assignment-4/streampipes-extensions/streampipes-processors-transformation-flink/target/apidocs/com/kohlschutter/boilerpipe/extractors/LargestContentExtractor.html...
[WARNING] Generating /Users/arian/edu/kth/softfund_dd2480/assignment4/DD2480-Assignment-4/streampipes-extensions/streampipes-processors-transformation-flink/target/apidocs/com/kohlschutter/boilerpipe/filters/heuristics/ListAtEndFilter.html...
[WARNING] Generating /Users/arian/edu/kth/softfund_dd2480/assignment4/DD2480-Assignment-4/streampipes-extensions/streampipes-processors-transformation-flink/target/apidocs/com/kohlschutter/boilerpipe/filters/simple/MarkEverythingBoilerplateFilter.html...
[WARNING] Generating /Users/arian/edu/kth/softfund_dd2480/assignment4/DD2480-Assignment-4/streampipes-extensions/streampipes-processors-transformation-flink/target/apidocs/com/kohlschutter/boilerpipe/filters/simple/MarkEverythingContentFilter.html...
[WARNING] Generating /Users/arian/edu/kth/softfund_dd2480/assignment4/DD2480-Assignment-4/streampipes-extensions/streampipes-processors-transformation-flink/target/apidocs/com/kohlschutter/boilerpipe/sax/MarkupTagAction.html...
[WARNING] Generating /Users/arian/edu/kth/softfund_dd2480/assignment4/DD2480-Assignment-4/streampipes-extensions/streampipes-processors-transformation-flink/target/apidocs/org/apache/streampipes/processors/transformation/flink/processor/hasher/algorithm/Md5HashAlgorithm.html...
[WARNING] Generating /Users/arian/edu/kth/softfund_dd2480/assignment4/DD2480-Assignment-4/streampipes-extensions/streampipes-processors-transformation-flink/target/apidocs/org/apache/streampipes/processors/transformation/flink/processor/measurementunitonverter/MeasurementUnitConverter.html...
[WARNING] Generating /Users/arian/edu/kth/softfund_dd2480/assignment4/DD2480-Assignment-4/streampipes-extensions/streampipes-processors-transformation-flink/target/apidocs/org/apache/streampipes/processors/transformation/flink/processor/measurementunitonverter/MeasurementUnitConverterController.html...
[WARNING] Generating /Users/arian/edu/kth/softfund_dd2480/assignment4/DD2480-Assignment-4/streampipes-extensions/streampipes-processors-transformation-flink/target/apidocs/org/apache/streampipes/processors/transformation/flink/processor/measurementunitonverter/MeasurementUnitConverterParameters.html...
[WARNING] Generating /Users/arian/edu/kth/softfund_dd2480/assignment4/DD2480-Assignment-4/streampipes-extensions/streampipes-processors-transformation-flink/target/apidocs/org/apache/streampipes/processors/transformation/flink/processor/measurementunitonverter/MeasurementUnitConverterProgram.html...
[WARNING] Generating /Users/arian/edu/kth/softfund_dd2480/assignment4/DD2480-Assignment-4/streampipes-extensions/streampipes-processors-transformation-flink/target/apidocs/com/kohlschutter/boilerpipe/filters/simple/MinClauseWordsFilter.html...
[WARNING] Generating /Users/arian/edu/kth/softfund_dd2480/assignment4/DD2480-Assignment-4/streampipes-extensions/streampipes-processors-transformation-flink/target/apidocs/com/kohlschutter/boilerpipe/filters/english/MinFulltextWordsFilter.html...
[WARNING] Generating /Users/arian/edu/kth/softfund_dd2480/assignment4/DD2480-Assignment-4/streampipes-extensions/streampipes-processors-transformation-flink/target/apidocs/com/kohlschutter/boilerpipe/filters/simple/MinWordsFilter.html...
[WARNING] Generating /Users/arian/edu/kth/softfund_dd2480/assignment4/DD2480-Assignment-4/streampipes-extensions/streampipes-processors-transformation-flink/target/apidocs/com/kohlschutter/boilerpipe/filters/english/NumWordsRulesClassifier.html...
[WARNING] Generating /Users/arian/edu/kth/softfund_dd2480/assignment4/DD2480-Assignment-4/streampipes-extensions/streampipes-processors-transformation-flink/target/apidocs/com/kohlschutter/boilerpipe/extractors/NumWordsRulesExtractor.html...
[WARNING] Generating /Users/arian/edu/kth/softfund_dd2480/assignment4/DD2480-Assignment-4/streampipes-extensions/streampipes-processors-transformation-flink/target/apidocs/org/apache/streampipes/processors/transformation/flink/processor/boilerplate/OutputMode.html...
[WARNING] Generating /Users/arian/edu/kth/softfund_dd2480/assignment4/DD2480-Assignment-4/streampipes-extensions/streampipes-processors-transformation-flink/target/apidocs/com/kohlschutter/boilerpipe/filters/debug/PrintDebugFilter.html...
[WARNING] Generating /Users/arian/edu/kth/softfund_dd2480/assignment4/DD2480-Assignment-4/streampipes-extensions/streampipes-processors-transformation-flink/target/apidocs/org/apache/streampipes/processors/transformation/flink/processor/hasher/algorithm/Sha1HashAlgorithm.html...
[WARNING] Generating /Users/arian/edu/kth/softfund_dd2480/assignment4/DD2480-Assignment-4/streampipes-extensions/streampipes-processors-transformation-flink/target/apidocs/org/apache/streampipes/processors/transformation/flink/processor/hasher/algorithm/Sha2HashAlgorithm.html...
[WARNING] Generating /Users/arian/edu/kth/softfund_dd2480/assignment4/DD2480-Assignment-4/streampipes-extensions/streampipes-processors-transformation-flink/target/apidocs/com/kohlschutter/boilerpipe/filters/heuristics/SimpleBlockFusionProcessor.html...
[WARNING] Generating /Users/arian/edu/kth/softfund_dd2480/assignment4/DD2480-Assignment-4/streampipes-extensions/streampipes-processors-transformation-flink/target/apidocs/com/kohlschutter/boilerpipe/estimators/SimpleEstimator.html...
[WARNING] Generating /Users/arian/edu/kth/softfund_dd2480/assignment4/DD2480-Assignment-4/streampipes-extensions/streampipes-processors-transformation-flink/target/apidocs/com/kohlschutter/boilerpipe/filters/simple/SplitParagraphBlocksFilter.html...
[WARNING] Generating /Users/arian/edu/kth/softfund_dd2480/assignment4/DD2480-Assignment-4/streampipes-extensions/streampipes-processors-transformation-flink/target/apidocs/com/kohlschutter/boilerpipe/filters/simple/SurroundingToContentFilter.html...
[WARNING] Generating /Users/arian/edu/kth/softfund_dd2480/assignment4/DD2480-Assignment-4/streampipes-extensions/streampipes-processors-transformation-flink/target/apidocs/com/kohlschutter/boilerpipe/sax/TagAction.html...
[WARNING] Generating /Users/arian/edu/kth/softfund_dd2480/assignment4/DD2480-Assignment-4/streampipes-extensions/streampipes-processors-transformation-flink/target/apidocs/com/kohlschutter/boilerpipe/sax/TagActionMap.html...
[WARNING] Generating /Users/arian/edu/kth/softfund_dd2480/assignment4/DD2480-Assignment-4/streampipes-extensions/streampipes-processors-transformation-flink/target/apidocs/com/kohlschutter/boilerpipe/filters/english/TerminatingBlocksFinder.html...
[WARNING] Generating /Users/arian/edu/kth/softfund_dd2480/assignment4/DD2480-Assignment-4/streampipes-extensions/streampipes-processors-transformation-flink/target/apidocs/com/kohlschutter/boilerpipe/document/TextBlock.html...
[WARNING] Generating /Users/arian/edu/kth/softfund_dd2480/assignment4/DD2480-Assignment-4/streampipes-extensions/streampipes-processors-transformation-flink/target/apidocs/com/kohlschutter/boilerpipe/conditions/TextBlockCondition.html...
[WARNING] /Users/arian/edu/kth/softfund_dd2480/assignment4/DD2480-Assignment-4/streampipes-extensions/streampipes-processors-transformation-flink/src/main/java/com/kohlschutter/boilerpipe/conditions/TextBlockCondition.java:33: warning: invalid input: '<'
[WARNING] * @return <code><true</code> iff the condition is met.
[WARNING] ^
[WARNING] Generating /Users/arian/edu/kth/softfund_dd2480/assignment4/DD2480-Assignment-4/streampipes-extensions/streampipes-processors-transformation-flink/target/apidocs/com/kohlschutter/boilerpipe/document/TextDocument.html...
[WARNING] Generating /Users/arian/edu/kth/softfund_dd2480/assignment4/DD2480-Assignment-4/streampipes-extensions/streampipes-processors-transformation-flink/target/apidocs/com/kohlschutter/boilerpipe/document/TextDocumentStatistics.html...
[WARNING] Generating /Users/arian/edu/kth/softfund_dd2480/assignment4/DD2480-Assignment-4/streampipes-extensions/streampipes-processors-transformation-flink/target/apidocs/com/kohlschutter/boilerpipe/filters/heuristics/TrailingHeadlineToBoilerplateFilter.html...
[WARNING] Generating /Users/arian/edu/kth/softfund_dd2480/assignment4/DD2480-Assignment-4/streampipes-extensions/streampipes-processors-transformation-flink/target/apidocs/org/apache/streampipes/processors/transformation/flink/TransformationFlinkInit.html...
[WARNING] Generating /Users/arian/edu/kth/softfund_dd2480/assignment4/DD2480-Assignment-4/streampipes-extensions/streampipes-processors-transformation-flink/target/apidocs/com/kohlschutter/boilerpipe/util/UnicodeTokenizer.html...
[WARNING] Generating /Users/arian/edu/kth/softfund_dd2480/assignment4/DD2480-Assignment-4/streampipes-extensions/streampipes-processors-transformation-flink/target/apidocs/com/kohlschutter/boilerpipe/package-summary.html...
[WARNING] Generating /Users/arian/edu/kth/softfund_dd2480/assignment4/DD2480-Assignment-4/streampipes-extensions/streampipes-processors-transformation-flink/target/apidocs/com/kohlschutter/boilerpipe/package-tree.html...
[WARNING] Generating /Users/arian/edu/kth/softfund_dd2480/assignment4/DD2480-Assignment-4/streampipes-extensions/streampipes-processors-transformation-flink/target/apidocs/com/kohlschutter/boilerpipe/conditions/package-summary.html...
[WARNING] Generating /Users/arian/edu/kth/softfund_dd2480/assignment4/DD2480-Assignment-4/streampipes-extensions/streampipes-processors-transformation-flink/target/apidocs/com/kohlschutter/boilerpipe/conditions/package-tree.html...
[WARNING] Generating /Users/arian/edu/kth/softfund_dd2480/assignment4/DD2480-Assignment-4/streampipes-extensions/streampipes-processors-transformation-flink/target/apidocs/com/kohlschutter/boilerpipe/document/package-summary.html...
[WARNING] Generating /Users/arian/edu/kth/softfund_dd2480/assignment4/DD2480-Assignment-4/streampipes-extensions/streampipes-processors-transformation-flink/target/apidocs/com/kohlschutter/boilerpipe/document/package-tree.html...
[WARNING] Generating /Users/arian/edu/kth/softfund_dd2480/assignment4/DD2480-Assignment-4/streampipes-extensions/streampipes-processors-transformation-flink/target/apidocs/com/kohlschutter/boilerpipe/estimators/package-summary.html...
[WARNING] Generating /Users/arian/edu/kth/softfund_dd2480/assignment4/DD2480-Assignment-4/streampipes-extensions/streampipes-processors-transformation-flink/target/apidocs/com/kohlschutter/boilerpipe/estimators/package-tree.html...
[WARNING] Generating /Users/arian/edu/kth/softfund_dd2480/assignment4/DD2480-Assignment-4/streampipes-extensions/streampipes-processors-transformation-flink/target/apidocs/com/kohlschutter/boilerpipe/extractors/package-summary.html...
[WARNING] Generating /Users/arian/edu/kth/softfund_dd2480/assignment4/DD2480-Assignment-4/streampipes-extensions/streampipes-processors-transformation-flink/target/apidocs/com/kohlschutter/boilerpipe/extractors/package-tree.html...
[WARNING] Generating /Users/arian/edu/kth/softfund_dd2480/assignment4/DD2480-Assignment-4/streampipes-extensions/streampipes-processors-transformation-flink/target/apidocs/com/kohlschutter/boilerpipe/filters/debug/package-summary.html...
[WARNING] Generating /Users/arian/edu/kth/softfund_dd2480/assignment4/DD2480-Assignment-4/streampipes-extensions/streampipes-processors-transformation-flink/target/apidocs/com/kohlschutter/boilerpipe/filters/debug/package-tree.html...
[WARNING] Generating /Users/arian/edu/kth/softfund_dd2480/assignment4/DD2480-Assignment-4/streampipes-extensions/streampipes-processors-transformation-flink/target/apidocs/com/kohlschutter/boilerpipe/filters/english/package-summary.html...
[WARNING] Generating /Users/arian/edu/kth/softfund_dd2480/assignment4/DD2480-Assignment-4/streampipes-extensions/streampipes-processors-transformation-flink/target/apidocs/com/kohlschutter/boilerpipe/filters/english/package-tree.html...
[WARNING] Generating /Users/arian/edu/kth/softfund_dd2480/assignment4/DD2480-Assignment-4/streampipes-extensions/streampipes-processors-transformation-flink/target/apidocs/com/kohlschutter/boilerpipe/filters/heuristics/package-summary.html...
[WARNING] Generating /Users/arian/edu/kth/softfund_dd2480/assignment4/DD2480-Assignment-4/streampipes-extensions/streampipes-processors-transformation-flink/target/apidocs/com/kohlschutter/boilerpipe/filters/heuristics/package-tree.html...
[WARNING] Generating /Users/arian/edu/kth/softfund_dd2480/assignment4/DD2480-Assignment-4/streampipes-extensions/streampipes-processors-transformation-flink/target/apidocs/com/kohlschutter/boilerpipe/filters/simple/package-summary.html...
[WARNING] Generating /Users/arian/edu/kth/softfund_dd2480/assignment4/DD2480-Assignment-4/streampipes-extensions/streampipes-processors-transformation-flink/target/apidocs/com/kohlschutter/boilerpipe/filters/simple/package-tree.html...
[WARNING] Generating /Users/arian/edu/kth/softfund_dd2480/assignment4/DD2480-Assignment-4/streampipes-extensions/streampipes-processors-transformation-flink/target/apidocs/com/kohlschutter/boilerpipe/labels/package-summary.html...
[WARNING] Generating /Users/arian/edu/kth/softfund_dd2480/assignment4/DD2480-Assignment-4/streampipes-extensions/streampipes-processors-transformation-flink/target/apidocs/com/kohlschutter/boilerpipe/labels/package-tree.html...
[WARNING] Generating /Users/arian/edu/kth/softfund_dd2480/assignment4/DD2480-Assignment-4/streampipes-extensions/streampipes-processors-transformation-flink/target/apidocs/com/kohlschutter/boilerpipe/sax/package-summary.html...
[WARNING] Generating /Users/arian/edu/kth/softfund_dd2480/assignment4/DD2480-Assignment-4/streampipes-extensions/streampipes-processors-transformation-flink/target/apidocs/com/kohlschutter/boilerpipe/sax/package-tree.html...
[WARNING] Generating /Users/arian/edu/kth/softfund_dd2480/assignment4/DD2480-Assignment-4/streampipes-extensions/streampipes-processors-transformation-flink/target/apidocs/com/kohlschutter/boilerpipe/util/package-summary.html...
[WARNING] Generating /Users/arian/edu/kth/softfund_dd2480/assignment4/DD2480-Assignment-4/streampipes-extensions/streampipes-processors-transformation-flink/target/apidocs/com/kohlschutter/boilerpipe/util/package-tree.html...
[WARNING] Generating /Users/arian/edu/kth/softfund_dd2480/assignment4/DD2480-Assignment-4/streampipes-extensions/streampipes-processors-transformation-flink/target/apidocs/org/apache/streampipes/processors/transformation/flink/package-summary.html...
[WARNING] Generating /Users/arian/edu/kth/softfund_dd2480/assignment4/DD2480-Assignment-4/streampipes-extensions/streampipes-processors-transformation-flink/target/apidocs/org/apache/streampipes/processors/transformation/flink/package-tree.html...
[WARNING] Generating /Users/arian/edu/kth/softfund_dd2480/assignment4/DD2480-Assignment-4/streampipes-extensions/streampipes-processors-transformation-flink/target/apidocs/org/apache/streampipes/processors/transformation/flink/config/package-summary.html...
[WARNING] Generating /Users/arian/edu/kth/softfund_dd2480/assignment4/DD2480-Assignment-4/streampipes-extensions/streampipes-processors-transformation-flink/target/apidocs/org/apache/streampipes/processors/transformation/flink/config/package-tree.html...
[WARNING] Generating /Users/arian/edu/kth/softfund_dd2480/assignment4/DD2480-Assignment-4/streampipes-extensions/streampipes-processors-transformation-flink/target/apidocs/org/apache/streampipes/processors/transformation/flink/processor/boilerplate/package-summary.html...
[WARNING] Generating /Users/arian/edu/kth/softfund_dd2480/assignment4/DD2480-Assignment-4/streampipes-extensions/streampipes-processors-transformation-flink/target/apidocs/org/apache/streampipes/processors/transformation/flink/processor/boilerplate/package-tree.html...
[WARNING] Generating /Users/arian/edu/kth/softfund_dd2480/assignment4/DD2480-Assignment-4/streampipes-extensions/streampipes-processors-transformation-flink/target/apidocs/org/apache/streampipes/processors/transformation/flink/processor/converter/package-summary.html...
[WARNING] Generating /Users/arian/edu/kth/softfund_dd2480/assignment4/DD2480-Assignment-4/streampipes-extensions/streampipes-processors-transformation-flink/target/apidocs/org/apache/streampipes/processors/transformation/flink/processor/converter/package-tree.html...
[WARNING] Generating /Users/arian/edu/kth/softfund_dd2480/assignment4/DD2480-Assignment-4/streampipes-extensions/streampipes-processors-transformation-flink/target/apidocs/org/apache/streampipes/processors/transformation/flink/processor/hasher/package-summary.html...
[WARNING] Generating /Users/arian/edu/kth/softfund_dd2480/assignment4/DD2480-Assignment-4/streampipes-extensions/streampipes-processors-transformation-flink/target/apidocs/org/apache/streampipes/processors/transformation/flink/processor/hasher/package-tree.html...
[WARNING] Generating /Users/arian/edu/kth/softfund_dd2480/assignment4/DD2480-Assignment-4/streampipes-extensions/streampipes-processors-transformation-flink/target/apidocs/org/apache/streampipes/processors/transformation/flink/processor/hasher/algorithm/package-summary.html...
[WARNING] Generating /Users/arian/edu/kth/softfund_dd2480/assignment4/DD2480-Assignment-4/streampipes-extensions/streampipes-processors-transformation-flink/target/apidocs/org/apache/streampipes/processors/transformation/flink/processor/hasher/algorithm/package-tree.html...
[WARNING] Generating /Users/arian/edu/kth/softfund_dd2480/assignment4/DD2480-Assignment-4/streampipes-extensions/streampipes-processors-transformation-flink/target/apidocs/org/apache/streampipes/processors/transformation/flink/processor/mapper/package-summary.html...
[WARNING] Generating /Users/arian/edu/kth/softfund_dd2480/assignment4/DD2480-Assignment-4/streampipes-extensions/streampipes-processors-transformation-flink/target/apidocs/org/apache/streampipes/processors/transformation/flink/processor/mapper/package-tree.html...
[WARNING] Generating /Users/arian/edu/kth/softfund_dd2480/assignment4/DD2480-Assignment-4/streampipes-extensions/streampipes-processors-transformation-flink/target/apidocs/org/apache/streampipes/processors/transformation/flink/processor/measurementunitonverter/package-summary.html...
[WARNING] Generating /Users/arian/edu/kth/softfund_dd2480/assignment4/DD2480-Assignment-4/streampipes-extensions/streampipes-processors-transformation-flink/target/apidocs/org/apache/streampipes/processors/transformation/flink/processor/measurementunitonverter/package-tree.html...
[WARNING] Generating /Users/arian/edu/kth/softfund_dd2480/assignment4/DD2480-Assignment-4/streampipes-extensions/streampipes-processors-transformation-flink/target/apidocs/org/apache/streampipes/processors/transformation/flink/processor/rename/package-summary.html...
[WARNING] Generating /Users/arian/edu/kth/softfund_dd2480/assignment4/DD2480-Assignment-4/streampipes-extensions/streampipes-processors-transformation-flink/target/apidocs/org/apache/streampipes/processors/transformation/flink/processor/rename/package-tree.html...
[WARNING] Generating /Users/arian/edu/kth/softfund_dd2480/assignment4/DD2480-Assignment-4/streampipes-extensions/streampipes-processors-transformation-flink/target/apidocs/constant-values.html...
[WARNING] Generating /Users/arian/edu/kth/softfund_dd2480/assignment4/DD2480-Assignment-4/streampipes-extensions/streampipes-processors-transformation-flink/target/apidocs/serialized-form.html...
[WARNING] Generating /Users/arian/edu/kth/softfund_dd2480/assignment4/DD2480-Assignment-4/streampipes-extensions/streampipes-processors-transformation-flink/target/apidocs/org/apache/streampipes/processors/transformation/flink/config/class-use/ConfigKeys.html...
[WARNING] Generating /Users/arian/edu/kth/softfund_dd2480/assignment4/DD2480-Assignment-4/streampipes-extensions/streampipes-processors-transformation-flink/target/apidocs/org/apache/streampipes/processors/transformation/flink/processor/hasher/algorithm/class-use/Md5HashAlgorithm.html...
[WARNING] Generating /Users/arian/edu/kth/softfund_dd2480/assignment4/DD2480-Assignment-4/streampipes-extensions/streampipes-processors-transformation-flink/target/apidocs/org/apache/streampipes/processors/transformation/flink/processor/hasher/algorithm/class-use/HashAlgorithmType.html...
[WARNING] Generating /Users/arian/edu/kth/softfund_dd2480/assignment4/DD2480-Assignment-4/streampipes-extensions/streampipes-processors-transformation-flink/target/apidocs/org/apache/streampipes/processors/transformation/flink/processor/hasher/algorithm/class-use/Sha1HashAlgorithm.html...
[WARNING] Generating /Users/arian/edu/kth/softfund_dd2480/assignment4/DD2480-Assignment-4/streampipes-extensions/streampipes-processors-transformation-flink/target/apidocs/org/apache/streampipes/processors/transformation/flink/processor/hasher/algorithm/class-use/HashAlgorithm.html...
[WARNING] Generating /Users/arian/edu/kth/softfund_dd2480/assignment4/DD2480-Assignment-4/streampipes-extensions/streampipes-processors-transformation-flink/target/apidocs/org/apache/streampipes/processors/transformation/flink/processor/hasher/algorithm/class-use/Sha2HashAlgorithm.html...
[WARNING] Generating /Users/arian/edu/kth/softfund_dd2480/assignment4/DD2480-Assignment-4/streampipes-extensions/streampipes-processors-transformation-flink/target/apidocs/org/apache/streampipes/processors/transformation/flink/processor/hasher/class-use/FieldHasherController.html...
[WARNING] Generating /Users/arian/edu/kth/softfund_dd2480/assignment4/DD2480-Assignment-4/streampipes-extensions/streampipes-processors-transformation-flink/target/apidocs/org/apache/streampipes/processors/transformation/flink/processor/hasher/class-use/FieldHasher.html...
[WARNING] Generating /Users/arian/edu/kth/softfund_dd2480/assignment4/DD2480-Assignment-4/streampipes-extensions/streampipes-processors-transformation-flink/target/apidocs/org/apache/streampipes/processors/transformation/flink/processor/hasher/class-use/FieldHasherProgram.html...
[WARNING] Generating /Users/arian/edu/kth/softfund_dd2480/assignment4/DD2480-Assignment-4/streampipes-extensions/streampipes-processors-transformation-flink/target/apidocs/org/apache/streampipes/processors/transformation/flink/processor/hasher/class-use/FieldHasherParameters.html...
[WARNING] Generating /Users/arian/edu/kth/softfund_dd2480/assignment4/DD2480-Assignment-4/streampipes-extensions/streampipes-processors-transformation-flink/target/apidocs/org/apache/streampipes/processors/transformation/flink/processor/converter/class-use/FieldConverter.html...
[WARNING] Generating /Users/arian/edu/kth/softfund_dd2480/assignment4/DD2480-Assignment-4/streampipes-extensions/streampipes-processors-transformation-flink/target/apidocs/org/apache/streampipes/processors/transformation/flink/processor/converter/class-use/FieldConverterController.html...
[WARNING] Generating /Users/arian/edu/kth/softfund_dd2480/assignment4/DD2480-Assignment-4/streampipes-extensions/streampipes-processors-transformation-flink/target/apidocs/org/apache/streampipes/processors/transformation/flink/processor/converter/class-use/FieldConverterParameters.html...
[WARNING] Generating /Users/arian/edu/kth/softfund_dd2480/assignment4/DD2480-Assignment-4/streampipes-extensions/streampipes-processors-transformation-flink/target/apidocs/org/apache/streampipes/processors/transformation/flink/processor/converter/class-use/FieldConverterProgram.html...
[WARNING] Generating /Users/arian/edu/kth/softfund_dd2480/assignment4/DD2480-Assignment-4/streampipes-extensions/streampipes-processors-transformation-flink/target/apidocs/org/apache/streampipes/processors/transformation/flink/processor/mapper/class-use/FieldMapper.html...
[WARNING] Generating /Users/arian/edu/kth/softfund_dd2480/assignment4/DD2480-Assignment-4/streampipes-extensions/streampipes-processors-transformation-flink/target/apidocs/org/apache/streampipes/processors/transformation/flink/processor/mapper/class-use/FieldMapperController.html...
[WARNING] Generating /Users/arian/edu/kth/softfund_dd2480/assignment4/DD2480-Assignment-4/streampipes-extensions/streampipes-processors-transformation-flink/target/apidocs/org/apache/streampipes/processors/transformation/flink/processor/mapper/class-use/FieldMapperParameters.html...
[WARNING] Generating /Users/arian/edu/kth/softfund_dd2480/assignment4/DD2480-Assignment-4/streampipes-extensions/streampipes-processors-transformation-flink/target/apidocs/org/apache/streampipes/processors/transformation/flink/processor/mapper/class-use/FieldMapperProgram.html...
[WARNING] Generating /Users/arian/edu/kth/softfund_dd2480/assignment4/DD2480-Assignment-4/streampipes-extensions/streampipes-processors-transformation-flink/target/apidocs/org/apache/streampipes/processors/transformation/flink/processor/measurementunitonverter/class-use/MeasurementUnitConverterProgram.html...
[WARNING] Generating /Users/arian/edu/kth/softfund_dd2480/assignment4/DD2480-Assignment-4/streampipes-extensions/streampipes-processors-transformation-flink/target/apidocs/org/apache/streampipes/processors/transformation/flink/processor/measurementunitonverter/class-use/MeasurementUnitConverterParameters.html...
[WARNING] Generating /Users/arian/edu/kth/softfund_dd2480/assignment4/DD2480-Assignment-4/streampipes-extensions/streampipes-processors-transformation-flink/target/apidocs/org/apache/streampipes/processors/transformation/flink/processor/measurementunitonverter/class-use/MeasurementUnitConverter.html...
[WARNING] Generating /Users/arian/edu/kth/softfund_dd2480/assignment4/DD2480-Assignment-4/streampipes-extensions/streampipes-processors-transformation-flink/target/apidocs/org/apache/streampipes/processors/transformation/flink/processor/measurementunitonverter/class-use/MeasurementUnitConverterController.html...
[WARNING] Generating /Users/arian/edu/kth/softfund_dd2480/assignment4/DD2480-Assignment-4/streampipes-extensions/streampipes-processors-transformation-flink/target/apidocs/org/apache/streampipes/processors/transformation/flink/processor/boilerplate/class-use/BoilerplateRemover.html...
[WARNING] Generating /Users/arian/edu/kth/softfund_dd2480/assignment4/DD2480-Assignment-4/streampipes-extensions/streampipes-processors-transformation-flink/target/apidocs/org/apache/streampipes/processors/transformation/flink/processor/boilerplate/class-use/BoilerplateProgram.html...
[WARNING] Generating /Users/arian/edu/kth/softfund_dd2480/assignment4/DD2480-Assignment-4/streampipes-extensions/streampipes-processors-transformation-flink/target/apidocs/org/apache/streampipes/processors/transformation/flink/processor/boilerplate/class-use/ExtractorMode.html...
[WARNING] Generating /Users/arian/edu/kth/softfund_dd2480/assignment4/DD2480-Assignment-4/streampipes-extensions/streampipes-processors-transformation-flink/target/apidocs/org/apache/streampipes/processors/transformation/flink/processor/boilerplate/class-use/BoilerplateParameters.html...
[WARNING] Generating /Users/arian/edu/kth/softfund_dd2480/assignment4/DD2480-Assignment-4/streampipes-extensions/streampipes-processors-transformation-flink/target/apidocs/org/apache/streampipes/processors/transformation/flink/processor/boilerplate/class-use/OutputMode.html...
[WARNING] Generating /Users/arian/edu/kth/softfund_dd2480/assignment4/DD2480-Assignment-4/streampipes-extensions/streampipes-processors-transformation-flink/target/apidocs/org/apache/streampipes/processors/transformation/flink/processor/boilerplate/class-use/BoilerplateController.html...
[WARNING] Generating /Users/arian/edu/kth/softfund_dd2480/assignment4/DD2480-Assignment-4/streampipes-extensions/streampipes-processors-transformation-flink/target/apidocs/org/apache/streampipes/processors/transformation/flink/processor/rename/class-use/FieldRenamerProgram.html...
[WARNING] Generating /Users/arian/edu/kth/softfund_dd2480/assignment4/DD2480-Assignment-4/streampipes-extensions/streampipes-processors-transformation-flink/target/apidocs/org/apache/streampipes/processors/transformation/flink/processor/rename/class-use/FieldRenamerParameters.html...
[WARNING] Generating /Users/arian/edu/kth/softfund_dd2480/assignment4/DD2480-Assignment-4/streampipes-extensions/streampipes-processors-transformation-flink/target/apidocs/org/apache/streampipes/processors/transformation/flink/processor/rename/class-use/FieldRenamer.html...
[WARNING] Generating /Users/arian/edu/kth/softfund_dd2480/assignment4/DD2480-Assignment-4/streampipes-extensions/streampipes-processors-transformation-flink/target/apidocs/org/apache/streampipes/processors/transformation/flink/processor/rename/class-use/FieldRenamerController.html...
[WARNING] Generating /Users/arian/edu/kth/softfund_dd2480/assignment4/DD2480-Assignment-4/streampipes-extensions/streampipes-processors-transformation-flink/target/apidocs/org/apache/streampipes/processors/transformation/flink/class-use/TransformationFlinkInit.html...
[WARNING] Generating /Users/arian/edu/kth/softfund_dd2480/assignment4/DD2480-Assignment-4/streampipes-extensions/streampipes-processors-transformation-flink/target/apidocs/org/apache/streampipes/processors/transformation/flink/class-use/AbstractFlinkTransformationProgram.html...
[WARNING] Generating /Users/arian/edu/kth/softfund_dd2480/assignment4/DD2480-Assignment-4/streampipes-extensions/streampipes-processors-transformation-flink/target/apidocs/com/kohlschutter/boilerpipe/filters/heuristics/class-use/ExpandTitleToContentFilter.html...
[WARNING] Generating /Users/arian/edu/kth/softfund_dd2480/assignment4/DD2480-Assignment-4/streampipes-extensions/streampipes-processors-transformation-flink/target/apidocs/com/kohlschutter/boilerpipe/filters/heuristics/class-use/ArticleMetadataFilter.html...
[WARNING] Generating /Users/arian/edu/kth/softfund_dd2480/assignment4/DD2480-Assignment-4/streampipes-extensions/streampipes-processors-transformation-flink/target/apidocs/com/kohlschutter/boilerpipe/filters/heuristics/class-use/LargeBlockSameTagLevelToContentFilter.html...
[WARNING] Generating /Users/arian/edu/kth/softfund_dd2480/assignment4/DD2480-Assignment-4/streampipes-extensions/streampipes-processors-transformation-flink/target/apidocs/com/kohlschutter/boilerpipe/filters/heuristics/class-use/AddPrecedingLabelsFilter.html...
[WARNING] Generating /Users/arian/edu/kth/softfund_dd2480/assignment4/DD2480-Assignment-4/streampipes-extensions/streampipes-processors-transformation-flink/target/apidocs/com/kohlschutter/boilerpipe/filters/heuristics/class-use/LabelFusion.html...
[WARNING] Generating /Users/arian/edu/kth/softfund_dd2480/assignment4/DD2480-Assignment-4/streampipes-extensions/streampipes-processors-transformation-flink/target/apidocs/com/kohlschutter/boilerpipe/filters/heuristics/class-use/ContentFusion.html...
[WARNING] Generating /Users/arian/edu/kth/softfund_dd2480/assignment4/DD2480-Assignment-4/streampipes-extensions/streampipes-processors-transformation-flink/target/apidocs/com/kohlschutter/boilerpipe/filters/heuristics/class-use/TrailingHeadlineToBoilerplateFilter.html...
[WARNING] Generating /Users/arian/edu/kth/softfund_dd2480/assignment4/DD2480-Assignment-4/streampipes-extensions/streampipes-processors-transformation-flink/target/apidocs/com/kohlschutter/boilerpipe/filters/heuristics/class-use/KeepLargestBlockFilter.html...
[WARNING] Generating /Users/arian/edu/kth/softfund_dd2480/assignment4/DD2480-Assignment-4/streampipes-extensions/streampipes-processors-transformation-flink/target/apidocs/com/kohlschutter/boilerpipe/filters/heuristics/class-use/DocumentTitleMatchClassifier.html...
[WARNING] Generating /Users/arian/edu/kth/softfund_dd2480/assignment4/DD2480-Assignment-4/streampipes-extensions/streampipes-processors-transformation-flink/target/apidocs/com/kohlschutter/boilerpipe/filters/heuristics/class-use/ListAtEndFilter.html...
[WARNING] Generating /Users/arian/edu/kth/softfund_dd2480/assignment4/DD2480-Assignment-4/streampipes-extensions/streampipes-processors-transformation-flink/target/apidocs/com/kohlschutter/boilerpipe/filters/heuristics/class-use/BlockProximityFusion.html...
[WARNING] Generating /Users/arian/edu/kth/softfund_dd2480/assignment4/DD2480-Assignment-4/streampipes-extensions/streampipes-processors-transformation-flink/target/apidocs/com/kohlschutter/boilerpipe/filters/heuristics/class-use/SimpleBlockFusionProcessor.html...
[WARNING] Generating /Users/arian/edu/kth/softfund_dd2480/assignment4/DD2480-Assignment-4/streampipes-extensions/streampipes-processors-transformation-flink/target/apidocs/com/kohlschutter/boilerpipe/filters/simple/class-use/BoilerplateBlockFilter.html...
[WARNING] Generating /Users/arian/edu/kth/softfund_dd2480/assignment4/DD2480-Assignment-4/streampipes-extensions/streampipes-processors-transformation-flink/target/apidocs/com/kohlschutter/boilerpipe/filters/simple/class-use/MinClauseWordsFilter.html...
[WARNING] Generating /Users/arian/edu/kth/softfund_dd2480/assignment4/DD2480-Assignment-4/streampipes-extensions/streampipes-processors-transformation-flink/target/apidocs/com/kohlschutter/boilerpipe/filters/simple/class-use/InvertedFilter.html...
[WARNING] Generating /Users/arian/edu/kth/softfund_dd2480/assignment4/DD2480-Assignment-4/streampipes-extensions/streampipes-processors-transformation-flink/target/apidocs/com/kohlschutter/boilerpipe/filters/simple/class-use/LabelToContentFilter.html...
[WARNING] Generating /Users/arian/edu/kth/softfund_dd2480/assignment4/DD2480-Assignment-4/streampipes-extensions/streampipes-processors-transformation-flink/target/apidocs/com/kohlschutter/boilerpipe/filters/simple/class-use/MarkEverythingBoilerplateFilter.html...
[WARNING] Generating /Users/arian/edu/kth/softfund_dd2480/assignment4/DD2480-Assignment-4/streampipes-extensions/streampipes-processors-transformation-flink/target/apidocs/com/kohlschutter/boilerpipe/filters/simple/class-use/LabelToBoilerplateFilter.html...
[WARNING] Generating /Users/arian/edu/kth/softfund_dd2480/assignment4/DD2480-Assignment-4/streampipes-extensions/streampipes-processors-transformation-flink/target/apidocs/com/kohlschutter/boilerpipe/filters/simple/class-use/MarkEverythingContentFilter.html...
[WARNING] Generating /Users/arian/edu/kth/softfund_dd2480/assignment4/DD2480-Assignment-4/streampipes-extensions/streampipes-processors-transformation-flink/target/apidocs/com/kohlschutter/boilerpipe/filters/simple/class-use/SplitParagraphBlocksFilter.html...
[WARNING] Generating /Users/arian/edu/kth/softfund_dd2480/assignment4/DD2480-Assignment-4/streampipes-extensions/streampipes-processors-transformation-flink/target/apidocs/com/kohlschutter/boilerpipe/filters/simple/class-use/MinWordsFilter.html...
[WARNING] Generating /Users/arian/edu/kth/softfund_dd2480/assignment4/DD2480-Assignment-4/streampipes-extensions/streampipes-processors-transformation-flink/target/apidocs/com/kohlschutter/boilerpipe/filters/simple/class-use/SurroundingToContentFilter.html...
[WARNING] Generating /Users/arian/edu/kth/softfund_dd2480/assignment4/DD2480-Assignment-4/streampipes-extensions/streampipes-processors-transformation-flink/target/apidocs/com/kohlschutter/boilerpipe/filters/english/class-use/KeepLargestFulltextBlockFilter.html...
[WARNING] Generating /Users/arian/edu/kth/softfund_dd2480/assignment4/DD2480-Assignment-4/streampipes-extensions/streampipes-processors-transformation-flink/target/apidocs/com/kohlschutter/boilerpipe/filters/english/class-use/NumWordsRulesClassifier.html...
[WARNING] Generating /Users/arian/edu/kth/softfund_dd2480/assignment4/DD2480-Assignment-4/streampipes-extensions/streampipes-processors-transformation-flink/target/apidocs/com/kohlschutter/boilerpipe/filters/english/class-use/IgnoreBlocksAfterContentFromEndFilter.html...
[WARNING] Generating /Users/arian/edu/kth/softfund_dd2480/assignment4/DD2480-Assignment-4/streampipes-extensions/streampipes-processors-transformation-flink/target/apidocs/com/kohlschutter/boilerpipe/filters/english/class-use/TerminatingBlocksFinder.html...
[WARNING] Generating /Users/arian/edu/kth/softfund_dd2480/assignment4/DD2480-Assignment-4/streampipes-extensions/streampipes-processors-transformation-flink/target/apidocs/com/kohlschutter/boilerpipe/filters/english/class-use/MinFulltextWordsFilter.html...
[WARNING] Generating /Users/arian/edu/kth/softfund_dd2480/assignment4/DD2480-Assignment-4/streampipes-extensions/streampipes-processors-transformation-flink/target/apidocs/com/kohlschutter/boilerpipe/filters/english/class-use/DensityRulesClassifier.html...
[WARNING] Generating /Users/arian/edu/kth/softfund_dd2480/assignment4/DD2480-Assignment-4/streampipes-extensions/streampipes-processors-transformation-flink/target/apidocs/com/kohlschutter/boilerpipe/filters/english/class-use/IgnoreBlocksAfterContentFilter.html...
[WARNING] Generating /Users/arian/edu/kth/softfund_dd2480/assignment4/DD2480-Assignment-4/streampipes-extensions/streampipes-processors-transformation-flink/target/apidocs/com/kohlschutter/boilerpipe/filters/debug/class-use/PrintDebugFilter.html...
[WARNING] Generating /Users/arian/edu/kth/softfund_dd2480/assignment4/DD2480-Assignment-4/streampipes-extensions/streampipes-processors-transformation-flink/target/apidocs/com/kohlschutter/boilerpipe/class-use/BoilerpipeExtractor.html...
[WARNING] Generating /Users/arian/edu/kth/softfund_dd2480/assignment4/DD2480-Assignment-4/streampipes-extensions/streampipes-processors-transformation-flink/target/apidocs/com/kohlschutter/boilerpipe/class-use/BoilerpipeDocumentSource.html...
[WARNING] Generating /Users/arian/edu/kth/softfund_dd2480/assignment4/DD2480-Assignment-4/streampipes-extensions/streampipes-processors-transformation-flink/target/apidocs/com/kohlschutter/boilerpipe/class-use/BoilerpipeFilter.html...
[WARNING] Generating /Users/arian/edu/kth/softfund_dd2480/assignment4/DD2480-Assignment-4/streampipes-extensions/streampipes-processors-transformation-flink/target/apidocs/com/kohlschutter/boilerpipe/class-use/BoilerpipeInput.html...
[WARNING] Generating /Users/arian/edu/kth/softfund_dd2480/assignment4/DD2480-Assignment-4/streampipes-extensions/streampipes-processors-transformation-flink/target/apidocs/com/kohlschutter/boilerpipe/class-use/BoilerpipeProcessingException.html...
[WARNING] Generating /Users/arian/edu/kth/softfund_dd2480/assignment4/DD2480-Assignment-4/streampipes-extensions/streampipes-processors-transformation-flink/target/apidocs/com/kohlschutter/boilerpipe/util/class-use/UnicodeTokenizer.html...
[WARNING] Generating /Users/arian/edu/kth/softfund_dd2480/assignment4/DD2480-Assignment-4/streampipes-extensions/streampipes-processors-transformation-flink/target/apidocs/com/kohlschutter/boilerpipe/sax/class-use/TagActionMap.html...
[WARNING] Generating /Users/arian/edu/kth/softfund_dd2480/assignment4/DD2480-Assignment-4/streampipes-extensions/streampipes-processors-transformation-flink/target/apidocs/com/kohlschutter/boilerpipe/sax/class-use/HTMLHighlighter.html...
[WARNING] Generating /Users/arian/edu/kth/softfund_dd2480/assignment4/DD2480-Assignment-4/streampipes-extensions/streampipes-processors-transformation-flink/target/apidocs/com/kohlschutter/boilerpipe/sax/class-use/HTMLFetcher.html...
[WARNING] Generating /Users/arian/edu/kth/softfund_dd2480/assignment4/DD2480-Assignment-4/streampipes-extensions/streampipes-processors-transformation-flink/target/apidocs/com/kohlschutter/boilerpipe/sax/class-use/BoilerpipeSAXInput.html...
[WARNING] Generating /Users/arian/edu/kth/softfund_dd2480/assignment4/DD2480-Assignment-4/streampipes-extensions/streampipes-processors-transformation-flink/target/apidocs/com/kohlschutter/boilerpipe/sax/class-use/InputSourceable.html...
[WARNING] Generating /Users/arian/edu/kth/softfund_dd2480/assignment4/DD2480-Assignment-4/streampipes-extensions/streampipes-processors-transformation-flink/target/apidocs/com/kohlschutter/boilerpipe/sax/class-use/CommonTagActions.html...
[WARNING] Generating /Users/arian/edu/kth/softfund_dd2480/assignment4/DD2480-Assignment-4/streampipes-extensions/streampipes-processors-transformation-flink/target/apidocs/com/kohlschutter/boilerpipe/sax/class-use/CommonTagActions.BlockTagLabelAction.html...
[WARNING] Generating /Users/arian/edu/kth/softfund_dd2480/assignment4/DD2480-Assignment-4/streampipes-extensions/streampipes-processors-transformation-flink/target/apidocs/com/kohlschutter/boilerpipe/sax/class-use/CommonTagActions.InlineTagLabelAction.html...
[WARNING] Generating /Users/arian/edu/kth/softfund_dd2480/assignment4/DD2480-Assignment-4/streampipes-extensions/streampipes-processors-transformation-flink/target/apidocs/com/kohlschutter/boilerpipe/sax/class-use/CommonTagActions.Chained.html...
[WARNING] Generating /Users/arian/edu/kth/softfund_dd2480/assignment4/DD2480-Assignment-4/streampipes-extensions/streampipes-processors-transformation-flink/target/apidocs/com/kohlschutter/boilerpipe/sax/class-use/MarkupTagAction.html...
[WARNING] Generating /Users/arian/edu/kth/softfund_dd2480/assignment4/DD2480-Assignment-4/streampipes-extensions/streampipes-processors-transformation-flink/target/apidocs/com/kohlschutter/boilerpipe/sax/class-use/ImageExtractor.html...
[WARNING] Generating /Users/arian/edu/kth/softfund_dd2480/assignment4/DD2480-Assignment-4/streampipes-extensions/streampipes-processors-transformation-flink/target/apidocs/com/kohlschutter/boilerpipe/sax/class-use/TagAction.html...
[WARNING] Generating /Users/arian/edu/kth/softfund_dd2480/assignment4/DD2480-Assignment-4/streampipes-extensions/streampipes-processors-transformation-flink/target/apidocs/com/kohlschutter/boilerpipe/sax/class-use/BoilerpipeHTMLParser.html...
[WARNING] Generating /Users/arian/edu/kth/softfund_dd2480/assignment4/DD2480-Assignment-4/streampipes-extensions/streampipes-processors-transformation-flink/target/apidocs/com/kohlschutter/boilerpipe/sax/class-use/BoilerpipeHTMLContentHandler.html...
[WARNING] Generating /Users/arian/edu/kth/softfund_dd2480/assignment4/DD2480-Assignment-4/streampipes-extensions/streampipes-processors-transformation-flink/target/apidocs/com/kohlschutter/boilerpipe/sax/class-use/HTMLDocument.html...
[WARNING] Generating /Users/arian/edu/kth/softfund_dd2480/assignment4/DD2480-Assignment-4/streampipes-extensions/streampipes-processors-transformation-flink/target/apidocs/com/kohlschutter/boilerpipe/sax/class-use/DefaultTagActionMap.html...
[WARNING] Generating /Users/arian/edu/kth/softfund_dd2480/assignment4/DD2480-Assignment-4/streampipes-extensions/streampipes-processors-transformation-flink/target/apidocs/com/kohlschutter/boilerpipe/labels/class-use/LabelAction.html...
[WARNING] Generating /Users/arian/edu/kth/softfund_dd2480/assignment4/DD2480-Assignment-4/streampipes-extensions/streampipes-processors-transformation-flink/target/apidocs/com/kohlschutter/boilerpipe/labels/class-use/DefaultLabels.html...
[WARNING] Generating /Users/arian/edu/kth/softfund_dd2480/assignment4/DD2480-Assignment-4/streampipes-extensions/streampipes-processors-transformation-flink/target/apidocs/com/kohlschutter/boilerpipe/labels/class-use/ConditionalLabelAction.html...
[WARNING] Generating /Users/arian/edu/kth/softfund_dd2480/assignment4/DD2480-Assignment-4/streampipes-extensions/streampipes-processors-transformation-flink/target/apidocs/com/kohlschutter/boilerpipe/document/class-use/TextDocument.html...
[WARNING] Generating /Users/arian/edu/kth/softfund_dd2480/assignment4/DD2480-Assignment-4/streampipes-extensions/streampipes-processors-transformation-flink/target/apidocs/com/kohlschutter/boilerpipe/document/class-use/TextDocumentStatistics.html...
[WARNING] Generating /Users/arian/edu/kth/softfund_dd2480/assignment4/DD2480-Assignment-4/streampipes-extensions/streampipes-processors-transformation-flink/target/apidocs/com/kohlschutter/boilerpipe/document/class-use/Image.html...
[WARNING] Generating /Users/arian/edu/kth/softfund_dd2480/assignment4/DD2480-Assignment-4/streampipes-extensions/streampipes-processors-transformation-flink/target/apidocs/com/kohlschutter/boilerpipe/document/class-use/TextBlock.html...
[WARNING] Generating /Users/arian/edu/kth/softfund_dd2480/assignment4/DD2480-Assignment-4/streampipes-extensions/streampipes-processors-transformation-flink/target/apidocs/com/kohlschutter/boilerpipe/estimators/class-use/SimpleEstimator.html...
[WARNING] Generating /Users/arian/edu/kth/softfund_dd2480/assignment4/DD2480-Assignment-4/streampipes-extensions/streampipes-processors-transformation-flink/target/apidocs/com/kohlschutter/boilerpipe/conditions/class-use/TextBlockCondition.html...
[WARNING] Generating /Users/arian/edu/kth/softfund_dd2480/assignment4/DD2480-Assignment-4/streampipes-extensions/streampipes-processors-transformation-flink/target/apidocs/com/kohlschutter/boilerpipe/extractors/class-use/ExtractorBase.html...
[WARNING] Generating /Users/arian/edu/kth/softfund_dd2480/assignment4/DD2480-Assignment-4/streampipes-extensions/streampipes-processors-transformation-flink/target/apidocs/com/kohlschutter/boilerpipe/extractors/class-use/CanolaExtractor.html...
[WARNING] Generating /Users/arian/edu/kth/softfund_dd2480/assignment4/DD2480-Assignment-4/streampipes-extensions/streampipes-processors-transformation-flink/target/apidocs/com/kohlschutter/boilerpipe/extractors/class-use/CommonExtractors.html...
[WARNING] Generating /Users/arian/edu/kth/softfund_dd2480/assignment4/DD2480-Assignment-4/streampipes-extensions/streampipes-processors-transformation-flink/target/apidocs/com/kohlschutter/boilerpipe/extractors/class-use/KeepEverythingWithMinKWordsExtractor.html...
[WARNING] Generating /Users/arian/edu/kth/softfund_dd2480/assignment4/DD2480-Assignment-4/streampipes-extensions/streampipes-processors-transformation-flink/target/apidocs/com/kohlschutter/boilerpipe/extractors/class-use/ArticleExtractor.html...
[WARNING] Generating /Users/arian/edu/kth/softfund_dd2480/assignment4/DD2480-Assignment-4/streampipes-extensions/streampipes-processors-transformation-flink/target/apidocs/com/kohlschutter/boilerpipe/extractors/class-use/NumWordsRulesExtractor.html...
[WARNING] Generating /Users/arian/edu/kth/softfund_dd2480/assignment4/DD2480-Assignment-4/streampipes-extensions/streampipes-processors-transformation-flink/target/apidocs/com/kohlschutter/boilerpipe/extractors/class-use/KeepEverythingExtractor.html...
[WARNING] Generating /Users/arian/edu/kth/softfund_dd2480/assignment4/DD2480-Assignment-4/streampipes-extensions/streampipes-processors-transformation-flink/target/apidocs/com/kohlschutter/boilerpipe/extractors/class-use/ArticleSentencesExtractor.html...
[WARNING] Generating /Users/arian/edu/kth/softfund_dd2480/assignment4/DD2480-Assignment-4/streampipes-extensions/streampipes-processors-transformation-flink/target/apidocs/com/kohlschutter/boilerpipe/extractors/class-use/LargestContentExtractor.html...
[WARNING] Generating /Users/arian/edu/kth/softfund_dd2480/assignment4/DD2480-Assignment-4/streampipes-extensions/streampipes-processors-transformation-flink/target/apidocs/com/kohlschutter/boilerpipe/extractors/class-use/DefaultExtractor.html...
[WARNING] Generating /Users/arian/edu/kth/softfund_dd2480/assignment4/DD2480-Assignment-4/streampipes-extensions/streampipes-processors-transformation-flink/target/apidocs/com/kohlschutter/boilerpipe/package-use.html...
[WARNING] Generating /Users/arian/edu/kth/softfund_dd2480/assignment4/DD2480-Assignment-4/streampipes-extensions/streampipes-processors-transformation-flink/target/apidocs/com/kohlschutter/boilerpipe/conditions/package-use.html...
[WARNING] Generating /Users/arian/edu/kth/softfund_dd2480/assignment4/DD2480-Assignment-4/streampipes-extensions/streampipes-processors-transformation-flink/target/apidocs/com/kohlschutter/boilerpipe/document/package-use.html...
[WARNING] Generating /Users/arian/edu/kth/softfund_dd2480/assignment4/DD2480-Assignment-4/streampipes-extensions/streampipes-processors-transformation-flink/target/apidocs/com/kohlschutter/boilerpipe/estimators/package-use.html...
[WARNING] Generating /Users/arian/edu/kth/softfund_dd2480/assignment4/DD2480-Assignment-4/streampipes-extensions/streampipes-processors-transformation-flink/target/apidocs/com/kohlschutter/boilerpipe/extractors/package-use.html...
[WARNING] Generating /Users/arian/edu/kth/softfund_dd2480/assignment4/DD2480-Assignment-4/streampipes-extensions/streampipes-processors-transformation-flink/target/apidocs/com/kohlschutter/boilerpipe/filters/debug/package-use.html...
[WARNING] Generating /Users/arian/edu/kth/softfund_dd2480/assignment4/DD2480-Assignment-4/streampipes-extensions/streampipes-processors-transformation-flink/target/apidocs/com/kohlschutter/boilerpipe/filters/english/package-use.html...
[WARNING] Generating /Users/arian/edu/kth/softfund_dd2480/assignment4/DD2480-Assignment-4/streampipes-extensions/streampipes-processors-transformation-flink/target/apidocs/com/kohlschutter/boilerpipe/filters/heuristics/package-use.html...
[WARNING] Generating /Users/arian/edu/kth/softfund_dd2480/assignment4/DD2480-Assignment-4/streampipes-extensions/streampipes-processors-transformation-flink/target/apidocs/com/kohlschutter/boilerpipe/filters/simple/package-use.html...
[WARNING] Generating /Users/arian/edu/kth/softfund_dd2480/assignment4/DD2480-Assignment-4/streampipes-extensions/streampipes-processors-transformation-flink/target/apidocs/com/kohlschutter/boilerpipe/labels/package-use.html...
[WARNING] Generating /Users/arian/edu/kth/softfund_dd2480/assignment4/DD2480-Assignment-4/streampipes-extensions/streampipes-processors-transformation-flink/target/apidocs/com/kohlschutter/boilerpipe/sax/package-use.html...
[WARNING] Generating /Users/arian/edu/kth/softfund_dd2480/assignment4/DD2480-Assignment-4/streampipes-extensions/streampipes-processors-transformation-flink/target/apidocs/com/kohlschutter/boilerpipe/util/package-use.html...
[WARNING] Generating /Users/arian/edu/kth/softfund_dd2480/assignment4/DD2480-Assignment-4/streampipes-extensions/streampipes-processors-transformation-flink/target/apidocs/org/apache/streampipes/processors/transformation/flink/package-use.html...
[WARNING] Generating /Users/arian/edu/kth/softfund_dd2480/assignment4/DD2480-Assignment-4/streampipes-extensions/streampipes-processors-transformation-flink/target/apidocs/org/apache/streampipes/processors/transformation/flink/config/package-use.html...
[WARNING] Generating /Users/arian/edu/kth/softfund_dd2480/assignment4/DD2480-Assignment-4/streampipes-extensions/streampipes-processors-transformation-flink/target/apidocs/org/apache/streampipes/processors/transformation/flink/processor/boilerplate/package-use.html...
[WARNING] Generating /Users/arian/edu/kth/softfund_dd2480/assignment4/DD2480-Assignment-4/streampipes-extensions/streampipes-processors-transformation-flink/target/apidocs/org/apache/streampipes/processors/transformation/flink/processor/converter/package-use.html...
[WARNING] Generating /Users/arian/edu/kth/softfund_dd2480/assignment4/DD2480-Assignment-4/streampipes-extensions/streampipes-processors-transformation-flink/target/apidocs/org/apache/streampipes/processors/transformation/flink/processor/hasher/package-use.html...
[WARNING] Generating /Users/arian/edu/kth/softfund_dd2480/assignment4/DD2480-Assignment-4/streampipes-extensions/streampipes-processors-transformation-flink/target/apidocs/org/apache/streampipes/processors/transformation/flink/processor/hasher/algorithm/package-use.html...
[WARNING] Generating /Users/arian/edu/kth/softfund_dd2480/assignment4/DD2480-Assignment-4/streampipes-extensions/streampipes-processors-transformation-flink/target/apidocs/org/apache/streampipes/processors/transformation/flink/processor/mapper/package-use.html...
[WARNING] Generating /Users/arian/edu/kth/softfund_dd2480/assignment4/DD2480-Assignment-4/streampipes-extensions/streampipes-processors-transformation-flink/target/apidocs/org/apache/streampipes/processors/transformation/flink/processor/measurementunitonverter/package-use.html...
[WARNING] Generating /Users/arian/edu/kth/softfund_dd2480/assignment4/DD2480-Assignment-4/streampipes-extensions/streampipes-processors-transformation-flink/target/apidocs/org/apache/streampipes/processors/transformation/flink/processor/rename/package-use.html...
[WARNING] Generating /Users/arian/edu/kth/softfund_dd2480/assignment4/DD2480-Assignment-4/streampipes-extensions/streampipes-processors-transformation-flink/target/apidocs/overview-tree.html...
[WARNING] Generating /Users/arian/edu/kth/softfund_dd2480/assignment4/DD2480-Assignment-4/streampipes-extensions/streampipes-processors-transformation-flink/target/apidocs/deprecated-list.html...
[WARNING] Generating /Users/arian/edu/kth/softfund_dd2480/assignment4/DD2480-Assignment-4/streampipes-extensions/streampipes-processors-transformation-flink/target/apidocs/index.html...
[WARNING] Building index for all classes...
[WARNING] Generating /Users/arian/edu/kth/softfund_dd2480/assignment4/DD2480-Assignment-4/streampipes-extensions/streampipes-processors-transformation-flink/target/apidocs/allclasses-index.html...
[WARNING] Generating /Users/arian/edu/kth/softfund_dd2480/assignment4/DD2480-Assignment-4/streampipes-extensions/streampipes-processors-transformation-flink/target/apidocs/allpackages-index.html...
[WARNING] Generating /Users/arian/edu/kth/softfund_dd2480/assignment4/DD2480-Assignment-4/streampipes-extensions/streampipes-processors-transformation-flink/target/apidocs/index-all.html...
[WARNING] Generating /Users/arian/edu/kth/softfund_dd2480/assignment4/DD2480-Assignment-4/streampipes-extensions/streampipes-processors-transformation-flink/target/apidocs/search.html...
[WARNING] Generating /Users/arian/edu/kth/softfund_dd2480/assignment4/DD2480-Assignment-4/streampipes-extensions/streampipes-processors-transformation-flink/target/apidocs/overview-summary.html...
[WARNING] Generating /Users/arian/edu/kth/softfund_dd2480/assignment4/DD2480-Assignment-4/streampipes-extensions/streampipes-processors-transformation-flink/target/apidocs/help-doc.html...
[WARNING] 8 warnings
[INFO] Building jar: /Users/arian/edu/kth/softfund_dd2480/assignment4/DD2480-Assignment-4/streampipes-extensions/streampipes-processors-transformation-flink/target/streampipes-processors-transformation-flink-javadoc.jar
[INFO] 
[INFO] >>> maven-source-plugin:3.0.1:jar (attach-sources) > generate-sources @ streampipes-processors-transformation-flink >>>
[INFO] 
[INFO] --- maven-enforcer-plugin:3.1.0:enforce (enforce-maven-version) @ streampipes-processors-transformation-flink ---
[INFO] 
[INFO] --- maven-enforcer-plugin:3.1.0:enforce (enforce-java-version) @ streampipes-processors-transformation-flink ---
[INFO] 
[INFO] --- maven-enforcer-plugin:3.1.0:enforce (check-at-least-java-17) @ streampipes-processors-transformation-flink ---
[INFO] 
[INFO] --- maven-enforcer-plugin:3.1.0:enforce (enforce-version-convergence) @ streampipes-processors-transformation-flink ---
[INFO] 
[INFO] --- maven-checkstyle-plugin:3.2.1:check (validate) @ streampipes-processors-transformation-flink ---
[INFO] 
[INFO] <<< maven-source-plugin:3.0.1:jar (attach-sources) < generate-sources @ streampipes-processors-transformation-flink <<<
[INFO] 
[INFO] 
[INFO] --- maven-source-plugin:3.0.1:jar (attach-sources) @ streampipes-processors-transformation-flink ---
[INFO] Building jar: /Users/arian/edu/kth/softfund_dd2480/assignment4/DD2480-Assignment-4/streampipes-extensions/streampipes-processors-transformation-flink/target/streampipes-processors-transformation-flink-sources.jar
[INFO] 
[INFO] --- maven-shade-plugin:3.4.1:shade (default) @ streampipes-processors-transformation-flink ---
[INFO] Including org.apache.streampipes:streampipes-sdk-bundle:jar:0.92.0-SNAPSHOT in the shaded jar.
[INFO] Including org.apache.streampipes:streampipes-sdk:jar:0.92.0-SNAPSHOT in the shaded jar.
[INFO] Including org.apache.streampipes:streampipes-config:jar:0.92.0-SNAPSHOT in the shaded jar.
[INFO] Including org.apache.streampipes:streampipes-serializers-json:jar:0.92.0-SNAPSHOT in the shaded jar.
[INFO] Including org.apache.streampipes:streampipes-model-client:jar:0.92.0-SNAPSHOT in the shaded jar.
[INFO] Including org.apache.streampipes:streampipes-service-discovery:jar:0.92.0-SNAPSHOT in the shaded jar.
[INFO] Including org.apache.streampipes:streampipes-service-discovery-api:jar:0.92.0-SNAPSHOT in the shaded jar.
[INFO] Including org.apache.streampipes:streampipes-service-discovery-consul:jar:0.92.0-SNAPSHOT in the shaded jar.
[INFO] Including com.ecwid.consul:consul-api:jar:1.4.5 in the shaded jar.
[INFO] Including org.apache.streampipes:streampipes-vocabulary:jar:0.92.0-SNAPSHOT in the shaded jar.
[INFO] Including com.google.guava:guava:jar:27.1-jre in the shaded jar.
[INFO] Including com.google.guava:failureaccess:jar:1.0.1 in the shaded jar.
[INFO] Including com.google.guava:listenablefuture:jar:9999.0-empty-to-avoid-conflict-with-guava in the shaded jar.
[INFO] Including org.checkerframework:checker-qual:jar:2.5.2 in the shaded jar.
[INFO] Including com.google.errorprone:error_prone_annotations:jar:2.2.0 in the shaded jar.
[INFO] Including com.google.j2objc:j2objc-annotations:jar:1.3 in the shaded jar.
[INFO] Including org.codehaus.mojo:animal-sniffer-annotations:jar:1.17 in the shaded jar.
[INFO] Including com.github.drapostolos:type-parser:jar:0.7.0 in the shaded jar.
[INFO] Including org.apache.httpcomponents:fluent-hc:jar:4.5.13 in the shaded jar.
[INFO] Including org.apache.httpcomponents:httpclient:jar:4.5.13 in the shaded jar.
[INFO] Including org.apache.httpcomponents:httpcore:jar:4.4.9 in the shaded jar.
[INFO] Including commons-logging:commons-logging:jar:1.2 in the shaded jar.
[INFO] Including org.apache.streampipes:streampipes-service-extensions:jar:0.92.0-SNAPSHOT in the shaded jar.
[INFO] Including org.apache.streampipes:streampipes-service-base:jar:0.92.0-SNAPSHOT in the shaded jar.
[INFO] Including jakarta.annotation:jakarta.annotation-api:jar:2.1.1 in the shaded jar.
[INFO] Including jakarta.validation:jakarta.validation-api:jar:3.0.2 in the shaded jar.
[INFO] Including org.springframework.boot:spring-boot-starter-jersey:jar:3.0.1 in the shaded jar.
[INFO] Including org.springframework.boot:spring-boot-starter-json:jar:3.0.1 in the shaded jar.
[INFO] Including com.fasterxml.jackson.datatype:jackson-datatype-jsr310:jar:2.14.1 in the shaded jar.
[INFO] Including com.fasterxml.jackson.module:jackson-module-parameter-names:jar:2.14.1 in the shaded jar.
[INFO] Including org.springframework.boot:spring-boot-starter-validation:jar:3.0.1 in the shaded jar.
[INFO] Including org.springframework:spring-web:jar:6.0.3 in the shaded jar.
[INFO] Including io.micrometer:micrometer-observation:jar:1.10.2 in the shaded jar.
[INFO] Including io.micrometer:micrometer-commons:jar:1.10.2 in the shaded jar.
[INFO] Including org.glassfish.jersey.containers:jersey-container-servlet-core:jar:3.1.0 in the shaded jar.
[INFO] Including org.glassfish.jersey.core:jersey-common:jar:3.1.0 in the shaded jar.
[INFO] Including org.glassfish.hk2:osgi-resource-locator:jar:1.0.3 in the shaded jar.
[INFO] Including org.glassfish.jersey.containers:jersey-container-servlet:jar:3.1.0 in the shaded jar.
[INFO] Including org.glassfish.jersey.core:jersey-server:jar:3.1.0 in the shaded jar.
[INFO] Including org.glassfish.jersey.core:jersey-client:jar:3.1.0 in the shaded jar.
[INFO] Including org.glassfish.jersey.ext:jersey-bean-validation:jar:3.1.0 in the shaded jar.
[INFO] Including org.glassfish.jersey.ext:jersey-spring6:jar:3.1.0 in the shaded jar.
[INFO] Including org.glassfish.jersey.inject:jersey-hk2:jar:3.1.0 in the shaded jar.
[INFO] Including org.glassfish.hk2:hk2-locator:jar:3.0.3 in the shaded jar.
[INFO] Including org.glassfish.hk2.external:aopalliance-repackaged:jar:3.0.3 in the shaded jar.
[INFO] Including org.glassfish.hk2:hk2:jar:3.0.3 in the shaded jar.
[INFO] Including org.glassfish.hk2:hk2-utils:jar:3.0.3 in the shaded jar.
[INFO] Including org.glassfish.hk2:hk2-api:jar:3.0.3 in the shaded jar.
[INFO] Including org.glassfish.hk2:hk2-core:jar:3.0.3 in the shaded jar.
[INFO] Including org.glassfish.hk2:hk2-runlevel:jar:3.0.3 in the shaded jar.
[INFO] Including org.glassfish.hk2:class-model:jar:3.0.3 in the shaded jar.
[INFO] Including org.ow2.asm:asm-analysis:jar:9.2 in the shaded jar.
[INFO] Including org.ow2.asm:asm-commons:jar:9.2 in the shaded jar.
[INFO] Including org.ow2.asm:asm-tree:jar:9.2 in the shaded jar.
[INFO] Including org.ow2.asm:asm-util:jar:9.2 in the shaded jar.
[INFO] Including org.glassfish.hk2:spring-bridge:jar:3.0.3 in the shaded jar.
[INFO] Including org.glassfish.jersey.media:jersey-media-json-jackson:jar:3.1.0 in the shaded jar.
[INFO] Including org.glassfish.jersey.ext:jersey-entity-filtering:jar:3.1.0 in the shaded jar.
[INFO] Including com.fasterxml.jackson.module:jackson-module-jakarta-xmlbind-annotations:jar:2.14.1 in the shaded jar.
[INFO] Including jakarta.xml.bind:jakarta.xml.bind-api:jar:4.0.0 in the shaded jar.
[INFO] Including org.springframework.boot:spring-boot-starter-undertow:jar:3.0.1 in the shaded jar.
[INFO] Including io.undertow:undertow-core:jar:2.3.2.Final in the shaded jar.
[INFO] Including org.jboss.xnio:xnio-api:jar:3.8.8.Final in the shaded jar.
[INFO] Including org.wildfly.common:wildfly-common:jar:1.6.0.Final in the shaded jar.
[INFO] Including org.wildfly.client:wildfly-client-config:jar:1.0.1.Final in the shaded jar.
[INFO] Including org.jboss.xnio:xnio-nio:jar:3.8.8.Final in the shaded jar.
[INFO] Including org.jboss.threads:jboss-threads:jar:3.5.0.Final in the shaded jar.
[INFO] Including io.undertow:undertow-servlet:jar:2.3.2.Final in the shaded jar.
[INFO] Including io.undertow:undertow-websockets-jsr:jar:2.3.2.Final in the shaded jar.
[INFO] Including jakarta.websocket:jakarta.websocket-api:jar:2.1.0 in the shaded jar.
[INFO] Including jakarta.websocket:jakarta.websocket-client-api:jar:2.1.0 in the shaded jar.
[INFO] Including org.apache.tomcat.embed:tomcat-embed-el:jar:10.1.4 in the shaded jar.
[INFO] Including org.springframework.boot:spring-boot-starter-oauth2-client:jar:3.0.1 in the shaded jar.
[INFO] Including org.springframework.boot:spring-boot-starter:jar:3.0.1 in the shaded jar.
[INFO] Including org.springframework.boot:spring-boot:jar:3.0.1 in the shaded jar.
[INFO] Including org.springframework.boot:spring-boot-autoconfigure:jar:3.0.1 in the shaded jar.
[INFO] Including org.springframework.boot:spring-boot-starter-logging:jar:3.0.1 in the shaded jar.
[INFO] Including org.slf4j:jul-to-slf4j:jar:2.0.6 in the shaded jar.
[INFO] Including org.yaml:snakeyaml:jar:1.26 in the shaded jar.
[INFO] Including org.springframework.security:spring-security-config:jar:6.0.1 in the shaded jar.
[INFO] Including org.springframework.security:spring-security-core:jar:6.0.1 in the shaded jar.
[INFO] Including org.springframework.security:spring-security-crypto:jar:6.0.1 in the shaded jar.
[INFO] Including org.springframework.security:spring-security-oauth2-client:jar:6.0.1 in the shaded jar.
[INFO] Including org.springframework.security:spring-security-oauth2-core:jar:6.0.1 in the shaded jar.
[INFO] Including org.springframework.security:spring-security-web:jar:6.0.1 in the shaded jar.
[INFO] Including com.nimbusds:oauth2-oidc-sdk:jar:9.43.1 in the shaded jar.
[INFO] Including com.github.stephenc.jcip:jcip-annotations:jar:1.0-1 in the shaded jar.
[INFO] Including com.nimbusds:content-type:jar:2.2 in the shaded jar.
[INFO] Including net.minidev:json-smart:jar:2.4.8 in the shaded jar.
[INFO] Including net.minidev:accessors-smart:jar:2.4.8 in the shaded jar.
[INFO] Including org.ow2.asm:asm:jar:9.4 in the shaded jar.
[INFO] Including com.nimbusds:lang-tag:jar:1.7 in the shaded jar.
[INFO] Including org.springframework.security:spring-security-oauth2-jose:jar:6.0.1 in the shaded jar.
[INFO] Including com.nimbusds:nimbus-jose-jwt:jar:9.30.1 in the shaded jar.
[INFO] Including jakarta.activation:jakarta.activation-api:jar:1.2.2 in the shaded jar.
[INFO] Including jakarta.inject:jakarta.inject-api:jar:2.0.1 in the shaded jar.
[INFO] Including jakarta.servlet:jakarta.servlet-api:jar:6.0.0 in the shaded jar.
[INFO] Including org.jboss.logging:jboss-logging-annotations:jar:2.2.1.Final in the shaded jar.
[INFO] Including org.jboss.logging:jboss-logging-processor:jar:2.2.1.Final in the shaded jar.
[INFO] Including org.jboss.jdeparser:jdeparser:jar:2.0.3.Final in the shaded jar.
[INFO] Including org.springframework:spring-aop:jar:6.0.3 in the shaded jar.
[INFO] Including org.springframework:spring-beans:jar:6.0.3 in the shaded jar.
[INFO] Including org.springframework:spring-core:jar:6.0.3 in the shaded jar.
[INFO] Including org.springframework:spring-jcl:jar:6.0.3 in the shaded jar.
[INFO] Including org.springframework:spring-context:jar:6.0.3 in the shaded jar.
[INFO] Including org.springframework:spring-expression:jar:6.0.3 in the shaded jar.
[INFO] Including org.springframework:spring-context-support:jar:6.0.3 in the shaded jar.
[INFO] Including org.hibernate.validator:hibernate-validator:jar:8.0.0.Final in the shaded jar.
[INFO] Including org.jboss.logging:jboss-logging:jar:3.4.0.Final in the shaded jar.
[INFO] Including com.fasterxml:classmate:jar:1.5.1 in the shaded jar.
[INFO] Including org.apache.streampipes:streampipes-rest-extensions:jar:0.92.0-SNAPSHOT in the shaded jar.
[INFO] Including org.apache.streampipes:streampipes-rest-shared:jar:0.92.0-SNAPSHOT in the shaded jar.
[INFO] Including org.glassfish.jersey.media:jersey-media-multipart:jar:3.1.0 in the shaded jar.
[INFO] Including org.jvnet.mimepull:mimepull:jar:1.9.15 in the shaded jar.
[INFO] Including org.apache.streampipes:streampipes-extensions-management:jar:0.92.0-SNAPSHOT in the shaded jar.
[INFO] Including org.apache.streampipes:streampipes-extensions-api:jar:0.92.0-SNAPSHOT in the shaded jar.
[INFO] Including de.grundid.opendatalab:geojson-jackson:jar:1.14 in the shaded jar.
[INFO] Including jakarta.json:jakarta.json-api:jar:2.1.1 in the shaded jar.
[INFO] Including com.fasterxml.jackson.dataformat:jackson-dataformat-xml:jar:2.14.1 in the shaded jar.
[INFO] Including org.codehaus.woodstox:stax2-api:jar:4.2.1 in the shaded jar.
[INFO] Including com.fasterxml.woodstox:woodstox-core:jar:6.4.0 in the shaded jar.
[INFO] Including org.eclipse.parsson:jakarta.json:jar:1.1.1 in the shaded jar.
[INFO] Including jakarta.ws.rs:jakarta.ws.rs-api:jar:3.1.0 in the shaded jar.
[INFO] Including org.rendersnake:rendersnake:jar:1.9.0 in the shaded jar.
[INFO] Including javax.servlet:servlet-api:jar:2.4 in the shaded jar.
[INFO] Including net.sf.jtidy:jtidy:jar:r938 in the shaded jar.
[INFO] Including javax.inject:javax.inject:jar:1 in the shaded jar.
[INFO] Including com.fasterxml.jackson.datatype:jackson-datatype-jdk8:jar:2.14.1 in the shaded jar.
[INFO] Including org.apache.streampipes:streampipes-dataformat-json:jar:0.92.0-SNAPSHOT in the shaded jar.
[INFO] Including org.apache.streampipes:streampipes-dataformat:jar:0.92.0-SNAPSHOT in the shaded jar.
[INFO] Including com.fasterxml.jackson.core:jackson-annotations:jar:2.14.1 in the shaded jar.
[INFO] Including org.apache.streampipes:streampipes-dataformat-cbor:jar:0.92.0-SNAPSHOT in the shaded jar.
[INFO] Including com.fasterxml.jackson.dataformat:jackson-dataformat-cbor:jar:2.14.1 in the shaded jar.
[INFO] Including org.apache.streampipes:streampipes-dataformat-smile:jar:0.92.0-SNAPSHOT in the shaded jar.
[INFO] Including com.fasterxml.jackson.dataformat:jackson-dataformat-smile:jar:2.14.1 in the shaded jar.
[INFO] Including org.apache.streampipes:streampipes-dataformat-fst:jar:0.92.0-SNAPSHOT in the shaded jar.
[INFO] Including de.ruedigermoeller:fst:jar:2.57 in the shaded jar.
[INFO] Including org.javassist:javassist:jar:3.25.0-GA in the shaded jar.
[INFO] Including org.objenesis:objenesis:jar:3.3 in the shaded jar.
[INFO] Including org.apache.streampipes:streampipes-messaging-jms:jar:0.92.0-SNAPSHOT in the shaded jar.
[INFO] Including org.apache.streampipes:streampipes-messaging:jar:0.92.0-SNAPSHOT in the shaded jar.
[INFO] Including org.apache.activemq:activemq-client:jar:5.17.3 in the shaded jar.
[INFO] Including org.apache.geronimo.specs:geronimo-jms_1.1_spec:jar:1.1.1 in the shaded jar.
[INFO] Including org.apache.geronimo.specs:geronimo-j2ee-management_1.1_spec:jar:1.0.1 in the shaded jar.
[INFO] Including org.apache.streampipes:streampipes-messaging-kafka:jar:0.92.0-SNAPSHOT in the shaded jar.
[INFO] Including org.apache.kafka:kafka-clients:jar:3.3.1 in the shaded jar.
[INFO] Including com.github.luben:zstd-jni:jar:1.4.3-1 in the shaded jar.
[INFO] Including org.lz4:lz4-java:jar:1.8.0 in the shaded jar.
[INFO] Including org.apache.streampipes:streampipes-messaging-mqtt:jar:0.92.0-SNAPSHOT in the shaded jar.
[INFO] Including org.fusesource.mqtt-client:mqtt-client:jar:1.12 in the shaded jar.
[INFO] Including org.fusesource.hawtdispatch:hawtdispatch-transport:jar:1.21 in the shaded jar.
[INFO] Including org.fusesource.hawtdispatch:hawtdispatch:jar:1.21 in the shaded jar.
[INFO] Including org.fusesource.hawtbuf:hawtbuf:jar:1.11 in the shaded jar.
[INFO] Including org.apache.streampipes:streampipes-messaging-nats:jar:0.92.0-SNAPSHOT in the shaded jar.
[INFO] Including io.nats:jnats:jar:2.16.1 in the shaded jar.
[INFO] Including net.i2p.crypto:eddsa:jar:0.3.0 in the shaded jar.
[INFO] Including org.apache.streampipes:streampipes-measurement-units:jar:0.92.0-SNAPSHOT in the shaded jar.
[INFO] Including org.apache.streampipes:streampipes-commons:jar:0.92.0-SNAPSHOT in the shaded jar.
[INFO] Including commons-codec:commons-codec:jar:1.11 in the shaded jar.
[INFO] Including org.apache.commons:commons-lang3:jar:3.12.0 in the shaded jar.
[INFO] Including ch.qos.logback:logback-classic:jar:1.4.5 in the shaded jar.
[INFO] Including ch.qos.logback:logback-core:jar:1.4.5 in the shaded jar.
[INFO] Including io.fogsy:qudt:jar:1.0 in the shaded jar.
[INFO] Including org.eclipse.rdf4j:rdf4j-rio-rdfxml:jar:3.5.0 in the shaded jar.
[INFO] Including org.eclipse.rdf4j:rdf4j-model:jar:3.5.0 in the shaded jar.
[INFO] Including org.eclipse.rdf4j:rdf4j-model-api:jar:3.5.0 in the shaded jar.
[INFO] Including org.eclipse.rdf4j:rdf4j-model-vocabulary:jar:3.5.0 in the shaded jar.
[INFO] Including org.eclipse.rdf4j:rdf4j-rio-api:jar:3.5.0 in the shaded jar.
[INFO] Including javax.xml.bind:jaxb-api:jar:2.4.0-b180725.0427 in the shaded jar.
[INFO] Including javax.activation:javax.activation-api:jar:1.2.0 in the shaded jar.
[INFO] Including org.eclipse.rdf4j:rdf4j-rio-datatypes:jar:3.5.0 in the shaded jar.
[INFO] Including org.eclipse.rdf4j:rdf4j-rio-languages:jar:3.5.0 in the shaded jar.
[INFO] Including org.eclipse.rdf4j:rdf4j-util:jar:3.5.0 in the shaded jar.
[INFO] Including commons-io:commons-io:jar:2.11.0 in the shaded jar.
[INFO] Including org.eclipse.rdf4j:rdf4j-rio-turtle:jar:3.5.0 in the shaded jar.
[INFO] Including org.apache.streampipes:streampipes-wrapper-flink:jar:0.92.0-SNAPSHOT in the shaded jar.
[INFO] Including org.apache.streampipes:streampipes-wrapper-distributed:jar:0.92.0-SNAPSHOT in the shaded jar.
[INFO] Including org.apache.streampipes:streampipes-wrapper:jar:0.92.0-SNAPSHOT in the shaded jar.
[INFO] Including org.apache.streampipes:streampipes-client:jar:0.92.0-SNAPSHOT in the shaded jar.
[INFO] Including org.apache.streampipes:streampipes-security-jwt:jar:0.92.0-SNAPSHOT in the shaded jar.
[INFO] Including io.jsonwebtoken:jjwt-api:jar:0.11.2 in the shaded jar.
[INFO] Including io.jsonwebtoken:jjwt-impl:jar:0.11.2 in the shaded jar.
[INFO] Including io.jsonwebtoken:jjwt-jackson:jar:0.11.2 in the shaded jar.
[INFO] Including commons-collections:commons-collections:jar:3.2.2 in the shaded jar.
[INFO] Including com.fasterxml.jackson.core:jackson-databind:jar:2.14.1 in the shaded jar.
[INFO] Including com.fasterxml.jackson.core:jackson-core:jar:2.14.1 in the shaded jar.
[INFO] Including org.apache.flink:flink-connector-kafka_2.11:jar:1.13.5 in the shaded jar.
[INFO] Including org.apache.flink:flink-connector-base:jar:1.13.5 in the shaded jar.
[INFO] Including org.apache.flink:force-shading:jar:1.13.5 in the shaded jar.
[INFO] Including org.apache.flink:flink-java:jar:1.13.5 in the shaded jar.
[INFO] Including org.apache.flink:flink-core:jar:1.13.5 in the shaded jar.
[INFO] Including org.apache.flink:flink-annotations:jar:1.13.5 in the shaded jar.
[INFO] Including org.apache.flink:flink-metrics-core:jar:1.13.5 in the shaded jar.
[INFO] Including org.apache.flink:flink-shaded-asm-7:jar:7.1-13.0 in the shaded jar.
[INFO] Including com.esotericsoftware.kryo:kryo:jar:2.24.0 in the shaded jar.
[INFO] Including com.esotericsoftware.minlog:minlog:jar:1.2 in the shaded jar.
[INFO] Including org.apache.commons:commons-compress:jar:1.22 in the shaded jar.
[INFO] Including org.apache.commons:commons-math3:jar:3.6.1 in the shaded jar.
[INFO] Including com.google.code.findbugs:jsr305:jar:3.0.2 in the shaded jar.
[INFO] Including org.apache.flink:flink-streaming-java_2.11:jar:1.13.5 in the shaded jar.
[INFO] Including org.apache.flink:flink-file-sink-common:jar:1.13.5 in the shaded jar.
[INFO] Including org.apache.flink:flink-runtime_2.11:jar:1.13.5 in the shaded jar.
[INFO] Including org.apache.flink:flink-queryable-state-client-java:jar:1.13.5 in the shaded jar.
[INFO] Including org.apache.flink:flink-hadoop-fs:jar:1.13.5 in the shaded jar.
[INFO] Including org.apache.flink:flink-shaded-netty:jar:4.1.49.Final-13.0 in the shaded jar.
[INFO] Including org.apache.flink:flink-shaded-jackson:jar:2.12.1-13.0 in the shaded jar.
[INFO] Including org.apache.flink:flink-shaded-zookeeper-3:jar:3.4.14-13.0 in the shaded jar.
[INFO] Including org.scala-lang:scala-library:jar:2.13.10 in the shaded jar.
[INFO] Including com.typesafe.akka:akka-actor_2.11:jar:2.5.21 in the shaded jar.
[INFO] Including com.typesafe:config:jar:1.3.3 in the shaded jar.
[INFO] Including org.scala-lang.modules:scala-java8-compat_2.11:jar:0.7.0 in the shaded jar.
[INFO] Including com.typesafe.akka:akka-stream_2.11:jar:2.5.21 in the shaded jar.
[INFO] Including org.reactivestreams:reactive-streams:jar:1.0.2 in the shaded jar.
[INFO] Including com.typesafe:ssl-config-core_2.11:jar:0.3.7 in the shaded jar.
[INFO] Including org.scala-lang.modules:scala-parser-combinators_2.11:jar:1.1.1 in the shaded jar.
[INFO] Including com.typesafe.akka:akka-protobuf_2.11:jar:2.5.21 in the shaded jar.
[INFO] Including com.typesafe.akka:akka-slf4j_2.11:jar:2.5.21 in the shaded jar.
[INFO] Including org.clapper:grizzled-slf4j_2.11:jar:1.3.2 in the shaded jar.
[INFO] Including com.github.scopt:scopt_2.11:jar:3.5.0 in the shaded jar.
[INFO] Including com.twitter:chill_2.11:jar:0.7.6 in the shaded jar.
[INFO] Including com.twitter:chill-java:jar:0.7.6 in the shaded jar.
[INFO] Including org.apache.flink:flink-shaded-guava:jar:18.0-13.0 in the shaded jar.
[INFO] Including org.apache.flink:flink-clients_2.11:jar:1.13.5 in the shaded jar.
[INFO] Including org.apache.flink:flink-optimizer_2.11:jar:1.13.5 in the shaded jar.
[INFO] Including commons-cli:commons-cli:jar:1.3.1 in the shaded jar.
[INFO] Including org.xerial.snappy:snappy-java:jar:1.1.7.7 in the shaded jar.
[INFO] Including org.apache.logging.log4j:log4j-to-slf4j:jar:2.19.0 in the shaded jar.
[INFO] Including org.slf4j:slf4j-api:jar:2.0.6 in the shaded jar.
[INFO] Including org.apache.logging.log4j:log4j-api:jar:2.19.0 in the shaded jar.
[INFO] Including net.sourceforge.nekohtml:nekohtml:jar:1.9.13 in the shaded jar.
[INFO] Including xerces:xercesImpl:jar:2.12.2 in the shaded jar.
[INFO] Including xml-apis:xml-apis:jar:1.4.01 in the shaded jar.
[INFO] Including org.apache.streampipes:streampipes-model:jar:0.92.0-SNAPSHOT in the shaded jar.
[INFO] Including org.apache.streampipes:streampipes-model-shared:jar:0.92.0-SNAPSHOT in the shaded jar.
[INFO] Including org.apache.streampipes:streampipes-logging:jar:0.92.0-SNAPSHOT in the shaded jar.
[INFO] Including com.google.code.gson:gson:jar:2.10 in the shaded jar.
[WARNING] Discovered module-info.class. Shading will break its strong encapsulation.
[WARNING] Discovered module-info.class. Shading will break its strong encapsulation.
[WARNING] Discovered module-info.class. Shading will break its strong encapsulation.
[WARNING] Discovered module-info.class. Shading will break its strong encapsulation.
[WARNING] Discovered module-info.class. Shading will break its strong encapsulation.
[WARNING] Discovered module-info.class. Shading will break its strong encapsulation.
[WARNING] Discovered module-info.class. Shading will break its strong encapsulation.
[WARNING] Discovered module-info.class. Shading will break its strong encapsulation.
[WARNING] Discovered module-info.class. Shading will break its strong encapsulation.
[WARNING] Discovered module-info.class. Shading will break its strong encapsulation.
[WARNING] Discovered module-info.class. Shading will break its strong encapsulation.
[WARNING] Discovered module-info.class. Shading will break its strong encapsulation.
[WARNING] Discovered module-info.class. Shading will break its strong encapsulation.
[WARNING] Discovered module-info.class. Shading will break its strong encapsulation.
[WARNING] Discovered module-info.class. Shading will break its strong encapsulation.
[WARNING] Discovered module-info.class. Shading will break its strong encapsulation.
[WARNING] Discovered module-info.class. Shading will break its strong encapsulation.
[WARNING] Discovered module-info.class. Shading will break its strong encapsulation.
[WARNING] Discovered module-info.class. Shading will break its strong encapsulation.
[WARNING] Discovered module-info.class. Shading will break its strong encapsulation.
[WARNING] Discovered module-info.class. Shading will break its strong encapsulation.
[WARNING] Discovered module-info.class. Shading will break its strong encapsulation.
[WARNING] Discovered module-info.class. Shading will break its strong encapsulation.
[WARNING] Discovered module-info.class. Shading will break its strong encapsulation.
[WARNING] Discovered module-info.class. Shading will break its strong encapsulation.
[WARNING] spring-aop-6.0.3.jar, spring-beans-6.0.3.jar, spring-context-6.0.3.jar define 1 overlapping resource: 
[WARNING]   - META-INF/spring.tooling
[WARNING] aopalliance-repackaged-3.0.3.jar, class-model-3.0.3.jar, hk2-3.0.3.jar, hk2-api-3.0.3.jar, hk2-core-3.0.3.jar, hk2-locator-3.0.3.jar, hk2-runlevel-3.0.3.jar, hk2-utils-3.0.3.jar, jakarta.activation-api-1.2.2.jar, jakarta.annotation-api-2.1.1.jar, jakarta.inject-api-2.0.1.jar, jakarta.json-1.1.1.jar, jakarta.json-api-2.1.1.jar, jakarta.websocket-api-2.1.0.jar, jakarta.websocket-client-api-2.1.0.jar, jakarta.ws.rs-api-3.1.0.jar, jakarta.xml.bind-api-4.0.0.jar, jersey-bean-validation-3.1.0.jar, jersey-client-3.1.0.jar, jersey-common-3.1.0.jar, jersey-container-servlet-3.1.0.jar, jersey-container-servlet-core-3.1.0.jar, jersey-entity-filtering-3.1.0.jar, jersey-hk2-3.1.0.jar, jersey-media-json-jackson-3.1.0.jar, jersey-media-multipart-3.1.0.jar, jersey-server-3.1.0.jar, jersey-spring6-3.1.0.jar, mimepull-1.9.15.jar, spring-bridge-3.0.3.jar define 1 overlapping resource: 
[WARNING]   - META-INF/NOTICE.md
[WARNING] activemq-client-5.17.3.jar, flink-annotations-1.13.5.jar, flink-clients_2.11-1.13.5.jar, flink-connector-base-1.13.5.jar, flink-connector-kafka_2.11-1.13.5.jar, flink-core-1.13.5.jar, flink-file-sink-common-1.13.5.jar, flink-hadoop-fs-1.13.5.jar, flink-java-1.13.5.jar, flink-metrics-core-1.13.5.jar, flink-optimizer_2.11-1.13.5.jar, flink-queryable-state-client-java-1.13.5.jar, flink-runtime_2.11-1.13.5.jar, flink-shaded-asm-7-7.1-13.0.jar, flink-shaded-guava-18.0-13.0.jar, flink-shaded-jackson-2.12.1-13.0.jar, flink-shaded-netty-4.1.49.Final-13.0.jar, flink-shaded-zookeeper-3-3.4.14-13.0.jar, flink-streaming-java_2.11-1.13.5.jar, fluent-hc-4.5.13.jar, force-shading-1.13.5.jar, httpclient-4.5.13.jar, httpcore-4.4.9.jar, log4j-api-2.19.0.jar, log4j-to-slf4j-2.19.0.jar, streampipes-client-0.92.0-SNAPSHOT.jar, streampipes-commons-0.92.0-SNAPSHOT.jar, streampipes-config-0.92.0-SNAPSHOT.jar, streampipes-dataformat-0.92.0-SNAPSHOT.jar, streampipes-dataformat-cbor-0.92.0-SNAPSHOT.jar, streampipes-dataformat-fst-0.92.0-SNAPSHOT.jar, streampipes-dataformat-json-0.92.0-SNAPSHOT.jar, streampipes-dataformat-smile-0.92.0-SNAPSHOT.jar, streampipes-extensions-api-0.92.0-SNAPSHOT.jar, streampipes-extensions-management-0.92.0-SNAPSHOT.jar, streampipes-logging-0.92.0-SNAPSHOT.jar, streampipes-measurement-units-0.92.0-SNAPSHOT.jar, streampipes-messaging-0.92.0-SNAPSHOT.jar, streampipes-messaging-jms-0.92.0-SNAPSHOT.jar, streampipes-messaging-kafka-0.92.0-SNAPSHOT.jar, streampipes-messaging-mqtt-0.92.0-SNAPSHOT.jar, streampipes-messaging-nats-0.92.0-SNAPSHOT.jar, streampipes-model-0.92.0-SNAPSHOT.jar, streampipes-model-client-0.92.0-SNAPSHOT.jar, streampipes-model-shared-0.92.0-SNAPSHOT.jar, streampipes-processors-transformation-flink.jar, streampipes-rest-extensions-0.92.0-SNAPSHOT.jar, streampipes-rest-shared-0.92.0-SNAPSHOT.jar, streampipes-sdk-0.92.0-SNAPSHOT.jar, streampipes-sdk-bundle-0.92.0-SNAPSHOT.jar, streampipes-security-jwt-0.92.0-SNAPSHOT.jar, streampipes-serializers-json-0.92.0-SNAPSHOT.jar, streampipes-service-base-0.92.0-SNAPSHOT.jar, streampipes-service-discovery-0.92.0-SNAPSHOT.jar, streampipes-service-discovery-api-0.92.0-SNAPSHOT.jar, streampipes-service-discovery-consul-0.92.0-SNAPSHOT.jar, streampipes-service-extensions-0.92.0-SNAPSHOT.jar, streampipes-vocabulary-0.92.0-SNAPSHOT.jar, streampipes-wrapper-0.92.0-SNAPSHOT.jar, streampipes-wrapper-distributed-0.92.0-SNAPSHOT.jar, streampipes-wrapper-flink-0.92.0-SNAPSHOT.jar define 1 overlapping resource: 
[WARNING]   - META-INF/DEPENDENCIES
[WARNING] activemq-client-5.17.3.jar, classmate-1.5.1.jar, flink-annotations-1.13.5.jar, flink-clients_2.11-1.13.5.jar, flink-connector-base-1.13.5.jar, flink-connector-kafka_2.11-1.13.5.jar, flink-core-1.13.5.jar, flink-file-sink-common-1.13.5.jar, flink-hadoop-fs-1.13.5.jar, flink-java-1.13.5.jar, flink-metrics-core-1.13.5.jar, flink-optimizer_2.11-1.13.5.jar, flink-queryable-state-client-java-1.13.5.jar, flink-runtime_2.11-1.13.5.jar, flink-shaded-asm-7-7.1-13.0.jar, flink-shaded-guava-18.0-13.0.jar, flink-shaded-jackson-2.12.1-13.0.jar, flink-shaded-netty-4.1.49.Final-13.0.jar, flink-shaded-zookeeper-3-3.4.14-13.0.jar, flink-streaming-java_2.11-1.13.5.jar, fluent-hc-4.5.13.jar, force-shading-1.13.5.jar, geronimo-j2ee-management_1.1_spec-1.0.1.jar, geronimo-jms_1.1_spec-1.1.1.jar, httpclient-4.5.13.jar, httpcore-4.4.9.jar, jackson-core-2.14.1.jar, jackson-databind-2.14.1.jar, jackson-dataformat-xml-2.14.1.jar, log4j-api-2.19.0.jar, log4j-to-slf4j-2.19.0.jar, micrometer-commons-1.10.2.jar, micrometer-observation-1.10.2.jar, objenesis-3.3.jar, streampipes-client-0.92.0-SNAPSHOT.jar, streampipes-commons-0.92.0-SNAPSHOT.jar, streampipes-config-0.92.0-SNAPSHOT.jar, streampipes-dataformat-0.92.0-SNAPSHOT.jar, streampipes-dataformat-cbor-0.92.0-SNAPSHOT.jar, streampipes-dataformat-fst-0.92.0-SNAPSHOT.jar, streampipes-dataformat-json-0.92.0-SNAPSHOT.jar, streampipes-dataformat-smile-0.92.0-SNAPSHOT.jar, streampipes-extensions-api-0.92.0-SNAPSHOT.jar, streampipes-extensions-management-0.92.0-SNAPSHOT.jar, streampipes-logging-0.92.0-SNAPSHOT.jar, streampipes-measurement-units-0.92.0-SNAPSHOT.jar, streampipes-messaging-0.92.0-SNAPSHOT.jar, streampipes-messaging-jms-0.92.0-SNAPSHOT.jar, streampipes-messaging-kafka-0.92.0-SNAPSHOT.jar, streampipes-messaging-mqtt-0.92.0-SNAPSHOT.jar, streampipes-messaging-nats-0.92.0-SNAPSHOT.jar, streampipes-model-0.92.0-SNAPSHOT.jar, streampipes-model-client-0.92.0-SNAPSHOT.jar, streampipes-model-shared-0.92.0-SNAPSHOT.jar, streampipes-processors-transformation-flink.jar, streampipes-rest-extensions-0.92.0-SNAPSHOT.jar, streampipes-rest-shared-0.92.0-SNAPSHOT.jar, streampipes-sdk-0.92.0-SNAPSHOT.jar, streampipes-sdk-bundle-0.92.0-SNAPSHOT.jar, streampipes-security-jwt-0.92.0-SNAPSHOT.jar, streampipes-serializers-json-0.92.0-SNAPSHOT.jar, streampipes-service-base-0.92.0-SNAPSHOT.jar, streampipes-service-discovery-0.92.0-SNAPSHOT.jar, streampipes-service-discovery-api-0.92.0-SNAPSHOT.jar, streampipes-service-discovery-consul-0.92.0-SNAPSHOT.jar, streampipes-service-extensions-0.92.0-SNAPSHOT.jar, streampipes-vocabulary-0.92.0-SNAPSHOT.jar, streampipes-wrapper-0.92.0-SNAPSHOT.jar, streampipes-wrapper-distributed-0.92.0-SNAPSHOT.jar, streampipes-wrapper-flink-0.92.0-SNAPSHOT.jar, tomcat-embed-el-10.1.4.jar, xercesImpl-2.12.2.jar define 1 overlapping resource: 
[WARNING]   - META-INF/NOTICE
[WARNING] activemq-client-5.17.3.jar, classmate-1.5.1.jar, flink-annotations-1.13.5.jar, flink-clients_2.11-1.13.5.jar, flink-connector-base-1.13.5.jar, flink-connector-kafka_2.11-1.13.5.jar, flink-core-1.13.5.jar, flink-file-sink-common-1.13.5.jar, flink-hadoop-fs-1.13.5.jar, flink-java-1.13.5.jar, flink-metrics-core-1.13.5.jar, flink-optimizer_2.11-1.13.5.jar, flink-queryable-state-client-java-1.13.5.jar, flink-runtime_2.11-1.13.5.jar, flink-shaded-asm-7-7.1-13.0.jar, flink-shaded-guava-18.0-13.0.jar, flink-shaded-jackson-2.12.1-13.0.jar, flink-shaded-netty-4.1.49.Final-13.0.jar, flink-shaded-zookeeper-3-3.4.14-13.0.jar, flink-streaming-java_2.11-1.13.5.jar, fluent-hc-4.5.13.jar, force-shading-1.13.5.jar, geronimo-j2ee-management_1.1_spec-1.0.1.jar, geronimo-jms_1.1_spec-1.1.1.jar, httpclient-4.5.13.jar, httpcore-4.4.9.jar, jackson-annotations-2.14.1.jar, jackson-core-2.14.1.jar, jackson-databind-2.14.1.jar, jackson-dataformat-xml-2.14.1.jar, jackson-datatype-jsr310-2.14.1.jar, log4j-api-2.19.0.jar, log4j-to-slf4j-2.19.0.jar, micrometer-commons-1.10.2.jar, micrometer-observation-1.10.2.jar, objenesis-3.3.jar, stax2-api-4.2.1.jar, streampipes-client-0.92.0-SNAPSHOT.jar, streampipes-commons-0.92.0-SNAPSHOT.jar, streampipes-config-0.92.0-SNAPSHOT.jar, streampipes-dataformat-0.92.0-SNAPSHOT.jar, streampipes-dataformat-cbor-0.92.0-SNAPSHOT.jar, streampipes-dataformat-fst-0.92.0-SNAPSHOT.jar, streampipes-dataformat-json-0.92.0-SNAPSHOT.jar, streampipes-dataformat-smile-0.92.0-SNAPSHOT.jar, streampipes-extensions-api-0.92.0-SNAPSHOT.jar, streampipes-extensions-management-0.92.0-SNAPSHOT.jar, streampipes-logging-0.92.0-SNAPSHOT.jar, streampipes-measurement-units-0.92.0-SNAPSHOT.jar, streampipes-messaging-0.92.0-SNAPSHOT.jar, streampipes-messaging-jms-0.92.0-SNAPSHOT.jar, streampipes-messaging-kafka-0.92.0-SNAPSHOT.jar, streampipes-messaging-mqtt-0.92.0-SNAPSHOT.jar, streampipes-messaging-nats-0.92.0-SNAPSHOT.jar, streampipes-model-0.92.0-SNAPSHOT.jar, streampipes-model-client-0.92.0-SNAPSHOT.jar, streampipes-model-shared-0.92.0-SNAPSHOT.jar, streampipes-processors-transformation-flink.jar, streampipes-rest-extensions-0.92.0-SNAPSHOT.jar, streampipes-rest-shared-0.92.0-SNAPSHOT.jar, streampipes-sdk-0.92.0-SNAPSHOT.jar, streampipes-sdk-bundle-0.92.0-SNAPSHOT.jar, streampipes-security-jwt-0.92.0-SNAPSHOT.jar, streampipes-serializers-json-0.92.0-SNAPSHOT.jar, streampipes-service-base-0.92.0-SNAPSHOT.jar, streampipes-service-discovery-0.92.0-SNAPSHOT.jar, streampipes-service-discovery-api-0.92.0-SNAPSHOT.jar, streampipes-service-discovery-consul-0.92.0-SNAPSHOT.jar, streampipes-service-extensions-0.92.0-SNAPSHOT.jar, streampipes-vocabulary-0.92.0-SNAPSHOT.jar, streampipes-wrapper-0.92.0-SNAPSHOT.jar, streampipes-wrapper-distributed-0.92.0-SNAPSHOT.jar, streampipes-wrapper-flink-0.92.0-SNAPSHOT.jar, tomcat-embed-el-10.1.4.jar, woodstox-core-6.4.0.jar, xercesImpl-2.12.2.jar define 1 overlapping resource: 
[WARNING]   - META-INF/LICENSE
[WARNING] jakarta.json-1.1.1.jar, jakarta.json-api-2.1.1.jar define 41 overlapping classes and resources: 
[WARNING]   - META-INF/maven/jakarta.json/jakarta.json-api/pom.properties
[WARNING]   - META-INF/maven/jakarta.json/jakarta.json-api/pom.xml
[WARNING]   - jakarta.json.EmptyArray
[WARNING]   - jakarta.json.EmptyObject
[WARNING]   - jakarta.json.Json
[WARNING]   - jakarta.json.JsonArray
[WARNING]   - jakarta.json.JsonArrayBuilder
[WARNING]   - jakarta.json.JsonBuilderFactory
[WARNING]   - jakarta.json.JsonConfig
[WARNING]   - jakarta.json.JsonConfig$KeyStrategy
[WARNING]   - 31 more...
[WARNING] commons-cli-1.3.1.jar, commons-codec-1.11.jar, commons-collections-3.2.2.jar, commons-compress-1.22.jar, commons-io-2.11.0.jar, commons-lang3-3.12.0.jar, commons-logging-1.2.jar, commons-math3-3.6.1.jar, jakarta.inject-api-2.0.1.jar, javax.activation-api-1.2.0.jar, jaxb-api-2.4.0-b180725.0427.jar, jboss-logging-3.4.0.Final.jar, jboss-logging-annotations-2.2.1.Final.jar, jboss-logging-processor-2.2.1.Final.jar, jboss-threads-3.5.0.Final.jar, jtidy-r938.jar, spring-boot-3.0.1.jar, spring-boot-autoconfigure-3.0.1.jar, spring-boot-starter-3.0.1.jar, spring-boot-starter-jersey-3.0.1.jar, spring-boot-starter-json-3.0.1.jar, spring-boot-starter-logging-3.0.1.jar, spring-boot-starter-oauth2-client-3.0.1.jar, spring-boot-starter-undertow-3.0.1.jar, spring-boot-starter-validation-3.0.1.jar define 1 overlapping resource: 
[WARNING]   - META-INF/LICENSE.txt
[WARNING] kafka-clients-3.3.1.jar, scala-library-2.13.10.jar define 2 overlapping resources: 
[WARNING]   - LICENSE
[WARNING]   - NOTICE
[WARNING] commons-logging-1.2.jar, spring-jcl-6.0.3.jar define 5 overlapping classes: 
[WARNING]   - org.apache.commons.logging.Log
[WARNING]   - org.apache.commons.logging.LogFactory
[WARNING]   - org.apache.commons.logging.LogFactory$1
[WARNING]   - org.apache.commons.logging.impl.NoOpLog
[WARNING]   - org.apache.commons.logging.impl.SimpleLog
[WARNING] spring-aop-6.0.3.jar, spring-beans-6.0.3.jar, spring-context-6.0.3.jar, spring-context-support-6.0.3.jar, spring-core-6.0.3.jar, spring-expression-6.0.3.jar, spring-jcl-6.0.3.jar, spring-web-6.0.3.jar define 2 overlapping resources: 
[WARNING]   - META-INF/license.txt
[WARNING]   - META-INF/notice.txt
[WARNING] commons-cli-1.3.1.jar, commons-codec-1.11.jar, commons-collections-3.2.2.jar, commons-compress-1.22.jar, commons-io-2.11.0.jar, commons-lang3-3.12.0.jar, commons-logging-1.2.jar, commons-math3-3.6.1.jar, spring-boot-3.0.1.jar, spring-boot-autoconfigure-3.0.1.jar, spring-boot-starter-3.0.1.jar, spring-boot-starter-jersey-3.0.1.jar, spring-boot-starter-json-3.0.1.jar, spring-boot-starter-logging-3.0.1.jar, spring-boot-starter-oauth2-client-3.0.1.jar, spring-boot-starter-undertow-3.0.1.jar, spring-boot-starter-validation-3.0.1.jar define 1 overlapping resource: 
[WARNING]   - META-INF/NOTICE.txt
[WARNING] gson-2.10.jar, nimbus-jose-jwt-9.30.1.jar define 2 overlapping resources: 
[WARNING]   - META-INF/maven/com.google.code.gson/gson/pom.properties
[WARNING]   - META-INF/maven/com.google.code.gson/gson/pom.xml
[WARNING] gson-2.10.jar, jackson-core-2.14.1.jar, jackson-databind-2.14.1.jar, jackson-dataformat-cbor-2.14.1.jar, jackson-dataformat-smile-2.14.1.jar, jackson-dataformat-xml-2.14.1.jar, jackson-datatype-jdk8-2.14.1.jar, jackson-datatype-jsr310-2.14.1.jar, jackson-module-parameter-names-2.14.1.jar, log4j-api-2.19.0.jar, nimbus-jose-jwt-9.30.1.jar, slf4j-api-2.0.6.jar define 1 overlapping classes: 
[WARNING]   - META-INF.versions.9.module-info
[WARNING] aopalliance-repackaged-3.0.3.jar, spring-aop-6.0.3.jar define 9 overlapping classes: 
[WARNING]   - org.aopalliance.aop.Advice
[WARNING]   - org.aopalliance.aop.AspectException
[WARNING]   - org.aopalliance.intercept.ConstructorInterceptor
[WARNING]   - org.aopalliance.intercept.ConstructorInvocation
[WARNING]   - org.aopalliance.intercept.Interceptor
[WARNING]   - org.aopalliance.intercept.Invocation
[WARNING]   - org.aopalliance.intercept.Joinpoint
[WARNING]   - org.aopalliance.intercept.MethodInterceptor
[WARNING]   - org.aopalliance.intercept.MethodInvocation
[WARNING] flink-shaded-zookeeper-3-3.4.14-13.0.jar, nekohtml-1.9.13.jar define 1 overlapping resource: 
[WARNING]   - LICENSE.txt
[WARNING] spring-web-6.0.3.jar, tomcat-embed-el-10.1.4.jar define 1 overlapping resource: 
[WARNING]   - META-INF/web-fragment.xml
[WARNING] accessors-smart-2.4.8.jar, activemq-client-5.17.3.jar, akka-actor_2.11-2.5.21.jar, akka-protobuf_2.11-2.5.21.jar, akka-slf4j_2.11-2.5.21.jar, akka-stream_2.11-2.5.21.jar, animal-sniffer-annotations-1.17.jar, aopalliance-repackaged-3.0.3.jar, asm-9.4.jar, asm-analysis-9.2.jar, asm-commons-9.2.jar, asm-tree-9.2.jar, asm-util-9.2.jar, checker-qual-2.5.2.jar, chill-java-0.7.6.jar, chill_2.11-0.7.6.jar, class-model-3.0.3.jar, classmate-1.5.1.jar, commons-cli-1.3.1.jar, commons-codec-1.11.jar, commons-collections-3.2.2.jar, commons-compress-1.22.jar, commons-io-2.11.0.jar, commons-lang3-3.12.0.jar, commons-logging-1.2.jar, commons-math3-3.6.1.jar, config-1.3.3.jar, consul-api-1.4.5.jar, content-type-2.2.jar, eddsa-0.3.0.jar, error_prone_annotations-2.2.0.jar, failureaccess-1.0.1.jar, flink-annotations-1.13.5.jar, flink-clients_2.11-1.13.5.jar, flink-connector-base-1.13.5.jar, flink-connector-kafka_2.11-1.13.5.jar, flink-core-1.13.5.jar, flink-file-sink-common-1.13.5.jar, flink-hadoop-fs-1.13.5.jar, flink-java-1.13.5.jar, flink-metrics-core-1.13.5.jar, flink-optimizer_2.11-1.13.5.jar, flink-queryable-state-client-java-1.13.5.jar, flink-runtime_2.11-1.13.5.jar, flink-shaded-asm-7-7.1-13.0.jar, flink-shaded-guava-18.0-13.0.jar, flink-shaded-jackson-2.12.1-13.0.jar, flink-shaded-netty-4.1.49.Final-13.0.jar, flink-shaded-zookeeper-3-3.4.14-13.0.jar, flink-streaming-java_2.11-1.13.5.jar, fluent-hc-4.5.13.jar, force-shading-1.13.5.jar, fst-2.57.jar, geojson-jackson-1.14.jar, geronimo-j2ee-management_1.1_spec-1.0.1.jar, geronimo-jms_1.1_spec-1.1.1.jar, grizzled-slf4j_2.11-1.3.2.jar, gson-2.10.jar, guava-27.1-jre.jar, hawtbuf-1.11.jar, hawtdispatch-1.21.jar, hawtdispatch-transport-1.21.jar, hibernate-validator-8.0.0.Final.jar, hk2-3.0.3.jar, hk2-api-3.0.3.jar, hk2-core-3.0.3.jar, hk2-locator-3.0.3.jar, hk2-runlevel-3.0.3.jar, hk2-utils-3.0.3.jar, httpclient-4.5.13.jar, httpcore-4.4.9.jar, j2objc-annotations-1.3.jar, jackson-annotations-2.14.1.jar, jackson-core-2.14.1.jar, jackson-databind-2.14.1.jar, jackson-dataformat-cbor-2.14.1.jar, jackson-dataformat-smile-2.14.1.jar, jackson-dataformat-xml-2.14.1.jar, jackson-datatype-jdk8-2.14.1.jar, jackson-datatype-jsr310-2.14.1.jar, jackson-module-jakarta-xmlbind-annotations-2.14.1.jar, jackson-module-parameter-names-2.14.1.jar, jakarta.activation-api-1.2.2.jar, jakarta.annotation-api-2.1.1.jar, jakarta.inject-api-2.0.1.jar, jakarta.json-1.1.1.jar, jakarta.json-api-2.1.1.jar, jakarta.servlet-api-6.0.0.jar, jakarta.validation-api-3.0.2.jar, jakarta.websocket-api-2.1.0.jar, jakarta.websocket-client-api-2.1.0.jar, jakarta.ws.rs-api-3.1.0.jar, jakarta.xml.bind-api-4.0.0.jar, javassist-3.25.0-GA.jar, javax.activation-api-1.2.0.jar, jaxb-api-2.4.0-b180725.0427.jar, jboss-logging-3.4.0.Final.jar, jboss-logging-annotations-2.2.1.Final.jar, jboss-logging-processor-2.2.1.Final.jar, jboss-threads-3.5.0.Final.jar, jcip-annotations-1.0-1.jar, jdeparser-2.0.3.Final.jar, jersey-bean-validation-3.1.0.jar, jersey-client-3.1.0.jar, jersey-common-3.1.0.jar, jersey-container-servlet-3.1.0.jar, jersey-container-servlet-core-3.1.0.jar, jersey-entity-filtering-3.1.0.jar, jersey-hk2-3.1.0.jar, jersey-media-json-jackson-3.1.0.jar, jersey-media-multipart-3.1.0.jar, jersey-server-3.1.0.jar, jersey-spring6-3.1.0.jar, jjwt-api-0.11.2.jar, jjwt-impl-0.11.2.jar, jjwt-jackson-0.11.2.jar, jnats-2.16.1.jar, json-smart-2.4.8.jar, jsr305-3.0.2.jar, jtidy-r938.jar, jul-to-slf4j-2.0.6.jar, kafka-clients-3.3.1.jar, kryo-2.24.0.jar, lang-tag-1.7.jar, listenablefuture-9999.0-empty-to-avoid-conflict-with-guava.jar, log4j-api-2.19.0.jar, log4j-to-slf4j-2.19.0.jar, logback-classic-1.4.5.jar, logback-core-1.4.5.jar, lz4-java-1.8.0.jar, micrometer-commons-1.10.2.jar, micrometer-observation-1.10.2.jar, mimepull-1.9.15.jar, minlog-1.2.jar, mqtt-client-1.12.jar, nekohtml-1.9.13.jar, nimbus-jose-jwt-9.30.1.jar, oauth2-oidc-sdk-9.43.1.jar, objenesis-3.3.jar, osgi-resource-locator-1.0.3.jar, qudt-1.0.jar, rdf4j-model-3.5.0.jar, rdf4j-model-api-3.5.0.jar, rdf4j-model-vocabulary-3.5.0.jar, rdf4j-rio-api-3.5.0.jar, rdf4j-rio-datatypes-3.5.0.jar, rdf4j-rio-languages-3.5.0.jar, rdf4j-rio-rdfxml-3.5.0.jar, rdf4j-rio-turtle-3.5.0.jar, rdf4j-util-3.5.0.jar, reactive-streams-1.0.2.jar, rendersnake-1.9.0.jar, scala-java8-compat_2.11-0.7.0.jar, scala-library-2.13.10.jar, scala-parser-combinators_2.11-1.1.1.jar, scopt_2.11-3.5.0.jar, servlet-api-2.4.jar, slf4j-api-2.0.6.jar, snakeyaml-1.26.jar, snappy-java-1.1.7.7.jar, spring-aop-6.0.3.jar, spring-beans-6.0.3.jar, spring-boot-3.0.1.jar, spring-boot-autoconfigure-3.0.1.jar, spring-boot-starter-3.0.1.jar, spring-boot-starter-jersey-3.0.1.jar, spring-boot-starter-json-3.0.1.jar, spring-boot-starter-logging-3.0.1.jar, spring-boot-starter-oauth2-client-3.0.1.jar, spring-boot-starter-undertow-3.0.1.jar, spring-boot-starter-validation-3.0.1.jar, spring-bridge-3.0.3.jar, spring-context-6.0.3.jar, spring-context-support-6.0.3.jar, spring-core-6.0.3.jar, spring-expression-6.0.3.jar, spring-jcl-6.0.3.jar, spring-security-config-6.0.1.jar, spring-security-core-6.0.1.jar, spring-security-crypto-6.0.1.jar, spring-security-oauth2-client-6.0.1.jar, spring-security-oauth2-core-6.0.1.jar, spring-security-oauth2-jose-6.0.1.jar, spring-security-web-6.0.1.jar, spring-web-6.0.3.jar, ssl-config-core_2.11-0.3.7.jar, stax2-api-4.2.1.jar, streampipes-client-0.92.0-SNAPSHOT.jar, streampipes-commons-0.92.0-SNAPSHOT.jar, streampipes-config-0.92.0-SNAPSHOT.jar, streampipes-dataformat-0.92.0-SNAPSHOT.jar, streampipes-dataformat-cbor-0.92.0-SNAPSHOT.jar, streampipes-dataformat-fst-0.92.0-SNAPSHOT.jar, streampipes-dataformat-json-0.92.0-SNAPSHOT.jar, streampipes-dataformat-smile-0.92.0-SNAPSHOT.jar, streampipes-extensions-api-0.92.0-SNAPSHOT.jar, streampipes-extensions-management-0.92.0-SNAPSHOT.jar, streampipes-logging-0.92.0-SNAPSHOT.jar, streampipes-measurement-units-0.92.0-SNAPSHOT.jar, streampipes-messaging-0.92.0-SNAPSHOT.jar, streampipes-messaging-jms-0.92.0-SNAPSHOT.jar, streampipes-messaging-kafka-0.92.0-SNAPSHOT.jar, streampipes-messaging-mqtt-0.92.0-SNAPSHOT.jar, streampipes-messaging-nats-0.92.0-SNAPSHOT.jar, streampipes-model-0.92.0-SNAPSHOT.jar, streampipes-model-client-0.92.0-SNAPSHOT.jar, streampipes-model-shared-0.92.0-SNAPSHOT.jar, streampipes-processors-transformation-flink.jar, streampipes-rest-extensions-0.92.0-SNAPSHOT.jar, streampipes-rest-shared-0.92.0-SNAPSHOT.jar, streampipes-sdk-0.92.0-SNAPSHOT.jar, streampipes-sdk-bundle-0.92.0-SNAPSHOT.jar, streampipes-security-jwt-0.92.0-SNAPSHOT.jar, streampipes-serializers-json-0.92.0-SNAPSHOT.jar, streampipes-service-base-0.92.0-SNAPSHOT.jar, streampipes-service-discovery-0.92.0-SNAPSHOT.jar, streampipes-service-discovery-api-0.92.0-SNAPSHOT.jar, streampipes-service-discovery-consul-0.92.0-SNAPSHOT.jar, streampipes-service-extensions-0.92.0-SNAPSHOT.jar, streampipes-vocabulary-0.92.0-SNAPSHOT.jar, streampipes-wrapper-0.92.0-SNAPSHOT.jar, streampipes-wrapper-distributed-0.92.0-SNAPSHOT.jar, streampipes-wrapper-flink-0.92.0-SNAPSHOT.jar, tomcat-embed-el-10.1.4.jar, type-parser-0.7.0.jar, undertow-core-2.3.2.Final.jar, undertow-servlet-2.3.2.Final.jar, undertow-websockets-jsr-2.3.2.Final.jar, wildfly-client-config-1.0.1.Final.jar, wildfly-common-1.6.0.Final.jar, woodstox-core-6.4.0.jar, xercesImpl-2.12.2.jar, xml-apis-1.4.01.jar, xnio-api-3.8.8.Final.jar, xnio-nio-3.8.8.Final.jar, zstd-jni-1.4.3-1.jar define 1 overlapping resource: 
[WARNING]   - META-INF/MANIFEST.MF
[WARNING] jersey-bean-validation-3.1.0.jar, jersey-common-3.1.0.jar, jersey-media-json-jackson-3.1.0.jar, jersey-server-3.1.0.jar define 1 overlapping resource: 
[WARNING]   - META-INF/NOTICE.markdown
[WARNING] jakarta.activation-api-1.2.2.jar, javax.activation-api-1.2.0.jar define 31 overlapping classes: 
[WARNING]   - javax.activation.ActivationDataFlavor
[WARNING]   - javax.activation.CommandInfo
[WARNING]   - javax.activation.CommandInfo$Beans
[WARNING]   - javax.activation.CommandInfo$Beans$1
[WARNING]   - javax.activation.CommandMap
[WARNING]   - javax.activation.CommandObject
[WARNING]   - javax.activation.DataContentHandler
[WARNING]   - javax.activation.DataContentHandlerFactory
[WARNING]   - javax.activation.DataHandler
[WARNING]   - javax.activation.DataHandler$1
[WARNING]   - 21 more...
[WARNING] spring-aop-6.0.3.jar, spring-beans-6.0.3.jar, spring-boot-3.0.1.jar, spring-boot-autoconfigure-3.0.1.jar, spring-context-6.0.3.jar, spring-context-support-6.0.3.jar, spring-core-6.0.3.jar, spring-security-config-6.0.1.jar, spring-security-core-6.0.1.jar, spring-security-oauth2-client-6.0.1.jar, spring-security-web-6.0.1.jar, spring-web-6.0.3.jar define 1 overlapping resource: 
[WARNING]   - META-INF/spring/aot.factories
[WARNING] aopalliance-repackaged-3.0.3.jar, class-model-3.0.3.jar, hk2-3.0.3.jar, hk2-api-3.0.3.jar, hk2-core-3.0.3.jar, hk2-locator-3.0.3.jar, hk2-runlevel-3.0.3.jar, hk2-utils-3.0.3.jar, jakarta.activation-api-1.2.2.jar, jakarta.annotation-api-2.1.1.jar, jakarta.json-1.1.1.jar, jakarta.json-api-2.1.1.jar, jakarta.websocket-api-2.1.0.jar, jakarta.websocket-client-api-2.1.0.jar, jakarta.ws.rs-api-3.1.0.jar, jakarta.xml.bind-api-4.0.0.jar, jersey-bean-validation-3.1.0.jar, jersey-client-3.1.0.jar, jersey-common-3.1.0.jar, jersey-container-servlet-3.1.0.jar, jersey-container-servlet-core-3.1.0.jar, jersey-entity-filtering-3.1.0.jar, jersey-hk2-3.1.0.jar, jersey-media-json-jackson-3.1.0.jar, jersey-media-multipart-3.1.0.jar, jersey-server-3.1.0.jar, jersey-spring6-3.1.0.jar, mimepull-1.9.15.jar, spring-bridge-3.0.3.jar define 1 overlapping resource: 
[WARNING]   - META-INF/LICENSE.md
[WARNING] spring-boot-3.0.1.jar, spring-boot-autoconfigure-3.0.1.jar define 2 overlapping resources: 
[WARNING]   - META-INF/additional-spring-configuration-metadata.json
[WARNING]   - META-INF/spring-configuration-metadata.json
[WARNING] maven-shade-plugin has detected that some class files are
[WARNING] present in two or more JARs. When this happens, only one
[WARNING] single version of the class is copied to the uber jar.
[WARNING] Usually this is not harmful and you can skip these warnings,
[WARNING] otherwise try to manually exclude artifacts based on
[WARNING] mvn dependency:tree -Ddetail=true and the above output.
[WARNING] See https://maven.apache.org/plugins/maven-shade-plugin/
[INFO] Replacing original artifact with shaded artifact.
[INFO] Replacing /Users/arian/edu/kth/softfund_dd2480/assignment4/DD2480-Assignment-4/streampipes-extensions/streampipes-processors-transformation-flink/target/streampipes-processors-transformation-flink.jar with /Users/arian/edu/kth/softfund_dd2480/assignment4/DD2480-Assignment-4/streampipes-extensions/streampipes-processors-transformation-flink/target/streampipes-processors-transformation-flink-0.92.0-SNAPSHOT-shaded.jar
[INFO] 
[INFO] ------< org.apache.streampipes:streampipes-sinks-databases-flink >------
[INFO] Building streampipes-sinks-databases-flink 0.92.0-SNAPSHOT       [86/94]
[INFO] --------------------------------[ jar ]---------------------------------
[INFO] 
[INFO] --- maven-clean-plugin:3.2.0:clean (default-clean) @ streampipes-sinks-databases-flink ---
[INFO] 
[INFO] --- maven-enforcer-plugin:3.1.0:enforce (enforce-maven-version) @ streampipes-sinks-databases-flink ---
[INFO] 
[INFO] --- maven-enforcer-plugin:3.1.0:enforce (enforce-java-version) @ streampipes-sinks-databases-flink ---
[INFO] 
[INFO] --- maven-enforcer-plugin:3.1.0:enforce (check-at-least-java-17) @ streampipes-sinks-databases-flink ---
[INFO] 
[INFO] --- maven-enforcer-plugin:3.1.0:enforce (enforce-version-convergence) @ streampipes-sinks-databases-flink ---
[INFO] 
[INFO] --- maven-checkstyle-plugin:3.2.1:check (validate) @ streampipes-sinks-databases-flink ---
[INFO] 
[INFO] --- maven-remote-resources-plugin:1.7.0:process (process-resource-bundles) @ streampipes-sinks-databases-flink ---
[INFO] Preparing remote bundle org.apache:apache-jar-resource-bundle:1.4
[INFO] Copying 3 resources from 1 bundle.
[INFO] 
[INFO] --- maven-resources-plugin:3.3.0:resources (default-resources) @ streampipes-sinks-databases-flink ---
[INFO] Copying 3 resources
[INFO] Copying 3 resources
[INFO] 
[INFO] --- maven-compiler-plugin:3.10.1:compile (default-compile) @ streampipes-sinks-databases-flink ---
[INFO] Changes detected - recompiling the module!
[INFO] Compiling 15 source files to /Users/arian/edu/kth/softfund_dd2480/assignment4/DD2480-Assignment-4/streampipes-extensions/streampipes-sinks-databases-flink/target/classes
[INFO] /Users/arian/edu/kth/softfund_dd2480/assignment4/DD2480-Assignment-4/streampipes-extensions/streampipes-sinks-databases-flink/src/main/java/org/apache/streampipes/sinks/databases/flink/elasticsearch/elastic/ElasticsearchSinkBase.java: Some input files use or override a deprecated API.
[INFO] /Users/arian/edu/kth/softfund_dd2480/assignment4/DD2480-Assignment-4/streampipes-extensions/streampipes-sinks-databases-flink/src/main/java/org/apache/streampipes/sinks/databases/flink/elasticsearch/elastic/ElasticsearchSinkBase.java: Recompile with -Xlint:deprecation for details.
[INFO] /Users/arian/edu/kth/softfund_dd2480/assignment4/DD2480-Assignment-4/streampipes-extensions/streampipes-sinks-databases-flink/src/main/java/org/apache/streampipes/sinks/databases/flink/elasticsearch/ElasticSearchProgram.java: /Users/arian/edu/kth/softfund_dd2480/assignment4/DD2480-Assignment-4/streampipes-extensions/streampipes-sinks-databases-flink/src/main/java/org/apache/streampipes/sinks/databases/flink/elasticsearch/ElasticSearchProgram.java uses unchecked or unsafe operations.
[INFO] /Users/arian/edu/kth/softfund_dd2480/assignment4/DD2480-Assignment-4/streampipes-extensions/streampipes-sinks-databases-flink/src/main/java/org/apache/streampipes/sinks/databases/flink/elasticsearch/ElasticSearchProgram.java: Recompile with -Xlint:unchecked for details.
[INFO] 
[INFO] --- maven-resources-plugin:3.3.0:testResources (default-testResources) @ streampipes-sinks-databases-flink ---
[INFO] skip non existing resourceDirectory /Users/arian/edu/kth/softfund_dd2480/assignment4/DD2480-Assignment-4/streampipes-extensions/streampipes-sinks-databases-flink/src/test/resources
[INFO] Copying 3 resources
[INFO] 
[INFO] --- maven-compiler-plugin:3.10.1:testCompile (default-testCompile) @ streampipes-sinks-databases-flink ---
[INFO] No sources to compile
[INFO] 
[INFO] --- maven-surefire-plugin:2.22.2:test (default-test) @ streampipes-sinks-databases-flink ---
[INFO] 
[INFO] --- maven-jar-plugin:3.3.0:jar (default-jar) @ streampipes-sinks-databases-flink ---
[INFO] Building jar: /Users/arian/edu/kth/softfund_dd2480/assignment4/DD2480-Assignment-4/streampipes-extensions/streampipes-sinks-databases-flink/target/streampipes-sinks-databases-flink.jar
[INFO] 
[INFO] --- maven-site-plugin:3.12.1:attach-descriptor (attach-descriptor) @ streampipes-sinks-databases-flink ---
[INFO] Skipping because packaging 'jar' is not pom.
[INFO] 
[INFO] --- maven-javadoc-plugin:3.4.1:jar (attach-javadocs) @ streampipes-sinks-databases-flink ---
[ERROR] Error fetching link: /Users/arian/edu/kth/softfund_dd2480/assignment4/DD2480-Assignment-4/streampipes-sdk-bundle/target/apidocs. Ignored it.
[INFO] No previous run data found, generating javadoc.
[INFO] Building jar: /Users/arian/edu/kth/softfund_dd2480/assignment4/DD2480-Assignment-4/streampipes-extensions/streampipes-sinks-databases-flink/target/streampipes-sinks-databases-flink-javadoc.jar
[INFO] 
[INFO] >>> maven-source-plugin:3.0.1:jar (attach-sources) > generate-sources @ streampipes-sinks-databases-flink >>>
[INFO] 
[INFO] --- maven-enforcer-plugin:3.1.0:enforce (enforce-maven-version) @ streampipes-sinks-databases-flink ---
[INFO] 
[INFO] --- maven-enforcer-plugin:3.1.0:enforce (enforce-java-version) @ streampipes-sinks-databases-flink ---
[INFO] 
[INFO] --- maven-enforcer-plugin:3.1.0:enforce (check-at-least-java-17) @ streampipes-sinks-databases-flink ---
[INFO] 
[INFO] --- maven-enforcer-plugin:3.1.0:enforce (enforce-version-convergence) @ streampipes-sinks-databases-flink ---
[INFO] 
[INFO] --- maven-checkstyle-plugin:3.2.1:check (validate) @ streampipes-sinks-databases-flink ---
[INFO] 
[INFO] <<< maven-source-plugin:3.0.1:jar (attach-sources) < generate-sources @ streampipes-sinks-databases-flink <<<
[INFO] 
[INFO] 
[INFO] --- maven-source-plugin:3.0.1:jar (attach-sources) @ streampipes-sinks-databases-flink ---
[INFO] Building jar: /Users/arian/edu/kth/softfund_dd2480/assignment4/DD2480-Assignment-4/streampipes-extensions/streampipes-sinks-databases-flink/target/streampipes-sinks-databases-flink-sources.jar
[INFO] 
[INFO] --- maven-shade-plugin:3.4.1:shade (default) @ streampipes-sinks-databases-flink ---
[INFO] Including org.apache.streampipes:streampipes-sdk-bundle:jar:0.92.0-SNAPSHOT in the shaded jar.
[INFO] Including org.apache.streampipes:streampipes-sdk:jar:0.92.0-SNAPSHOT in the shaded jar.
[INFO] Including org.apache.streampipes:streampipes-config:jar:0.92.0-SNAPSHOT in the shaded jar.
[INFO] Including org.apache.streampipes:streampipes-serializers-json:jar:0.92.0-SNAPSHOT in the shaded jar.
[INFO] Including org.apache.streampipes:streampipes-model-client:jar:0.92.0-SNAPSHOT in the shaded jar.
[INFO] Including org.apache.streampipes:streampipes-service-discovery:jar:0.92.0-SNAPSHOT in the shaded jar.
[INFO] Including org.apache.streampipes:streampipes-service-discovery-api:jar:0.92.0-SNAPSHOT in the shaded jar.
[INFO] Including org.apache.streampipes:streampipes-service-discovery-consul:jar:0.92.0-SNAPSHOT in the shaded jar.
[INFO] Including com.ecwid.consul:consul-api:jar:1.4.5 in the shaded jar.
[INFO] Including org.apache.streampipes:streampipes-model:jar:0.92.0-SNAPSHOT in the shaded jar.
[INFO] Including org.apache.streampipes:streampipes-model-shared:jar:0.92.0-SNAPSHOT in the shaded jar.
[INFO] Including org.apache.streampipes:streampipes-logging:jar:0.92.0-SNAPSHOT in the shaded jar.
[INFO] Including com.google.code.gson:gson:jar:2.10 in the shaded jar.
[INFO] Including org.apache.streampipes:streampipes-vocabulary:jar:0.92.0-SNAPSHOT in the shaded jar.
[INFO] Including com.google.guava:guava:jar:27.1-jre in the shaded jar.
[INFO] Including com.google.guava:failureaccess:jar:1.0.1 in the shaded jar.
[INFO] Including com.google.guava:listenablefuture:jar:9999.0-empty-to-avoid-conflict-with-guava in the shaded jar.
[INFO] Including org.checkerframework:checker-qual:jar:2.5.2 in the shaded jar.
[INFO] Including com.google.errorprone:error_prone_annotations:jar:2.2.0 in the shaded jar.
[INFO] Including com.google.j2objc:j2objc-annotations:jar:1.3 in the shaded jar.
[INFO] Including org.codehaus.mojo:animal-sniffer-annotations:jar:1.17 in the shaded jar.
[INFO] Including com.github.drapostolos:type-parser:jar:0.7.0 in the shaded jar.
[INFO] Including org.apache.httpcomponents:fluent-hc:jar:4.5.13 in the shaded jar.
[INFO] Including org.apache.streampipes:streampipes-service-extensions:jar:0.92.0-SNAPSHOT in the shaded jar.
[INFO] Including org.apache.streampipes:streampipes-service-base:jar:0.92.0-SNAPSHOT in the shaded jar.
[INFO] Including jakarta.annotation:jakarta.annotation-api:jar:2.1.1 in the shaded jar.
[INFO] Including jakarta.validation:jakarta.validation-api:jar:3.0.2 in the shaded jar.
[INFO] Including org.springframework.boot:spring-boot-starter-jersey:jar:3.0.1 in the shaded jar.
[INFO] Including org.springframework.boot:spring-boot-starter-json:jar:3.0.1 in the shaded jar.
[INFO] Including com.fasterxml.jackson.datatype:jackson-datatype-jsr310:jar:2.14.1 in the shaded jar.
[INFO] Including com.fasterxml.jackson.module:jackson-module-parameter-names:jar:2.14.1 in the shaded jar.
[INFO] Including org.springframework.boot:spring-boot-starter-validation:jar:3.0.1 in the shaded jar.
[INFO] Including org.springframework:spring-web:jar:6.0.3 in the shaded jar.
[INFO] Including io.micrometer:micrometer-observation:jar:1.10.2 in the shaded jar.
[INFO] Including io.micrometer:micrometer-commons:jar:1.10.2 in the shaded jar.
[INFO] Including org.glassfish.jersey.containers:jersey-container-servlet-core:jar:3.1.0 in the shaded jar.
[INFO] Including org.glassfish.jersey.core:jersey-common:jar:3.1.0 in the shaded jar.
[INFO] Including org.glassfish.hk2:osgi-resource-locator:jar:1.0.3 in the shaded jar.
[INFO] Including org.glassfish.jersey.containers:jersey-container-servlet:jar:3.1.0 in the shaded jar.
[INFO] Including org.glassfish.jersey.core:jersey-server:jar:3.1.0 in the shaded jar.
[INFO] Including org.glassfish.jersey.core:jersey-client:jar:3.1.0 in the shaded jar.
[INFO] Including org.glassfish.jersey.ext:jersey-bean-validation:jar:3.1.0 in the shaded jar.
[INFO] Including org.glassfish.jersey.ext:jersey-spring6:jar:3.1.0 in the shaded jar.
[INFO] Including org.glassfish.jersey.inject:jersey-hk2:jar:3.1.0 in the shaded jar.
[INFO] Including org.glassfish.hk2:hk2-locator:jar:3.0.3 in the shaded jar.
[INFO] Including org.glassfish.hk2.external:aopalliance-repackaged:jar:3.0.3 in the shaded jar.
[INFO] Including org.glassfish.hk2:hk2:jar:3.0.3 in the shaded jar.
[INFO] Including org.glassfish.hk2:hk2-utils:jar:3.0.3 in the shaded jar.
[INFO] Including org.glassfish.hk2:hk2-api:jar:3.0.3 in the shaded jar.
[INFO] Including org.glassfish.hk2:hk2-core:jar:3.0.3 in the shaded jar.
[INFO] Including org.glassfish.hk2:hk2-runlevel:jar:3.0.3 in the shaded jar.
[INFO] Including org.glassfish.hk2:class-model:jar:3.0.3 in the shaded jar.
[INFO] Including org.ow2.asm:asm-analysis:jar:9.2 in the shaded jar.
[INFO] Including org.ow2.asm:asm-commons:jar:9.2 in the shaded jar.
[INFO] Including org.ow2.asm:asm-tree:jar:9.2 in the shaded jar.
[INFO] Including org.ow2.asm:asm-util:jar:9.2 in the shaded jar.
[INFO] Including org.glassfish.hk2:spring-bridge:jar:3.0.3 in the shaded jar.
[INFO] Including org.glassfish.jersey.media:jersey-media-json-jackson:jar:3.1.0 in the shaded jar.
[INFO] Including org.glassfish.jersey.ext:jersey-entity-filtering:jar:3.1.0 in the shaded jar.
[INFO] Including com.fasterxml.jackson.module:jackson-module-jakarta-xmlbind-annotations:jar:2.14.1 in the shaded jar.
[INFO] Including jakarta.xml.bind:jakarta.xml.bind-api:jar:4.0.0 in the shaded jar.
[INFO] Including org.springframework.boot:spring-boot-starter-undertow:jar:3.0.1 in the shaded jar.
[INFO] Including io.undertow:undertow-core:jar:2.3.2.Final in the shaded jar.
[INFO] Including org.jboss.xnio:xnio-api:jar:3.8.8.Final in the shaded jar.
[INFO] Including org.wildfly.common:wildfly-common:jar:1.6.0.Final in the shaded jar.
[INFO] Including org.wildfly.client:wildfly-client-config:jar:1.0.1.Final in the shaded jar.
[INFO] Including org.jboss.xnio:xnio-nio:jar:3.8.8.Final in the shaded jar.
[INFO] Including org.jboss.threads:jboss-threads:jar:3.5.0.Final in the shaded jar.
[INFO] Including io.undertow:undertow-servlet:jar:2.3.2.Final in the shaded jar.
[INFO] Including io.undertow:undertow-websockets-jsr:jar:2.3.2.Final in the shaded jar.
[INFO] Including jakarta.websocket:jakarta.websocket-api:jar:2.1.0 in the shaded jar.
[INFO] Including jakarta.websocket:jakarta.websocket-client-api:jar:2.1.0 in the shaded jar.
[INFO] Including org.apache.tomcat.embed:tomcat-embed-el:jar:10.1.4 in the shaded jar.
[INFO] Including org.springframework.boot:spring-boot-starter-oauth2-client:jar:3.0.1 in the shaded jar.
[INFO] Including org.springframework.boot:spring-boot-starter:jar:3.0.1 in the shaded jar.
[INFO] Including org.springframework.boot:spring-boot:jar:3.0.1 in the shaded jar.
[INFO] Including org.springframework.boot:spring-boot-autoconfigure:jar:3.0.1 in the shaded jar.
[INFO] Including org.springframework.boot:spring-boot-starter-logging:jar:3.0.1 in the shaded jar.
[INFO] Including org.slf4j:jul-to-slf4j:jar:2.0.6 in the shaded jar.
[INFO] Including org.springframework.security:spring-security-config:jar:6.0.1 in the shaded jar.
[INFO] Including org.springframework.security:spring-security-core:jar:6.0.1 in the shaded jar.
[INFO] Including org.springframework.security:spring-security-crypto:jar:6.0.1 in the shaded jar.
[INFO] Including org.springframework.security:spring-security-oauth2-client:jar:6.0.1 in the shaded jar.
[INFO] Including org.springframework.security:spring-security-oauth2-core:jar:6.0.1 in the shaded jar.
[INFO] Including org.springframework.security:spring-security-web:jar:6.0.1 in the shaded jar.
[INFO] Including com.nimbusds:oauth2-oidc-sdk:jar:9.43.1 in the shaded jar.
[INFO] Including com.github.stephenc.jcip:jcip-annotations:jar:1.0-1 in the shaded jar.
[INFO] Including com.nimbusds:content-type:jar:2.2 in the shaded jar.
[INFO] Including net.minidev:json-smart:jar:2.4.8 in the shaded jar.
[INFO] Including net.minidev:accessors-smart:jar:2.4.8 in the shaded jar.
[INFO] Including org.ow2.asm:asm:jar:9.4 in the shaded jar.
[INFO] Including com.nimbusds:lang-tag:jar:1.7 in the shaded jar.
[INFO] Including org.springframework.security:spring-security-oauth2-jose:jar:6.0.1 in the shaded jar.
[INFO] Including com.nimbusds:nimbus-jose-jwt:jar:9.30.1 in the shaded jar.
[INFO] Including jakarta.activation:jakarta.activation-api:jar:1.2.2 in the shaded jar.
[INFO] Including jakarta.inject:jakarta.inject-api:jar:2.0.1 in the shaded jar.
[INFO] Including jakarta.servlet:jakarta.servlet-api:jar:6.0.0 in the shaded jar.
[INFO] Including org.jboss.logging:jboss-logging-annotations:jar:2.2.1.Final in the shaded jar.
[INFO] Including org.jboss.logging:jboss-logging-processor:jar:2.2.1.Final in the shaded jar.
[INFO] Including org.jboss.jdeparser:jdeparser:jar:2.0.3.Final in the shaded jar.
[INFO] Including org.springframework:spring-aop:jar:6.0.3 in the shaded jar.
[INFO] Including org.springframework:spring-beans:jar:6.0.3 in the shaded jar.
[INFO] Including org.springframework:spring-core:jar:6.0.3 in the shaded jar.
[INFO] Including org.springframework:spring-jcl:jar:6.0.3 in the shaded jar.
[INFO] Including org.springframework:spring-context:jar:6.0.3 in the shaded jar.
[INFO] Including org.springframework:spring-expression:jar:6.0.3 in the shaded jar.
[INFO] Including org.springframework:spring-context-support:jar:6.0.3 in the shaded jar.
[INFO] Including org.hibernate.validator:hibernate-validator:jar:8.0.0.Final in the shaded jar.
[INFO] Including org.jboss.logging:jboss-logging:jar:3.4.0.Final in the shaded jar.
[INFO] Including com.fasterxml:classmate:jar:1.5.1 in the shaded jar.
[INFO] Including org.apache.streampipes:streampipes-rest-extensions:jar:0.92.0-SNAPSHOT in the shaded jar.
[INFO] Including org.apache.streampipes:streampipes-rest-shared:jar:0.92.0-SNAPSHOT in the shaded jar.
[INFO] Including org.glassfish.jersey.media:jersey-media-multipart:jar:3.1.0 in the shaded jar.
[INFO] Including org.jvnet.mimepull:mimepull:jar:1.9.15 in the shaded jar.
[INFO] Including org.apache.streampipes:streampipes-extensions-management:jar:0.92.0-SNAPSHOT in the shaded jar.
[INFO] Including org.apache.streampipes:streampipes-extensions-api:jar:0.92.0-SNAPSHOT in the shaded jar.
[INFO] Including org.apache.streampipes:streampipes-measurement-units:jar:0.92.0-SNAPSHOT in the shaded jar.
[INFO] Including io.fogsy:qudt:jar:1.0 in the shaded jar.
[INFO] Including org.eclipse.rdf4j:rdf4j-rio-rdfxml:jar:3.5.0 in the shaded jar.
[INFO] Including org.eclipse.rdf4j:rdf4j-model:jar:3.5.0 in the shaded jar.
[INFO] Including org.eclipse.rdf4j:rdf4j-model-api:jar:3.5.0 in the shaded jar.
[INFO] Including org.eclipse.rdf4j:rdf4j-model-vocabulary:jar:3.5.0 in the shaded jar.
[INFO] Including org.eclipse.rdf4j:rdf4j-rio-api:jar:3.5.0 in the shaded jar.
[INFO] Including javax.xml.bind:jaxb-api:jar:2.4.0-b180725.0427 in the shaded jar.
[INFO] Including javax.activation:javax.activation-api:jar:1.2.0 in the shaded jar.
[INFO] Including org.eclipse.rdf4j:rdf4j-rio-datatypes:jar:3.5.0 in the shaded jar.
[INFO] Including org.eclipse.rdf4j:rdf4j-rio-languages:jar:3.5.0 in the shaded jar.
[INFO] Including org.eclipse.rdf4j:rdf4j-util:jar:3.5.0 in the shaded jar.
[INFO] Including org.eclipse.rdf4j:rdf4j-rio-turtle:jar:3.5.0 in the shaded jar.
[INFO] Including de.grundid.opendatalab:geojson-jackson:jar:1.14 in the shaded jar.
[INFO] Including jakarta.json:jakarta.json-api:jar:2.1.1 in the shaded jar.
[INFO] Including com.fasterxml.jackson.dataformat:jackson-dataformat-xml:jar:2.14.1 in the shaded jar.
[INFO] Including org.codehaus.woodstox:stax2-api:jar:4.2.1 in the shaded jar.
[INFO] Including com.fasterxml.woodstox:woodstox-core:jar:6.4.0 in the shaded jar.
[INFO] Including org.eclipse.parsson:jakarta.json:jar:1.1.1 in the shaded jar.
[INFO] Including jakarta.ws.rs:jakarta.ws.rs-api:jar:3.1.0 in the shaded jar.
[INFO] Including org.rendersnake:rendersnake:jar:1.9.0 in the shaded jar.
[INFO] Including javax.servlet:servlet-api:jar:2.4 in the shaded jar.
[INFO] Including net.sf.jtidy:jtidy:jar:r938 in the shaded jar.
[INFO] Including javax.inject:javax.inject:jar:1 in the shaded jar.
[INFO] Including com.fasterxml.jackson.datatype:jackson-datatype-jdk8:jar:2.14.1 in the shaded jar.
[INFO] Including org.apache.streampipes:streampipes-dataformat-json:jar:0.92.0-SNAPSHOT in the shaded jar.
[INFO] Including org.apache.streampipes:streampipes-dataformat:jar:0.92.0-SNAPSHOT in the shaded jar.
[INFO] Including com.fasterxml.jackson.core:jackson-annotations:jar:2.14.1 in the shaded jar.
[INFO] Including org.apache.streampipes:streampipes-dataformat-cbor:jar:0.92.0-SNAPSHOT in the shaded jar.
[INFO] Including com.fasterxml.jackson.dataformat:jackson-dataformat-cbor:jar:2.14.1 in the shaded jar.
[INFO] Including org.apache.streampipes:streampipes-dataformat-smile:jar:0.92.0-SNAPSHOT in the shaded jar.
[INFO] Including com.fasterxml.jackson.dataformat:jackson-dataformat-smile:jar:2.14.1 in the shaded jar.
[INFO] Including org.apache.streampipes:streampipes-dataformat-fst:jar:0.92.0-SNAPSHOT in the shaded jar.
[INFO] Including de.ruedigermoeller:fst:jar:2.57 in the shaded jar.
[INFO] Including org.javassist:javassist:jar:3.25.0-GA in the shaded jar.
[INFO] Including org.objenesis:objenesis:jar:3.3 in the shaded jar.
[INFO] Including org.apache.streampipes:streampipes-messaging-jms:jar:0.92.0-SNAPSHOT in the shaded jar.
[INFO] Including org.apache.streampipes:streampipes-messaging:jar:0.92.0-SNAPSHOT in the shaded jar.
[INFO] Including org.apache.activemq:activemq-client:jar:5.17.3 in the shaded jar.
[INFO] Including org.apache.geronimo.specs:geronimo-jms_1.1_spec:jar:1.1.1 in the shaded jar.
[INFO] Including org.apache.geronimo.specs:geronimo-j2ee-management_1.1_spec:jar:1.0.1 in the shaded jar.
[INFO] Including org.apache.streampipes:streampipes-messaging-kafka:jar:0.92.0-SNAPSHOT in the shaded jar.
[INFO] Including org.apache.streampipes:streampipes-commons:jar:0.92.0-SNAPSHOT in the shaded jar.
[INFO] Including ch.qos.logback:logback-classic:jar:1.4.5 in the shaded jar.
[INFO] Including ch.qos.logback:logback-core:jar:1.4.5 in the shaded jar.
[INFO] Including org.apache.kafka:kafka-clients:jar:3.3.1 in the shaded jar.
[INFO] Including com.github.luben:zstd-jni:jar:1.4.3-1 in the shaded jar.
[INFO] Including org.lz4:lz4-java:jar:1.8.0 in the shaded jar.
[INFO] Including org.apache.streampipes:streampipes-messaging-mqtt:jar:0.92.0-SNAPSHOT in the shaded jar.
[INFO] Including org.fusesource.mqtt-client:mqtt-client:jar:1.12 in the shaded jar.
[INFO] Including org.fusesource.hawtdispatch:hawtdispatch-transport:jar:1.21 in the shaded jar.
[INFO] Including org.fusesource.hawtdispatch:hawtdispatch:jar:1.21 in the shaded jar.
[INFO] Including org.fusesource.hawtbuf:hawtbuf:jar:1.11 in the shaded jar.
[INFO] Including org.apache.streampipes:streampipes-messaging-nats:jar:0.92.0-SNAPSHOT in the shaded jar.
[INFO] Including io.nats:jnats:jar:2.16.1 in the shaded jar.
[INFO] Including net.i2p.crypto:eddsa:jar:0.3.0 in the shaded jar.
[INFO] Including org.apache.streampipes:streampipes-wrapper-flink:jar:0.92.0-SNAPSHOT in the shaded jar.
[INFO] Including org.apache.streampipes:streampipes-wrapper-distributed:jar:0.92.0-SNAPSHOT in the shaded jar.
[INFO] Including org.apache.streampipes:streampipes-wrapper:jar:0.92.0-SNAPSHOT in the shaded jar.
[INFO] Including org.apache.streampipes:streampipes-client:jar:0.92.0-SNAPSHOT in the shaded jar.
[INFO] Including org.apache.streampipes:streampipes-security-jwt:jar:0.92.0-SNAPSHOT in the shaded jar.
[INFO] Including io.jsonwebtoken:jjwt-api:jar:0.11.2 in the shaded jar.
[INFO] Including io.jsonwebtoken:jjwt-impl:jar:0.11.2 in the shaded jar.
[INFO] Including io.jsonwebtoken:jjwt-jackson:jar:0.11.2 in the shaded jar.
[INFO] Including commons-collections:commons-collections:jar:3.2.2 in the shaded jar.
[INFO] Including com.fasterxml.jackson.core:jackson-databind:jar:2.14.1 in the shaded jar.
[INFO] Including com.fasterxml.jackson.core:jackson-core:jar:2.14.1 in the shaded jar.
[INFO] Including org.apache.flink:flink-connector-kafka_2.11:jar:1.13.5 in the shaded jar.
[INFO] Including org.apache.flink:flink-connector-base:jar:1.13.5 in the shaded jar.
[INFO] Including org.apache.flink:force-shading:jar:1.13.5 in the shaded jar.
[INFO] Including org.apache.flink:flink-java:jar:1.13.5 in the shaded jar.
[INFO] Including org.apache.flink:flink-core:jar:1.13.5 in the shaded jar.
[INFO] Including org.apache.flink:flink-annotations:jar:1.13.5 in the shaded jar.
[INFO] Including org.apache.flink:flink-metrics-core:jar:1.13.5 in the shaded jar.
[INFO] Including org.apache.flink:flink-shaded-asm-7:jar:7.1-13.0 in the shaded jar.
[INFO] Including com.esotericsoftware.kryo:kryo:jar:2.24.0 in the shaded jar.
[INFO] Including com.esotericsoftware.minlog:minlog:jar:1.2 in the shaded jar.
[INFO] Including org.apache.commons:commons-compress:jar:1.22 in the shaded jar.
[INFO] Including org.apache.commons:commons-lang3:jar:3.12.0 in the shaded jar.
[INFO] Including com.google.code.findbugs:jsr305:jar:3.0.2 in the shaded jar.
[INFO] Including org.apache.flink:flink-streaming-java_2.11:jar:1.13.5 in the shaded jar.
[INFO] Including org.apache.flink:flink-file-sink-common:jar:1.13.5 in the shaded jar.
[INFO] Including org.apache.flink:flink-runtime_2.11:jar:1.13.5 in the shaded jar.
[INFO] Including org.apache.flink:flink-queryable-state-client-java:jar:1.13.5 in the shaded jar.
[INFO] Including org.apache.flink:flink-hadoop-fs:jar:1.13.5 in the shaded jar.
[INFO] Including commons-io:commons-io:jar:2.11.0 in the shaded jar.
[INFO] Including org.apache.flink:flink-shaded-netty:jar:4.1.49.Final-13.0 in the shaded jar.
[INFO] Including org.apache.flink:flink-shaded-jackson:jar:2.12.1-13.0 in the shaded jar.
[INFO] Including org.apache.flink:flink-shaded-zookeeper-3:jar:3.4.14-13.0 in the shaded jar.
[INFO] Including org.scala-lang:scala-library:jar:2.13.10 in the shaded jar.
[INFO] Including com.typesafe.akka:akka-actor_2.11:jar:2.5.21 in the shaded jar.
[INFO] Including com.typesafe:config:jar:1.3.3 in the shaded jar.
[INFO] Including org.scala-lang.modules:scala-java8-compat_2.11:jar:0.7.0 in the shaded jar.
[INFO] Including com.typesafe.akka:akka-stream_2.11:jar:2.5.21 in the shaded jar.
[INFO] Including org.reactivestreams:reactive-streams:jar:1.0.2 in the shaded jar.
[INFO] Including com.typesafe:ssl-config-core_2.11:jar:0.3.7 in the shaded jar.
[INFO] Including org.scala-lang.modules:scala-parser-combinators_2.11:jar:1.1.1 in the shaded jar.
[INFO] Including com.typesafe.akka:akka-protobuf_2.11:jar:2.5.21 in the shaded jar.
[INFO] Including com.typesafe.akka:akka-slf4j_2.11:jar:2.5.21 in the shaded jar.
[INFO] Including org.clapper:grizzled-slf4j_2.11:jar:1.3.2 in the shaded jar.
[INFO] Including com.github.scopt:scopt_2.11:jar:3.5.0 in the shaded jar.
[INFO] Including com.twitter:chill_2.11:jar:0.7.6 in the shaded jar.
[INFO] Including com.twitter:chill-java:jar:0.7.6 in the shaded jar.
[INFO] Including org.apache.flink:flink-shaded-guava:jar:18.0-13.0 in the shaded jar.
[INFO] Including org.apache.flink:flink-clients_2.11:jar:1.13.5 in the shaded jar.
[INFO] Including org.apache.flink:flink-optimizer_2.11:jar:1.13.5 in the shaded jar.
[INFO] Including commons-cli:commons-cli:jar:1.3.1 in the shaded jar.
[INFO] Including org.xerial.snappy:snappy-java:jar:1.1.7.7 in the shaded jar.
[INFO] Including org.apache.commons:commons-math3:jar:3.6.1 in the shaded jar.
[INFO] Including org.elasticsearch.client:elasticsearch-rest-high-level-client:jar:6.8.17 in the shaded jar.
[INFO] Including org.elasticsearch.client:elasticsearch-rest-client:jar:6.8.17 in the shaded jar.
[INFO] Including org.apache.httpcomponents:httpclient:jar:4.5.13 in the shaded jar.
[INFO] Including org.apache.httpcomponents:httpcore:jar:4.4.9 in the shaded jar.
[INFO] Including org.apache.httpcomponents:httpasyncclient:jar:4.1.2 in the shaded jar.
[INFO] Including org.apache.httpcomponents:httpcore-nio:jar:4.4.9 in the shaded jar.
[INFO] Including commons-codec:commons-codec:jar:1.11 in the shaded jar.
[INFO] Including commons-logging:commons-logging:jar:1.2 in the shaded jar.
[INFO] Including org.elasticsearch.plugin:parent-join-client:jar:6.8.17 in the shaded jar.
[INFO] Including org.elasticsearch.plugin:aggs-matrix-stats-client:jar:6.8.17 in the shaded jar.
[INFO] Including org.elasticsearch.plugin:rank-eval-client:jar:6.8.17 in the shaded jar.
[INFO] Including org.elasticsearch.plugin:lang-mustache-client:jar:6.8.17 in the shaded jar.
[INFO] Including com.github.spullara.mustache.java:compiler:jar:0.9.3 in the shaded jar.
[INFO] Including org.elasticsearch:elasticsearch:jar:6.8.17 in the shaded jar.
[INFO] Including org.elasticsearch:elasticsearch-core:jar:6.8.17 in the shaded jar.
[INFO] Including org.elasticsearch:elasticsearch-secure-sm:jar:6.8.17 in the shaded jar.
[INFO] Including org.elasticsearch:elasticsearch-x-content:jar:6.8.17 in the shaded jar.
[INFO] Including com.fasterxml.jackson.dataformat:jackson-dataformat-yaml:jar:2.14.1 in the shaded jar.
[INFO] Including org.apache.lucene:lucene-core:jar:7.7.3 in the shaded jar.
[INFO] Including org.apache.lucene:lucene-analyzers-common:jar:7.7.3 in the shaded jar.
[INFO] Including org.apache.lucene:lucene-backward-codecs:jar:7.7.3 in the shaded jar.
[INFO] Including org.apache.lucene:lucene-grouping:jar:7.7.3 in the shaded jar.
[INFO] Including org.apache.lucene:lucene-highlighter:jar:7.7.3 in the shaded jar.
[INFO] Including org.apache.lucene:lucene-join:jar:7.7.3 in the shaded jar.
[INFO] Including org.apache.lucene:lucene-memory:jar:7.7.3 in the shaded jar.
[INFO] Including org.apache.lucene:lucene-misc:jar:7.7.3 in the shaded jar.
[INFO] Including org.apache.lucene:lucene-queries:jar:7.7.3 in the shaded jar.
[INFO] Including org.apache.lucene:lucene-queryparser:jar:7.7.3 in the shaded jar.
[INFO] Including org.apache.lucene:lucene-sandbox:jar:7.7.3 in the shaded jar.
[INFO] Including org.apache.lucene:lucene-spatial:jar:7.7.3 in the shaded jar.
[INFO] Including org.apache.lucene:lucene-spatial-extras:jar:7.7.3 in the shaded jar.
[INFO] Including org.apache.lucene:lucene-spatial3d:jar:7.7.3 in the shaded jar.
[INFO] Including org.apache.lucene:lucene-suggest:jar:7.7.3 in the shaded jar.
[INFO] Including org.elasticsearch:elasticsearch-cli:jar:6.8.17 in the shaded jar.
[INFO] Including net.sf.jopt-simple:jopt-simple:jar:5.0.2 in the shaded jar.
[INFO] Including com.carrotsearch:hppc:jar:0.7.1 in the shaded jar.
[INFO] Including joda-time:joda-time:jar:2.10.10 in the shaded jar.
[INFO] Including com.tdunning:t-digest:jar:3.2 in the shaded jar.
[INFO] Including org.hdrhistogram:HdrHistogram:jar:2.1.9 in the shaded jar.
[INFO] Including org.apache.logging.log4j:log4j-api:jar:2.19.0 in the shaded jar.
[INFO] Including org.elasticsearch:jna:jar:5.5.0 in the shaded jar.
[INFO] Including org.apache.logging.log4j:log4j-to-slf4j:jar:2.19.0 in the shaded jar.
[INFO] Including org.slf4j:slf4j-api:jar:2.0.6 in the shaded jar.
[INFO] Including org.yaml:snakeyaml:jar:1.26 in the shaded jar.
[WARNING] Discovered module-info.class. Shading will break its strong encapsulation.
[WARNING] Discovered module-info.class. Shading will break its strong encapsulation.
[WARNING] Discovered module-info.class. Shading will break its strong encapsulation.
[WARNING] Discovered module-info.class. Shading will break its strong encapsulation.
[WARNING] Discovered module-info.class. Shading will break its strong encapsulation.
[WARNING] Discovered module-info.class. Shading will break its strong encapsulation.
[WARNING] Discovered module-info.class. Shading will break its strong encapsulation.
[WARNING] Discovered module-info.class. Shading will break its strong encapsulation.
[WARNING] Discovered module-info.class. Shading will break its strong encapsulation.
[WARNING] Discovered module-info.class. Shading will break its strong encapsulation.
[WARNING] Discovered module-info.class. Shading will break its strong encapsulation.
[WARNING] Discovered module-info.class. Shading will break its strong encapsulation.
[WARNING] Discovered module-info.class. Shading will break its strong encapsulation.
[WARNING] Discovered module-info.class. Shading will break its strong encapsulation.
[WARNING] Discovered module-info.class. Shading will break its strong encapsulation.
[WARNING] Discovered module-info.class. Shading will break its strong encapsulation.
[WARNING] Discovered module-info.class. Shading will break its strong encapsulation.
[WARNING] Discovered module-info.class. Shading will break its strong encapsulation.
[WARNING] Discovered module-info.class. Shading will break its strong encapsulation.
[WARNING] Discovered module-info.class. Shading will break its strong encapsulation.
[WARNING] Discovered module-info.class. Shading will break its strong encapsulation.
[WARNING] Discovered module-info.class. Shading will break its strong encapsulation.
[WARNING] Discovered module-info.class. Shading will break its strong encapsulation.
[WARNING] Discovered module-info.class. Shading will break its strong encapsulation.
[WARNING] Discovered module-info.class. Shading will break its strong encapsulation.
[WARNING] spring-aop-6.0.3.jar, spring-beans-6.0.3.jar, spring-context-6.0.3.jar define 1 overlapping resource: 
[WARNING]   - META-INF/spring.tooling
[WARNING] aopalliance-repackaged-3.0.3.jar, class-model-3.0.3.jar, hk2-3.0.3.jar, hk2-api-3.0.3.jar, hk2-core-3.0.3.jar, hk2-locator-3.0.3.jar, hk2-runlevel-3.0.3.jar, hk2-utils-3.0.3.jar, jakarta.activation-api-1.2.2.jar, jakarta.annotation-api-2.1.1.jar, jakarta.inject-api-2.0.1.jar, jakarta.json-1.1.1.jar, jakarta.json-api-2.1.1.jar, jakarta.websocket-api-2.1.0.jar, jakarta.websocket-client-api-2.1.0.jar, jakarta.ws.rs-api-3.1.0.jar, jakarta.xml.bind-api-4.0.0.jar, jersey-bean-validation-3.1.0.jar, jersey-client-3.1.0.jar, jersey-common-3.1.0.jar, jersey-container-servlet-3.1.0.jar, jersey-container-servlet-core-3.1.0.jar, jersey-entity-filtering-3.1.0.jar, jersey-hk2-3.1.0.jar, jersey-media-json-jackson-3.1.0.jar, jersey-media-multipart-3.1.0.jar, jersey-server-3.1.0.jar, jersey-spring6-3.1.0.jar, mimepull-1.9.15.jar, spring-bridge-3.0.3.jar define 1 overlapping resource: 
[WARNING]   - META-INF/NOTICE.md
[WARNING] jakarta.json-1.1.1.jar, jakarta.json-api-2.1.1.jar define 41 overlapping classes and resources: 
[WARNING]   - META-INF/maven/jakarta.json/jakarta.json-api/pom.properties
[WARNING]   - META-INF/maven/jakarta.json/jakarta.json-api/pom.xml
[WARNING]   - jakarta.json.EmptyArray
[WARNING]   - jakarta.json.EmptyObject
[WARNING]   - jakarta.json.Json
[WARNING]   - jakarta.json.JsonArray
[WARNING]   - jakarta.json.JsonArrayBuilder
[WARNING]   - jakarta.json.JsonBuilderFactory
[WARNING]   - jakarta.json.JsonConfig
[WARNING]   - jakarta.json.JsonConfig$KeyStrategy
[WARNING]   - 31 more...
[WARNING] aggs-matrix-stats-client-6.8.17.jar, commons-cli-1.3.1.jar, commons-codec-1.11.jar, commons-collections-3.2.2.jar, commons-compress-1.22.jar, commons-io-2.11.0.jar, commons-lang3-3.12.0.jar, commons-logging-1.2.jar, commons-math3-3.6.1.jar, elasticsearch-6.8.17.jar, elasticsearch-cli-6.8.17.jar, elasticsearch-core-6.8.17.jar, elasticsearch-rest-client-6.8.17.jar, elasticsearch-rest-high-level-client-6.8.17.jar, elasticsearch-secure-sm-6.8.17.jar, elasticsearch-x-content-6.8.17.jar, jakarta.inject-api-2.0.1.jar, javax.activation-api-1.2.0.jar, jaxb-api-2.4.0-b180725.0427.jar, jboss-logging-3.4.0.Final.jar, jboss-logging-annotations-2.2.1.Final.jar, jboss-logging-processor-2.2.1.Final.jar, jboss-threads-3.5.0.Final.jar, joda-time-2.10.10.jar, jtidy-r938.jar, lang-mustache-client-6.8.17.jar, lucene-analyzers-common-7.7.3.jar, lucene-backward-codecs-7.7.3.jar, lucene-core-7.7.3.jar, lucene-grouping-7.7.3.jar, lucene-highlighter-7.7.3.jar, lucene-join-7.7.3.jar, lucene-memory-7.7.3.jar, lucene-misc-7.7.3.jar, lucene-queries-7.7.3.jar, lucene-queryparser-7.7.3.jar, lucene-sandbox-7.7.3.jar, lucene-spatial-7.7.3.jar, lucene-spatial-extras-7.7.3.jar, lucene-spatial3d-7.7.3.jar, lucene-suggest-7.7.3.jar, parent-join-client-6.8.17.jar, rank-eval-client-6.8.17.jar, spring-boot-3.0.1.jar, spring-boot-autoconfigure-3.0.1.jar, spring-boot-starter-3.0.1.jar, spring-boot-starter-jersey-3.0.1.jar, spring-boot-starter-json-3.0.1.jar, spring-boot-starter-logging-3.0.1.jar, spring-boot-starter-oauth2-client-3.0.1.jar, spring-boot-starter-undertow-3.0.1.jar, spring-boot-starter-validation-3.0.1.jar define 1 overlapping resource: 
[WARNING]   - META-INF/LICENSE.txt
[WARNING] activemq-client-5.17.3.jar, classmate-1.5.1.jar, flink-annotations-1.13.5.jar, flink-clients_2.11-1.13.5.jar, flink-connector-base-1.13.5.jar, flink-connector-kafka_2.11-1.13.5.jar, flink-core-1.13.5.jar, flink-file-sink-common-1.13.5.jar, flink-hadoop-fs-1.13.5.jar, flink-java-1.13.5.jar, flink-metrics-core-1.13.5.jar, flink-optimizer_2.11-1.13.5.jar, flink-queryable-state-client-java-1.13.5.jar, flink-runtime_2.11-1.13.5.jar, flink-shaded-asm-7-7.1-13.0.jar, flink-shaded-guava-18.0-13.0.jar, flink-shaded-jackson-2.12.1-13.0.jar, flink-shaded-netty-4.1.49.Final-13.0.jar, flink-shaded-zookeeper-3-3.4.14-13.0.jar, flink-streaming-java_2.11-1.13.5.jar, fluent-hc-4.5.13.jar, force-shading-1.13.5.jar, geronimo-j2ee-management_1.1_spec-1.0.1.jar, geronimo-jms_1.1_spec-1.1.1.jar, httpasyncclient-4.1.2.jar, httpclient-4.5.13.jar, httpcore-4.4.9.jar, httpcore-nio-4.4.9.jar, jackson-core-2.14.1.jar, jackson-databind-2.14.1.jar, jackson-dataformat-xml-2.14.1.jar, jackson-dataformat-yaml-2.14.1.jar, log4j-api-2.19.0.jar, log4j-to-slf4j-2.19.0.jar, micrometer-commons-1.10.2.jar, micrometer-observation-1.10.2.jar, objenesis-3.3.jar, streampipes-client-0.92.0-SNAPSHOT.jar, streampipes-commons-0.92.0-SNAPSHOT.jar, streampipes-config-0.92.0-SNAPSHOT.jar, streampipes-dataformat-0.92.0-SNAPSHOT.jar, streampipes-dataformat-cbor-0.92.0-SNAPSHOT.jar, streampipes-dataformat-fst-0.92.0-SNAPSHOT.jar, streampipes-dataformat-json-0.92.0-SNAPSHOT.jar, streampipes-dataformat-smile-0.92.0-SNAPSHOT.jar, streampipes-extensions-api-0.92.0-SNAPSHOT.jar, streampipes-extensions-management-0.92.0-SNAPSHOT.jar, streampipes-logging-0.92.0-SNAPSHOT.jar, streampipes-measurement-units-0.92.0-SNAPSHOT.jar, streampipes-messaging-0.92.0-SNAPSHOT.jar, streampipes-messaging-jms-0.92.0-SNAPSHOT.jar, streampipes-messaging-kafka-0.92.0-SNAPSHOT.jar, streampipes-messaging-mqtt-0.92.0-SNAPSHOT.jar, streampipes-messaging-nats-0.92.0-SNAPSHOT.jar, streampipes-model-0.92.0-SNAPSHOT.jar, streampipes-model-client-0.92.0-SNAPSHOT.jar, streampipes-model-shared-0.92.0-SNAPSHOT.jar, streampipes-rest-extensions-0.92.0-SNAPSHOT.jar, streampipes-rest-shared-0.92.0-SNAPSHOT.jar, streampipes-sdk-0.92.0-SNAPSHOT.jar, streampipes-sdk-bundle-0.92.0-SNAPSHOT.jar, streampipes-security-jwt-0.92.0-SNAPSHOT.jar, streampipes-serializers-json-0.92.0-SNAPSHOT.jar, streampipes-service-base-0.92.0-SNAPSHOT.jar, streampipes-service-discovery-0.92.0-SNAPSHOT.jar, streampipes-service-discovery-api-0.92.0-SNAPSHOT.jar, streampipes-service-discovery-consul-0.92.0-SNAPSHOT.jar, streampipes-service-extensions-0.92.0-SNAPSHOT.jar, streampipes-sinks-databases-flink.jar, streampipes-vocabulary-0.92.0-SNAPSHOT.jar, streampipes-wrapper-0.92.0-SNAPSHOT.jar, streampipes-wrapper-distributed-0.92.0-SNAPSHOT.jar, streampipes-wrapper-flink-0.92.0-SNAPSHOT.jar, tomcat-embed-el-10.1.4.jar define 1 overlapping resource: 
[WARNING]   - META-INF/NOTICE
[WARNING] kafka-clients-3.3.1.jar, scala-library-2.13.10.jar define 2 overlapping resources: 
[WARNING]   - LICENSE
[WARNING]   - NOTICE
[WARNING] commons-logging-1.2.jar, spring-jcl-6.0.3.jar define 5 overlapping classes: 
[WARNING]   - org.apache.commons.logging.Log
[WARNING]   - org.apache.commons.logging.LogFactory
[WARNING]   - org.apache.commons.logging.LogFactory$1
[WARNING]   - org.apache.commons.logging.impl.NoOpLog
[WARNING]   - org.apache.commons.logging.impl.SimpleLog
[WARNING] spring-aop-6.0.3.jar, spring-beans-6.0.3.jar, spring-context-6.0.3.jar, spring-context-support-6.0.3.jar, spring-core-6.0.3.jar, spring-expression-6.0.3.jar, spring-jcl-6.0.3.jar, spring-web-6.0.3.jar define 2 overlapping resources: 
[WARNING]   - META-INF/license.txt
[WARNING]   - META-INF/notice.txt
[WARNING] aggs-matrix-stats-client-6.8.17.jar, commons-cli-1.3.1.jar, commons-codec-1.11.jar, commons-collections-3.2.2.jar, commons-compress-1.22.jar, commons-io-2.11.0.jar, commons-lang3-3.12.0.jar, commons-logging-1.2.jar, commons-math3-3.6.1.jar, elasticsearch-6.8.17.jar, elasticsearch-cli-6.8.17.jar, elasticsearch-core-6.8.17.jar, elasticsearch-rest-client-6.8.17.jar, elasticsearch-rest-high-level-client-6.8.17.jar, elasticsearch-secure-sm-6.8.17.jar, elasticsearch-x-content-6.8.17.jar, joda-time-2.10.10.jar, lang-mustache-client-6.8.17.jar, lucene-analyzers-common-7.7.3.jar, lucene-backward-codecs-7.7.3.jar, lucene-core-7.7.3.jar, lucene-grouping-7.7.3.jar, lucene-highlighter-7.7.3.jar, lucene-join-7.7.3.jar, lucene-memory-7.7.3.jar, lucene-misc-7.7.3.jar, lucene-queries-7.7.3.jar, lucene-queryparser-7.7.3.jar, lucene-sandbox-7.7.3.jar, lucene-spatial-7.7.3.jar, lucene-spatial-extras-7.7.3.jar, lucene-spatial3d-7.7.3.jar, lucene-suggest-7.7.3.jar, parent-join-client-6.8.17.jar, rank-eval-client-6.8.17.jar, spring-boot-3.0.1.jar, spring-boot-autoconfigure-3.0.1.jar, spring-boot-starter-3.0.1.jar, spring-boot-starter-jersey-3.0.1.jar, spring-boot-starter-json-3.0.1.jar, spring-boot-starter-logging-3.0.1.jar, spring-boot-starter-oauth2-client-3.0.1.jar, spring-boot-starter-undertow-3.0.1.jar, spring-boot-starter-validation-3.0.1.jar define 1 overlapping resource: 
[WARNING]   - META-INF/NOTICE.txt
[WARNING] gson-2.10.jar, nimbus-jose-jwt-9.30.1.jar define 2 overlapping resources: 
[WARNING]   - META-INF/maven/com.google.code.gson/gson/pom.properties
[WARNING]   - META-INF/maven/com.google.code.gson/gson/pom.xml
[WARNING] gson-2.10.jar, jackson-core-2.14.1.jar, jackson-databind-2.14.1.jar, jackson-dataformat-cbor-2.14.1.jar, jackson-dataformat-smile-2.14.1.jar, jackson-dataformat-xml-2.14.1.jar, jackson-dataformat-yaml-2.14.1.jar, jackson-datatype-jdk8-2.14.1.jar, jackson-datatype-jsr310-2.14.1.jar, jackson-module-parameter-names-2.14.1.jar, log4j-api-2.19.0.jar, nimbus-jose-jwt-9.30.1.jar, slf4j-api-2.0.6.jar define 1 overlapping classes: 
[WARNING]   - META-INF.versions.9.module-info
[WARNING] aopalliance-repackaged-3.0.3.jar, spring-aop-6.0.3.jar define 9 overlapping classes: 
[WARNING]   - org.aopalliance.aop.Advice
[WARNING]   - org.aopalliance.aop.AspectException
[WARNING]   - org.aopalliance.intercept.ConstructorInterceptor
[WARNING]   - org.aopalliance.intercept.ConstructorInvocation
[WARNING]   - org.aopalliance.intercept.Interceptor
[WARNING]   - org.aopalliance.intercept.Invocation
[WARNING]   - org.aopalliance.intercept.Joinpoint
[WARNING]   - org.aopalliance.intercept.MethodInterceptor
[WARNING]   - org.aopalliance.intercept.MethodInvocation
[WARNING] HdrHistogram-2.1.9.jar, accessors-smart-2.4.8.jar, activemq-client-5.17.3.jar, aggs-matrix-stats-client-6.8.17.jar, akka-actor_2.11-2.5.21.jar, akka-protobuf_2.11-2.5.21.jar, akka-slf4j_2.11-2.5.21.jar, akka-stream_2.11-2.5.21.jar, animal-sniffer-annotations-1.17.jar, aopalliance-repackaged-3.0.3.jar, asm-9.4.jar, asm-analysis-9.2.jar, asm-commons-9.2.jar, asm-tree-9.2.jar, asm-util-9.2.jar, checker-qual-2.5.2.jar, chill-java-0.7.6.jar, chill_2.11-0.7.6.jar, class-model-3.0.3.jar, classmate-1.5.1.jar, commons-cli-1.3.1.jar, commons-codec-1.11.jar, commons-collections-3.2.2.jar, commons-compress-1.22.jar, commons-io-2.11.0.jar, commons-lang3-3.12.0.jar, commons-logging-1.2.jar, commons-math3-3.6.1.jar, compiler-0.9.3.jar, config-1.3.3.jar, consul-api-1.4.5.jar, content-type-2.2.jar, eddsa-0.3.0.jar, elasticsearch-6.8.17.jar, elasticsearch-cli-6.8.17.jar, elasticsearch-core-6.8.17.jar, elasticsearch-rest-client-6.8.17.jar, elasticsearch-rest-high-level-client-6.8.17.jar, elasticsearch-secure-sm-6.8.17.jar, elasticsearch-x-content-6.8.17.jar, error_prone_annotations-2.2.0.jar, failureaccess-1.0.1.jar, flink-annotations-1.13.5.jar, flink-clients_2.11-1.13.5.jar, flink-connector-base-1.13.5.jar, flink-connector-kafka_2.11-1.13.5.jar, flink-core-1.13.5.jar, flink-file-sink-common-1.13.5.jar, flink-hadoop-fs-1.13.5.jar, flink-java-1.13.5.jar, flink-metrics-core-1.13.5.jar, flink-optimizer_2.11-1.13.5.jar, flink-queryable-state-client-java-1.13.5.jar, flink-runtime_2.11-1.13.5.jar, flink-shaded-asm-7-7.1-13.0.jar, flink-shaded-guava-18.0-13.0.jar, flink-shaded-jackson-2.12.1-13.0.jar, flink-shaded-netty-4.1.49.Final-13.0.jar, flink-shaded-zookeeper-3-3.4.14-13.0.jar, flink-streaming-java_2.11-1.13.5.jar, fluent-hc-4.5.13.jar, force-shading-1.13.5.jar, fst-2.57.jar, geojson-jackson-1.14.jar, geronimo-j2ee-management_1.1_spec-1.0.1.jar, geronimo-jms_1.1_spec-1.1.1.jar, grizzled-slf4j_2.11-1.3.2.jar, gson-2.10.jar, guava-27.1-jre.jar, hawtbuf-1.11.jar, hawtdispatch-1.21.jar, hawtdispatch-transport-1.21.jar, hibernate-validator-8.0.0.Final.jar, hk2-3.0.3.jar, hk2-api-3.0.3.jar, hk2-core-3.0.3.jar, hk2-locator-3.0.3.jar, hk2-runlevel-3.0.3.jar, hk2-utils-3.0.3.jar, hppc-0.7.1.jar, httpasyncclient-4.1.2.jar, httpclient-4.5.13.jar, httpcore-4.4.9.jar, httpcore-nio-4.4.9.jar, j2objc-annotations-1.3.jar, jackson-annotations-2.14.1.jar, jackson-core-2.14.1.jar, jackson-databind-2.14.1.jar, jackson-dataformat-cbor-2.14.1.jar, jackson-dataformat-smile-2.14.1.jar, jackson-dataformat-xml-2.14.1.jar, jackson-dataformat-yaml-2.14.1.jar, jackson-datatype-jdk8-2.14.1.jar, jackson-datatype-jsr310-2.14.1.jar, jackson-module-jakarta-xmlbind-annotations-2.14.1.jar, jackson-module-parameter-names-2.14.1.jar, jakarta.activation-api-1.2.2.jar, jakarta.annotation-api-2.1.1.jar, jakarta.inject-api-2.0.1.jar, jakarta.json-1.1.1.jar, jakarta.json-api-2.1.1.jar, jakarta.servlet-api-6.0.0.jar, jakarta.validation-api-3.0.2.jar, jakarta.websocket-api-2.1.0.jar, jakarta.websocket-client-api-2.1.0.jar, jakarta.ws.rs-api-3.1.0.jar, jakarta.xml.bind-api-4.0.0.jar, javassist-3.25.0-GA.jar, javax.activation-api-1.2.0.jar, jaxb-api-2.4.0-b180725.0427.jar, jboss-logging-3.4.0.Final.jar, jboss-logging-annotations-2.2.1.Final.jar, jboss-logging-processor-2.2.1.Final.jar, jboss-threads-3.5.0.Final.jar, jcip-annotations-1.0-1.jar, jdeparser-2.0.3.Final.jar, jersey-bean-validation-3.1.0.jar, jersey-client-3.1.0.jar, jersey-common-3.1.0.jar, jersey-container-servlet-3.1.0.jar, jersey-container-servlet-core-3.1.0.jar, jersey-entity-filtering-3.1.0.jar, jersey-hk2-3.1.0.jar, jersey-media-json-jackson-3.1.0.jar, jersey-media-multipart-3.1.0.jar, jersey-server-3.1.0.jar, jersey-spring6-3.1.0.jar, jjwt-api-0.11.2.jar, jjwt-impl-0.11.2.jar, jjwt-jackson-0.11.2.jar, jna-5.5.0.jar, jnats-2.16.1.jar, joda-time-2.10.10.jar, jopt-simple-5.0.2.jar, json-smart-2.4.8.jar, jsr305-3.0.2.jar, jtidy-r938.jar, jul-to-slf4j-2.0.6.jar, kafka-clients-3.3.1.jar, kryo-2.24.0.jar, lang-mustache-client-6.8.17.jar, lang-tag-1.7.jar, listenablefuture-9999.0-empty-to-avoid-conflict-with-guava.jar, log4j-api-2.19.0.jar, log4j-to-slf4j-2.19.0.jar, logback-classic-1.4.5.jar, logback-core-1.4.5.jar, lucene-analyzers-common-7.7.3.jar, lucene-backward-codecs-7.7.3.jar, lucene-core-7.7.3.jar, lucene-grouping-7.7.3.jar, lucene-highlighter-7.7.3.jar, lucene-join-7.7.3.jar, lucene-memory-7.7.3.jar, lucene-misc-7.7.3.jar, lucene-queries-7.7.3.jar, lucene-queryparser-7.7.3.jar, lucene-sandbox-7.7.3.jar, lucene-spatial-7.7.3.jar, lucene-spatial-extras-7.7.3.jar, lucene-spatial3d-7.7.3.jar, lucene-suggest-7.7.3.jar, lz4-java-1.8.0.jar, micrometer-commons-1.10.2.jar, micrometer-observation-1.10.2.jar, mimepull-1.9.15.jar, minlog-1.2.jar, mqtt-client-1.12.jar, nimbus-jose-jwt-9.30.1.jar, oauth2-oidc-sdk-9.43.1.jar, objenesis-3.3.jar, osgi-resource-locator-1.0.3.jar, parent-join-client-6.8.17.jar, qudt-1.0.jar, rank-eval-client-6.8.17.jar, rdf4j-model-3.5.0.jar, rdf4j-model-api-3.5.0.jar, rdf4j-model-vocabulary-3.5.0.jar, rdf4j-rio-api-3.5.0.jar, rdf4j-rio-datatypes-3.5.0.jar, rdf4j-rio-languages-3.5.0.jar, rdf4j-rio-rdfxml-3.5.0.jar, rdf4j-rio-turtle-3.5.0.jar, rdf4j-util-3.5.0.jar, reactive-streams-1.0.2.jar, rendersnake-1.9.0.jar, scala-java8-compat_2.11-0.7.0.jar, scala-library-2.13.10.jar, scala-parser-combinators_2.11-1.1.1.jar, scopt_2.11-3.5.0.jar, servlet-api-2.4.jar, slf4j-api-2.0.6.jar, snakeyaml-1.26.jar, snappy-java-1.1.7.7.jar, spring-aop-6.0.3.jar, spring-beans-6.0.3.jar, spring-boot-3.0.1.jar, spring-boot-autoconfigure-3.0.1.jar, spring-boot-starter-3.0.1.jar, spring-boot-starter-jersey-3.0.1.jar, spring-boot-starter-json-3.0.1.jar, spring-boot-starter-logging-3.0.1.jar, spring-boot-starter-oauth2-client-3.0.1.jar, spring-boot-starter-undertow-3.0.1.jar, spring-boot-starter-validation-3.0.1.jar, spring-bridge-3.0.3.jar, spring-context-6.0.3.jar, spring-context-support-6.0.3.jar, spring-core-6.0.3.jar, spring-expression-6.0.3.jar, spring-jcl-6.0.3.jar, spring-security-config-6.0.1.jar, spring-security-core-6.0.1.jar, spring-security-crypto-6.0.1.jar, spring-security-oauth2-client-6.0.1.jar, spring-security-oauth2-core-6.0.1.jar, spring-security-oauth2-jose-6.0.1.jar, spring-security-web-6.0.1.jar, spring-web-6.0.3.jar, ssl-config-core_2.11-0.3.7.jar, stax2-api-4.2.1.jar, streampipes-client-0.92.0-SNAPSHOT.jar, streampipes-commons-0.92.0-SNAPSHOT.jar, streampipes-config-0.92.0-SNAPSHOT.jar, streampipes-dataformat-0.92.0-SNAPSHOT.jar, streampipes-dataformat-cbor-0.92.0-SNAPSHOT.jar, streampipes-dataformat-fst-0.92.0-SNAPSHOT.jar, streampipes-dataformat-json-0.92.0-SNAPSHOT.jar, streampipes-dataformat-smile-0.92.0-SNAPSHOT.jar, streampipes-extensions-api-0.92.0-SNAPSHOT.jar, streampipes-extensions-management-0.92.0-SNAPSHOT.jar, streampipes-logging-0.92.0-SNAPSHOT.jar, streampipes-measurement-units-0.92.0-SNAPSHOT.jar, streampipes-messaging-0.92.0-SNAPSHOT.jar, streampipes-messaging-jms-0.92.0-SNAPSHOT.jar, streampipes-messaging-kafka-0.92.0-SNAPSHOT.jar, streampipes-messaging-mqtt-0.92.0-SNAPSHOT.jar, streampipes-messaging-nats-0.92.0-SNAPSHOT.jar, streampipes-model-0.92.0-SNAPSHOT.jar, streampipes-model-client-0.92.0-SNAPSHOT.jar, streampipes-model-shared-0.92.0-SNAPSHOT.jar, streampipes-rest-extensions-0.92.0-SNAPSHOT.jar, streampipes-rest-shared-0.92.0-SNAPSHOT.jar, streampipes-sdk-0.92.0-SNAPSHOT.jar, streampipes-sdk-bundle-0.92.0-SNAPSHOT.jar, streampipes-security-jwt-0.92.0-SNAPSHOT.jar, streampipes-serializers-json-0.92.0-SNAPSHOT.jar, streampipes-service-base-0.92.0-SNAPSHOT.jar, streampipes-service-discovery-0.92.0-SNAPSHOT.jar, streampipes-service-discovery-api-0.92.0-SNAPSHOT.jar, streampipes-service-discovery-consul-0.92.0-SNAPSHOT.jar, streampipes-service-extensions-0.92.0-SNAPSHOT.jar, streampipes-sinks-databases-flink.jar, streampipes-vocabulary-0.92.0-SNAPSHOT.jar, streampipes-wrapper-0.92.0-SNAPSHOT.jar, streampipes-wrapper-distributed-0.92.0-SNAPSHOT.jar, streampipes-wrapper-flink-0.92.0-SNAPSHOT.jar, t-digest-3.2.jar, tomcat-embed-el-10.1.4.jar, type-parser-0.7.0.jar, undertow-core-2.3.2.Final.jar, undertow-servlet-2.3.2.Final.jar, undertow-websockets-jsr-2.3.2.Final.jar, wildfly-client-config-1.0.1.Final.jar, wildfly-common-1.6.0.Final.jar, woodstox-core-6.4.0.jar, xnio-api-3.8.8.Final.jar, xnio-nio-3.8.8.Final.jar, zstd-jni-1.4.3-1.jar define 1 overlapping resource: 
[WARNING]   - META-INF/MANIFEST.MF
[WARNING] spring-web-6.0.3.jar, tomcat-embed-el-10.1.4.jar define 1 overlapping resource: 
[WARNING]   - META-INF/web-fragment.xml
[WARNING] jersey-bean-validation-3.1.0.jar, jersey-common-3.1.0.jar, jersey-media-json-jackson-3.1.0.jar, jersey-server-3.1.0.jar define 1 overlapping resource: 
[WARNING]   - META-INF/NOTICE.markdown
[WARNING] activemq-client-5.17.3.jar, classmate-1.5.1.jar, flink-annotations-1.13.5.jar, flink-clients_2.11-1.13.5.jar, flink-connector-base-1.13.5.jar, flink-connector-kafka_2.11-1.13.5.jar, flink-core-1.13.5.jar, flink-file-sink-common-1.13.5.jar, flink-hadoop-fs-1.13.5.jar, flink-java-1.13.5.jar, flink-metrics-core-1.13.5.jar, flink-optimizer_2.11-1.13.5.jar, flink-queryable-state-client-java-1.13.5.jar, flink-runtime_2.11-1.13.5.jar, flink-shaded-asm-7-7.1-13.0.jar, flink-shaded-guava-18.0-13.0.jar, flink-shaded-jackson-2.12.1-13.0.jar, flink-shaded-netty-4.1.49.Final-13.0.jar, flink-shaded-zookeeper-3-3.4.14-13.0.jar, flink-streaming-java_2.11-1.13.5.jar, fluent-hc-4.5.13.jar, force-shading-1.13.5.jar, geronimo-j2ee-management_1.1_spec-1.0.1.jar, geronimo-jms_1.1_spec-1.1.1.jar, httpasyncclient-4.1.2.jar, httpclient-4.5.13.jar, httpcore-4.4.9.jar, httpcore-nio-4.4.9.jar, jackson-annotations-2.14.1.jar, jackson-core-2.14.1.jar, jackson-databind-2.14.1.jar, jackson-dataformat-xml-2.14.1.jar, jackson-dataformat-yaml-2.14.1.jar, jackson-datatype-jsr310-2.14.1.jar, jna-5.5.0.jar, log4j-api-2.19.0.jar, log4j-to-slf4j-2.19.0.jar, micrometer-commons-1.10.2.jar, micrometer-observation-1.10.2.jar, objenesis-3.3.jar, stax2-api-4.2.1.jar, streampipes-client-0.92.0-SNAPSHOT.jar, streampipes-commons-0.92.0-SNAPSHOT.jar, streampipes-config-0.92.0-SNAPSHOT.jar, streampipes-dataformat-0.92.0-SNAPSHOT.jar, streampipes-dataformat-cbor-0.92.0-SNAPSHOT.jar, streampipes-dataformat-fst-0.92.0-SNAPSHOT.jar, streampipes-dataformat-json-0.92.0-SNAPSHOT.jar, streampipes-dataformat-smile-0.92.0-SNAPSHOT.jar, streampipes-extensions-api-0.92.0-SNAPSHOT.jar, streampipes-extensions-management-0.92.0-SNAPSHOT.jar, streampipes-logging-0.92.0-SNAPSHOT.jar, streampipes-measurement-units-0.92.0-SNAPSHOT.jar, streampipes-messaging-0.92.0-SNAPSHOT.jar, streampipes-messaging-jms-0.92.0-SNAPSHOT.jar, streampipes-messaging-kafka-0.92.0-SNAPSHOT.jar, streampipes-messaging-mqtt-0.92.0-SNAPSHOT.jar, streampipes-messaging-nats-0.92.0-SNAPSHOT.jar, streampipes-model-0.92.0-SNAPSHOT.jar, streampipes-model-client-0.92.0-SNAPSHOT.jar, streampipes-model-shared-0.92.0-SNAPSHOT.jar, streampipes-rest-extensions-0.92.0-SNAPSHOT.jar, streampipes-rest-shared-0.92.0-SNAPSHOT.jar, streampipes-sdk-0.92.0-SNAPSHOT.jar, streampipes-sdk-bundle-0.92.0-SNAPSHOT.jar, streampipes-security-jwt-0.92.0-SNAPSHOT.jar, streampipes-serializers-json-0.92.0-SNAPSHOT.jar, streampipes-service-base-0.92.0-SNAPSHOT.jar, streampipes-service-discovery-0.92.0-SNAPSHOT.jar, streampipes-service-discovery-api-0.92.0-SNAPSHOT.jar, streampipes-service-discovery-consul-0.92.0-SNAPSHOT.jar, streampipes-service-extensions-0.92.0-SNAPSHOT.jar, streampipes-sinks-databases-flink.jar, streampipes-vocabulary-0.92.0-SNAPSHOT.jar, streampipes-wrapper-0.92.0-SNAPSHOT.jar, streampipes-wrapper-distributed-0.92.0-SNAPSHOT.jar, streampipes-wrapper-flink-0.92.0-SNAPSHOT.jar, tomcat-embed-el-10.1.4.jar, woodstox-core-6.4.0.jar define 1 overlapping resource: 
[WARNING]   - META-INF/LICENSE
[WARNING] jakarta.activation-api-1.2.2.jar, javax.activation-api-1.2.0.jar define 31 overlapping classes: 
[WARNING]   - javax.activation.ActivationDataFlavor
[WARNING]   - javax.activation.CommandInfo
[WARNING]   - javax.activation.CommandInfo$Beans
[WARNING]   - javax.activation.CommandInfo$Beans$1
[WARNING]   - javax.activation.CommandMap
[WARNING]   - javax.activation.CommandObject
[WARNING]   - javax.activation.DataContentHandler
[WARNING]   - javax.activation.DataContentHandlerFactory
[WARNING]   - javax.activation.DataHandler
[WARNING]   - javax.activation.DataHandler$1
[WARNING]   - 21 more...
[WARNING] spring-aop-6.0.3.jar, spring-beans-6.0.3.jar, spring-boot-3.0.1.jar, spring-boot-autoconfigure-3.0.1.jar, spring-context-6.0.3.jar, spring-context-support-6.0.3.jar, spring-core-6.0.3.jar, spring-security-config-6.0.1.jar, spring-security-core-6.0.1.jar, spring-security-oauth2-client-6.0.1.jar, spring-security-web-6.0.1.jar, spring-web-6.0.3.jar define 1 overlapping resource: 
[WARNING]   - META-INF/spring/aot.factories
[WARNING] aopalliance-repackaged-3.0.3.jar, class-model-3.0.3.jar, hk2-3.0.3.jar, hk2-api-3.0.3.jar, hk2-core-3.0.3.jar, hk2-locator-3.0.3.jar, hk2-runlevel-3.0.3.jar, hk2-utils-3.0.3.jar, jakarta.activation-api-1.2.2.jar, jakarta.annotation-api-2.1.1.jar, jakarta.json-1.1.1.jar, jakarta.json-api-2.1.1.jar, jakarta.websocket-api-2.1.0.jar, jakarta.websocket-client-api-2.1.0.jar, jakarta.ws.rs-api-3.1.0.jar, jakarta.xml.bind-api-4.0.0.jar, jersey-bean-validation-3.1.0.jar, jersey-client-3.1.0.jar, jersey-common-3.1.0.jar, jersey-container-servlet-3.1.0.jar, jersey-container-servlet-core-3.1.0.jar, jersey-entity-filtering-3.1.0.jar, jersey-hk2-3.1.0.jar, jersey-media-json-jackson-3.1.0.jar, jersey-media-multipart-3.1.0.jar, jersey-server-3.1.0.jar, jersey-spring6-3.1.0.jar, mimepull-1.9.15.jar, spring-bridge-3.0.3.jar define 1 overlapping resource: 
[WARNING]   - META-INF/LICENSE.md
[WARNING] activemq-client-5.17.3.jar, flink-annotations-1.13.5.jar, flink-clients_2.11-1.13.5.jar, flink-connector-base-1.13.5.jar, flink-connector-kafka_2.11-1.13.5.jar, flink-core-1.13.5.jar, flink-file-sink-common-1.13.5.jar, flink-hadoop-fs-1.13.5.jar, flink-java-1.13.5.jar, flink-metrics-core-1.13.5.jar, flink-optimizer_2.11-1.13.5.jar, flink-queryable-state-client-java-1.13.5.jar, flink-runtime_2.11-1.13.5.jar, flink-shaded-asm-7-7.1-13.0.jar, flink-shaded-guava-18.0-13.0.jar, flink-shaded-jackson-2.12.1-13.0.jar, flink-shaded-netty-4.1.49.Final-13.0.jar, flink-shaded-zookeeper-3-3.4.14-13.0.jar, flink-streaming-java_2.11-1.13.5.jar, fluent-hc-4.5.13.jar, force-shading-1.13.5.jar, httpasyncclient-4.1.2.jar, httpclient-4.5.13.jar, httpcore-4.4.9.jar, httpcore-nio-4.4.9.jar, log4j-api-2.19.0.jar, log4j-to-slf4j-2.19.0.jar, streampipes-client-0.92.0-SNAPSHOT.jar, streampipes-commons-0.92.0-SNAPSHOT.jar, streampipes-config-0.92.0-SNAPSHOT.jar, streampipes-dataformat-0.92.0-SNAPSHOT.jar, streampipes-dataformat-cbor-0.92.0-SNAPSHOT.jar, streampipes-dataformat-fst-0.92.0-SNAPSHOT.jar, streampipes-dataformat-json-0.92.0-SNAPSHOT.jar, streampipes-dataformat-smile-0.92.0-SNAPSHOT.jar, streampipes-extensions-api-0.92.0-SNAPSHOT.jar, streampipes-extensions-management-0.92.0-SNAPSHOT.jar, streampipes-logging-0.92.0-SNAPSHOT.jar, streampipes-measurement-units-0.92.0-SNAPSHOT.jar, streampipes-messaging-0.92.0-SNAPSHOT.jar, streampipes-messaging-jms-0.92.0-SNAPSHOT.jar, streampipes-messaging-kafka-0.92.0-SNAPSHOT.jar, streampipes-messaging-mqtt-0.92.0-SNAPSHOT.jar, streampipes-messaging-nats-0.92.0-SNAPSHOT.jar, streampipes-model-0.92.0-SNAPSHOT.jar, streampipes-model-client-0.92.0-SNAPSHOT.jar, streampipes-model-shared-0.92.0-SNAPSHOT.jar, streampipes-rest-extensions-0.92.0-SNAPSHOT.jar, streampipes-rest-shared-0.92.0-SNAPSHOT.jar, streampipes-sdk-0.92.0-SNAPSHOT.jar, streampipes-sdk-bundle-0.92.0-SNAPSHOT.jar, streampipes-security-jwt-0.92.0-SNAPSHOT.jar, streampipes-serializers-json-0.92.0-SNAPSHOT.jar, streampipes-service-base-0.92.0-SNAPSHOT.jar, streampipes-service-discovery-0.92.0-SNAPSHOT.jar, streampipes-service-discovery-api-0.92.0-SNAPSHOT.jar, streampipes-service-discovery-consul-0.92.0-SNAPSHOT.jar, streampipes-service-extensions-0.92.0-SNAPSHOT.jar, streampipes-sinks-databases-flink.jar, streampipes-vocabulary-0.92.0-SNAPSHOT.jar, streampipes-wrapper-0.92.0-SNAPSHOT.jar, streampipes-wrapper-distributed-0.92.0-SNAPSHOT.jar, streampipes-wrapper-flink-0.92.0-SNAPSHOT.jar define 1 overlapping resource: 
[WARNING]   - META-INF/DEPENDENCIES
[WARNING] spring-boot-3.0.1.jar, spring-boot-autoconfigure-3.0.1.jar define 2 overlapping resources: 
[WARNING]   - META-INF/additional-spring-configuration-metadata.json
[WARNING]   - META-INF/spring-configuration-metadata.json
[WARNING] maven-shade-plugin has detected that some class files are
[WARNING] present in two or more JARs. When this happens, only one
[WARNING] single version of the class is copied to the uber jar.
[WARNING] Usually this is not harmful and you can skip these warnings,
[WARNING] otherwise try to manually exclude artifacts based on
[WARNING] mvn dependency:tree -Ddetail=true and the above output.
[WARNING] See https://maven.apache.org/plugins/maven-shade-plugin/
[INFO] Replacing original artifact with shaded artifact.
[INFO] Replacing /Users/arian/edu/kth/softfund_dd2480/assignment4/DD2480-Assignment-4/streampipes-extensions/streampipes-sinks-databases-flink/target/streampipes-sinks-databases-flink.jar with /Users/arian/edu/kth/softfund_dd2480/assignment4/DD2480-Assignment-4/streampipes-extensions/streampipes-sinks-databases-flink/target/streampipes-sinks-databases-flink-0.92.0-SNAPSHOT-shaded.jar
[INFO] 
[INFO] ---< org.apache.streampipes:streampipes-pipeline-elements-all-flink >---
[INFO] Building streampipes-pipeline-elements-all-flink 0.92.0-SNAPSHOT [87/94]
[INFO] --------------------------------[ jar ]---------------------------------
[INFO] 
[INFO] --- maven-clean-plugin:3.2.0:clean (default-clean) @ streampipes-pipeline-elements-all-flink ---
[INFO] 
[INFO] --- maven-enforcer-plugin:3.1.0:enforce (enforce-maven-version) @ streampipes-pipeline-elements-all-flink ---
[INFO] 
[INFO] --- maven-enforcer-plugin:3.1.0:enforce (enforce-java-version) @ streampipes-pipeline-elements-all-flink ---
[INFO] 
[INFO] --- maven-enforcer-plugin:3.1.0:enforce (check-at-least-java-17) @ streampipes-pipeline-elements-all-flink ---
[INFO] 
[INFO] --- maven-enforcer-plugin:3.1.0:enforce (enforce-version-convergence) @ streampipes-pipeline-elements-all-flink ---
[WARNING] javax.servlet:servlet-api/maven-metadata.xmlfailed to transfer from http://0.0.0.0/ during a previous attempt. This failure was cached in the local repository and resolution will not be reattempted until the update interval of maven-default-http-blocker has elapsed or updates are forced. Original error: Could not transfer metadata javax.servlet:servlet-api/maven-metadata.xml from/to maven-default-http-blocker (http://0.0.0.0/): transfer failed for http://0.0.0.0/javax/servlet/servlet-api/maven-metadata.xml
[INFO] 
[INFO] --- maven-checkstyle-plugin:3.2.1:check (validate) @ streampipes-pipeline-elements-all-flink ---
[INFO] 
[INFO] --- maven-remote-resources-plugin:1.7.0:process (process-resource-bundles) @ streampipes-pipeline-elements-all-flink ---
[INFO] Preparing remote bundle org.apache:apache-jar-resource-bundle:1.4
[INFO] Copying 3 resources from 1 bundle.
[INFO] 
[INFO] --- maven-resources-plugin:3.3.0:resources (default-resources) @ streampipes-pipeline-elements-all-flink ---
[INFO] skip non existing resourceDirectory /Users/arian/edu/kth/softfund_dd2480/assignment4/DD2480-Assignment-4/streampipes-extensions/streampipes-pipeline-elements-all-flink/src/main/resources
[INFO] Copying 3 resources
[INFO] 
[INFO] --- maven-compiler-plugin:3.10.1:compile (default-compile) @ streampipes-pipeline-elements-all-flink ---
[INFO] Changes detected - recompiling the module!
[INFO] Compiling 1 source file to /Users/arian/edu/kth/softfund_dd2480/assignment4/DD2480-Assignment-4/streampipes-extensions/streampipes-pipeline-elements-all-flink/target/classes
[INFO] 
[INFO] --- maven-resources-plugin:3.3.0:testResources (default-testResources) @ streampipes-pipeline-elements-all-flink ---
[INFO] skip non existing resourceDirectory /Users/arian/edu/kth/softfund_dd2480/assignment4/DD2480-Assignment-4/streampipes-extensions/streampipes-pipeline-elements-all-flink/src/test/resources
[INFO] Copying 3 resources
[INFO] 
[INFO] --- maven-compiler-plugin:3.10.1:testCompile (default-testCompile) @ streampipes-pipeline-elements-all-flink ---
[INFO] No sources to compile
[INFO] 
[INFO] --- maven-surefire-plugin:2.22.2:test (default-test) @ streampipes-pipeline-elements-all-flink ---
[INFO] 
[INFO] --- maven-jar-plugin:3.3.0:jar (default-jar) @ streampipes-pipeline-elements-all-flink ---
[INFO] Building jar: /Users/arian/edu/kth/softfund_dd2480/assignment4/DD2480-Assignment-4/streampipes-extensions/streampipes-pipeline-elements-all-flink/target/streampipes-pipeline-elements-all-flink.jar
[INFO] 
[INFO] --- maven-site-plugin:3.12.1:attach-descriptor (attach-descriptor) @ streampipes-pipeline-elements-all-flink ---
[INFO] Skipping because packaging 'jar' is not pom.
[INFO] 
[INFO] --- maven-javadoc-plugin:3.4.1:jar (attach-javadocs) @ streampipes-pipeline-elements-all-flink ---
[INFO] No previous run data found, generating javadoc.
[INFO] Building jar: /Users/arian/edu/kth/softfund_dd2480/assignment4/DD2480-Assignment-4/streampipes-extensions/streampipes-pipeline-elements-all-flink/target/streampipes-pipeline-elements-all-flink-javadoc.jar
[INFO] 
[INFO] >>> maven-source-plugin:3.0.1:jar (attach-sources) > generate-sources @ streampipes-pipeline-elements-all-flink >>>
[INFO] 
[INFO] --- maven-enforcer-plugin:3.1.0:enforce (enforce-maven-version) @ streampipes-pipeline-elements-all-flink ---
[INFO] 
[INFO] --- maven-enforcer-plugin:3.1.0:enforce (enforce-java-version) @ streampipes-pipeline-elements-all-flink ---
[INFO] 
[INFO] --- maven-enforcer-plugin:3.1.0:enforce (check-at-least-java-17) @ streampipes-pipeline-elements-all-flink ---
[INFO] 
[INFO] --- maven-enforcer-plugin:3.1.0:enforce (enforce-version-convergence) @ streampipes-pipeline-elements-all-flink ---
[WARNING] javax.servlet:servlet-api/maven-metadata.xmlfailed to transfer from http://0.0.0.0/ during a previous attempt. This failure was cached in the local repository and resolution will not be reattempted until the update interval of maven-default-http-blocker has elapsed or updates are forced. Original error: Could not transfer metadata javax.servlet:servlet-api/maven-metadata.xml from/to maven-default-http-blocker (http://0.0.0.0/): transfer failed for http://0.0.0.0/javax/servlet/servlet-api/maven-metadata.xml
[INFO] 
[INFO] --- maven-checkstyle-plugin:3.2.1:check (validate) @ streampipes-pipeline-elements-all-flink ---
[INFO] 
[INFO] <<< maven-source-plugin:3.0.1:jar (attach-sources) < generate-sources @ streampipes-pipeline-elements-all-flink <<<
[INFO] 
[INFO] 
[INFO] --- maven-source-plugin:3.0.1:jar (attach-sources) @ streampipes-pipeline-elements-all-flink ---
[INFO] Building jar: /Users/arian/edu/kth/softfund_dd2480/assignment4/DD2480-Assignment-4/streampipes-extensions/streampipes-pipeline-elements-all-flink/target/streampipes-pipeline-elements-all-flink-sources.jar
[INFO] 
[INFO] --- maven-shade-plugin:3.4.1:shade (default) @ streampipes-pipeline-elements-all-flink ---
[INFO] Including org.apache.streampipes:streampipes-processors-aggregation-flink:jar:embed:0.92.0-SNAPSHOT in the shaded jar.
[INFO] Including org.apache.streampipes:streampipes-sdk-bundle:jar:0.92.0-SNAPSHOT in the shaded jar.
[INFO] Including org.apache.streampipes:streampipes-sdk:jar:0.92.0-SNAPSHOT in the shaded jar.
[INFO] Including org.apache.streampipes:streampipes-config:jar:0.92.0-SNAPSHOT in the shaded jar.
[INFO] Including org.apache.streampipes:streampipes-serializers-json:jar:0.92.0-SNAPSHOT in the shaded jar.
[INFO] Including org.apache.streampipes:streampipes-model-client:jar:0.92.0-SNAPSHOT in the shaded jar.
[INFO] Including org.apache.streampipes:streampipes-service-discovery:jar:0.92.0-SNAPSHOT in the shaded jar.
[INFO] Including org.apache.streampipes:streampipes-service-discovery-api:jar:0.92.0-SNAPSHOT in the shaded jar.
[INFO] Including org.apache.streampipes:streampipes-service-discovery-consul:jar:0.92.0-SNAPSHOT in the shaded jar.
[INFO] Including com.ecwid.consul:consul-api:jar:1.4.5 in the shaded jar.
[INFO] Including org.apache.streampipes:streampipes-model:jar:0.92.0-SNAPSHOT in the shaded jar.
[INFO] Including org.apache.streampipes:streampipes-model-shared:jar:0.92.0-SNAPSHOT in the shaded jar.
[INFO] Including org.apache.streampipes:streampipes-logging:jar:0.92.0-SNAPSHOT in the shaded jar.
[INFO] Including com.google.code.gson:gson:jar:2.10 in the shaded jar.
[INFO] Including org.apache.streampipes:streampipes-vocabulary:jar:0.92.0-SNAPSHOT in the shaded jar.
[INFO] Including com.github.drapostolos:type-parser:jar:0.7.0 in the shaded jar.
[INFO] Including org.apache.httpcomponents:fluent-hc:jar:4.5.13 in the shaded jar.
[INFO] Including org.apache.streampipes:streampipes-service-extensions:jar:0.92.0-SNAPSHOT in the shaded jar.
[INFO] Including org.apache.streampipes:streampipes-service-base:jar:0.92.0-SNAPSHOT in the shaded jar.
[INFO] Including jakarta.annotation:jakarta.annotation-api:jar:2.1.1 in the shaded jar.
[INFO] Including jakarta.validation:jakarta.validation-api:jar:3.0.2 in the shaded jar.
[INFO] Including org.springframework.boot:spring-boot-starter-jersey:jar:3.0.1 in the shaded jar.
[INFO] Including org.springframework.boot:spring-boot-starter-json:jar:3.0.1 in the shaded jar.
[INFO] Including com.fasterxml.jackson.datatype:jackson-datatype-jsr310:jar:2.14.1 in the shaded jar.
[INFO] Including com.fasterxml.jackson.module:jackson-module-parameter-names:jar:2.14.1 in the shaded jar.
[INFO] Including org.springframework.boot:spring-boot-starter-validation:jar:3.0.1 in the shaded jar.
[INFO] Including org.springframework:spring-web:jar:6.0.3 in the shaded jar.
[INFO] Including io.micrometer:micrometer-observation:jar:1.10.2 in the shaded jar.
[INFO] Including io.micrometer:micrometer-commons:jar:1.10.2 in the shaded jar.
[INFO] Including org.glassfish.jersey.containers:jersey-container-servlet-core:jar:3.1.0 in the shaded jar.
[INFO] Including org.glassfish.jersey.core:jersey-common:jar:3.1.0 in the shaded jar.
[INFO] Including org.glassfish.hk2:osgi-resource-locator:jar:1.0.3 in the shaded jar.
[INFO] Including org.glassfish.jersey.containers:jersey-container-servlet:jar:3.1.0 in the shaded jar.
[INFO] Including org.glassfish.jersey.core:jersey-server:jar:3.1.0 in the shaded jar.
[INFO] Including org.glassfish.jersey.core:jersey-client:jar:3.1.0 in the shaded jar.
[INFO] Including org.glassfish.jersey.ext:jersey-bean-validation:jar:3.1.0 in the shaded jar.
[INFO] Including org.glassfish.jersey.ext:jersey-spring6:jar:3.1.0 in the shaded jar.
[INFO] Including org.glassfish.jersey.inject:jersey-hk2:jar:3.1.0 in the shaded jar.
[INFO] Including org.glassfish.hk2:hk2-locator:jar:3.0.3 in the shaded jar.
[INFO] Including org.glassfish.hk2.external:aopalliance-repackaged:jar:3.0.3 in the shaded jar.
[INFO] Including org.glassfish.hk2:hk2:jar:3.0.3 in the shaded jar.
[INFO] Including org.glassfish.hk2:hk2-utils:jar:3.0.3 in the shaded jar.
[INFO] Including org.glassfish.hk2:hk2-api:jar:3.0.3 in the shaded jar.
[INFO] Including org.glassfish.hk2:hk2-core:jar:3.0.3 in the shaded jar.
[INFO] Including org.glassfish.hk2:hk2-runlevel:jar:3.0.3 in the shaded jar.
[INFO] Including org.glassfish.hk2:class-model:jar:3.0.3 in the shaded jar.
[INFO] Including org.ow2.asm:asm-analysis:jar:9.2 in the shaded jar.
[INFO] Including org.ow2.asm:asm-commons:jar:9.2 in the shaded jar.
[INFO] Including org.ow2.asm:asm-tree:jar:9.2 in the shaded jar.
[INFO] Including org.ow2.asm:asm-util:jar:9.2 in the shaded jar.
[INFO] Including org.glassfish.hk2:spring-bridge:jar:3.0.3 in the shaded jar.
[INFO] Including org.glassfish.jersey.media:jersey-media-json-jackson:jar:3.1.0 in the shaded jar.
[INFO] Including org.glassfish.jersey.ext:jersey-entity-filtering:jar:3.1.0 in the shaded jar.
[INFO] Including com.fasterxml.jackson.module:jackson-module-jakarta-xmlbind-annotations:jar:2.14.1 in the shaded jar.
[INFO] Including jakarta.xml.bind:jakarta.xml.bind-api:jar:4.0.0 in the shaded jar.
[INFO] Including org.springframework.boot:spring-boot-starter-undertow:jar:3.0.1 in the shaded jar.
[INFO] Including io.undertow:undertow-core:jar:2.3.2.Final in the shaded jar.
[INFO] Including org.jboss.xnio:xnio-api:jar:3.8.8.Final in the shaded jar.
[INFO] Including org.wildfly.common:wildfly-common:jar:1.6.0.Final in the shaded jar.
[INFO] Including org.wildfly.client:wildfly-client-config:jar:1.0.1.Final in the shaded jar.
[INFO] Including org.jboss.xnio:xnio-nio:jar:3.8.8.Final in the shaded jar.
[INFO] Including org.jboss.threads:jboss-threads:jar:3.5.0.Final in the shaded jar.
[INFO] Including io.undertow:undertow-servlet:jar:2.3.2.Final in the shaded jar.
[INFO] Including io.undertow:undertow-websockets-jsr:jar:2.3.2.Final in the shaded jar.
[INFO] Including jakarta.websocket:jakarta.websocket-api:jar:2.1.0 in the shaded jar.
[INFO] Including jakarta.websocket:jakarta.websocket-client-api:jar:2.1.0 in the shaded jar.
[INFO] Including org.apache.tomcat.embed:tomcat-embed-el:jar:10.1.4 in the shaded jar.
[INFO] Including org.springframework.boot:spring-boot-starter-oauth2-client:jar:3.0.1 in the shaded jar.
[INFO] Including org.springframework.boot:spring-boot-starter:jar:3.0.1 in the shaded jar.
[INFO] Including org.springframework.boot:spring-boot:jar:3.0.1 in the shaded jar.
[INFO] Including org.springframework.boot:spring-boot-autoconfigure:jar:3.0.1 in the shaded jar.
[INFO] Including org.springframework.boot:spring-boot-starter-logging:jar:3.0.1 in the shaded jar.
[INFO] Including org.slf4j:jul-to-slf4j:jar:2.0.6 in the shaded jar.
[INFO] Including org.springframework.security:spring-security-config:jar:6.0.1 in the shaded jar.
[INFO] Including org.springframework.security:spring-security-core:jar:6.0.1 in the shaded jar.
[INFO] Including org.springframework.security:spring-security-crypto:jar:6.0.1 in the shaded jar.
[INFO] Including org.springframework.security:spring-security-oauth2-client:jar:6.0.1 in the shaded jar.
[INFO] Including org.springframework.security:spring-security-oauth2-core:jar:6.0.1 in the shaded jar.
[INFO] Including org.springframework.security:spring-security-web:jar:6.0.1 in the shaded jar.
[INFO] Including com.nimbusds:oauth2-oidc-sdk:jar:9.43.1 in the shaded jar.
[INFO] Including com.github.stephenc.jcip:jcip-annotations:jar:1.0-1 in the shaded jar.
[INFO] Including com.nimbusds:content-type:jar:2.2 in the shaded jar.
[INFO] Including net.minidev:json-smart:jar:2.4.8 in the shaded jar.
[INFO] Including net.minidev:accessors-smart:jar:2.4.8 in the shaded jar.
[INFO] Including org.ow2.asm:asm:jar:9.4 in the shaded jar.
[INFO] Including com.nimbusds:lang-tag:jar:1.7 in the shaded jar.
[INFO] Including org.springframework.security:spring-security-oauth2-jose:jar:6.0.1 in the shaded jar.
[INFO] Including com.nimbusds:nimbus-jose-jwt:jar:9.30.1 in the shaded jar.
[INFO] Including jakarta.activation:jakarta.activation-api:jar:1.2.2 in the shaded jar.
[INFO] Including jakarta.inject:jakarta.inject-api:jar:2.0.1 in the shaded jar.
[INFO] Including jakarta.servlet:jakarta.servlet-api:jar:6.0.0 in the shaded jar.
[INFO] Including org.jboss.logging:jboss-logging-annotations:jar:2.2.1.Final in the shaded jar.
[INFO] Including org.jboss.logging:jboss-logging-processor:jar:2.2.1.Final in the shaded jar.
[INFO] Including org.jboss.jdeparser:jdeparser:jar:2.0.3.Final in the shaded jar.
[INFO] Including org.springframework:spring-aop:jar:6.0.3 in the shaded jar.
[INFO] Including org.springframework:spring-beans:jar:6.0.3 in the shaded jar.
[INFO] Including org.springframework:spring-core:jar:6.0.3 in the shaded jar.
[INFO] Including org.springframework:spring-jcl:jar:6.0.3 in the shaded jar.
[INFO] Including org.springframework:spring-context:jar:6.0.3 in the shaded jar.
[INFO] Including org.springframework:spring-expression:jar:6.0.3 in the shaded jar.
[INFO] Including org.springframework:spring-context-support:jar:6.0.3 in the shaded jar.
[INFO] Including org.hibernate.validator:hibernate-validator:jar:8.0.0.Final in the shaded jar.
[INFO] Including org.jboss.logging:jboss-logging:jar:3.4.0.Final in the shaded jar.
[INFO] Including com.fasterxml:classmate:jar:1.5.1 in the shaded jar.
[INFO] Including org.apache.streampipes:streampipes-rest-extensions:jar:0.92.0-SNAPSHOT in the shaded jar.
[INFO] Including org.apache.streampipes:streampipes-rest-shared:jar:0.92.0-SNAPSHOT in the shaded jar.
[INFO] Including org.glassfish.jersey.media:jersey-media-multipart:jar:3.1.0 in the shaded jar.
[INFO] Including org.jvnet.mimepull:mimepull:jar:1.9.15 in the shaded jar.
[INFO] Including org.apache.streampipes:streampipes-extensions-management:jar:0.92.0-SNAPSHOT in the shaded jar.
[INFO] Including org.apache.streampipes:streampipes-extensions-api:jar:0.92.0-SNAPSHOT in the shaded jar.
[INFO] Including de.grundid.opendatalab:geojson-jackson:jar:1.14 in the shaded jar.
[INFO] Including jakarta.json:jakarta.json-api:jar:2.1.1 in the shaded jar.
[INFO] Including com.fasterxml.jackson.dataformat:jackson-dataformat-xml:jar:2.14.1 in the shaded jar.
[INFO] Including org.codehaus.woodstox:stax2-api:jar:4.2.1 in the shaded jar.
[INFO] Including com.fasterxml.woodstox:woodstox-core:jar:6.4.0 in the shaded jar.
[INFO] Including org.eclipse.parsson:jakarta.json:jar:1.1.1 in the shaded jar.
[INFO] Including jakarta.ws.rs:jakarta.ws.rs-api:jar:3.1.0 in the shaded jar.
[INFO] Including org.rendersnake:rendersnake:jar:1.9.0 in the shaded jar.
[INFO] Including javax.servlet:servlet-api:jar:2.4 in the shaded jar.
[INFO] Including net.sf.jtidy:jtidy:jar:r938 in the shaded jar.
[INFO] Including javax.inject:javax.inject:jar:1 in the shaded jar.
[INFO] Including com.fasterxml.jackson.datatype:jackson-datatype-jdk8:jar:2.14.1 in the shaded jar.
[INFO] Including org.apache.streampipes:streampipes-dataformat-json:jar:0.92.0-SNAPSHOT in the shaded jar.
[INFO] Including org.apache.streampipes:streampipes-dataformat:jar:0.92.0-SNAPSHOT in the shaded jar.
[INFO] Including com.fasterxml.jackson.core:jackson-annotations:jar:2.14.1 in the shaded jar.
[INFO] Including org.apache.streampipes:streampipes-dataformat-cbor:jar:0.92.0-SNAPSHOT in the shaded jar.
[INFO] Including com.fasterxml.jackson.dataformat:jackson-dataformat-cbor:jar:2.14.1 in the shaded jar.
[INFO] Including org.apache.streampipes:streampipes-dataformat-smile:jar:0.92.0-SNAPSHOT in the shaded jar.
[INFO] Including com.fasterxml.jackson.dataformat:jackson-dataformat-smile:jar:2.14.1 in the shaded jar.
[INFO] Including org.apache.streampipes:streampipes-dataformat-fst:jar:0.92.0-SNAPSHOT in the shaded jar.
[INFO] Including de.ruedigermoeller:fst:jar:2.57 in the shaded jar.
[INFO] Including org.objenesis:objenesis:jar:3.3 in the shaded jar.
[INFO] Including org.apache.streampipes:streampipes-messaging-jms:jar:0.92.0-SNAPSHOT in the shaded jar.
[INFO] Including org.apache.streampipes:streampipes-messaging:jar:0.92.0-SNAPSHOT in the shaded jar.
[INFO] Including org.apache.activemq:activemq-client:jar:5.17.3 in the shaded jar.
[INFO] Including org.apache.geronimo.specs:geronimo-jms_1.1_spec:jar:1.1.1 in the shaded jar.
[INFO] Including org.apache.geronimo.specs:geronimo-j2ee-management_1.1_spec:jar:1.0.1 in the shaded jar.
[INFO] Including org.apache.streampipes:streampipes-messaging-kafka:jar:0.92.0-SNAPSHOT in the shaded jar.
[INFO] Including org.apache.kafka:kafka-clients:jar:3.3.1 in the shaded jar.
[INFO] Including com.github.luben:zstd-jni:jar:1.4.3-1 in the shaded jar.
[INFO] Including org.apache.streampipes:streampipes-messaging-mqtt:jar:0.92.0-SNAPSHOT in the shaded jar.
[INFO] Including org.fusesource.mqtt-client:mqtt-client:jar:1.12 in the shaded jar.
[INFO] Including org.fusesource.hawtdispatch:hawtdispatch-transport:jar:1.21 in the shaded jar.
[INFO] Including org.fusesource.hawtdispatch:hawtdispatch:jar:1.21 in the shaded jar.
[INFO] Including org.fusesource.hawtbuf:hawtbuf:jar:1.11 in the shaded jar.
[INFO] Including org.apache.streampipes:streampipes-messaging-nats:jar:0.92.0-SNAPSHOT in the shaded jar.
[INFO] Including io.nats:jnats:jar:2.16.1 in the shaded jar.
[INFO] Including net.i2p.crypto:eddsa:jar:0.3.0 in the shaded jar.
[INFO] Including org.apache.streampipes:streampipes-wrapper-flink:jar:0.92.0-SNAPSHOT in the shaded jar.
[INFO] Including org.apache.streampipes:streampipes-wrapper-distributed:jar:0.92.0-SNAPSHOT in the shaded jar.
[INFO] Including org.apache.streampipes:streampipes-wrapper:jar:0.92.0-SNAPSHOT in the shaded jar.
[INFO] Including org.apache.streampipes:streampipes-client:jar:0.92.0-SNAPSHOT in the shaded jar.
[INFO] Including org.apache.streampipes:streampipes-security-jwt:jar:0.92.0-SNAPSHOT in the shaded jar.
[INFO] Including io.jsonwebtoken:jjwt-api:jar:0.11.2 in the shaded jar.
[INFO] Including io.jsonwebtoken:jjwt-impl:jar:0.11.2 in the shaded jar.
[INFO] Including io.jsonwebtoken:jjwt-jackson:jar:0.11.2 in the shaded jar.
[INFO] Including commons-collections:commons-collections:jar:3.2.2 in the shaded jar.
[INFO] Including com.fasterxml.jackson.core:jackson-databind:jar:2.14.1 in the shaded jar.
[INFO] Including com.fasterxml.jackson.core:jackson-core:jar:2.14.1 in the shaded jar.
[INFO] Including org.apache.flink:flink-connector-kafka_2.11:jar:1.13.5 in the shaded jar.
[INFO] Including org.apache.flink:flink-connector-base:jar:1.13.5 in the shaded jar.
[INFO] Including org.apache.flink:flink-java:jar:1.13.5 in the shaded jar.
[INFO] Including org.apache.flink:flink-streaming-java_2.11:jar:1.13.5 in the shaded jar.
[INFO] Including org.apache.flink:flink-file-sink-common:jar:1.13.5 in the shaded jar.
[INFO] Including org.apache.flink:flink-clients_2.11:jar:1.13.5 in the shaded jar.
[INFO] Including org.apache.flink:flink-optimizer_2.11:jar:1.13.5 in the shaded jar.
[INFO] Including org.xerial.snappy:snappy-java:jar:1.1.7.7 in the shaded jar.
[INFO] Including org.apache.logging.log4j:log4j-to-slf4j:jar:2.19.0 in the shaded jar.
[INFO] Including org.apache.logging.log4j:log4j-api:jar:2.19.0 in the shaded jar.
[INFO] Including org.apache.commons:commons-math3:jar:3.6.1 in the shaded jar.
[INFO] Including org.apache.flink:flink-runtime_2.11:jar:1.13.5 in the shaded jar.
[INFO] Including org.apache.flink:flink-core:jar:1.13.5 in the shaded jar.
[INFO] Including org.apache.flink:flink-annotations:jar:1.13.5 in the shaded jar.
[INFO] Including org.apache.flink:flink-metrics-core:jar:1.13.5 in the shaded jar.
[INFO] Including org.apache.flink:flink-shaded-asm-7:jar:7.1-13.0 in the shaded jar.
[INFO] Including com.esotericsoftware.kryo:kryo:jar:2.24.0 in the shaded jar.
[INFO] Including com.esotericsoftware.minlog:minlog:jar:1.2 in the shaded jar.
[INFO] Including org.apache.commons:commons-compress:jar:1.22 in the shaded jar.
[INFO] Including org.apache.flink:flink-queryable-state-client-java:jar:1.13.5 in the shaded jar.
[INFO] Including org.apache.flink:flink-hadoop-fs:jar:1.13.5 in the shaded jar.
[INFO] Including commons-io:commons-io:jar:2.11.0 in the shaded jar.
[INFO] Including org.apache.flink:flink-shaded-netty:jar:4.1.49.Final-13.0 in the shaded jar.
[INFO] Including org.apache.flink:flink-shaded-guava:jar:18.0-13.0 in the shaded jar.
[INFO] Including org.apache.flink:flink-shaded-jackson:jar:2.12.1-13.0 in the shaded jar.
[INFO] Including org.apache.flink:flink-shaded-zookeeper-3:jar:3.4.14-13.0 in the shaded jar.
[INFO] Including org.apache.commons:commons-lang3:jar:3.12.0 in the shaded jar.
[INFO] Including commons-cli:commons-cli:jar:1.3.1 in the shaded jar.
[INFO] Including org.javassist:javassist:jar:3.25.0-GA in the shaded jar.
[INFO] Including com.typesafe.akka:akka-actor_2.11:jar:2.5.21 in the shaded jar.
[INFO] Including com.typesafe:config:jar:1.3.3 in the shaded jar.
[INFO] Including org.scala-lang.modules:scala-java8-compat_2.11:jar:0.7.0 in the shaded jar.
[INFO] Including com.typesafe.akka:akka-stream_2.11:jar:2.5.21 in the shaded jar.
[INFO] Including org.reactivestreams:reactive-streams:jar:1.0.2 in the shaded jar.
[INFO] Including com.typesafe:ssl-config-core_2.11:jar:0.3.7 in the shaded jar.
[INFO] Including com.typesafe.akka:akka-protobuf_2.11:jar:2.5.21 in the shaded jar.
[INFO] Including com.typesafe.akka:akka-slf4j_2.11:jar:2.5.21 in the shaded jar.
[INFO] Including org.clapper:grizzled-slf4j_2.11:jar:1.3.2 in the shaded jar.
[INFO] Including com.github.scopt:scopt_2.11:jar:3.5.0 in the shaded jar.
[INFO] Including com.twitter:chill_2.11:jar:0.7.6 in the shaded jar.
[INFO] Including com.twitter:chill-java:jar:0.7.6 in the shaded jar.
[INFO] Including com.google.code.findbugs:jsr305:jar:3.0.2 in the shaded jar.
[INFO] Including org.apache.flink:force-shading:jar:1.13.5 in the shaded jar.
[INFO] Including org.scala-lang:scala-library:jar:2.13.10 in the shaded jar.
[INFO] Including org.scala-lang.modules:scala-parser-combinators_2.11:jar:1.1.1 in the shaded jar.
[INFO] Including org.lz4:lz4-java:jar:1.8.0 in the shaded jar.
[INFO] Including org.apache.streampipes:streampipes-processors-enricher-flink:jar:0.92.0-SNAPSHOT in the shaded jar.
[INFO] Including org.apache.streampipes:streampipes-processors-geo-flink:jar:0.92.0-SNAPSHOT in the shaded jar.
[INFO] Including org.apache.streampipes:streampipes-processors-pattern-detection-flink:jar:0.92.0-SNAPSHOT in the shaded jar.
[INFO] Including org.apache.flink:flink-cep_2.11:jar:1.13.5 in the shaded jar.
[INFO] Including org.apache.streampipes:streampipes-processors-statistics-flink:jar:0.92.0-SNAPSHOT in the shaded jar.
[INFO] Including org.apache.streampipes:streampipes-processors-text-mining-flink:jar:0.92.0-SNAPSHOT in the shaded jar.
[INFO] Including com.optimaize.languagedetector:language-detector:jar:0.6 in the shaded jar.
[INFO] Including net.arnx:jsonic:jar:1.2.11 in the shaded jar.
[INFO] Including com.intellij:annotations:jar:12.0 in the shaded jar.
[INFO] Including com.google.guava:guava:jar:27.1-jre in the shaded jar.
[INFO] Including com.google.guava:failureaccess:jar:1.0.1 in the shaded jar.
[INFO] Including com.google.guava:listenablefuture:jar:9999.0-empty-to-avoid-conflict-with-guava in the shaded jar.
[INFO] Including org.checkerframework:checker-qual:jar:2.5.2 in the shaded jar.
[INFO] Including com.google.errorprone:error_prone_annotations:jar:2.2.0 in the shaded jar.
[INFO] Including com.google.j2objc:j2objc-annotations:jar:1.3 in the shaded jar.
[INFO] Including org.codehaus.mojo:animal-sniffer-annotations:jar:1.17 in the shaded jar.
[INFO] Including org.apache.flink:flink-cep-scala_2.11:jar:1.13.5 in the shaded jar.
[INFO] Including org.apache.opennlp:opennlp-tools:jar:2.1.0 in the shaded jar.
[INFO] Including org.apache.streampipes:streampipes-processors-transformation-flink:jar:0.92.0-SNAPSHOT in the shaded jar.
[INFO] Including org.apache.streampipes:streampipes-measurement-units:jar:0.92.0-SNAPSHOT in the shaded jar.
[INFO] Including org.apache.streampipes:streampipes-commons:jar:0.92.0-SNAPSHOT in the shaded jar.
[INFO] Including commons-codec:commons-codec:jar:1.11 in the shaded jar.
[INFO] Including ch.qos.logback:logback-classic:jar:1.4.5 in the shaded jar.
[INFO] Including ch.qos.logback:logback-core:jar:1.4.5 in the shaded jar.
[INFO] Including io.fogsy:qudt:jar:1.0 in the shaded jar.
[INFO] Including org.eclipse.rdf4j:rdf4j-rio-rdfxml:jar:3.5.0 in the shaded jar.
[INFO] Including org.eclipse.rdf4j:rdf4j-model:jar:3.5.0 in the shaded jar.
[INFO] Including org.eclipse.rdf4j:rdf4j-model-api:jar:3.5.0 in the shaded jar.
[INFO] Including org.eclipse.rdf4j:rdf4j-model-vocabulary:jar:3.5.0 in the shaded jar.
[INFO] Including org.eclipse.rdf4j:rdf4j-rio-api:jar:3.5.0 in the shaded jar.
[INFO] Including javax.xml.bind:jaxb-api:jar:2.4.0-b180725.0427 in the shaded jar.
[INFO] Including javax.activation:javax.activation-api:jar:1.2.0 in the shaded jar.
[INFO] Including org.eclipse.rdf4j:rdf4j-rio-datatypes:jar:3.5.0 in the shaded jar.
[INFO] Including org.eclipse.rdf4j:rdf4j-rio-languages:jar:3.5.0 in the shaded jar.
[INFO] Including org.eclipse.rdf4j:rdf4j-util:jar:3.5.0 in the shaded jar.
[INFO] Including org.eclipse.rdf4j:rdf4j-rio-turtle:jar:3.5.0 in the shaded jar.
[INFO] Including net.sourceforge.nekohtml:nekohtml:jar:1.9.13 in the shaded jar.
[INFO] Including xerces:xercesImpl:jar:2.12.2 in the shaded jar.
[INFO] Including xml-apis:xml-apis:jar:1.4.01 in the shaded jar.
[INFO] Including org.apache.streampipes:streampipes-sinks-databases-flink:jar:0.92.0-SNAPSHOT in the shaded jar.
[INFO] Including org.elasticsearch.client:elasticsearch-rest-high-level-client:jar:6.8.17 in the shaded jar.
[INFO] Including org.elasticsearch.client:elasticsearch-rest-client:jar:6.8.17 in the shaded jar.
[INFO] Including org.apache.httpcomponents:httpclient:jar:4.5.13 in the shaded jar.
[INFO] Including org.apache.httpcomponents:httpcore:jar:4.4.9 in the shaded jar.
[INFO] Including org.apache.httpcomponents:httpasyncclient:jar:4.1.2 in the shaded jar.
[INFO] Including org.apache.httpcomponents:httpcore-nio:jar:4.4.9 in the shaded jar.
[INFO] Including commons-logging:commons-logging:jar:1.2 in the shaded jar.
[INFO] Including org.elasticsearch.plugin:parent-join-client:jar:6.8.17 in the shaded jar.
[INFO] Including org.elasticsearch.plugin:aggs-matrix-stats-client:jar:6.8.17 in the shaded jar.
[INFO] Including org.elasticsearch.plugin:rank-eval-client:jar:6.8.17 in the shaded jar.
[INFO] Including org.elasticsearch.plugin:lang-mustache-client:jar:6.8.17 in the shaded jar.
[INFO] Including com.github.spullara.mustache.java:compiler:jar:0.9.3 in the shaded jar.
[INFO] Including org.elasticsearch:elasticsearch:jar:6.8.17 in the shaded jar.
[INFO] Including org.elasticsearch:elasticsearch-core:jar:6.8.17 in the shaded jar.
[INFO] Including org.elasticsearch:elasticsearch-secure-sm:jar:6.8.17 in the shaded jar.
[INFO] Including org.elasticsearch:elasticsearch-x-content:jar:6.8.17 in the shaded jar.
[INFO] Including com.fasterxml.jackson.dataformat:jackson-dataformat-yaml:jar:2.14.1 in the shaded jar.
[INFO] Including org.apache.lucene:lucene-core:jar:7.7.3 in the shaded jar.
[INFO] Including org.apache.lucene:lucene-analyzers-common:jar:7.7.3 in the shaded jar.
[INFO] Including org.apache.lucene:lucene-backward-codecs:jar:7.7.3 in the shaded jar.
[INFO] Including org.apache.lucene:lucene-grouping:jar:7.7.3 in the shaded jar.
[INFO] Including org.apache.lucene:lucene-highlighter:jar:7.7.3 in the shaded jar.
[INFO] Including org.apache.lucene:lucene-join:jar:7.7.3 in the shaded jar.
[INFO] Including org.apache.lucene:lucene-memory:jar:7.7.3 in the shaded jar.
[INFO] Including org.apache.lucene:lucene-misc:jar:7.7.3 in the shaded jar.
[INFO] Including org.apache.lucene:lucene-queries:jar:7.7.3 in the shaded jar.
[INFO] Including org.apache.lucene:lucene-queryparser:jar:7.7.3 in the shaded jar.
[INFO] Including org.apache.lucene:lucene-sandbox:jar:7.7.3 in the shaded jar.
[INFO] Including org.apache.lucene:lucene-spatial:jar:7.7.3 in the shaded jar.
[INFO] Including org.apache.lucene:lucene-spatial-extras:jar:7.7.3 in the shaded jar.
[INFO] Including org.apache.lucene:lucene-spatial3d:jar:7.7.3 in the shaded jar.
[INFO] Including org.apache.lucene:lucene-suggest:jar:7.7.3 in the shaded jar.
[INFO] Including org.elasticsearch:elasticsearch-cli:jar:6.8.17 in the shaded jar.
[INFO] Including net.sf.jopt-simple:jopt-simple:jar:5.0.2 in the shaded jar.
[INFO] Including com.carrotsearch:hppc:jar:0.7.1 in the shaded jar.
[INFO] Including joda-time:joda-time:jar:2.10.10 in the shaded jar.
[INFO] Including com.tdunning:t-digest:jar:3.2 in the shaded jar.
[INFO] Including org.hdrhistogram:HdrHistogram:jar:2.1.9 in the shaded jar.
[INFO] Including org.elasticsearch:jna:jar:5.5.0 in the shaded jar.
[INFO] Including org.yaml:snakeyaml:jar:1.26 in the shaded jar.
[INFO] Including io.dropwizard.metrics:metrics-core:jar:4.2.15 in the shaded jar.
[INFO] Including org.slf4j:slf4j-api:jar:2.0.6 in the shaded jar.
[INFO] Including org.atteo.classindex:classindex:jar:3.9 in the shaded jar.
[WARNING] Discovered module-info.class. Shading will break its strong encapsulation.
[WARNING] Discovered module-info.class. Shading will break its strong encapsulation.
[WARNING] Discovered module-info.class. Shading will break its strong encapsulation.
[WARNING] Discovered module-info.class. Shading will break its strong encapsulation.
[WARNING] Discovered module-info.class. Shading will break its strong encapsulation.
[WARNING] Discovered module-info.class. Shading will break its strong encapsulation.
[WARNING] Discovered module-info.class. Shading will break its strong encapsulation.
[WARNING] Discovered module-info.class. Shading will break its strong encapsulation.
[WARNING] Discovered module-info.class. Shading will break its strong encapsulation.
[WARNING] Discovered module-info.class. Shading will break its strong encapsulation.
[WARNING] Discovered module-info.class. Shading will break its strong encapsulation.
[WARNING] Discovered module-info.class. Shading will break its strong encapsulation.
[WARNING] Discovered module-info.class. Shading will break its strong encapsulation.
[WARNING] Discovered module-info.class. Shading will break its strong encapsulation.
[WARNING] Discovered module-info.class. Shading will break its strong encapsulation.
[WARNING] Discovered module-info.class. Shading will break its strong encapsulation.
[WARNING] Discovered module-info.class. Shading will break its strong encapsulation.
[WARNING] Discovered module-info.class. Shading will break its strong encapsulation.
[WARNING] Discovered module-info.class. Shading will break its strong encapsulation.
[WARNING] Discovered module-info.class. Shading will break its strong encapsulation.
[WARNING] Discovered module-info.class. Shading will break its strong encapsulation.
[WARNING] Discovered module-info.class. Shading will break its strong encapsulation.
[WARNING] Discovered module-info.class. Shading will break its strong encapsulation.
[WARNING] Discovered module-info.class. Shading will break its strong encapsulation.
[WARNING] Discovered module-info.class. Shading will break its strong encapsulation.
[WARNING] commons-codec-1.11.jar, streampipes-processors-enricher-flink.jar, streampipes-processors-geo-flink.jar, streampipes-processors-pattern-detection-flink.jar, streampipes-processors-statistics-flink.jar, streampipes-processors-textmining-flink.jar, streampipes-processors-transformation-flink.jar, streampipes-sinks-databases-flink.jar define 226 overlapping classes and resources: 
[WARNING]   - META-INF/maven/commons-codec/commons-codec/pom.properties
[WARNING]   - META-INF/maven/commons-codec/commons-codec/pom.xml
[WARNING]   - org.apache.commons.codec.BinaryDecoder
[WARNING]   - org.apache.commons.codec.BinaryEncoder
[WARNING]   - org.apache.commons.codec.CharEncoding
[WARNING]   - org.apache.commons.codec.Charsets
[WARNING]   - org.apache.commons.codec.Decoder
[WARNING]   - org.apache.commons.codec.DecoderException
[WARNING]   - org.apache.commons.codec.Encoder
[WARNING]   - org.apache.commons.codec.EncoderException
[WARNING]   - 216 more...
[WARNING] jackson-databind-2.14.1.jar, streampipes-processors-enricher-flink.jar, streampipes-processors-geo-flink.jar, streampipes-processors-pattern-detection-flink.jar, streampipes-processors-statistics-flink.jar, streampipes-processors-textmining-flink.jar, streampipes-processors-transformation-flink.jar, streampipes-sinks-databases-flink.jar define 770 overlapping classes and resources: 
[WARNING]   - META-INF/maven/com.fasterxml.jackson.core/jackson-databind/pom.properties
[WARNING]   - META-INF/maven/com.fasterxml.jackson.core/jackson-databind/pom.xml
[WARNING]   - com.fasterxml.jackson.databind.AbstractTypeResolver
[WARNING]   - com.fasterxml.jackson.databind.AnnotationIntrospector
[WARNING]   - com.fasterxml.jackson.databind.AnnotationIntrospector$ReferenceProperty
[WARNING]   - com.fasterxml.jackson.databind.AnnotationIntrospector$ReferenceProperty$Type
[WARNING]   - com.fasterxml.jackson.databind.AnnotationIntrospector$XmlExtensions
[WARNING]   - com.fasterxml.jackson.databind.BeanDescription
[WARNING]   - com.fasterxml.jackson.databind.BeanProperty
[WARNING]   - com.fasterxml.jackson.databind.BeanProperty$Bogus
[WARNING]   - 760 more...
[WARNING] lucene-grouping-7.7.3.jar, streampipes-sinks-databases-flink.jar define 55 overlapping classes: 
[WARNING]   - org.apache.lucene.search.grouping.AllGroupHeadsCollector
[WARNING]   - org.apache.lucene.search.grouping.AllGroupHeadsCollector$1
[WARNING]   - org.apache.lucene.search.grouping.AllGroupHeadsCollector$GroupHead
[WARNING]   - org.apache.lucene.search.grouping.AllGroupHeadsCollector$ScoringGroupHead
[WARNING]   - org.apache.lucene.search.grouping.AllGroupHeadsCollector$ScoringGroupHeadsCollector
[WARNING]   - org.apache.lucene.search.grouping.AllGroupHeadsCollector$SortingGroupHead
[WARNING]   - org.apache.lucene.search.grouping.AllGroupHeadsCollector$SortingGroupHeadsCollector
[WARNING]   - org.apache.lucene.search.grouping.AllGroupsCollector
[WARNING]   - org.apache.lucene.search.grouping.BlockGroupingCollector
[WARNING]   - org.apache.lucene.search.grouping.BlockGroupingCollector$1
[WARNING]   - 45 more...
[WARNING] grizzled-slf4j_2.11-1.3.2.jar, streampipes-processors-enricher-flink.jar, streampipes-processors-geo-flink.jar, streampipes-processors-pattern-detection-flink.jar, streampipes-processors-statistics-flink.jar, streampipes-processors-textmining-flink.jar, streampipes-processors-transformation-flink.jar, streampipes-sinks-databases-flink.jar define 4 overlapping classes: 
[WARNING]   - grizzled.slf4j.Logger
[WARNING]   - grizzled.slf4j.Logger$
[WARNING]   - grizzled.slf4j.Logging
[WARNING]   - grizzled.slf4j.Logging$class
[WARNING] kafka-clients-3.3.1.jar, streampipes-processors-enricher-flink.jar, streampipes-processors-geo-flink.jar, streampipes-processors-pattern-detection-flink.jar, streampipes-processors-statistics-flink.jar, streampipes-processors-textmining-flink.jar, streampipes-processors-transformation-flink.jar, streampipes-sinks-databases-flink.jar define 2409 overlapping classes and resources: 
[WARNING]   - common/message/AddOffsetsToTxnRequest.json
[WARNING]   - common/message/AddOffsetsToTxnResponse.json
[WARNING]   - common/message/AddPartitionsToTxnRequest.json
[WARNING]   - common/message/AddPartitionsToTxnResponse.json
[WARNING]   - common/message/AllocateProducerIdsRequest.json
[WARNING]   - common/message/AllocateProducerIdsResponse.json
[WARNING]   - common/message/AlterClientQuotasRequest.json
[WARNING]   - common/message/AlterClientQuotasResponse.json
[WARNING]   - common/message/AlterConfigsRequest.json
[WARNING]   - common/message/AlterConfigsResponse.json
[WARNING]   - 2399 more...
[WARNING] lucene-join-7.7.3.jar, streampipes-sinks-databases-flink.jar define 104 overlapping classes: 
[WARNING]   - org.apache.lucene.search.join.BaseGlobalOrdinalScorer
[WARNING]   - org.apache.lucene.search.join.BitSetProducer
[WARNING]   - org.apache.lucene.search.join.BlockJoinSelector
[WARNING]   - org.apache.lucene.search.join.BlockJoinSelector$1
[WARNING]   - org.apache.lucene.search.join.BlockJoinSelector$2
[WARNING]   - org.apache.lucene.search.join.BlockJoinSelector$Type
[WARNING]   - org.apache.lucene.search.join.CheckJoinIndex
[WARNING]   - org.apache.lucene.search.join.DocValuesTermsCollector
[WARNING]   - org.apache.lucene.search.join.DocValuesTermsCollector$Function
[WARNING]   - org.apache.lucene.search.join.FakeScorer
[WARNING]   - 94 more...
[WARNING] spring-context-support-6.0.3.jar, streampipes-processors-enricher-flink.jar, streampipes-processors-geo-flink.jar, streampipes-processors-pattern-detection-flink.jar, streampipes-processors-statistics-flink.jar, streampipes-processors-textmining-flink.jar, streampipes-processors-transformation-flink.jar, streampipes-sinks-databases-flink.jar define 105 overlapping class and resource: 
[WARNING]   - org.springframework.cache.caffeine.CaffeineCache
[WARNING]   - org.springframework.cache.caffeine.CaffeineCache$LoadFunction
[WARNING]   - org.springframework.cache.caffeine.CaffeineCache$PutIfAbsentFunction
[WARNING]   - org.springframework.cache.caffeine.CaffeineCacheManager
[WARNING]   - org.springframework.cache.caffeine.package-info
[WARNING]   - org.springframework.cache.jcache.JCacheCache
[WARNING]   - org.springframework.cache.jcache.JCacheCache$ValueLoaderEntryProcessor
[WARNING]   - org.springframework.cache.jcache.JCacheCacheManager
[WARNING]   - org.springframework.cache.jcache.JCacheManagerFactoryBean
[WARNING]   - org.springframework.cache.jcache.config.AbstractJCacheConfiguration
[WARNING]   - 95 more...
[WARNING] nimbus-jose-jwt-9.30.1.jar, streampipes-processors-enricher-flink.jar, streampipes-processors-geo-flink.jar, streampipes-processors-pattern-detection-flink.jar, streampipes-processors-statistics-flink.jar, streampipes-processors-textmining-flink.jar, streampipes-processors-transformation-flink.jar, streampipes-sinks-databases-flink.jar define 528 overlapping classes and resources: 
[WARNING]   - META-INF/maven/com.nimbusds/nimbus-jose-jwt/pom.properties
[WARNING]   - META-INF/maven/com.nimbusds/nimbus-jose-jwt/pom.xml
[WARNING]   - com.nimbusds.jose.ActionRequiredForJWSCompletionException
[WARNING]   - com.nimbusds.jose.Algorithm
[WARNING]   - com.nimbusds.jose.AlgorithmFamily
[WARNING]   - com.nimbusds.jose.CommonSEHeader
[WARNING]   - com.nimbusds.jose.CompletableJWSObjectSigning
[WARNING]   - com.nimbusds.jose.CompressionAlgorithm
[WARNING]   - com.nimbusds.jose.CriticalHeaderParamsAware
[WARNING]   - com.nimbusds.jose.EncryptionMethod
[WARNING]   - 518 more...
[WARNING] streampipes-processors-enricher-flink.jar, streampipes-processors-geo-flink.jar, streampipes-processors-pattern-detection-flink.jar, streampipes-processors-statistics-flink.jar, streampipes-processors-textmining-flink.jar, streampipes-processors-transformation-flink.jar, streampipes-sinks-databases-flink.jar, streampipes-wrapper-0.92.0-SNAPSHOT.jar define 29 overlapping classes and resources: 
[WARNING]   - META-INF/maven/org.apache.streampipes/streampipes-wrapper/pom.properties
[WARNING]   - META-INF/maven/org.apache.streampipes/streampipes-wrapper/pom.xml
[WARNING]   - org.apache.streampipes.wrapper.context.EventProcessorRuntimeContext
[WARNING]   - org.apache.streampipes.wrapper.context.EventSinkRuntimeContext
[WARNING]   - org.apache.streampipes.wrapper.context.RuntimeContext
[WARNING]   - org.apache.streampipes.wrapper.context.SpEventProcessorRuntimeContext
[WARNING]   - org.apache.streampipes.wrapper.context.SpEventSinkRuntimeContext
[WARNING]   - org.apache.streampipes.wrapper.context.SpRuntimeContext
[WARNING]   - org.apache.streampipes.wrapper.declarer.EventProcessorDeclarer
[WARNING]   - org.apache.streampipes.wrapper.declarer.EventSinkDeclarer
[WARNING]   - 19 more...
[WARNING] json-smart-2.4.8.jar, streampipes-processors-enricher-flink.jar, streampipes-processors-geo-flink.jar, streampipes-processors-pattern-detection-flink.jar, streampipes-processors-statistics-flink.jar, streampipes-processors-textmining-flink.jar, streampipes-processors-transformation-flink.jar, streampipes-sinks-databases-flink.jar define 95 overlapping classes and resources: 
[WARNING]   - META-INF/maven/net.minidev/json-smart/pom.properties
[WARNING]   - META-INF/maven/net.minidev/json-smart/pom.xml
[WARNING]   - net.minidev.json.JSONArray
[WARNING]   - net.minidev.json.JSONAware
[WARNING]   - net.minidev.json.JSONAwareEx
[WARNING]   - net.minidev.json.JSONNavi
[WARNING]   - net.minidev.json.JSONObject
[WARNING]   - net.minidev.json.JSONStreamAware
[WARNING]   - net.minidev.json.JSONStreamAwareEx
[WARNING]   - net.minidev.json.JSONStyle
[WARNING]   - 85 more...
[WARNING] stax2-api-4.2.1.jar, streampipes-processors-enricher-flink.jar, streampipes-processors-geo-flink.jar, streampipes-processors-pattern-detection-flink.jar, streampipes-processors-statistics-flink.jar, streampipes-processors-textmining-flink.jar, streampipes-processors-transformation-flink.jar, streampipes-sinks-databases-flink.jar define 126 overlapping classes and resources: 
[WARNING]   - META-INF/maven/org.codehaus.woodstox/stax2-api/pom.properties
[WARNING]   - META-INF/maven/org.codehaus.woodstox/stax2-api/pom.xml
[WARNING]   - org.codehaus.stax2.AttributeInfo
[WARNING]   - org.codehaus.stax2.DTDInfo
[WARNING]   - org.codehaus.stax2.LocationInfo
[WARNING]   - org.codehaus.stax2.XMLEventReader2
[WARNING]   - org.codehaus.stax2.XMLInputFactory2
[WARNING]   - org.codehaus.stax2.XMLOutputFactory2
[WARNING]   - org.codehaus.stax2.XMLReporter2
[WARNING]   - org.codehaus.stax2.XMLStreamLocation2
[WARNING]   - 116 more...
[WARNING] jackson-annotations-2.14.1.jar, streampipes-processors-enricher-flink.jar, streampipes-processors-geo-flink.jar, streampipes-processors-pattern-detection-flink.jar, streampipes-processors-statistics-flink.jar, streampipes-processors-textmining-flink.jar, streampipes-processors-transformation-flink.jar, streampipes-sinks-databases-flink.jar define 74 overlapping classes and resources: 
[WARNING]   - META-INF/maven/com.fasterxml.jackson.core/jackson-annotations/pom.properties
[WARNING]   - META-INF/maven/com.fasterxml.jackson.core/jackson-annotations/pom.xml
[WARNING]   - com.fasterxml.jackson.annotation.JacksonAnnotation
[WARNING]   - com.fasterxml.jackson.annotation.JacksonAnnotationValue
[WARNING]   - com.fasterxml.jackson.annotation.JacksonAnnotationsInside
[WARNING]   - com.fasterxml.jackson.annotation.JacksonInject
[WARNING]   - com.fasterxml.jackson.annotation.JacksonInject$Value
[WARNING]   - com.fasterxml.jackson.annotation.JsonAlias
[WARNING]   - com.fasterxml.jackson.annotation.JsonAnyGetter
[WARNING]   - com.fasterxml.jackson.annotation.JsonAnySetter
[WARNING]   - 64 more...
[WARNING] spring-security-oauth2-jose-6.0.1.jar, streampipes-processors-enricher-flink.jar, streampipes-processors-geo-flink.jar, streampipes-processors-pattern-detection-flink.jar, streampipes-processors-statistics-flink.jar, streampipes-processors-textmining-flink.jar, streampipes-processors-transformation-flink.jar, streampipes-sinks-databases-flink.jar define 54 overlapping classes: 
[WARNING]   - org.springframework.security.oauth2.jose.JwaAlgorithm
[WARNING]   - org.springframework.security.oauth2.jose.jws.JwsAlgorithm
[WARNING]   - org.springframework.security.oauth2.jose.jws.JwsAlgorithms
[WARNING]   - org.springframework.security.oauth2.jose.jws.MacAlgorithm
[WARNING]   - org.springframework.security.oauth2.jose.jws.SignatureAlgorithm
[WARNING]   - org.springframework.security.oauth2.jwt.BadJwtException
[WARNING]   - org.springframework.security.oauth2.jwt.JoseHeader
[WARNING]   - org.springframework.security.oauth2.jwt.JoseHeader$AbstractBuilder
[WARNING]   - org.springframework.security.oauth2.jwt.JoseHeaderNames
[WARNING]   - org.springframework.security.oauth2.jwt.JwsHeader
[WARNING]   - 44 more...
[WARNING] jakarta.servlet-api-6.0.0.jar, streampipes-processors-enricher-flink.jar, streampipes-processors-geo-flink.jar, streampipes-processors-pattern-detection-flink.jar, streampipes-processors-statistics-flink.jar, streampipes-processors-textmining-flink.jar, streampipes-processors-transformation-flink.jar, streampipes-sinks-databases-flink.jar define 145 overlapping classes and resources: 
[WARNING]   - META-INF/maven/jakarta.servlet/jakarta.servlet-api/pom.properties
[WARNING]   - META-INF/maven/jakarta.servlet/jakarta.servlet-api/pom.xml
[WARNING]   - jakarta.servlet.AsyncContext
[WARNING]   - jakarta.servlet.AsyncEvent
[WARNING]   - jakarta.servlet.AsyncListener
[WARNING]   - jakarta.servlet.DispatcherType
[WARNING]   - jakarta.servlet.Filter
[WARNING]   - jakarta.servlet.FilterChain
[WARNING]   - jakarta.servlet.FilterConfig
[WARNING]   - jakarta.servlet.FilterRegistration
[WARNING]   - 135 more...
[WARNING] guava-27.1-jre.jar, streampipes-processors-enricher-flink.jar, streampipes-processors-geo-flink.jar, streampipes-processors-pattern-detection-flink.jar, streampipes-processors-statistics-flink.jar, streampipes-processors-textmining-flink.jar, streampipes-processors-transformation-flink.jar, streampipes-sinks-databases-flink.jar define 1952 overlapping classes and resources: 
[WARNING]   - META-INF/maven/com.google.guava/guava/pom.properties
[WARNING]   - META-INF/maven/com.google.guava/guava/pom.xml
[WARNING]   - com.google.common.annotations.Beta
[WARNING]   - com.google.common.annotations.GwtCompatible
[WARNING]   - com.google.common.annotations.GwtIncompatible
[WARNING]   - com.google.common.annotations.VisibleForTesting
[WARNING]   - com.google.common.base.Absent
[WARNING]   - com.google.common.base.AbstractIterator
[WARNING]   - com.google.common.base.AbstractIterator$1
[WARNING]   - com.google.common.base.AbstractIterator$State
[WARNING]   - 1942 more...
[WARNING] mimepull-1.9.15.jar, streampipes-processors-enricher-flink.jar, streampipes-processors-geo-flink.jar, streampipes-processors-pattern-detection-flink.jar, streampipes-processors-statistics-flink.jar, streampipes-processors-textmining-flink.jar, streampipes-processors-transformation-flink.jar, streampipes-sinks-databases-flink.jar define 46 overlapping classes and resources: 
[WARNING]   - META-INF/maven/org.jvnet.mimepull/mimepull/pom.properties
[WARNING]   - META-INF/maven/org.jvnet.mimepull/mimepull/pom.xml
[WARNING]   - org.jvnet.mimepull.ASCIIUtility
[WARNING]   - org.jvnet.mimepull.BASE64DecoderStream
[WARNING]   - org.jvnet.mimepull.Chunk
[WARNING]   - org.jvnet.mimepull.ChunkInputStream
[WARNING]   - org.jvnet.mimepull.CleanUpExecutorFactory
[WARNING]   - org.jvnet.mimepull.Data
[WARNING]   - org.jvnet.mimepull.DataFile
[WARNING]   - org.jvnet.mimepull.DataHead
[WARNING]   - 36 more...
[WARNING] lucene-core-7.7.3.jar, streampipes-sinks-databases-flink.jar define 1938 overlapping classes: 
[WARNING]   - META-INF.versions.9.org.apache.lucene.analysis.tokenattributes.CharTermAttributeImpl
[WARNING]   - META-INF.versions.9.org.apache.lucene.codecs.compressing.LZ4
[WARNING]   - META-INF.versions.9.org.apache.lucene.document.BinaryPoint$2
[WARNING]   - META-INF.versions.9.org.apache.lucene.document.DoubleRange
[WARNING]   - META-INF.versions.9.org.apache.lucene.document.FloatRange
[WARNING]   - META-INF.versions.9.org.apache.lucene.document.IntRange
[WARNING]   - META-INF.versions.9.org.apache.lucene.document.LatLonPointDistanceQuery$1$2
[WARNING]   - META-INF.versions.9.org.apache.lucene.document.LatLonPointDistanceQuery$1$3
[WARNING]   - META-INF.versions.9.org.apache.lucene.document.LatLonPointInPolygonQuery$1$1
[WARNING]   - META-INF.versions.9.org.apache.lucene.document.LongRange
[WARNING]   - 1928 more...
[WARNING] streampipes-processors-enricher-flink.jar, streampipes-processors-geo-flink.jar, streampipes-processors-pattern-detection-flink.jar, streampipes-processors-statistics-flink.jar, streampipes-processors-textmining-flink.jar, streampipes-processors-transformation-flink.jar, streampipes-sinks-databases-flink.jar, wildfly-common-1.6.0.Final.jar define 220 overlapping classes and resources: 
[WARNING]   - META-INF.versions.11.org.wildfly.common.archive.JDKSpecific
[WARNING]   - META-INF.versions.9.org.wildfly.common.cpu.ProcessorInfo
[WARNING]   - META-INF.versions.9.org.wildfly.common.lock.JDKSpecific
[WARNING]   - META-INF.versions.9.org.wildfly.common.lock.JDKSpecific$1
[WARNING]   - META-INF.versions.9.org.wildfly.common.lock.Substitutions
[WARNING]   - META-INF.versions.9.org.wildfly.common.lock.Substitutions$Target_JDKSpecific
[WARNING]   - META-INF.versions.9.org.wildfly.common.lock.Substitutions$Target_PauseNode
[WARNING]   - META-INF.versions.9.org.wildfly.common.os.GetProcessInfoAction
[WARNING]   - META-INF.versions.9.org.wildfly.common.os.ProcessRedirect
[WARNING]   - META-INF/maven/org.wildfly.common/wildfly-common/pom.properties
[WARNING]   - 210 more...
[WARNING] streampipes-measurement-units-0.92.0-SNAPSHOT.jar, streampipes-processors-enricher-flink.jar, streampipes-processors-geo-flink.jar, streampipes-processors-pattern-detection-flink.jar, streampipes-processors-statistics-flink.jar, streampipes-processors-textmining-flink.jar, streampipes-processors-transformation-flink.jar, streampipes-sinks-databases-flink.jar define 21 overlapping classes and resources: 
[WARNING]   - META-INF/maven/org.apache.streampipes/streampipes-measurement-units/pom.properties
[WARNING]   - META-INF/maven/org.apache.streampipes/streampipes-measurement-units/pom.xml
[WARNING]   - com.github.jqudt.Multiplier
[WARNING]   - com.github.jqudt.Quantity
[WARNING]   - com.github.jqudt.Unit
[WARNING]   - com.github.jqudt.onto.OntoReader
[WARNING]   - com.github.jqudt.onto.QUDT
[WARNING]   - com.github.jqudt.onto.UnitFactory
[WARNING]   - com.github.jqudt.onto.units.AreaUnit
[WARNING]   - com.github.jqudt.onto.units.ConcentrationUnit
[WARNING]   - 11 more...
[WARNING] streampipes-dataformat-cbor-0.92.0-SNAPSHOT.jar, streampipes-processors-enricher-flink.jar, streampipes-processors-geo-flink.jar, streampipes-processors-pattern-detection-flink.jar, streampipes-processors-statistics-flink.jar, streampipes-processors-textmining-flink.jar, streampipes-processors-transformation-flink.jar, streampipes-sinks-databases-flink.jar define 4 overlapping classes and resources: 
[WARNING]   - META-INF/maven/org.apache.streampipes/streampipes-dataformat-cbor/pom.properties
[WARNING]   - META-INF/maven/org.apache.streampipes/streampipes-dataformat-cbor/pom.xml
[WARNING]   - org.apache.streampipes.dataformat.cbor.CborDataFormatDefinition
[WARNING]   - org.apache.streampipes.dataformat.cbor.CborDataFormatFactory
[WARNING] listenablefuture-9999.0-empty-to-avoid-conflict-with-guava.jar, streampipes-processors-enricher-flink.jar, streampipes-processors-geo-flink.jar, streampipes-processors-pattern-detection-flink.jar, streampipes-processors-statistics-flink.jar, streampipes-processors-textmining-flink.jar, streampipes-processors-transformation-flink.jar, streampipes-sinks-databases-flink.jar define 2 overlapping resources: 
[WARNING]   - META-INF/maven/com.google.guava/listenablefuture/pom.properties
[WARNING]   - META-INF/maven/com.google.guava/listenablefuture/pom.xml
[WARNING] streampipes-processors-enricher-flink.jar, streampipes-processors-geo-flink.jar, streampipes-processors-pattern-detection-flink.jar, streampipes-processors-statistics-flink.jar, streampipes-processors-textmining-flink.jar, streampipes-processors-transformation-flink.jar, streampipes-sinks-databases-flink.jar, undertow-core-2.3.2.Final.jar define 1521 overlapping classes and resources: 
[WARNING]   - META-INF/maven/io.undertow/undertow-core/pom.properties
[WARNING]   - META-INF/maven/io.undertow/undertow-core/pom.xml
[WARNING]   - io.undertow.Handlers
[WARNING]   - io.undertow.Undertow
[WARNING]   - io.undertow.Undertow$Builder
[WARNING]   - io.undertow.Undertow$ListenerBuilder
[WARNING]   - io.undertow.Undertow$ListenerConfig
[WARNING]   - io.undertow.Undertow$ListenerInfo
[WARNING]   - io.undertow.Undertow$ListenerInfo$1
[WARNING]   - io.undertow.Undertow$ListenerType
[WARNING]   - 1511 more...
[WARNING] opennlp-tools-2.1.0.jar, streampipes-processors-textmining-flink.jar define 887 overlapping classes and resources: 
[WARNING]   - META-INF/maven/org.apache.opennlp/opennlp-tools/pom.properties
[WARNING]   - META-INF/maven/org.apache.opennlp/opennlp-tools/pom.xml
[WARNING]   - opennlp.tools.chunker.ChunkSample
[WARNING]   - opennlp.tools.chunker.ChunkSampleSequenceStream
[WARNING]   - opennlp.tools.chunker.ChunkSampleStream
[WARNING]   - opennlp.tools.chunker.Chunker
[WARNING]   - opennlp.tools.chunker.ChunkerContextGenerator
[WARNING]   - opennlp.tools.chunker.ChunkerCrossValidator
[WARNING]   - opennlp.tools.chunker.ChunkerEvaluationMonitor
[WARNING]   - opennlp.tools.chunker.ChunkerEvaluator
[WARNING]   - 877 more...
[WARNING] spring-web-6.0.3.jar, streampipes-processors-enricher-flink.jar, streampipes-processors-geo-flink.jar, streampipes-processors-pattern-detection-flink.jar, streampipes-processors-statistics-flink.jar, streampipes-processors-textmining-flink.jar, streampipes-processors-transformation-flink.jar, streampipes-sinks-databases-flink.jar define 1039 overlapping classes and resources: 
[WARNING]   - META-INF/native-image/org.springframework/spring-web/native-image.properties
[WARNING]   - META-INF/spring-web.kotlin_module
[WARNING]   - org.springframework.http.CacheControl
[WARNING]   - org.springframework.http.ContentDisposition
[WARNING]   - org.springframework.http.ContentDisposition$Builder
[WARNING]   - org.springframework.http.ContentDisposition$BuilderImpl
[WARNING]   - org.springframework.http.DefaultHttpStatusCode
[WARNING]   - org.springframework.http.HttpCookie
[WARNING]   - org.springframework.http.HttpEntity
[WARNING]   - org.springframework.http.HttpHeaders
[WARNING]   - 1029 more...
[WARNING] flink-shaded-asm-7-7.1-13.0.jar, streampipes-processors-enricher-flink.jar, streampipes-processors-geo-flink.jar, streampipes-processors-pattern-detection-flink.jar, streampipes-processors-statistics-flink.jar, streampipes-processors-textmining-flink.jar, streampipes-processors-transformation-flink.jar, streampipes-sinks-databases-flink.jar define 113 overlapping class and resource: 
[WARNING]   - META-INF/licenses/LICENSE.asm
[WARNING]   - org.apache.flink.shaded.asm7.org.objectweb.asm.AnnotationVisitor
[WARNING]   - org.apache.flink.shaded.asm7.org.objectweb.asm.AnnotationWriter
[WARNING]   - org.apache.flink.shaded.asm7.org.objectweb.asm.Attribute
[WARNING]   - org.apache.flink.shaded.asm7.org.objectweb.asm.Attribute$Set
[WARNING]   - org.apache.flink.shaded.asm7.org.objectweb.asm.ByteVector
[WARNING]   - org.apache.flink.shaded.asm7.org.objectweb.asm.ClassReader
[WARNING]   - org.apache.flink.shaded.asm7.org.objectweb.asm.ClassTooLargeException
[WARNING]   - org.apache.flink.shaded.asm7.org.objectweb.asm.ClassVisitor
[WARNING]   - org.apache.flink.shaded.asm7.org.objectweb.asm.ClassWriter
[WARNING]   - 103 more...
[WARNING] jersey-bean-validation-3.1.0.jar, jersey-common-3.1.0.jar, jersey-media-json-jackson-3.1.0.jar, jersey-server-3.1.0.jar, streampipes-processors-enricher-flink.jar, streampipes-processors-geo-flink.jar, streampipes-processors-pattern-detection-flink.jar, streampipes-processors-statistics-flink.jar, streampipes-processors-textmining-flink.jar, streampipes-processors-transformation-flink.jar, streampipes-sinks-databases-flink.jar define 1 overlapping resource: 
[WARNING]   - META-INF/NOTICE.markdown
[WARNING] force-shading-1.13.5.jar, streampipes-processors-enricher-flink.jar, streampipes-processors-geo-flink.jar, streampipes-processors-pattern-detection-flink.jar, streampipes-processors-statistics-flink.jar, streampipes-processors-textmining-flink.jar, streampipes-processors-transformation-flink.jar, streampipes-sinks-databases-flink.jar define 2 overlapping resources: 
[WARNING]   - META-INF/maven/org.apache.flink/force-shading/pom.properties
[WARNING]   - META-INF/maven/org.apache.flink/force-shading/pom.xml
[WARNING] lucene-spatial3d-7.7.3.jar, streampipes-sinks-databases-flink.jar define 143 overlapping classes: 
[WARNING]   - org.apache.lucene.spatial3d.Geo3DDocValuesField
[WARNING]   - org.apache.lucene.spatial3d.Geo3DPoint
[WARNING]   - org.apache.lucene.spatial3d.Geo3DPointDistanceComparator
[WARNING]   - org.apache.lucene.spatial3d.Geo3DPointOutsideDistanceComparator
[WARNING]   - org.apache.lucene.spatial3d.Geo3DPointOutsideSortField
[WARNING]   - org.apache.lucene.spatial3d.Geo3DPointSortField
[WARNING]   - org.apache.lucene.spatial3d.Geo3DUtil
[WARNING]   - org.apache.lucene.spatial3d.PointInGeo3DShapeQuery
[WARNING]   - org.apache.lucene.spatial3d.PointInGeo3DShapeQuery$1
[WARNING]   - org.apache.lucene.spatial3d.PointInShapeIntersectVisitor
[WARNING]   - 133 more...
[WARNING] scala-parser-combinators_2.11-1.1.1.jar, streampipes-processors-enricher-flink.jar, streampipes-processors-geo-flink.jar, streampipes-processors-pattern-detection-flink.jar, streampipes-processors-statistics-flink.jar, streampipes-processors-textmining-flink.jar, streampipes-processors-transformation-flink.jar, streampipes-sinks-databases-flink.jar define 384 overlapping class and resource: 
[WARNING]   - scala-parser-combinators.properties
[WARNING]   - scala.util.parsing.combinator.ImplicitConversions
[WARNING]   - scala.util.parsing.combinator.ImplicitConversions$$anonfun$flatten2$1
[WARNING]   - scala.util.parsing.combinator.ImplicitConversions$$anonfun$flatten3$1
[WARNING]   - scala.util.parsing.combinator.ImplicitConversions$$anonfun$flatten4$1
[WARNING]   - scala.util.parsing.combinator.ImplicitConversions$$anonfun$flatten5$1
[WARNING]   - scala.util.parsing.combinator.ImplicitConversions$$anonfun$headOptionTailToFunList$1
[WARNING]   - scala.util.parsing.combinator.ImplicitConversions$class
[WARNING]   - scala.util.parsing.combinator.JavaTokenParsers
[WARNING]   - scala.util.parsing.combinator.JavaTokenParsers$$anonfun$ident$1
[WARNING]   - 374 more...
[WARNING] classmate-1.5.1.jar, streampipes-processors-enricher-flink.jar, streampipes-processors-geo-flink.jar, streampipes-processors-pattern-detection-flink.jar, streampipes-processors-statistics-flink.jar, streampipes-processors-textmining-flink.jar, streampipes-processors-transformation-flink.jar, streampipes-sinks-databases-flink.jar define 41 overlapping classes and resources: 
[WARNING]   - META-INF/maven/com.fasterxml/classmate/pom.properties
[WARNING]   - META-INF/maven/com.fasterxml/classmate/pom.xml
[WARNING]   - com.fasterxml.classmate.AnnotationConfiguration
[WARNING]   - com.fasterxml.classmate.AnnotationConfiguration$StdConfiguration
[WARNING]   - com.fasterxml.classmate.AnnotationInclusion
[WARNING]   - com.fasterxml.classmate.AnnotationOverrides
[WARNING]   - com.fasterxml.classmate.AnnotationOverrides$StdBuilder
[WARNING]   - com.fasterxml.classmate.AnnotationOverrides$StdImpl
[WARNING]   - com.fasterxml.classmate.Annotations
[WARNING]   - com.fasterxml.classmate.Filter
[WARNING]   - 31 more...
[WARNING] streampipes-processors-enricher-flink.jar, streampipes-processors-geo-flink.jar, streampipes-processors-pattern-detection-flink.jar, streampipes-processors-statistics-flink.jar, streampipes-processors-textmining-flink.jar, streampipes-processors-transformation-flink.jar, streampipes-sinks-databases-flink.jar, tomcat-embed-el-10.1.4.jar define 158 overlapping classes and resources: 
[WARNING]   - META-INF/native-image/org.apache.tomcat.embed/tomcat-embed-el/native-image.properties
[WARNING]   - META-INF/native-image/org.apache.tomcat.embed/tomcat-embed-el/tomcat-reflection.json
[WARNING]   - META-INF/native-image/org.apache.tomcat.embed/tomcat-embed-el/tomcat-resource.json
[WARNING]   - jakarta.el.ArrayELResolver
[WARNING]   - jakarta.el.BeanELResolver
[WARNING]   - jakarta.el.BeanELResolver$BeanProperties
[WARNING]   - jakarta.el.BeanELResolver$BeanProperty
[WARNING]   - jakarta.el.BeanELResolver$ConcurrentCache
[WARNING]   - jakarta.el.BeanNameELResolver
[WARNING]   - jakarta.el.BeanNameResolver
[WARNING]   - 148 more...
[WARNING] flink-shaded-zookeeper-3-3.4.14-13.0.jar, streampipes-processors-enricher-flink.jar, streampipes-processors-geo-flink.jar, streampipes-processors-pattern-detection-flink.jar, streampipes-processors-statistics-flink.jar, streampipes-processors-textmining-flink.jar, streampipes-processors-transformation-flink.jar, streampipes-sinks-databases-flink.jar define 4957 overlapping classes: 
[WARNING]   - org.apache.flink.shaded.curator4.com.google.common.annotations.Beta
[WARNING]   - org.apache.flink.shaded.curator4.com.google.common.annotations.GwtCompatible
[WARNING]   - org.apache.flink.shaded.curator4.com.google.common.annotations.GwtIncompatible
[WARNING]   - org.apache.flink.shaded.curator4.com.google.common.annotations.VisibleForTesting
[WARNING]   - org.apache.flink.shaded.curator4.com.google.common.base.Absent
[WARNING]   - org.apache.flink.shaded.curator4.com.google.common.base.AbstractIterator
[WARNING]   - org.apache.flink.shaded.curator4.com.google.common.base.AbstractIterator$1
[WARNING]   - org.apache.flink.shaded.curator4.com.google.common.base.AbstractIterator$State
[WARNING]   - org.apache.flink.shaded.curator4.com.google.common.base.Ascii
[WARNING]   - org.apache.flink.shaded.curator4.com.google.common.base.CaseFormat
[WARNING]   - 4947 more...
[WARNING] flink-streaming-java_2.11-1.13.5.jar, streampipes-processors-enricher-flink.jar, streampipes-processors-geo-flink.jar, streampipes-processors-pattern-detection-flink.jar, streampipes-processors-statistics-flink.jar, streampipes-processors-textmining-flink.jar, streampipes-processors-transformation-flink.jar, streampipes-sinks-databases-flink.jar define 835 overlapping classes: 
[WARNING]   - org.apache.flink.streaming.api.CheckpointingMode
[WARNING]   - org.apache.flink.streaming.api.SimpleTimerService
[WARNING]   - org.apache.flink.streaming.api.TimeCharacteristic
[WARNING]   - org.apache.flink.streaming.api.TimeDomain
[WARNING]   - org.apache.flink.streaming.api.TimerService
[WARNING]   - org.apache.flink.streaming.api.checkpoint.CheckpointedFunction
[WARNING]   - org.apache.flink.streaming.api.checkpoint.ExternallyInducedSource
[WARNING]   - org.apache.flink.streaming.api.checkpoint.ExternallyInducedSource$CheckpointTrigger
[WARNING]   - org.apache.flink.streaming.api.checkpoint.ListCheckpointed
[WARNING]   - org.apache.flink.streaming.api.checkpoint.WithMasterCheckpointHook
[WARNING]   - 825 more...
[WARNING] jakarta.json-1.1.1.jar, jakarta.json-api-2.1.1.jar, streampipes-processors-enricher-flink.jar, streampipes-processors-geo-flink.jar, streampipes-processors-pattern-detection-flink.jar, streampipes-processors-statistics-flink.jar, streampipes-processors-textmining-flink.jar, streampipes-processors-transformation-flink.jar, streampipes-sinks-databases-flink.jar define 41 overlapping classes and resources: 
[WARNING]   - META-INF/maven/jakarta.json/jakarta.json-api/pom.properties
[WARNING]   - META-INF/maven/jakarta.json/jakarta.json-api/pom.xml
[WARNING]   - jakarta.json.EmptyArray
[WARNING]   - jakarta.json.EmptyObject
[WARNING]   - jakarta.json.Json
[WARNING]   - jakarta.json.JsonArray
[WARNING]   - jakarta.json.JsonArrayBuilder
[WARNING]   - jakarta.json.JsonBuilderFactory
[WARNING]   - jakarta.json.JsonConfig
[WARNING]   - jakarta.json.JsonConfig$KeyStrategy
[WARNING]   - 31 more...
[WARNING] streampipes-processors-enricher-flink.jar, streampipes-processors-geo-flink.jar, streampipes-processors-pattern-detection-flink.jar, streampipes-processors-statistics-flink.jar, streampipes-processors-textmining-flink.jar, streampipes-processors-transformation-flink.jar, streampipes-sdk-bundle-0.92.0-SNAPSHOT.jar, streampipes-sinks-databases-flink.jar define 2 overlapping resources: 
[WARNING]   - META-INF/maven/org.apache.streampipes/streampipes-sdk-bundle/pom.properties
[WARNING]   - META-INF/maven/org.apache.streampipes/streampipes-sdk-bundle/pom.xml
[WARNING] jackson-dataformat-xml-2.14.1.jar, streampipes-processors-enricher-flink.jar, streampipes-processors-geo-flink.jar, streampipes-processors-pattern-detection-flink.jar, streampipes-processors-statistics-flink.jar, streampipes-processors-textmining-flink.jar, streampipes-processors-transformation-flink.jar, streampipes-sinks-databases-flink.jar define 63 overlapping classes and resources: 
[WARNING]   - META-INF/maven/com.fasterxml.jackson.dataformat/jackson-dataformat-xml/pom.properties
[WARNING]   - META-INF/maven/com.fasterxml.jackson.dataformat/jackson-dataformat-xml/pom.xml
[WARNING]   - com.fasterxml.jackson.dataformat.xml.DefaultingXmlTypeResolverBuilder
[WARNING]   - com.fasterxml.jackson.dataformat.xml.DefaultingXmlTypeResolverBuilder$1
[WARNING]   - com.fasterxml.jackson.dataformat.xml.JacksonXmlAnnotationIntrospector
[WARNING]   - com.fasterxml.jackson.dataformat.xml.JacksonXmlModule
[WARNING]   - com.fasterxml.jackson.dataformat.xml.PackageVersion
[WARNING]   - com.fasterxml.jackson.dataformat.xml.XmlAnnotationIntrospector
[WARNING]   - com.fasterxml.jackson.dataformat.xml.XmlAnnotationIntrospector$Pair
[WARNING]   - com.fasterxml.jackson.dataformat.xml.XmlFactory
[WARNING]   - 53 more...
[WARNING] jnats-2.16.1.jar, streampipes-processors-enricher-flink.jar, streampipes-processors-geo-flink.jar, streampipes-processors-pattern-detection-flink.jar, streampipes-processors-statistics-flink.jar, streampipes-processors-textmining-flink.jar, streampipes-processors-transformation-flink.jar, streampipes-sinks-databases-flink.jar define 242 overlapping classes: 
[WARNING]   - io.nats.client.AuthHandler
[WARNING]   - io.nats.client.AuthenticationException
[WARNING]   - io.nats.client.Connection
[WARNING]   - io.nats.client.Connection$Status
[WARNING]   - io.nats.client.ConnectionListener
[WARNING]   - io.nats.client.ConnectionListener$Events
[WARNING]   - io.nats.client.Consumer
[WARNING]   - io.nats.client.DecodedSeed
[WARNING]   - io.nats.client.Dispatcher
[WARNING]   - io.nats.client.ErrorListener
[WARNING]   - 232 more...
[WARNING] jakarta.annotation-api-2.1.1.jar, streampipes-processors-enricher-flink.jar, streampipes-processors-geo-flink.jar, streampipes-processors-pattern-detection-flink.jar, streampipes-processors-statistics-flink.jar, streampipes-processors-textmining-flink.jar, streampipes-processors-transformation-flink.jar, streampipes-sinks-databases-flink.jar define 19 overlapping classes and resources: 
[WARNING]   - META-INF/maven/jakarta.annotation/jakarta.annotation-api/pom.properties
[WARNING]   - META-INF/maven/jakarta.annotation/jakarta.annotation-api/pom.xml
[WARNING]   - jakarta.annotation.Generated
[WARNING]   - jakarta.annotation.ManagedBean
[WARNING]   - jakarta.annotation.Nonnull
[WARNING]   - jakarta.annotation.Nullable
[WARNING]   - jakarta.annotation.PostConstruct
[WARNING]   - jakarta.annotation.PreDestroy
[WARNING]   - jakarta.annotation.Priority
[WARNING]   - jakarta.annotation.Resource
[WARNING]   - 9 more...
[WARNING] logback-classic-1.4.5.jar, streampipes-processors-enricher-flink.jar, streampipes-processors-geo-flink.jar, streampipes-processors-pattern-detection-flink.jar, streampipes-processors-statistics-flink.jar, streampipes-processors-textmining-flink.jar, streampipes-processors-transformation-flink.jar, streampipes-sinks-databases-flink.jar define 183 overlapping classes and resources: 
[WARNING]   - META-INF/maven/ch.qos.logback/logback-classic/pom.properties
[WARNING]   - META-INF/maven/ch.qos.logback/logback-classic/pom.xml
[WARNING]   - ch.qos.logback.classic.AsyncAppender
[WARNING]   - ch.qos.logback.classic.BasicConfigurator
[WARNING]   - ch.qos.logback.classic.ClassicConstants
[WARNING]   - ch.qos.logback.classic.Level
[WARNING]   - ch.qos.logback.classic.Logger
[WARNING]   - ch.qos.logback.classic.LoggerContext
[WARNING]   - ch.qos.logback.classic.PatternLayout
[WARNING]   - ch.qos.logback.classic.ViewStatusMessagesServlet
[WARNING]   - 173 more...
[WARNING] flink-core-1.13.5.jar, streampipes-processors-enricher-flink.jar, streampipes-processors-geo-flink.jar, streampipes-processors-pattern-detection-flink.jar, streampipes-processors-statistics-flink.jar, streampipes-processors-textmining-flink.jar, streampipes-processors-transformation-flink.jar, streampipes-sinks-databases-flink.jar define 1041 overlapping classes: 
[WARNING]   - org.apache.flink.api.common.Archiveable
[WARNING]   - org.apache.flink.api.common.ArchivedExecutionConfig
[WARNING]   - org.apache.flink.api.common.CodeAnalysisMode
[WARNING]   - org.apache.flink.api.common.ExecutionConfig
[WARNING]   - org.apache.flink.api.common.ExecutionConfig$1
[WARNING]   - org.apache.flink.api.common.ExecutionConfig$ClosureCleanerLevel
[WARNING]   - org.apache.flink.api.common.ExecutionConfig$GlobalJobParameters
[WARNING]   - org.apache.flink.api.common.ExecutionConfig$MapBasedJobParameters
[WARNING]   - org.apache.flink.api.common.ExecutionConfig$SerializableSerializer
[WARNING]   - org.apache.flink.api.common.ExecutionMode
[WARNING]   - 1031 more...
[WARNING] jna-5.5.0.jar, streampipes-sinks-databases-flink.jar define 121 overlapping classes and resources: 
[WARNING]   - META-INF/AL2.0
[WARNING]   - META-INF/LGPL2.1
[WARNING]   - com.sun.jna.AltCallingConvention
[WARNING]   - com.sun.jna.Callback
[WARNING]   - com.sun.jna.Callback$UncaughtExceptionHandler
[WARNING]   - com.sun.jna.CallbackParameterContext
[WARNING]   - com.sun.jna.CallbackProxy
[WARNING]   - com.sun.jna.CallbackReference
[WARNING]   - com.sun.jna.CallbackReference$AttachOptions
[WARNING]   - com.sun.jna.CallbackReference$DefaultCallbackProxy
[WARNING]   - 111 more...
[WARNING] aggs-matrix-stats-client-6.8.17.jar, commons-cli-1.3.1.jar, commons-codec-1.11.jar, commons-collections-3.2.2.jar, commons-compress-1.22.jar, commons-io-2.11.0.jar, commons-lang3-3.12.0.jar, commons-logging-1.2.jar, commons-math3-3.6.1.jar, elasticsearch-6.8.17.jar, elasticsearch-cli-6.8.17.jar, elasticsearch-core-6.8.17.jar, elasticsearch-rest-client-6.8.17.jar, elasticsearch-rest-high-level-client-6.8.17.jar, elasticsearch-secure-sm-6.8.17.jar, elasticsearch-x-content-6.8.17.jar, joda-time-2.10.10.jar, lang-mustache-client-6.8.17.jar, lucene-analyzers-common-7.7.3.jar, lucene-backward-codecs-7.7.3.jar, lucene-core-7.7.3.jar, lucene-grouping-7.7.3.jar, lucene-highlighter-7.7.3.jar, lucene-join-7.7.3.jar, lucene-memory-7.7.3.jar, lucene-misc-7.7.3.jar, lucene-queries-7.7.3.jar, lucene-queryparser-7.7.3.jar, lucene-sandbox-7.7.3.jar, lucene-spatial-7.7.3.jar, lucene-spatial-extras-7.7.3.jar, lucene-spatial3d-7.7.3.jar, lucene-suggest-7.7.3.jar, parent-join-client-6.8.17.jar, rank-eval-client-6.8.17.jar, spring-boot-3.0.1.jar, spring-boot-autoconfigure-3.0.1.jar, spring-boot-starter-3.0.1.jar, spring-boot-starter-jersey-3.0.1.jar, spring-boot-starter-json-3.0.1.jar, spring-boot-starter-logging-3.0.1.jar, spring-boot-starter-oauth2-client-3.0.1.jar, spring-boot-starter-undertow-3.0.1.jar, spring-boot-starter-validation-3.0.1.jar, streampipes-processors-enricher-flink.jar, streampipes-processors-geo-flink.jar, streampipes-processors-pattern-detection-flink.jar, streampipes-processors-statistics-flink.jar, streampipes-processors-textmining-flink.jar, streampipes-processors-transformation-flink.jar, streampipes-sinks-databases-flink.jar define 1 overlapping resource: 
[WARNING]   - META-INF/NOTICE.txt
[WARNING] spring-context-6.0.3.jar, streampipes-processors-enricher-flink.jar, streampipes-processors-geo-flink.jar, streampipes-processors-pattern-detection-flink.jar, streampipes-processors-statistics-flink.jar, streampipes-processors-textmining-flink.jar, streampipes-processors-transformation-flink.jar, streampipes-sinks-databases-flink.jar define 792 overlapping classes and resources: 
[WARNING]   - META-INF/spring-context.kotlin_module
[WARNING]   - org.springframework.cache.Cache
[WARNING]   - org.springframework.cache.Cache$ValueRetrievalException
[WARNING]   - org.springframework.cache.Cache$ValueWrapper
[WARNING]   - org.springframework.cache.CacheExtensionsKt
[WARNING]   - org.springframework.cache.CacheManager
[WARNING]   - org.springframework.cache.CacheManagerExtensionsKt
[WARNING]   - org.springframework.cache.annotation.AbstractCachingConfiguration
[WARNING]   - org.springframework.cache.annotation.AbstractCachingConfiguration$CachingConfigurerSupplier
[WARNING]   - org.springframework.cache.annotation.AnnotationCacheOperationSource
[WARNING]   - 782 more...
[WARNING] commons-collections-3.2.2.jar, streampipes-processors-enricher-flink.jar, streampipes-processors-geo-flink.jar, streampipes-processors-pattern-detection-flink.jar, streampipes-processors-statistics-flink.jar, streampipes-processors-textmining-flink.jar, streampipes-processors-transformation-flink.jar, streampipes-sinks-databases-flink.jar define 462 overlapping classes and resources: 
[WARNING]   - META-INF/maven/commons-collections/commons-collections/pom.properties
[WARNING]   - META-INF/maven/commons-collections/commons-collections/pom.xml
[WARNING]   - org.apache.commons.collections.ArrayStack
[WARNING]   - org.apache.commons.collections.Bag
[WARNING]   - org.apache.commons.collections.BagUtils
[WARNING]   - org.apache.commons.collections.BeanMap
[WARNING]   - org.apache.commons.collections.BeanMap$1
[WARNING]   - org.apache.commons.collections.BeanMap$10
[WARNING]   - org.apache.commons.collections.BeanMap$11
[WARNING]   - org.apache.commons.collections.BeanMap$2
[WARNING]   - 452 more...
[WARNING] streampipes-dataformat-smile-0.92.0-SNAPSHOT.jar, streampipes-processors-enricher-flink.jar, streampipes-processors-geo-flink.jar, streampipes-processors-pattern-detection-flink.jar, streampipes-processors-statistics-flink.jar, streampipes-processors-textmining-flink.jar, streampipes-processors-transformation-flink.jar, streampipes-sinks-databases-flink.jar define 4 overlapping classes and resources: 
[WARNING]   - META-INF/maven/org.apache.streampipes/streampipes-dataformat-smile/pom.properties
[WARNING]   - META-INF/maven/org.apache.streampipes/streampipes-dataformat-smile/pom.xml
[WARNING]   - org.apache.streampipes.dataformat.smile.SmileDataFormatDefinition
[WARNING]   - org.apache.streampipes.dataformat.smile.SmileDataFormatFactory
[WARNING] httpclient-4.5.13.jar, streampipes-processors-enricher-flink.jar, streampipes-processors-geo-flink.jar, streampipes-processors-pattern-detection-flink.jar, streampipes-processors-statistics-flink.jar, streampipes-processors-textmining-flink.jar, streampipes-processors-transformation-flink.jar, streampipes-sinks-databases-flink.jar define 474 overlapping classes and resources: 
[WARNING]   - META-INF/maven/org.apache.httpcomponents/httpclient/pom.properties
[WARNING]   - META-INF/maven/org.apache.httpcomponents/httpclient/pom.xml
[WARNING]   - mozilla/public-suffix-list.txt
[WARNING]   - org.apache.http.auth.AUTH
[WARNING]   - org.apache.http.auth.AuthOption
[WARNING]   - org.apache.http.auth.AuthProtocolState
[WARNING]   - org.apache.http.auth.AuthScheme
[WARNING]   - org.apache.http.auth.AuthSchemeFactory
[WARNING]   - org.apache.http.auth.AuthSchemeProvider
[WARNING]   - org.apache.http.auth.AuthSchemeRegistry
[WARNING]   - 464 more...
[WARNING] geojson-jackson-1.14.jar, streampipes-processors-enricher-flink.jar, streampipes-processors-geo-flink.jar, streampipes-processors-pattern-detection-flink.jar, streampipes-processors-statistics-flink.jar, streampipes-processors-textmining-flink.jar, streampipes-processors-transformation-flink.jar, streampipes-sinks-databases-flink.jar define 21 overlapping classes and resources: 
[WARNING]   - META-INF/maven/de.grundid.opendatalab/geojson-jackson/pom.properties
[WARNING]   - META-INF/maven/de.grundid.opendatalab/geojson-jackson/pom.xml
[WARNING]   - org.geojson.Crs
[WARNING]   - org.geojson.Feature
[WARNING]   - org.geojson.FeatureCollection
[WARNING]   - org.geojson.GeoJsonObject
[WARNING]   - org.geojson.GeoJsonObjectVisitor
[WARNING]   - org.geojson.GeoJsonObjectVisitor$Adapter
[WARNING]   - org.geojson.Geometry
[WARNING]   - org.geojson.GeometryCollection
[WARNING]   - 11 more...
[WARNING] flink-annotations-1.13.5.jar, streampipes-processors-enricher-flink.jar, streampipes-processors-geo-flink.jar, streampipes-processors-pattern-detection-flink.jar, streampipes-processors-statistics-flink.jar, streampipes-processors-textmining-flink.jar, streampipes-processors-transformation-flink.jar, streampipes-sinks-databases-flink.jar define 15 overlapping classes: 
[WARNING]   - org.apache.flink.annotation.Experimental
[WARNING]   - org.apache.flink.annotation.Internal
[WARNING]   - org.apache.flink.annotation.Public
[WARNING]   - org.apache.flink.annotation.PublicEvolving
[WARNING]   - org.apache.flink.annotation.VisibleForTesting
[WARNING]   - org.apache.flink.annotation.docs.ConfigGroup
[WARNING]   - org.apache.flink.annotation.docs.ConfigGroups
[WARNING]   - org.apache.flink.annotation.docs.Documentation
[WARNING]   - org.apache.flink.annotation.docs.Documentation$ExcludeFromDocumentation
[WARNING]   - org.apache.flink.annotation.docs.Documentation$ExecMode
[WARNING]   - 5 more...
[WARNING] activemq-client-5.17.3.jar, flink-annotations-1.13.5.jar, flink-cep-scala_2.11-1.13.5.jar, flink-cep_2.11-1.13.5.jar, flink-clients_2.11-1.13.5.jar, flink-connector-base-1.13.5.jar, flink-connector-kafka_2.11-1.13.5.jar, flink-core-1.13.5.jar, flink-file-sink-common-1.13.5.jar, flink-hadoop-fs-1.13.5.jar, flink-java-1.13.5.jar, flink-metrics-core-1.13.5.jar, flink-optimizer_2.11-1.13.5.jar, flink-queryable-state-client-java-1.13.5.jar, flink-runtime_2.11-1.13.5.jar, flink-shaded-asm-7-7.1-13.0.jar, flink-shaded-guava-18.0-13.0.jar, flink-shaded-jackson-2.12.1-13.0.jar, flink-shaded-netty-4.1.49.Final-13.0.jar, flink-shaded-zookeeper-3-3.4.14-13.0.jar, flink-streaming-java_2.11-1.13.5.jar, fluent-hc-4.5.13.jar, force-shading-1.13.5.jar, httpasyncclient-4.1.2.jar, httpclient-4.5.13.jar, httpcore-4.4.9.jar, httpcore-nio-4.4.9.jar, log4j-api-2.19.0.jar, log4j-to-slf4j-2.19.0.jar, opennlp-tools-2.1.0.jar, streampipes-client-0.92.0-SNAPSHOT.jar, streampipes-commons-0.92.0-SNAPSHOT.jar, streampipes-config-0.92.0-SNAPSHOT.jar, streampipes-dataformat-0.92.0-SNAPSHOT.jar, streampipes-dataformat-cbor-0.92.0-SNAPSHOT.jar, streampipes-dataformat-fst-0.92.0-SNAPSHOT.jar, streampipes-dataformat-json-0.92.0-SNAPSHOT.jar, streampipes-dataformat-smile-0.92.0-SNAPSHOT.jar, streampipes-extensions-api-0.92.0-SNAPSHOT.jar, streampipes-extensions-management-0.92.0-SNAPSHOT.jar, streampipes-logging-0.92.0-SNAPSHOT.jar, streampipes-measurement-units-0.92.0-SNAPSHOT.jar, streampipes-messaging-0.92.0-SNAPSHOT.jar, streampipes-messaging-jms-0.92.0-SNAPSHOT.jar, streampipes-messaging-kafka-0.92.0-SNAPSHOT.jar, streampipes-messaging-mqtt-0.92.0-SNAPSHOT.jar, streampipes-messaging-nats-0.92.0-SNAPSHOT.jar, streampipes-model-0.92.0-SNAPSHOT.jar, streampipes-model-client-0.92.0-SNAPSHOT.jar, streampipes-model-shared-0.92.0-SNAPSHOT.jar, streampipes-pipeline-elements-all-flink.jar, streampipes-processors-aggregation-flink-embed.jar, streampipes-processors-enricher-flink.jar, streampipes-processors-geo-flink.jar, streampipes-processors-pattern-detection-flink.jar, streampipes-processors-statistics-flink.jar, streampipes-processors-textmining-flink.jar, streampipes-processors-transformation-flink.jar, streampipes-rest-extensions-0.92.0-SNAPSHOT.jar, streampipes-rest-shared-0.92.0-SNAPSHOT.jar, streampipes-sdk-0.92.0-SNAPSHOT.jar, streampipes-sdk-bundle-0.92.0-SNAPSHOT.jar, streampipes-security-jwt-0.92.0-SNAPSHOT.jar, streampipes-serializers-json-0.92.0-SNAPSHOT.jar, streampipes-service-base-0.92.0-SNAPSHOT.jar, streampipes-service-discovery-0.92.0-SNAPSHOT.jar, streampipes-service-discovery-api-0.92.0-SNAPSHOT.jar, streampipes-service-discovery-consul-0.92.0-SNAPSHOT.jar, streampipes-service-extensions-0.92.0-SNAPSHOT.jar, streampipes-sinks-databases-flink.jar, streampipes-vocabulary-0.92.0-SNAPSHOT.jar, streampipes-wrapper-0.92.0-SNAPSHOT.jar, streampipes-wrapper-distributed-0.92.0-SNAPSHOT.jar, streampipes-wrapper-flink-0.92.0-SNAPSHOT.jar define 1 overlapping resource: 
[WARNING]   - META-INF/DEPENDENCIES
[WARNING] content-type-2.2.jar, streampipes-processors-enricher-flink.jar, streampipes-processors-geo-flink.jar, streampipes-processors-pattern-detection-flink.jar, streampipes-processors-statistics-flink.jar, streampipes-processors-textmining-flink.jar, streampipes-processors-transformation-flink.jar, streampipes-sinks-databases-flink.jar define 4 overlapping classes and resources: 
[WARNING]   - META-INF/maven/com.nimbusds/content-type/pom.properties
[WARNING]   - META-INF/maven/com.nimbusds/content-type/pom.xml
[WARNING]   - com.nimbusds.common.contenttype.ContentType
[WARNING]   - com.nimbusds.common.contenttype.ContentType$Parameter
[WARNING] failureaccess-1.0.1.jar, streampipes-processors-enricher-flink.jar, streampipes-processors-geo-flink.jar, streampipes-processors-pattern-detection-flink.jar, streampipes-processors-statistics-flink.jar, streampipes-processors-textmining-flink.jar, streampipes-processors-transformation-flink.jar, streampipes-sinks-databases-flink.jar define 4 overlapping classes and resources: 
[WARNING]   - META-INF/maven/com.google.guava/failureaccess/pom.properties
[WARNING]   - META-INF/maven/com.google.guava/failureaccess/pom.xml
[WARNING]   - com.google.common.util.concurrent.internal.InternalFutureFailureAccess
[WARNING]   - com.google.common.util.concurrent.internal.InternalFutures
[WARNING] spring-expression-6.0.3.jar, streampipes-processors-enricher-flink.jar, streampipes-processors-geo-flink.jar, streampipes-processors-pattern-detection-flink.jar, streampipes-processors-statistics-flink.jar, streampipes-processors-textmining-flink.jar, streampipes-processors-transformation-flink.jar, streampipes-sinks-databases-flink.jar define 147 overlapping classes: 
[WARNING]   - org.springframework.expression.AccessException
[WARNING]   - org.springframework.expression.BeanResolver
[WARNING]   - org.springframework.expression.ConstructorExecutor
[WARNING]   - org.springframework.expression.ConstructorResolver
[WARNING]   - org.springframework.expression.EvaluationContext
[WARNING]   - org.springframework.expression.EvaluationException
[WARNING]   - org.springframework.expression.Expression
[WARNING]   - org.springframework.expression.ExpressionException
[WARNING]   - org.springframework.expression.ExpressionInvocationTargetException
[WARNING]   - org.springframework.expression.ExpressionParser
[WARNING]   - 137 more...
[WARNING] hawtdispatch-transport-1.21.jar, streampipes-processors-enricher-flink.jar, streampipes-processors-geo-flink.jar, streampipes-processors-pattern-detection-flink.jar, streampipes-processors-statistics-flink.jar, streampipes-processors-textmining-flink.jar, streampipes-processors-transformation-flink.jar, streampipes-sinks-databases-flink.jar define 114 overlapping classes and resources: 
[WARNING]   - META-INF/maven/org.fusesource.hawtdispatch/hawtdispatch-transport/pom.properties
[WARNING]   - META-INF/maven/org.fusesource.hawtdispatch/hawtdispatch-transport/pom.xml
[WARNING]   - org.fusesource.hawtdispatch.transport.AbstractProtocolCodec
[WARNING]   - org.fusesource.hawtdispatch.transport.AbstractProtocolCodec$1
[WARNING]   - org.fusesource.hawtdispatch.transport.AbstractProtocolCodec$Action
[WARNING]   - org.fusesource.hawtdispatch.transport.DefaultTransportListener
[WARNING]   - org.fusesource.hawtdispatch.transport.HeartBeatMonitor
[WARNING]   - org.fusesource.hawtdispatch.transport.HeartBeatMonitor$1
[WARNING]   - org.fusesource.hawtdispatch.transport.HeartBeatMonitor$2
[WARNING]   - org.fusesource.hawtdispatch.transport.HeartBeatMonitor$3
[WARNING]   - 104 more...
[WARNING] streampipes-processors-enricher-flink.jar, streampipes-processors-geo-flink.jar, streampipes-processors-pattern-detection-flink.jar, streampipes-processors-statistics-flink.jar, streampipes-processors-textmining-flink.jar, streampipes-processors-transformation-flink.jar, streampipes-sinks-databases-flink.jar, woodstox-core-6.4.0.jar define 982 overlapping classes and resources: 
[WARNING]   - META-INF/maven/com.fasterxml.woodstox/woodstox-core/pom.properties
[WARNING]   - META-INF/maven/com.fasterxml.woodstox/woodstox-core/pom.xml
[WARNING]   - META-INF/maven/com.sun.xml.bind.jaxb/isorelax/pom.properties
[WARNING]   - META-INF/maven/com.sun.xml.bind.jaxb/isorelax/pom.xml
[WARNING]   - META-INF/maven/net.java.dev.msv/xsdlib/pom.properties
[WARNING]   - META-INF/maven/net.java.dev.msv/xsdlib/pom.xml
[WARNING]   - com.ctc.wstx.api.CommonConfig
[WARNING]   - com.ctc.wstx.api.EmptyElementHandler
[WARNING]   - com.ctc.wstx.api.EmptyElementHandler$HtmlEmptyElementHandler
[WARNING]   - com.ctc.wstx.api.EmptyElementHandler$SetEmptyElementHandler
[WARNING]   - 972 more...
[WARNING] lucene-suggest-7.7.3.jar, streampipes-sinks-databases-flink.jar define 129 overlapping classes: 
[WARNING]   - org.apache.lucene.search.spell.CombineSuggestion
[WARNING]   - org.apache.lucene.search.spell.Dictionary
[WARNING]   - org.apache.lucene.search.spell.DirectSpellChecker
[WARNING]   - org.apache.lucene.search.spell.DirectSpellChecker$ScoreTerm
[WARNING]   - org.apache.lucene.search.spell.HighFrequencyDictionary
[WARNING]   - org.apache.lucene.search.spell.HighFrequencyDictionary$HighFrequencyIterator
[WARNING]   - org.apache.lucene.search.spell.JaroWinklerDistance
[WARNING]   - org.apache.lucene.search.spell.LevenshteinDistance
[WARNING]   - org.apache.lucene.search.spell.LevensteinDistance
[WARNING]   - org.apache.lucene.search.spell.LuceneDictionary
[WARNING]   - 119 more...
[WARNING] hk2-core-3.0.3.jar, streampipes-processors-enricher-flink.jar, streampipes-processors-geo-flink.jar, streampipes-processors-pattern-detection-flink.jar, streampipes-processors-statistics-flink.jar, streampipes-processors-textmining-flink.jar, streampipes-processors-transformation-flink.jar, streampipes-sinks-databases-flink.jar define 87 overlapping classes and resources: 
[WARNING]   - META-INF/maven/org.glassfish.hk2/hk2-core/pom.properties
[WARNING]   - META-INF/maven/org.glassfish.hk2/hk2-core/pom.xml
[WARNING]   - com.sun.enterprise.module.HK2Module
[WARNING]   - com.sun.enterprise.module.ImportPolicy
[WARNING]   - com.sun.enterprise.module.InhabitantsDescriptor
[WARNING]   - com.sun.enterprise.module.LifecyclePolicy
[WARNING]   - com.sun.enterprise.module.ManifestConstants
[WARNING]   - com.sun.enterprise.module.ModuleChangeListener
[WARNING]   - com.sun.enterprise.module.ModuleDefinition
[WARNING]   - com.sun.enterprise.module.ModuleDependency
[WARNING]   - 77 more...
[WARNING] streampipes-processors-enricher-flink.jar, streampipes-processors-geo-flink.jar, streampipes-processors-pattern-detection-flink.jar, streampipes-processors-statistics-flink.jar, streampipes-processors-textmining-flink.jar, streampipes-processors-transformation-flink.jar, streampipes-sinks-databases-flink.jar, streampipes-wrapper-flink-0.92.0-SNAPSHOT.jar define 25 overlapping classes and resources: 
[WARNING]   - META-INF/maven/org.apache.streampipes/streampipes-wrapper-flink/pom.properties
[WARNING]   - META-INF/maven/org.apache.streampipes/streampipes-wrapper-flink/pom.xml
[WARNING]   - org.apache.streampipes.wrapper.flink.FlinkDataProcessorDeclarer
[WARNING]   - org.apache.streampipes.wrapper.flink.FlinkDataProcessorRuntime
[WARNING]   - org.apache.streampipes.wrapper.flink.FlinkDataSinkDeclarer
[WARNING]   - org.apache.streampipes.wrapper.flink.FlinkDataSinkRuntime
[WARNING]   - org.apache.streampipes.wrapper.flink.FlinkDeploymentConfig
[WARNING]   - org.apache.streampipes.wrapper.flink.FlinkMiniClusterDeploymentConfig
[WARNING]   - org.apache.streampipes.wrapper.flink.FlinkRuntime
[WARNING]   - org.apache.streampipes.wrapper.flink.FlinkSpMiniCluster
[WARNING]   - 15 more...
[WARNING] spring-security-oauth2-client-6.0.1.jar, streampipes-processors-enricher-flink.jar, streampipes-processors-geo-flink.jar, streampipes-processors-pattern-detection-flink.jar, streampipes-processors-statistics-flink.jar, streampipes-processors-textmining-flink.jar, streampipes-processors-transformation-flink.jar, streampipes-sinks-databases-flink.jar define 200 overlapping classes and resources: 
[WARNING]   - org.springframework.security.oauth2.client.AuthorizationCodeOAuth2AuthorizedClientProvider
[WARNING]   - org.springframework.security.oauth2.client.AuthorizationCodeReactiveOAuth2AuthorizedClientProvider
[WARNING]   - org.springframework.security.oauth2.client.AuthorizedClientServiceOAuth2AuthorizedClientManager
[WARNING]   - org.springframework.security.oauth2.client.AuthorizedClientServiceOAuth2AuthorizedClientManager$DefaultContextAttributesMapper
[WARNING]   - org.springframework.security.oauth2.client.AuthorizedClientServiceReactiveOAuth2AuthorizedClientManager
[WARNING]   - org.springframework.security.oauth2.client.AuthorizedClientServiceReactiveOAuth2AuthorizedClientManager$DefaultContextAttributesMapper
[WARNING]   - org.springframework.security.oauth2.client.ClientAuthorizationException
[WARNING]   - org.springframework.security.oauth2.client.ClientAuthorizationRequiredException
[WARNING]   - org.springframework.security.oauth2.client.ClientCredentialsOAuth2AuthorizedClientProvider
[WARNING]   - org.springframework.security.oauth2.client.ClientCredentialsReactiveOAuth2AuthorizedClientProvider
[WARNING]   - 190 more...
[WARNING] servlet-api-2.4.jar, streampipes-processors-enricher-flink.jar, streampipes-processors-geo-flink.jar, streampipes-processors-pattern-detection-flink.jar, streampipes-processors-statistics-flink.jar, streampipes-processors-textmining-flink.jar, streampipes-processors-transformation-flink.jar, streampipes-sinks-databases-flink.jar define 61 overlapping classes and resources: 
[WARNING]   - javax.servlet.Filter
[WARNING]   - javax.servlet.FilterChain
[WARNING]   - javax.servlet.FilterConfig
[WARNING]   - javax.servlet.GenericServlet
[WARNING]   - javax.servlet.RequestDispatcher
[WARNING]   - javax.servlet.Servlet
[WARNING]   - javax.servlet.ServletConfig
[WARNING]   - javax.servlet.ServletContext
[WARNING]   - javax.servlet.ServletContextAttributeEvent
[WARNING]   - javax.servlet.ServletContextAttributeListener
[WARNING]   - 51 more...
[WARNING] consul-api-1.4.5.jar, streampipes-processors-enricher-flink.jar, streampipes-processors-geo-flink.jar, streampipes-processors-pattern-detection-flink.jar, streampipes-processors-statistics-flink.jar, streampipes-processors-textmining-flink.jar, streampipes-processors-transformation-flink.jar, streampipes-sinks-databases-flink.jar define 149 overlapping classes: 
[WARNING]   - com.ecwid.consul.ConsulException
[WARNING]   - com.ecwid.consul.ConsulRequest
[WARNING]   - com.ecwid.consul.LocalTest
[WARNING]   - com.ecwid.consul.SingleUrlParameters
[WARNING]   - com.ecwid.consul.UrlParameters
[WARNING]   - com.ecwid.consul.Utils
[WARNING]   - com.ecwid.consul.json.Base64TypeAdapter
[WARNING]   - com.ecwid.consul.json.GsonFactory
[WARNING]   - com.ecwid.consul.transport.AbstractHttpTransport
[WARNING]   - com.ecwid.consul.transport.DefaultHttpTransport
[WARNING]   - 139 more...
[WARNING] jackson-module-jakarta-xmlbind-annotations-2.14.1.jar, streampipes-processors-enricher-flink.jar, streampipes-processors-geo-flink.jar, streampipes-processors-pattern-detection-flink.jar, streampipes-processors-statistics-flink.jar, streampipes-processors-textmining-flink.jar, streampipes-processors-transformation-flink.jar, streampipes-sinks-databases-flink.jar define 14 overlapping classes and resources: 
[WARNING]   - META-INF.versions.11.module-info
[WARNING]   - META-INF/maven/com.fasterxml.jackson.module/jackson-module-jakarta-xmlbind-annotations/pom.properties
[WARNING]   - META-INF/maven/com.fasterxml.jackson.module/jackson-module-jakarta-xmlbind-annotations/pom.xml
[WARNING]   - com.fasterxml.jackson.module.jakarta.xmlbind.AdapterConverter
[WARNING]   - com.fasterxml.jackson.module.jakarta.xmlbind.JakartaXmlBindAnnotationIntrospector
[WARNING]   - com.fasterxml.jackson.module.jakarta.xmlbind.JakartaXmlBindAnnotationIntrospector$1
[WARNING]   - com.fasterxml.jackson.module.jakarta.xmlbind.JakartaXmlBindAnnotationModule
[WARNING]   - com.fasterxml.jackson.module.jakarta.xmlbind.JakartaXmlBindAnnotationModule$1
[WARNING]   - com.fasterxml.jackson.module.jakarta.xmlbind.JakartaXmlBindAnnotationModule$Priority
[WARNING]   - com.fasterxml.jackson.module.jakarta.xmlbind.PackageVersion
[WARNING]   - 4 more...
[WARNING] qudt-1.0.jar, streampipes-processors-enricher-flink.jar, streampipes-processors-geo-flink.jar, streampipes-processors-pattern-detection-flink.jar, streampipes-processors-statistics-flink.jar, streampipes-processors-textmining-flink.jar, streampipes-processors-transformation-flink.jar, streampipes-sinks-databases-flink.jar define 9 overlapping resources: 
[WARNING]   - META-INF/maven/io.fogsy/qudt/pom.properties
[WARNING]   - META-INF/maven/io.fogsy/qudt/pom.xml
[WARNING]   - onto/dimension
[WARNING]   - onto/dtype
[WARNING]   - onto/ops.ttl
[WARNING]   - onto/quantity
[WARNING]   - onto/qudt
[WARNING]   - onto/qudt-quantity
[WARNING]   - onto/unit
[WARNING] streampipes-processors-enricher-flink.jar, streampipes-processors-geo-flink.jar, streampipes-processors-pattern-detection-flink.jar, streampipes-processors-statistics-flink.jar, streampipes-processors-textmining-flink.jar, streampipes-processors-transformation-flink.jar, streampipes-rest-shared-0.92.0-SNAPSHOT.jar, streampipes-sinks-databases-flink.jar define 9 overlapping classes and resources: 
[WARNING]   - META-INF/maven/org.apache.streampipes/streampipes-rest-shared/pom.properties
[WARNING]   - META-INF/maven/org.apache.streampipes/streampipes-rest-shared/pom.xml
[WARNING]   - org.apache.streampipes.rest.shared.annotation.JacksonSerialized
[WARNING]   - org.apache.streampipes.rest.shared.annotation.NoAuthenticationRequired
[WARNING]   - org.apache.streampipes.rest.shared.api.CRUDResource
[WARNING]   - org.apache.streampipes.rest.shared.impl.AbstractSharedRestInterface
[WARNING]   - org.apache.streampipes.rest.shared.serializer.JacksonSerializationProvider
[WARNING]   - org.apache.streampipes.rest.shared.serializer.JsonJerseyProvider
[WARNING]   - org.apache.streampipes.rest.shared.util.SpMediaType
[WARNING] jackson-module-parameter-names-2.14.1.jar, streampipes-processors-enricher-flink.jar, streampipes-processors-geo-flink.jar, streampipes-processors-pattern-detection-flink.jar, streampipes-processors-statistics-flink.jar, streampipes-processors-textmining-flink.jar, streampipes-processors-transformation-flink.jar, streampipes-sinks-databases-flink.jar define 6 overlapping classes and resources: 
[WARNING]   - META-INF/maven/com.fasterxml.jackson.module/jackson-module-parameter-names/pom.properties
[WARNING]   - META-INF/maven/com.fasterxml.jackson.module/jackson-module-parameter-names/pom.xml
[WARNING]   - com.fasterxml.jackson.module.paramnames.PackageVersion
[WARNING]   - com.fasterxml.jackson.module.paramnames.ParameterExtractor
[WARNING]   - com.fasterxml.jackson.module.paramnames.ParameterNamesAnnotationIntrospector
[WARNING]   - com.fasterxml.jackson.module.paramnames.ParameterNamesModule
[WARNING] animal-sniffer-annotations-1.17.jar, streampipes-processors-enricher-flink.jar, streampipes-processors-geo-flink.jar, streampipes-processors-pattern-detection-flink.jar, streampipes-processors-statistics-flink.jar, streampipes-processors-textmining-flink.jar, streampipes-processors-transformation-flink.jar, streampipes-sinks-databases-flink.jar define 3 overlapping classes and resources: 
[WARNING]   - META-INF/maven/org.codehaus.mojo/animal-sniffer-annotations/pom.properties
[WARNING]   - META-INF/maven/org.codehaus.mojo/animal-sniffer-annotations/pom.xml
[WARNING]   - org.codehaus.mojo.animal_sniffer.IgnoreJRERequirement
[WARNING] spring-security-core-6.0.1.jar, streampipes-processors-enricher-flink.jar, streampipes-processors-geo-flink.jar, streampipes-processors-pattern-detection-flink.jar, streampipes-processors-statistics-flink.jar, streampipes-processors-textmining-flink.jar, streampipes-processors-transformation-flink.jar, streampipes-sinks-databases-flink.jar define 376 overlapping classes and resources: 
[WARNING]   - META-INF/spring-security.versions
[WARNING]   - org.springframework.security.access.AccessDecisionManager
[WARNING]   - org.springframework.security.access.AccessDecisionVoter
[WARNING]   - org.springframework.security.access.AccessDeniedException
[WARNING]   - org.springframework.security.access.AfterInvocationProvider
[WARNING]   - org.springframework.security.access.AuthorizationServiceException
[WARNING]   - org.springframework.security.access.ConfigAttribute
[WARNING]   - org.springframework.security.access.PermissionCacheOptimizer
[WARNING]   - org.springframework.security.access.PermissionEvaluator
[WARNING]   - org.springframework.security.access.SecurityConfig
[WARNING]   - 366 more...
[WARNING] aopalliance-repackaged-3.0.3.jar, spring-aop-6.0.3.jar, streampipes-processors-enricher-flink.jar, streampipes-processors-geo-flink.jar, streampipes-processors-pattern-detection-flink.jar, streampipes-processors-statistics-flink.jar, streampipes-processors-textmining-flink.jar, streampipes-processors-transformation-flink.jar, streampipes-sinks-databases-flink.jar define 9 overlapping classes: 
[WARNING]   - org.aopalliance.aop.Advice
[WARNING]   - org.aopalliance.aop.AspectException
[WARNING]   - org.aopalliance.intercept.ConstructorInterceptor
[WARNING]   - org.aopalliance.intercept.ConstructorInvocation
[WARNING]   - org.aopalliance.intercept.Interceptor
[WARNING]   - org.aopalliance.intercept.Invocation
[WARNING]   - org.aopalliance.intercept.Joinpoint
[WARNING]   - org.aopalliance.intercept.MethodInterceptor
[WARNING]   - org.aopalliance.intercept.MethodInvocation
[WARNING] streampipes-model-shared-0.92.0-SNAPSHOT.jar, streampipes-processors-enricher-flink.jar, streampipes-processors-geo-flink.jar, streampipes-processors-pattern-detection-flink.jar, streampipes-processors-statistics-flink.jar, streampipes-processors-textmining-flink.jar, streampipes-processors-transformation-flink.jar, streampipes-sinks-databases-flink.jar define 4 overlapping classes and resources: 
[WARNING]   - META-INF/maven/org.apache.streampipes/streampipes-model-shared/pom.properties
[WARNING]   - META-INF/maven/org.apache.streampipes/streampipes-model-shared/pom.xml
[WARNING]   - org.apache.streampipes.model.shared.annotation.TsIgnore
[WARNING]   - org.apache.streampipes.model.shared.annotation.TsModel
[WARNING] ssl-config-core_2.11-0.3.7.jar, streampipes-processors-enricher-flink.jar, streampipes-processors-geo-flink.jar, streampipes-processors-pattern-detection-flink.jar, streampipes-processors-statistics-flink.jar, streampipes-processors-textmining-flink.jar, streampipes-processors-transformation-flink.jar, streampipes-sinks-databases-flink.jar define 275 overlapping classes: 
[WARNING]   - com.typesafe.sslconfig.ssl.AlgorithmChecker
[WARNING]   - com.typesafe.sslconfig.ssl.AlgorithmChecker$$anonfun$1
[WARNING]   - com.typesafe.sslconfig.ssl.AlgorithmChecker$$anonfun$2
[WARNING]   - com.typesafe.sslconfig.ssl.AlgorithmChecker$$anonfun$3
[WARNING]   - com.typesafe.sslconfig.ssl.AlgorithmChecker$$anonfun$checkKeyAlgorithms$1
[WARNING]   - com.typesafe.sslconfig.ssl.AlgorithmChecker$$anonfun$checkKeyAlgorithms$1$$anonfun$apply$2
[WARNING]   - com.typesafe.sslconfig.ssl.AlgorithmChecker$$anonfun$checkSignatureAlgorithms$1
[WARNING]   - com.typesafe.sslconfig.ssl.AlgorithmChecker$$anonfun$checkSignatureAlgorithms$1$$anonfun$apply$1
[WARNING]   - com.typesafe.sslconfig.ssl.AlgorithmChecker$$anonfun$getCommonName$1
[WARNING]   - com.typesafe.sslconfig.ssl.AlgorithmChecker$$anonfun$getCommonName$2
[WARNING]   - 265 more...
[WARNING] streampipes-processors-enricher-flink.jar, streampipes-processors-geo-flink.jar, streampipes-processors-pattern-detection-flink.jar, streampipes-processors-statistics-flink.jar, streampipes-processors-textmining-flink.jar, streampipes-processors-transformation-flink.jar, streampipes-sinks-databases-flink.jar, xnio-api-3.8.8.Final.jar define 426 overlapping classes and resources: 
[WARNING]   - META-INF/maven/org.jboss.xnio/xnio-api/pom.properties
[WARNING]   - META-INF/maven/org.jboss.xnio/xnio-api/pom.xml
[WARNING]   - org.xnio.AbstractConvertingIoFuture
[WARNING]   - org.xnio.AbstractConvertingIoFuture$1
[WARNING]   - org.xnio.AbstractIoFuture
[WARNING]   - org.xnio.AbstractIoFuture$1
[WARNING]   - org.xnio.AbstractIoFuture$CancelRequestedState
[WARNING]   - org.xnio.AbstractIoFuture$CancellableState
[WARNING]   - org.xnio.AbstractIoFuture$CancelledState
[WARNING]   - org.xnio.AbstractIoFuture$CompleteState
[WARNING]   - 416 more...
[WARNING] hawtdispatch-1.21.jar, streampipes-processors-enricher-flink.jar, streampipes-processors-geo-flink.jar, streampipes-processors-pattern-detection-flink.jar, streampipes-processors-statistics-flink.jar, streampipes-processors-textmining-flink.jar, streampipes-processors-transformation-flink.jar, streampipes-sinks-databases-flink.jar define 97 overlapping classes and resources: 
[WARNING]   - META-INF/maven/org.fusesource.hawtdispatch/hawtdispatch/pom.properties
[WARNING]   - META-INF/maven/org.fusesource.hawtdispatch/hawtdispatch/pom.xml
[WARNING]   - org.fusesource.hawtdispatch.AggregatingExecutor
[WARNING]   - org.fusesource.hawtdispatch.AggregatingExecutor$1
[WARNING]   - org.fusesource.hawtdispatch.BaseRetained
[WARNING]   - org.fusesource.hawtdispatch.BaseRetained$1
[WARNING]   - org.fusesource.hawtdispatch.CustomDispatchSource
[WARNING]   - org.fusesource.hawtdispatch.Dispatch
[WARNING]   - org.fusesource.hawtdispatch.Dispatch$1
[WARNING]   - org.fusesource.hawtdispatch.DispatchObject
[WARNING]   - 87 more...
[WARNING] rdf4j-model-vocabulary-3.5.0.jar, streampipes-processors-enricher-flink.jar, streampipes-processors-geo-flink.jar, streampipes-processors-pattern-detection-flink.jar, streampipes-processors-statistics-flink.jar, streampipes-processors-textmining-flink.jar, streampipes-processors-transformation-flink.jar, streampipes-sinks-databases-flink.jar define 49 overlapping classes and resources: 
[WARNING]   - META-INF/maven/org.eclipse.rdf4j/rdf4j-model-vocabulary/pom.properties
[WARNING]   - META-INF/maven/org.eclipse.rdf4j/rdf4j-model-vocabulary/pom.xml
[WARNING]   - org.eclipse.rdf4j.model.vocabulary.AFN
[WARNING]   - org.eclipse.rdf4j.model.vocabulary.APF
[WARNING]   - org.eclipse.rdf4j.model.vocabulary.DASH
[WARNING]   - org.eclipse.rdf4j.model.vocabulary.DC
[WARNING]   - org.eclipse.rdf4j.model.vocabulary.DCAT
[WARNING]   - org.eclipse.rdf4j.model.vocabulary.DCTERMS
[WARNING]   - org.eclipse.rdf4j.model.vocabulary.DOAP
[WARNING]   - org.eclipse.rdf4j.model.vocabulary.EARL
[WARNING]   - 39 more...
[WARNING] jakarta.inject-api-2.0.1.jar, streampipes-processors-enricher-flink.jar, streampipes-processors-geo-flink.jar, streampipes-processors-pattern-detection-flink.jar, streampipes-processors-statistics-flink.jar, streampipes-processors-textmining-flink.jar, streampipes-processors-transformation-flink.jar, streampipes-sinks-databases-flink.jar define 8 overlapping classes and resources: 
[WARNING]   - META-INF/maven/jakarta.inject/jakarta.inject-api/pom.properties
[WARNING]   - META-INF/maven/jakarta.inject/jakarta.inject-api/pom.xml
[WARNING]   - jakarta.inject.Inject
[WARNING]   - jakarta.inject.Named
[WARNING]   - jakarta.inject.Provider
[WARNING]   - jakarta.inject.Qualifier
[WARNING]   - jakarta.inject.Scope
[WARNING]   - jakarta.inject.Singleton
[WARNING] lucene-queryparser-7.7.3.jar, streampipes-sinks-databases-flink.jar define 257 overlapping classes and resources: 
[WARNING]   - org.apache.lucene.queryparser.classic.CharStream
[WARNING]   - org.apache.lucene.queryparser.classic.FastCharStream
[WARNING]   - org.apache.lucene.queryparser.classic.MultiFieldQueryParser
[WARNING]   - org.apache.lucene.queryparser.classic.ParseException
[WARNING]   - org.apache.lucene.queryparser.classic.QueryParser
[WARNING]   - org.apache.lucene.queryparser.classic.QueryParser$1
[WARNING]   - org.apache.lucene.queryparser.classic.QueryParser$JJCalls
[WARNING]   - org.apache.lucene.queryparser.classic.QueryParser$LookaheadSuccess
[WARNING]   - org.apache.lucene.queryparser.classic.QueryParser$Operator
[WARNING]   - org.apache.lucene.queryparser.classic.QueryParserBase
[WARNING]   - 247 more...
[WARNING] flink-cep_2.11-1.13.5.jar, streampipes-processors-pattern-detection-flink.jar, streampipes-processors-textmining-flink.jar define 121 overlapping classes: 
[WARNING]   - org.apache.flink.cep.CEP
[WARNING]   - org.apache.flink.cep.EventComparator
[WARNING]   - org.apache.flink.cep.PatternFlatSelectFunction
[WARNING]   - org.apache.flink.cep.PatternFlatTimeoutFunction
[WARNING]   - org.apache.flink.cep.PatternProcessFunctionBuilder
[WARNING]   - org.apache.flink.cep.PatternProcessFunctionBuilder$FlatSelectBuilder
[WARNING]   - org.apache.flink.cep.PatternProcessFunctionBuilder$FlatTimeoutSelectBuilder
[WARNING]   - org.apache.flink.cep.PatternProcessFunctionBuilder$SelectBuilder
[WARNING]   - org.apache.flink.cep.PatternProcessFunctionBuilder$TimeoutSelectBuilder
[WARNING]   - org.apache.flink.cep.PatternSelectFunction
[WARNING]   - 111 more...
[WARNING] jakarta.validation-api-3.0.2.jar, streampipes-processors-enricher-flink.jar, streampipes-processors-geo-flink.jar, streampipes-processors-pattern-detection-flink.jar, streampipes-processors-statistics-flink.jar, streampipes-processors-textmining-flink.jar, streampipes-processors-transformation-flink.jar, streampipes-sinks-databases-flink.jar define 145 overlapping classes and resources: 
[WARNING]   - META-INF/maven/jakarta.validation/jakarta.validation-api/pom.properties
[WARNING]   - META-INF/maven/jakarta.validation/jakarta.validation-api/pom.xml
[WARNING]   - jakarta.validation.BootstrapConfiguration
[WARNING]   - jakarta.validation.ClockProvider
[WARNING]   - jakarta.validation.Configuration
[WARNING]   - jakarta.validation.Constraint
[WARNING]   - jakarta.validation.ConstraintDeclarationException
[WARNING]   - jakarta.validation.ConstraintDefinitionException
[WARNING]   - jakarta.validation.ConstraintTarget
[WARNING]   - jakarta.validation.ConstraintValidator
[WARNING]   - 135 more...
[WARNING] jersey-container-servlet-core-3.1.0.jar, streampipes-processors-enricher-flink.jar, streampipes-processors-geo-flink.jar, streampipes-processors-pattern-detection-flink.jar, streampipes-processors-statistics-flink.jar, streampipes-processors-textmining-flink.jar, streampipes-processors-transformation-flink.jar, streampipes-sinks-databases-flink.jar define 47 overlapping classes and resources: 
[WARNING]   - META-INF/maven/org.glassfish.jersey.containers/jersey-container-servlet-core/pom.properties
[WARNING]   - META-INF/maven/org.glassfish.jersey.containers/jersey-container-servlet-core/pom.xml
[WARNING]   - org.glassfish.jersey.servlet.ServletContainer
[WARNING]   - org.glassfish.jersey.servlet.ServletProperties
[WARNING]   - org.glassfish.jersey.servlet.ServletPropertiesDelegate
[WARNING]   - org.glassfish.jersey.servlet.WebAppResourcesScanner
[WARNING]   - org.glassfish.jersey.servlet.WebAppResourcesScanner$1
[WARNING]   - org.glassfish.jersey.servlet.WebAppResourcesScanner$1$1
[WARNING]   - org.glassfish.jersey.servlet.WebComponent
[WARNING]   - org.glassfish.jersey.servlet.WebComponent$1
[WARNING]   - 37 more...
[WARNING] commons-io-2.11.0.jar, streampipes-processors-enricher-flink.jar, streampipes-processors-geo-flink.jar, streampipes-processors-pattern-detection-flink.jar, streampipes-processors-statistics-flink.jar, streampipes-processors-textmining-flink.jar, streampipes-processors-transformation-flink.jar, streampipes-sinks-databases-flink.jar define 203 overlapping classes and resources: 
[WARNING]   - META-INF/maven/commons-io/commons-io/pom.properties
[WARNING]   - META-INF/maven/commons-io/commons-io/pom.xml
[WARNING]   - org.apache.commons.io.ByteOrderMark
[WARNING]   - org.apache.commons.io.ByteOrderParser
[WARNING]   - org.apache.commons.io.Charsets
[WARNING]   - org.apache.commons.io.CopyUtils
[WARNING]   - org.apache.commons.io.DirectoryWalker
[WARNING]   - org.apache.commons.io.DirectoryWalker$CancelException
[WARNING]   - org.apache.commons.io.EndianUtils
[WARNING]   - org.apache.commons.io.FileCleaner
[WARNING]   - 193 more...
[WARNING] eddsa-0.3.0.jar, streampipes-processors-enricher-flink.jar, streampipes-processors-geo-flink.jar, streampipes-processors-pattern-detection-flink.jar, streampipes-processors-statistics-flink.jar, streampipes-processors-textmining-flink.jar, streampipes-processors-transformation-flink.jar, streampipes-sinks-databases-flink.jar define 35 overlapping classes and resources: 
[WARNING]   - META-INF/maven/net.i2p.crypto/eddsa/pom.properties
[WARNING]   - META-INF/maven/net.i2p.crypto/eddsa/pom.xml
[WARNING]   - net.i2p.crypto.eddsa.EdDSAEngine
[WARNING]   - net.i2p.crypto.eddsa.EdDSAEngine$1
[WARNING]   - net.i2p.crypto.eddsa.EdDSAEngine$OneShotSpec
[WARNING]   - net.i2p.crypto.eddsa.EdDSAKey
[WARNING]   - net.i2p.crypto.eddsa.EdDSAPrivateKey
[WARNING]   - net.i2p.crypto.eddsa.EdDSAPublicKey
[WARNING]   - net.i2p.crypto.eddsa.EdDSASecurityProvider
[WARNING]   - net.i2p.crypto.eddsa.EdDSASecurityProvider$1
[WARNING]   - 25 more...
[WARNING] asm-analysis-9.2.jar, streampipes-processors-enricher-flink.jar, streampipes-processors-geo-flink.jar, streampipes-processors-pattern-detection-flink.jar, streampipes-processors-statistics-flink.jar, streampipes-processors-textmining-flink.jar, streampipes-processors-transformation-flink.jar, streampipes-sinks-databases-flink.jar define 14 overlapping classes: 
[WARNING]   - org.objectweb.asm.tree.analysis.Analyzer
[WARNING]   - org.objectweb.asm.tree.analysis.AnalyzerException
[WARNING]   - org.objectweb.asm.tree.analysis.BasicInterpreter
[WARNING]   - org.objectweb.asm.tree.analysis.BasicValue
[WARNING]   - org.objectweb.asm.tree.analysis.BasicVerifier
[WARNING]   - org.objectweb.asm.tree.analysis.Frame
[WARNING]   - org.objectweb.asm.tree.analysis.Interpreter
[WARNING]   - org.objectweb.asm.tree.analysis.SimpleVerifier
[WARNING]   - org.objectweb.asm.tree.analysis.SmallSet
[WARNING]   - org.objectweb.asm.tree.analysis.SmallSet$IteratorImpl
[WARNING]   - 4 more...
[WARNING] class-model-3.0.3.jar, streampipes-processors-enricher-flink.jar, streampipes-processors-geo-flink.jar, streampipes-processors-pattern-detection-flink.jar, streampipes-processors-statistics-flink.jar, streampipes-processors-textmining-flink.jar, streampipes-processors-transformation-flink.jar, streampipes-sinks-databases-flink.jar define 86 overlapping classes and resources: 
[WARNING]   - META-INF/maven/org.glassfish.hk2/class-model/pom.properties
[WARNING]   - META-INF/maven/org.glassfish.hk2/class-model/pom.xml
[WARNING]   - org.glassfish.hk2.classmodel.reflect.AnnotatedElement
[WARNING]   - org.glassfish.hk2.classmodel.reflect.AnnotationModel
[WARNING]   - org.glassfish.hk2.classmodel.reflect.AnnotationType
[WARNING]   - org.glassfish.hk2.classmodel.reflect.ArchiveAdapter
[WARNING]   - org.glassfish.hk2.classmodel.reflect.ArchiveAdapter$Entry
[WARNING]   - org.glassfish.hk2.classmodel.reflect.ArchiveAdapter$EntryTask
[WARNING]   - org.glassfish.hk2.classmodel.reflect.ArchiveAdapter$Selector
[WARNING]   - org.glassfish.hk2.classmodel.reflect.ArchiveSelector
[WARNING]   - 76 more...
[WARNING] streampipes-processors-enricher-flink.jar, streampipes-processors-geo-flink.jar, streampipes-processors-pattern-detection-flink.jar, streampipes-processors-statistics-flink.jar, streampipes-processors-textmining-flink.jar, streampipes-processors-transformation-flink.jar, streampipes-sinks-databases-flink.jar, streampipes-wrapper-distributed-0.92.0-SNAPSHOT.jar define 3 overlapping classes and resources: 
[WARNING]   - META-INF/maven/org.apache.streampipes/streampipes-wrapper-distributed/pom.properties
[WARNING]   - META-INF/maven/org.apache.streampipes/streampipes-wrapper-distributed/pom.xml
[WARNING]   - org.apache.streampipes.wrapper.distributed.runtime.DistributedRuntime
[WARNING] micrometer-observation-1.10.2.jar, streampipes-processors-enricher-flink.jar, streampipes-processors-geo-flink.jar, streampipes-processors-pattern-detection-flink.jar, streampipes-processors-statistics-flink.jar, streampipes-processors-textmining-flink.jar, streampipes-processors-transformation-flink.jar, streampipes-sinks-databases-flink.jar define 55 overlapping class and resource: 
[WARNING]   - META-INF/micrometer-observation.properties
[WARNING]   - io.micrometer.observation.GlobalObservationConvention
[WARNING]   - io.micrometer.observation.KeyValuesConvention
[WARNING]   - io.micrometer.observation.NoopObservation
[WARNING]   - io.micrometer.observation.NoopObservation$NoopScope
[WARNING]   - io.micrometer.observation.NoopObservationConfig
[WARNING]   - io.micrometer.observation.NoopObservationConvention
[WARNING]   - io.micrometer.observation.NoopObservationRegistry
[WARNING]   - io.micrometer.observation.Observation
[WARNING]   - io.micrometer.observation.Observation$CheckedCallable
[WARNING]   - 45 more...
[WARNING] streampipes-processors-enricher-flink.jar, streampipes-processors-geo-flink.jar, streampipes-processors-pattern-detection-flink.jar, streampipes-processors-statistics-flink.jar, streampipes-processors-textmining-flink.jar, streampipes-processors-transformation-flink.jar, streampipes-service-discovery-api-0.92.0-SNAPSHOT.jar, streampipes-sinks-databases-flink.jar define 16 overlapping classes and resources: 
[WARNING]   - META-INF/maven/org.apache.streampipes/streampipes-service-discovery-api/pom.properties
[WARNING]   - META-INF/maven/org.apache.streampipes/streampipes-service-discovery-api/pom.xml
[WARNING]   - org.apache.streampipes.svcdiscovery.api.ISpKvManagement
[WARNING]   - org.apache.streampipes.svcdiscovery.api.ISpServiceDiscovery
[WARNING]   - org.apache.streampipes.svcdiscovery.api.SpConfig
[WARNING]   - org.apache.streampipes.svcdiscovery.api.model.ConfigItem
[WARNING]   - org.apache.streampipes.svcdiscovery.api.model.ConfigItemUtils
[WARNING]   - org.apache.streampipes.svcdiscovery.api.model.ConfigurationScope
[WARNING]   - org.apache.streampipes.svcdiscovery.api.model.DefaultSpServiceGroups
[WARNING]   - org.apache.streampipes.svcdiscovery.api.model.DefaultSpServiceTags
[WARNING]   - 6 more...
[WARNING] streampipes-dataformat-0.92.0-SNAPSHOT.jar, streampipes-processors-enricher-flink.jar, streampipes-processors-geo-flink.jar, streampipes-processors-pattern-detection-flink.jar, streampipes-processors-statistics-flink.jar, streampipes-processors-textmining-flink.jar, streampipes-processors-transformation-flink.jar, streampipes-sinks-databases-flink.jar define 5 overlapping classes and resources: 
[WARNING]   - META-INF/maven/org.apache.streampipes/streampipes-dataformat/pom.properties
[WARNING]   - META-INF/maven/org.apache.streampipes/streampipes-dataformat/pom.xml
[WARNING]   - org.apache.streampipes.dataformat.SpDataFormatDefinition
[WARNING]   - org.apache.streampipes.dataformat.SpDataFormatFactory
[WARNING]   - org.apache.streampipes.dataformat.SpDataFormatManager
[WARNING] flink-metrics-core-1.13.5.jar, streampipes-processors-enricher-flink.jar, streampipes-processors-geo-flink.jar, streampipes-processors-pattern-detection-flink.jar, streampipes-processors-statistics-flink.jar, streampipes-processors-textmining-flink.jar, streampipes-processors-transformation-flink.jar, streampipes-sinks-databases-flink.jar define 19 overlapping classes: 
[WARNING]   - org.apache.flink.metrics.CharacterFilter
[WARNING]   - org.apache.flink.metrics.Counter
[WARNING]   - org.apache.flink.metrics.Gauge
[WARNING]   - org.apache.flink.metrics.Histogram
[WARNING]   - org.apache.flink.metrics.HistogramStatistics
[WARNING]   - org.apache.flink.metrics.Meter
[WARNING]   - org.apache.flink.metrics.MeterView
[WARNING]   - org.apache.flink.metrics.Metric
[WARNING]   - org.apache.flink.metrics.MetricConfig
[WARNING]   - org.apache.flink.metrics.MetricGroup
[WARNING]   - 9 more...
[WARNING] chill_2.11-0.7.6.jar, streampipes-processors-enricher-flink.jar, streampipes-processors-geo-flink.jar, streampipes-processors-pattern-detection-flink.jar, streampipes-processors-statistics-flink.jar, streampipes-processors-textmining-flink.jar, streampipes-processors-transformation-flink.jar, streampipes-sinks-databases-flink.jar define 153 overlapping classes: 
[WARNING]   - com.twitter.chill.AllScalaRegistrar
[WARNING]   - com.twitter.chill.AllScalaRegistrar$$anon$2
[WARNING]   - com.twitter.chill.BitSetSerializer
[WARNING]   - com.twitter.chill.BitSetSerializer$$anonfun$read$1
[WARNING]   - com.twitter.chill.BitSetSerializer$$anonfun$write$1
[WARNING]   - com.twitter.chill.ClassManifestSerializer
[WARNING]   - com.twitter.chill.CleaningSerializer
[WARNING]   - com.twitter.chill.ClosureCleaner
[WARNING]   - com.twitter.chill.ClosureCleaner$
[WARNING]   - com.twitter.chill.ClosureCleaner$$anonfun$1
[WARNING]   - 143 more...
[WARNING] commons-logging-1.2.jar, spring-jcl-6.0.3.jar, streampipes-processors-enricher-flink.jar, streampipes-processors-geo-flink.jar, streampipes-processors-pattern-detection-flink.jar, streampipes-processors-statistics-flink.jar, streampipes-processors-textmining-flink.jar, streampipes-processors-transformation-flink.jar, streampipes-sinks-databases-flink.jar define 5 overlapping classes: 
[WARNING]   - org.apache.commons.logging.Log
[WARNING]   - org.apache.commons.logging.LogFactory
[WARNING]   - org.apache.commons.logging.LogFactory$1
[WARNING]   - org.apache.commons.logging.impl.NoOpLog
[WARNING]   - org.apache.commons.logging.impl.SimpleLog
[WARNING] mqtt-client-1.12.jar, streampipes-processors-enricher-flink.jar, streampipes-processors-geo-flink.jar, streampipes-processors-pattern-detection-flink.jar, streampipes-processors-statistics-flink.jar, streampipes-processors-textmining-flink.jar, streampipes-processors-transformation-flink.jar, streampipes-sinks-databases-flink.jar define 91 overlapping classes and resources: 
[WARNING]   - META-INF/maven/org.fusesource.mqtt-client/mqtt-client/pom.properties
[WARNING]   - META-INF/maven/org.fusesource.mqtt-client/mqtt-client/pom.xml
[WARNING]   - org.fusesource.mqtt.cli.Listener
[WARNING]   - org.fusesource.mqtt.cli.Listener$1
[WARNING]   - org.fusesource.mqtt.cli.Listener$1$1
[WARNING]   - org.fusesource.mqtt.cli.Listener$1$1$1
[WARNING]   - org.fusesource.mqtt.cli.Listener$2
[WARNING]   - org.fusesource.mqtt.cli.Listener$3
[WARNING]   - org.fusesource.mqtt.cli.Listener$3$1
[WARNING]   - org.fusesource.mqtt.cli.Publisher
[WARNING]   - 81 more...
[WARNING] spring-web-6.0.3.jar, streampipes-processors-enricher-flink.jar, streampipes-processors-geo-flink.jar, streampipes-processors-pattern-detection-flink.jar, streampipes-processors-statistics-flink.jar, streampipes-processors-textmining-flink.jar, streampipes-processors-transformation-flink.jar, streampipes-sinks-databases-flink.jar, tomcat-embed-el-10.1.4.jar define 1 overlapping resource: 
[WARNING]   - META-INF/web-fragment.xml
[WARNING] checker-qual-2.5.2.jar, streampipes-processors-enricher-flink.jar, streampipes-processors-geo-flink.jar, streampipes-processors-pattern-detection-flink.jar, streampipes-processors-statistics-flink.jar, streampipes-processors-textmining-flink.jar, streampipes-processors-transformation-flink.jar, streampipes-sinks-databases-flink.jar define 302 overlapping classes: 
[WARNING]   - org.checkerframework.checker.compilermsgs.qual.CompilerMessageKey
[WARNING]   - org.checkerframework.checker.compilermsgs.qual.CompilerMessageKeyBottom
[WARNING]   - org.checkerframework.checker.compilermsgs.qual.UnknownCompilerMessageKey
[WARNING]   - org.checkerframework.checker.fenum.qual.AwtAlphaCompositingRule
[WARNING]   - org.checkerframework.checker.fenum.qual.AwtColorSpace
[WARNING]   - org.checkerframework.checker.fenum.qual.AwtCursorType
[WARNING]   - org.checkerframework.checker.fenum.qual.AwtFlowLayout
[WARNING]   - org.checkerframework.checker.fenum.qual.Fenum
[WARNING]   - org.checkerframework.checker.fenum.qual.FenumBottom
[WARNING]   - org.checkerframework.checker.fenum.qual.FenumTop
[WARNING]   - 292 more...
[WARNING] log4j-api-2.19.0.jar, streampipes-processors-enricher-flink.jar, streampipes-processors-geo-flink.jar, streampipes-processors-pattern-detection-flink.jar, streampipes-processors-statistics-flink.jar, streampipes-processors-textmining-flink.jar, streampipes-processors-transformation-flink.jar, streampipes-sinks-databases-flink.jar define 195 overlapping classes and resources: 
[WARNING]   - Log4j-charsets.properties
[WARNING]   - META-INF.versions.9.org.apache.logging.log4j.util.Base64Util
[WARNING]   - META-INF.versions.9.org.apache.logging.log4j.util.ProcessIdUtil
[WARNING]   - META-INF.versions.9.org.apache.logging.log4j.util.ServiceLoaderUtil
[WARNING]   - META-INF.versions.9.org.apache.logging.log4j.util.StackLocator
[WARNING]   - META-INF.versions.9.org.apache.logging.log4j.util.internal.DefaultObjectInputFilter
[WARNING]   - META-INF/maven/org.apache.logging.log4j/log4j-api/pom.properties
[WARNING]   - META-INF/maven/org.apache.logging.log4j/log4j-api/pom.xml
[WARNING]   - org.apache.logging.log4j.BridgeAware
[WARNING]   - org.apache.logging.log4j.CloseableThreadContext
[WARNING]   - 185 more...
[WARNING] streampipes-processors-enricher-flink.jar, streampipes-processors-geo-flink.jar, streampipes-processors-pattern-detection-flink.jar, streampipes-processors-statistics-flink.jar, streampipes-processors-textmining-flink.jar, streampipes-processors-transformation-flink.jar, streampipes-sinks-databases-flink.jar, wildfly-client-config-1.0.1.Final.jar define 20 overlapping classes and resources: 
[WARNING]   - META-INF/maven/org.wildfly.client/wildfly-client-config/pom.properties
[WARNING]   - META-INF/maven/org.wildfly.client/wildfly-client-config/pom.xml
[WARNING]   - org.wildfly.client.config.AbstractDelegatingXMLStreamReader
[WARNING]   - org.wildfly.client.config.BasicXMLStreamReader
[WARNING]   - org.wildfly.client.config.ClientConfiguration
[WARNING]   - org.wildfly.client.config.ConfigXMLParseException
[WARNING]   - org.wildfly.client.config.ConfigurationXMLStreamReader
[WARNING]   - org.wildfly.client.config.CountingReader
[WARNING]   - org.wildfly.client.config.Delimiterator
[WARNING]   - org.wildfly.client.config.DrainingXMLStreamReader
[WARNING]   - 10 more...
[WARNING] jsonic-1.2.11.jar, streampipes-processors-textmining-flink.jar define 138 overlapping classes and resources: 
[WARNING]   - net.arnx.jsonic.AppendableConverter
[WARNING]   - net.arnx.jsonic.ArrayConverter
[WARNING]   - net.arnx.jsonic.BigDecimalConverter
[WARNING]   - net.arnx.jsonic.BigIntegerConverter
[WARNING]   - net.arnx.jsonic.BooleanArrayFormatter
[WARNING]   - net.arnx.jsonic.BooleanConverter
[WARNING]   - net.arnx.jsonic.ByteArrayFormatter
[WARNING]   - net.arnx.jsonic.ByteConverter
[WARNING]   - net.arnx.jsonic.ByteFormatter
[WARNING]   - net.arnx.jsonic.CalendarConverter
[WARNING]   - 128 more...
[WARNING] streampipes-dataformat-fst-0.92.0-SNAPSHOT.jar, streampipes-processors-enricher-flink.jar, streampipes-processors-geo-flink.jar, streampipes-processors-pattern-detection-flink.jar, streampipes-processors-statistics-flink.jar, streampipes-processors-textmining-flink.jar, streampipes-processors-transformation-flink.jar, streampipes-sinks-databases-flink.jar define 4 overlapping classes and resources: 
[WARNING]   - META-INF/maven/org.apache.streampipes/streampipes-dataformat-fst/pom.properties
[WARNING]   - META-INF/maven/org.apache.streampipes/streampipes-dataformat-fst/pom.xml
[WARNING]   - org.apache.streampipes.dataformat.fst.FstDataFormatDefinition
[WARNING]   - org.apache.streampipes.dataformat.fst.FstDataFormatFactory
[WARNING] streampipes-processors-transformation-flink.jar, xml-apis-1.4.01.jar define 353 overlapping classes and resources: 
[WARNING]   - javax.xml.XMLConstants
[WARNING]   - javax.xml.datatype.DatatypeConfigurationException
[WARNING]   - javax.xml.datatype.DatatypeConstants
[WARNING]   - javax.xml.datatype.DatatypeConstants$1
[WARNING]   - javax.xml.datatype.DatatypeConstants$Field
[WARNING]   - javax.xml.datatype.DatatypeFactory
[WARNING]   - javax.xml.datatype.Duration
[WARNING]   - javax.xml.datatype.FactoryFinder
[WARNING]   - javax.xml.datatype.FactoryFinder$ConfigurationError
[WARNING]   - javax.xml.datatype.SecuritySupport
[WARNING]   - 343 more...
[WARNING] oauth2-oidc-sdk-9.43.1.jar, streampipes-processors-enricher-flink.jar, streampipes-processors-geo-flink.jar, streampipes-processors-pattern-detection-flink.jar, streampipes-processors-statistics-flink.jar, streampipes-processors-textmining-flink.jar, streampipes-processors-transformation-flink.jar, streampipes-sinks-databases-flink.jar define 453 overlapping classes and resources: 
[WARNING]   - META-INF/maven/com.nimbusds/oauth2-oidc-sdk/pom.properties
[WARNING]   - META-INF/maven/com.nimbusds/oauth2-oidc-sdk/pom.xml
[WARNING]   - com.nimbusds.oauth2.sdk.AbstractAuthenticatedRequest
[WARNING]   - com.nimbusds.oauth2.sdk.AbstractConfigurationRequest
[WARNING]   - com.nimbusds.oauth2.sdk.AbstractOptionallyAuthenticatedRequest
[WARNING]   - com.nimbusds.oauth2.sdk.AbstractOptionallyIdentifiedRequest
[WARNING]   - com.nimbusds.oauth2.sdk.AbstractRequest
[WARNING]   - com.nimbusds.oauth2.sdk.AccessTokenResponse
[WARNING]   - com.nimbusds.oauth2.sdk.AssertionGrant
[WARNING]   - com.nimbusds.oauth2.sdk.AuthorizationCode
[WARNING]   - 443 more...
[WARNING] spring-security-crypto-6.0.1.jar, streampipes-processors-enricher-flink.jar, streampipes-processors-geo-flink.jar, streampipes-processors-pattern-detection-flink.jar, streampipes-processors-statistics-flink.jar, streampipes-processors-textmining-flink.jar, streampipes-processors-transformation-flink.jar, streampipes-sinks-databases-flink.jar define 46 overlapping classes: 
[WARNING]   - org.springframework.security.crypto.argon2.Argon2EncodingUtils
[WARNING]   - org.springframework.security.crypto.argon2.Argon2EncodingUtils$Argon2Hash
[WARNING]   - org.springframework.security.crypto.argon2.Argon2PasswordEncoder
[WARNING]   - org.springframework.security.crypto.bcrypt.BCrypt
[WARNING]   - org.springframework.security.crypto.bcrypt.BCryptPasswordEncoder
[WARNING]   - org.springframework.security.crypto.bcrypt.BCryptPasswordEncoder$BCryptVersion
[WARNING]   - org.springframework.security.crypto.codec.Base64
[WARNING]   - org.springframework.security.crypto.codec.Base64$InvalidBase64CharacterException
[WARNING]   - org.springframework.security.crypto.codec.Hex
[WARNING]   - org.springframework.security.crypto.codec.Utf8
[WARNING]   - 36 more...
[WARNING] javax.inject-1.jar, streampipes-processors-enricher-flink.jar, streampipes-processors-geo-flink.jar, streampipes-processors-pattern-detection-flink.jar, streampipes-processors-statistics-flink.jar, streampipes-processors-textmining-flink.jar, streampipes-processors-transformation-flink.jar, streampipes-sinks-databases-flink.jar define 6 overlapping classes: 
[WARNING]   - javax.inject.Inject
[WARNING]   - javax.inject.Named
[WARNING]   - javax.inject.Provider
[WARNING]   - javax.inject.Qualifier
[WARNING]   - javax.inject.Scope
[WARNING]   - javax.inject.Singleton
[WARNING] slf4j-api-2.0.6.jar, streampipes-processors-enricher-flink.jar, streampipes-processors-geo-flink.jar, streampipes-processors-pattern-detection-flink.jar, streampipes-processors-statistics-flink.jar, streampipes-processors-textmining-flink.jar, streampipes-processors-transformation-flink.jar, streampipes-sinks-databases-flink.jar define 53 overlapping classes and resources: 
[WARNING]   - META-INF/maven/org.slf4j/slf4j-api/pom.properties
[WARNING]   - META-INF/maven/org.slf4j/slf4j-api/pom.xml
[WARNING]   - org.slf4j.ILoggerFactory
[WARNING]   - org.slf4j.IMarkerFactory
[WARNING]   - org.slf4j.Logger
[WARNING]   - org.slf4j.LoggerFactory
[WARNING]   - org.slf4j.LoggerFactoryFriend
[WARNING]   - org.slf4j.MDC
[WARNING]   - org.slf4j.MDC$1
[WARNING]   - org.slf4j.MDC$MDCCloseable
[WARNING]   - 43 more...
[WARNING] elasticsearch-rest-high-level-client-6.8.17.jar, streampipes-sinks-databases-flink.jar define 509 overlapping class and resource: 
[WARNING]   - forbidden/rest-high-level-signatures.txt
[WARNING]   - org.elasticsearch.client.CcrClient
[WARNING]   - org.elasticsearch.client.CcrRequestConverters
[WARNING]   - org.elasticsearch.client.ClusterClient
[WARNING]   - org.elasticsearch.client.ClusterRequestConverters
[WARNING]   - org.elasticsearch.client.GetAliasesResponse
[WARNING]   - org.elasticsearch.client.GraphClient
[WARNING]   - org.elasticsearch.client.GraphRequestConverters
[WARNING]   - org.elasticsearch.client.IndexLifecycleClient
[WARNING]   - org.elasticsearch.client.IndexLifecycleRequestConverters
[WARNING]   - 499 more...
[WARNING] akka-slf4j_2.11-2.5.21.jar, streampipes-processors-enricher-flink.jar, streampipes-processors-geo-flink.jar, streampipes-processors-pattern-detection-flink.jar, streampipes-processors-statistics-flink.jar, streampipes-processors-textmining-flink.jar, streampipes-processors-transformation-flink.jar, streampipes-sinks-databases-flink.jar define 15 overlapping classes: 
[WARNING]   - akka.event.slf4j.Logger
[WARNING]   - akka.event.slf4j.Logger$
[WARNING]   - akka.event.slf4j.SLF4JLogging
[WARNING]   - akka.event.slf4j.SLF4JLogging$class
[WARNING]   - akka.event.slf4j.Slf4jLogMarker
[WARNING]   - akka.event.slf4j.Slf4jLogMarker$
[WARNING]   - akka.event.slf4j.Slf4jLogger
[WARNING]   - akka.event.slf4j.Slf4jLogger$$anonfun$receive$1
[WARNING]   - akka.event.slf4j.Slf4jLogger$$anonfun$receive$1$$anonfun$applyOrElse$1
[WARNING]   - akka.event.slf4j.Slf4jLogger$$anonfun$receive$1$$anonfun$applyOrElse$2
[WARNING]   - 5 more...
[WARNING] j2objc-annotations-1.3.jar, streampipes-processors-enricher-flink.jar, streampipes-processors-geo-flink.jar, streampipes-processors-pattern-detection-flink.jar, streampipes-processors-statistics-flink.jar, streampipes-processors-textmining-flink.jar, streampipes-processors-transformation-flink.jar, streampipes-sinks-databases-flink.jar define 14 overlapping classes and resources: 
[WARNING]   - META-INF/maven/com.google.j2objc/j2objc-annotations/pom.properties
[WARNING]   - META-INF/maven/com.google.j2objc/j2objc-annotations/pom.xml
[WARNING]   - com.google.j2objc.annotations.AutoreleasePool
[WARNING]   - com.google.j2objc.annotations.J2ObjCIncompatible
[WARNING]   - com.google.j2objc.annotations.LoopTranslation
[WARNING]   - com.google.j2objc.annotations.LoopTranslation$LoopStyle
[WARNING]   - com.google.j2objc.annotations.ObjectiveCName
[WARNING]   - com.google.j2objc.annotations.Property
[WARNING]   - com.google.j2objc.annotations.ReflectionSupport
[WARNING]   - com.google.j2objc.annotations.ReflectionSupport$Level
[WARNING]   - 4 more...
[WARNING] jboss-logging-processor-2.2.1.Final.jar, streampipes-processors-enricher-flink.jar, streampipes-processors-geo-flink.jar, streampipes-processors-pattern-detection-flink.jar, streampipes-processors-statistics-flink.jar, streampipes-processors-textmining-flink.jar, streampipes-processors-transformation-flink.jar, streampipes-sinks-databases-flink.jar define 118 overlapping classes and resources: 
[WARNING]   - META-INF/maven/org.jboss.logging/jboss-logging-processor/pom.properties
[WARNING]   - META-INF/maven/org.jboss.logging/jboss-logging-processor/pom.xml
[WARNING]   - org.jboss.logging.processor.apt.AbstractClassType
[WARNING]   - org.jboss.logging.processor.apt.AbstractGenerator
[WARNING]   - org.jboss.logging.processor.apt.ImplementationClassGenerator
[WARNING]   - org.jboss.logging.processor.apt.LoggingToolsProcessor
[WARNING]   - org.jboss.logging.processor.apt.MessageInterfaceFactory
[WARNING]   - org.jboss.logging.processor.apt.MessageInterfaceFactory$1
[WARNING]   - org.jboss.logging.processor.apt.MessageInterfaceFactory$AptMessageInterface
[WARNING]   - org.jboss.logging.processor.apt.MessageInterfaceFactory$LoggerInterface
[WARNING]   - 108 more...
[WARNING] elasticsearch-6.8.17.jar, streampipes-sinks-databases-flink.jar define 5659 overlapping classes and resources: 
[WARNING]   - META-INF.versions.9.org.elasticsearch.monitor.jvm.JvmPid
[WARNING]   - config/favicon.ico
[WARNING]   - modules.txt
[WARNING]   - org.apache.lucene.analysis.miscellaneous.DeDuplicatingTokenFilter
[WARNING]   - org.apache.lucene.analysis.miscellaneous.DeDuplicatingTokenFilter$DuplicateTaggingFilter
[WARNING]   - org.apache.lucene.analysis.miscellaneous.DisableGraphAttribute
[WARNING]   - org.apache.lucene.analysis.miscellaneous.DisableGraphAttributeImpl
[WARNING]   - org.apache.lucene.analysis.miscellaneous.DuplicateByteSequenceSpotter
[WARNING]   - org.apache.lucene.analysis.miscellaneous.DuplicateByteSequenceSpotter$LightweightTreeNode
[WARNING]   - org.apache.lucene.analysis.miscellaneous.DuplicateByteSequenceSpotter$RootTreeNode
[WARNING]   - 5649 more...
[WARNING] snakeyaml-1.26.jar, streampipes-processors-enricher-flink.jar, streampipes-processors-geo-flink.jar, streampipes-processors-pattern-detection-flink.jar, streampipes-processors-statistics-flink.jar, streampipes-processors-textmining-flink.jar, streampipes-processors-transformation-flink.jar, streampipes-sinks-databases-flink.jar define 218 overlapping classes and resources: 
[WARNING]   - META-INF/maven/org.yaml/snakeyaml/pom.properties
[WARNING]   - META-INF/maven/org.yaml/snakeyaml/pom.xml
[WARNING]   - org.yaml.snakeyaml.DumperOptions
[WARNING]   - org.yaml.snakeyaml.DumperOptions$FlowStyle
[WARNING]   - org.yaml.snakeyaml.DumperOptions$LineBreak
[WARNING]   - org.yaml.snakeyaml.DumperOptions$NonPrintableStyle
[WARNING]   - org.yaml.snakeyaml.DumperOptions$ScalarStyle
[WARNING]   - org.yaml.snakeyaml.DumperOptions$Version
[WARNING]   - org.yaml.snakeyaml.LoaderOptions
[WARNING]   - org.yaml.snakeyaml.TypeDescription
[WARNING]   - 208 more...
[WARNING] flink-shaded-netty-4.1.49.Final-13.0.jar, streampipes-processors-enricher-flink.jar, streampipes-processors-geo-flink.jar, streampipes-processors-pattern-detection-flink.jar, streampipes-processors-statistics-flink.jar, streampipes-processors-textmining-flink.jar, streampipes-processors-transformation-flink.jar, streampipes-sinks-databases-flink.jar define 2737 overlapping classes and resources: 
[WARNING]   - META-INF/io.netty.versions.properties
[WARNING]   - META-INF/native-image/io.netty/buffer/native-image.properties
[WARNING]   - META-INF/native-image/io.netty/codec-http/native-image.properties
[WARNING]   - META-INF/native-image/io.netty/codec-http2/native-image.properties
[WARNING]   - META-INF/native-image/io.netty/common/native-image.properties
[WARNING]   - META-INF/native-image/io.netty/handler/native-image.properties
[WARNING]   - META-INF/native-image/io.netty/transport/native-image.properties
[WARNING]   - META-INF/native-image/io.netty/transport/reflection-config.json
[WARNING]   - META-INF/native/libnetty_resolver_dns_native_macos_x86_64.jnilib
[WARNING]   - META-INF/native/liborg_apache_flink_shaded_netty4_netty_transport_native_epoll_x86_64.so
[WARNING]   - 2727 more...
[WARNING] spring-beans-6.0.3.jar, streampipes-processors-enricher-flink.jar, streampipes-processors-geo-flink.jar, streampipes-processors-pattern-detection-flink.jar, streampipes-processors-statistics-flink.jar, streampipes-processors-textmining-flink.jar, streampipes-processors-transformation-flink.jar, streampipes-sinks-databases-flink.jar define 449 overlapping classes and resources: 
[WARNING]   - META-INF/spring-beans.kotlin_module
[WARNING]   - org.springframework.beans.AbstractNestablePropertyAccessor
[WARNING]   - org.springframework.beans.AbstractNestablePropertyAccessor$PropertyHandler
[WARNING]   - org.springframework.beans.AbstractNestablePropertyAccessor$PropertyTokenHolder
[WARNING]   - org.springframework.beans.AbstractPropertyAccessor
[WARNING]   - org.springframework.beans.BeanInfoFactory
[WARNING]   - org.springframework.beans.BeanInstantiationException
[WARNING]   - org.springframework.beans.BeanMetadataAttribute
[WARNING]   - org.springframework.beans.BeanMetadataAttributeAccessor
[WARNING]   - org.springframework.beans.BeanMetadataElement
[WARNING]   - 439 more...
[WARNING] aopalliance-repackaged-3.0.3.jar, class-model-3.0.3.jar, hk2-3.0.3.jar, hk2-api-3.0.3.jar, hk2-core-3.0.3.jar, hk2-locator-3.0.3.jar, hk2-runlevel-3.0.3.jar, hk2-utils-3.0.3.jar, jakarta.activation-api-1.2.2.jar, jakarta.annotation-api-2.1.1.jar, jakarta.inject-api-2.0.1.jar, jakarta.json-1.1.1.jar, jakarta.json-api-2.1.1.jar, jakarta.websocket-api-2.1.0.jar, jakarta.websocket-client-api-2.1.0.jar, jakarta.ws.rs-api-3.1.0.jar, jakarta.xml.bind-api-4.0.0.jar, jersey-bean-validation-3.1.0.jar, jersey-client-3.1.0.jar, jersey-common-3.1.0.jar, jersey-container-servlet-3.1.0.jar, jersey-container-servlet-core-3.1.0.jar, jersey-entity-filtering-3.1.0.jar, jersey-hk2-3.1.0.jar, jersey-media-json-jackson-3.1.0.jar, jersey-media-multipart-3.1.0.jar, jersey-server-3.1.0.jar, jersey-spring6-3.1.0.jar, mimepull-1.9.15.jar, spring-bridge-3.0.3.jar, streampipes-processors-enricher-flink.jar, streampipes-processors-geo-flink.jar, streampipes-processors-pattern-detection-flink.jar, streampipes-processors-statistics-flink.jar, streampipes-processors-textmining-flink.jar, streampipes-processors-transformation-flink.jar, streampipes-sinks-databases-flink.jar define 1 overlapping resource: 
[WARNING]   - META-INF/NOTICE.md
[WARNING] jtidy-r938.jar, streampipes-processors-enricher-flink.jar, streampipes-processors-geo-flink.jar, streampipes-processors-pattern-detection-flink.jar, streampipes-processors-statistics-flink.jar, streampipes-processors-textmining-flink.jar, streampipes-processors-transformation-flink.jar, streampipes-sinks-databases-flink.jar define 131 overlapping classes and resources: 
[WARNING]   - META-INF/maven/net.sf.jtidy/jtidy/pom.properties
[WARNING]   - META-INF/maven/net.sf.jtidy/jtidy/pom.xml
[WARNING]   - jtidy.properties
[WARNING]   - org.w3c.tidy.Anchor
[WARNING]   - org.w3c.tidy.AttVal
[WARNING]   - org.w3c.tidy.AttrCheck
[WARNING]   - org.w3c.tidy.AttrCheckImpl
[WARNING]   - org.w3c.tidy.AttrCheckImpl$CheckAlign
[WARNING]   - org.w3c.tidy.AttrCheckImpl$CheckBool
[WARNING]   - org.w3c.tidy.AttrCheckImpl$CheckClear
[WARNING]   - 121 more...
[WARNING] spring-aop-6.0.3.jar, streampipes-processors-enricher-flink.jar, streampipes-processors-geo-flink.jar, streampipes-processors-pattern-detection-flink.jar, streampipes-processors-statistics-flink.jar, streampipes-processors-textmining-flink.jar, streampipes-processors-transformation-flink.jar, streampipes-sinks-databases-flink.jar define 266 overlapping classes and resources: 
[WARNING]   - org.springframework.aop.Advisor
[WARNING]   - org.springframework.aop.Advisor$1
[WARNING]   - org.springframework.aop.AfterAdvice
[WARNING]   - org.springframework.aop.AfterReturningAdvice
[WARNING]   - org.springframework.aop.AopInvocationException
[WARNING]   - org.springframework.aop.BeforeAdvice
[WARNING]   - org.springframework.aop.ClassFilter
[WARNING]   - org.springframework.aop.DynamicIntroductionAdvice
[WARNING]   - org.springframework.aop.IntroductionAdvisor
[WARNING]   - org.springframework.aop.IntroductionAwareMethodMatcher
[WARNING]   - 256 more...
[WARNING] streampipes-extensions-management-0.92.0-SNAPSHOT.jar, streampipes-processors-enricher-flink.jar, streampipes-processors-geo-flink.jar, streampipes-processors-pattern-detection-flink.jar, streampipes-processors-statistics-flink.jar, streampipes-processors-textmining-flink.jar, streampipes-processors-transformation-flink.jar, streampipes-sinks-databases-flink.jar define 102 overlapping classes and resources: 
[WARNING]   - META-INF/maven/org.apache.streampipes/streampipes-extensions-management/pom.properties
[WARNING]   - META-INF/maven/org.apache.streampipes/streampipes-extensions-management/pom.xml
[WARNING]   - org.apache.streampipes.extensions.management.api.RuntimeResolvableRequestHandler
[WARNING]   - org.apache.streampipes.extensions.management.assets.AssetZipGenerator
[WARNING]   - org.apache.streampipes.extensions.management.client.StreamPipesClientResolver
[WARNING]   - org.apache.streampipes.extensions.management.client.StreamPipesClientRuntimeConnectionResolver
[WARNING]   - org.apache.streampipes.extensions.management.config.ConfigExtractor
[WARNING]   - org.apache.streampipes.extensions.management.connect.AdapterUtils
[WARNING]   - org.apache.streampipes.extensions.management.connect.AdapterWorkerManagement
[WARNING]   - org.apache.streampipes.extensions.management.connect.ConnectWorkerDescriptionProvider
[WARNING]   - 92 more...
[WARNING] spring-jcl-6.0.3.jar, streampipes-processors-enricher-flink.jar, streampipes-processors-geo-flink.jar, streampipes-processors-pattern-detection-flink.jar, streampipes-processors-statistics-flink.jar, streampipes-processors-textmining-flink.jar, streampipes-processors-transformation-flink.jar, streampipes-sinks-databases-flink.jar define 10 overlapping classes: 
[WARNING]   - org.apache.commons.logging.LogAdapter
[WARNING]   - org.apache.commons.logging.LogAdapter$JavaUtilAdapter
[WARNING]   - org.apache.commons.logging.LogAdapter$JavaUtilLog
[WARNING]   - org.apache.commons.logging.LogAdapter$LocationResolvingLogRecord
[WARNING]   - org.apache.commons.logging.LogAdapter$Log4jAdapter
[WARNING]   - org.apache.commons.logging.LogAdapter$Log4jLog
[WARNING]   - org.apache.commons.logging.LogAdapter$Slf4jAdapter
[WARNING]   - org.apache.commons.logging.LogAdapter$Slf4jLocationAwareLog
[WARNING]   - org.apache.commons.logging.LogAdapter$Slf4jLog
[WARNING]   - org.apache.commons.logging.LogFactoryService
[WARNING] streampipes-processors-transformation-flink.jar, xercesImpl-2.12.2.jar define 985 overlapping classes and resources: 
[WARNING]   - org.apache.html.dom.CollectionIndex
[WARNING]   - org.apache.html.dom.HTMLAnchorElementImpl
[WARNING]   - org.apache.html.dom.HTMLAppletElementImpl
[WARNING]   - org.apache.html.dom.HTMLAreaElementImpl
[WARNING]   - org.apache.html.dom.HTMLBRElementImpl
[WARNING]   - org.apache.html.dom.HTMLBaseElementImpl
[WARNING]   - org.apache.html.dom.HTMLBaseFontElementImpl
[WARNING]   - org.apache.html.dom.HTMLBodyElementImpl
[WARNING]   - org.apache.html.dom.HTMLBuilder
[WARNING]   - org.apache.html.dom.HTMLButtonElementImpl
[WARNING]   - 975 more...
[WARNING] spring-security-oauth2-core-6.0.1.jar, streampipes-processors-enricher-flink.jar, streampipes-processors-geo-flink.jar, streampipes-processors-pattern-detection-flink.jar, streampipes-processors-statistics-flink.jar, streampipes-processors-textmining-flink.jar, streampipes-processors-transformation-flink.jar, streampipes-sinks-databases-flink.jar define 69 overlapping classes: 
[WARNING]   - org.springframework.security.oauth2.core.AbstractOAuth2Token
[WARNING]   - org.springframework.security.oauth2.core.AuthenticationMethod
[WARNING]   - org.springframework.security.oauth2.core.AuthorizationGrantType
[WARNING]   - org.springframework.security.oauth2.core.ClaimAccessor
[WARNING]   - org.springframework.security.oauth2.core.ClientAuthenticationMethod
[WARNING]   - org.springframework.security.oauth2.core.DefaultOAuth2AuthenticatedPrincipal
[WARNING]   - org.springframework.security.oauth2.core.DelegatingOAuth2TokenValidator
[WARNING]   - org.springframework.security.oauth2.core.OAuth2AccessToken
[WARNING]   - org.springframework.security.oauth2.core.OAuth2AccessToken$TokenType
[WARNING]   - org.springframework.security.oauth2.core.OAuth2AuthenticatedPrincipal
[WARNING]   - 59 more...
[WARNING] jul-to-slf4j-2.0.6.jar, streampipes-processors-enricher-flink.jar, streampipes-processors-geo-flink.jar, streampipes-processors-pattern-detection-flink.jar, streampipes-processors-statistics-flink.jar, streampipes-processors-textmining-flink.jar, streampipes-processors-transformation-flink.jar, streampipes-sinks-databases-flink.jar define 3 overlapping classes and resources: 
[WARNING]   - META-INF/maven/org.slf4j/jul-to-slf4j/pom.properties
[WARNING]   - META-INF/maven/org.slf4j/jul-to-slf4j/pom.xml
[WARNING]   - org.slf4j.bridge.SLF4JBridgeHandler
[WARNING] lucene-highlighter-7.7.3.jar, streampipes-sinks-databases-flink.jar define 128 overlapping classes: 
[WARNING]   - org.apache.lucene.search.highlight.DefaultEncoder
[WARNING]   - org.apache.lucene.search.highlight.Encoder
[WARNING]   - org.apache.lucene.search.highlight.Formatter
[WARNING]   - org.apache.lucene.search.highlight.Fragmenter
[WARNING]   - org.apache.lucene.search.highlight.GradientFormatter
[WARNING]   - org.apache.lucene.search.highlight.Highlighter
[WARNING]   - org.apache.lucene.search.highlight.Highlighter$FragmentQueue
[WARNING]   - org.apache.lucene.search.highlight.InvalidTokenOffsetsException
[WARNING]   - org.apache.lucene.search.highlight.NullFragmenter
[WARNING]   - org.apache.lucene.search.highlight.OffsetLimitTokenFilter
[WARNING]   - 118 more...
[WARNING] config-1.3.3.jar, streampipes-processors-enricher-flink.jar, streampipes-processors-geo-flink.jar, streampipes-processors-pattern-detection-flink.jar, streampipes-processors-statistics-flink.jar, streampipes-processors-textmining-flink.jar, streampipes-processors-transformation-flink.jar, streampipes-sinks-databases-flink.jar define 177 overlapping classes: 
[WARNING]   - com.typesafe.config.Config
[WARNING]   - com.typesafe.config.ConfigBeanFactory
[WARNING]   - com.typesafe.config.ConfigException
[WARNING]   - com.typesafe.config.ConfigException$BadBean
[WARNING]   - com.typesafe.config.ConfigException$BadPath
[WARNING]   - com.typesafe.config.ConfigException$BadValue
[WARNING]   - com.typesafe.config.ConfigException$BugOrBroken
[WARNING]   - com.typesafe.config.ConfigException$Generic
[WARNING]   - com.typesafe.config.ConfigException$IO
[WARNING]   - com.typesafe.config.ConfigException$Missing
[WARNING]   - 167 more...
[WARNING] hibernate-validator-8.0.0.Final.jar, streampipes-processors-enricher-flink.jar, streampipes-processors-geo-flink.jar, streampipes-processors-pattern-detection-flink.jar, streampipes-processors-statistics-flink.jar, streampipes-processors-textmining-flink.jar, streampipes-processors-transformation-flink.jar, streampipes-sinks-databases-flink.jar define 940 overlapping classes and resources: 
[WARNING]   - META-INF/maven/org.hibernate.validator/hibernate-validator/pom.properties
[WARNING]   - META-INF/maven/org.hibernate.validator/hibernate-validator/pom.xml
[WARNING]   - META-INF/validation-configuration-1.0.xsd
[WARNING]   - META-INF/validation-configuration-1.1.xsd
[WARNING]   - META-INF/validation-configuration-2.0.xsd
[WARNING]   - META-INF/validation-configuration-3.0.xsd
[WARNING]   - META-INF/validation-mapping-1.0.xsd
[WARNING]   - META-INF/validation-mapping-1.1.xsd
[WARNING]   - META-INF/validation-mapping-2.0.xsd
[WARNING]   - META-INF/validation-mapping-3.0.xsd
[WARNING]   - 930 more...
[WARNING] flink-clients_2.11-1.13.5.jar, streampipes-processors-enricher-flink.jar, streampipes-processors-geo-flink.jar, streampipes-processors-pattern-detection-flink.jar, streampipes-processors-statistics-flink.jar, streampipes-processors-textmining-flink.jar, streampipes-processors-transformation-flink.jar, streampipes-sinks-databases-flink.jar define 95 overlapping classes: 
[WARNING]   - org.apache.flink.client.ClientUtils
[WARNING]   - org.apache.flink.client.FlinkPipelineTranslationUtil
[WARNING]   - org.apache.flink.client.FlinkPipelineTranslator
[WARNING]   - org.apache.flink.client.PlanTranslator
[WARNING]   - org.apache.flink.client.StreamGraphTranslator
[WARNING]   - org.apache.flink.client.cli.AbstractCustomCommandLine
[WARNING]   - org.apache.flink.client.cli.ApplicationDeployer
[WARNING]   - org.apache.flink.client.cli.CancelOptions
[WARNING]   - org.apache.flink.client.cli.CliArgsException
[WARNING]   - org.apache.flink.client.cli.CliFrontend
[WARNING]   - 85 more...
[WARNING] streampipes-processors-enricher-flink.jar, streampipes-processors-geo-flink.jar, streampipes-processors-pattern-detection-flink.jar, streampipes-processors-statistics-flink.jar, streampipes-processors-textmining-flink.jar, streampipes-processors-transformation-flink.jar, streampipes-serializers-json-0.92.0-SNAPSHOT.jar, streampipes-sinks-databases-flink.jar define 3 overlapping classes and resources: 
[WARNING]   - META-INF/maven/org.apache.streampipes/streampipes-serializers-json/pom.properties
[WARNING]   - META-INF/maven/org.apache.streampipes/streampipes-serializers-json/pom.xml
[WARNING]   - org.apache.streampipes.serializers.json.JacksonSerializer
[WARNING] jakarta.websocket-api-2.1.0.jar, streampipes-processors-enricher-flink.jar, streampipes-processors-geo-flink.jar, streampipes-processors-pattern-detection-flink.jar, streampipes-processors-statistics-flink.jar, streampipes-processors-textmining-flink.jar, streampipes-processors-transformation-flink.jar, streampipes-sinks-databases-flink.jar define 11 overlapping classes and resources: 
[WARNING]   - META-INF/maven/jakarta.websocket/jakarta.websocket-api/pom.properties
[WARNING]   - META-INF/maven/jakarta.websocket/jakarta.websocket-api/pom.xml
[WARNING]   - jakarta.websocket.server.DefaultServerEndpointConfig
[WARNING]   - jakarta.websocket.server.HandshakeRequest
[WARNING]   - jakarta.websocket.server.PathParam
[WARNING]   - jakarta.websocket.server.ServerApplicationConfig
[WARNING]   - jakarta.websocket.server.ServerContainer
[WARNING]   - jakarta.websocket.server.ServerEndpoint
[WARNING]   - jakarta.websocket.server.ServerEndpointConfig
[WARNING]   - jakarta.websocket.server.ServerEndpointConfig$Builder
[WARNING]   - 1 more...
[WARNING] minlog-1.2.jar, streampipes-processors-enricher-flink.jar, streampipes-processors-geo-flink.jar, streampipes-processors-pattern-detection-flink.jar, streampipes-processors-statistics-flink.jar, streampipes-processors-textmining-flink.jar, streampipes-processors-transformation-flink.jar, streampipes-sinks-databases-flink.jar define 4 overlapping classes and resources: 
[WARNING]   - META-INF/maven/com.esotericsoftware.minlog/minlog/pom.properties
[WARNING]   - META-INF/maven/com.esotericsoftware.minlog/minlog/pom.xml
[WARNING]   - com.esotericsoftware.minlog.Log
[WARNING]   - com.esotericsoftware.minlog.Log$Logger
[WARNING] streampipes-extensions-api-0.92.0-SNAPSHOT.jar, streampipes-processors-enricher-flink.jar, streampipes-processors-geo-flink.jar, streampipes-processors-pattern-detection-flink.jar, streampipes-processors-statistics-flink.jar, streampipes-processors-textmining-flink.jar, streampipes-processors-transformation-flink.jar, streampipes-sinks-databases-flink.jar define 27 overlapping classes and resources: 
[WARNING]   - META-INF/maven/org.apache.streampipes/streampipes-extensions-api/pom.properties
[WARNING]   - META-INF/maven/org.apache.streampipes/streampipes-extensions-api/pom.xml
[WARNING]   - org.apache.streampipes.extensions.api.DataSetReplayFinishedNotifier
[WARNING]   - org.apache.streampipes.extensions.api.PeConfig
[WARNING]   - org.apache.streampipes.extensions.api.connect.Connector
[WARNING]   - org.apache.streampipes.extensions.api.connect.EmitBinaryEvent
[WARNING]   - org.apache.streampipes.extensions.api.connect.IAdapter
[WARNING]   - org.apache.streampipes.extensions.api.connect.IAdapterPipeline
[WARNING]   - org.apache.streampipes.extensions.api.connect.IAdapterPipelineElement
[WARNING]   - org.apache.streampipes.extensions.api.connect.IFormat
[WARNING]   - 17 more...
[WARNING] jboss-logging-annotations-2.2.1.Final.jar, streampipes-processors-enricher-flink.jar, streampipes-processors-geo-flink.jar, streampipes-processors-pattern-detection-flink.jar, streampipes-processors-statistics-flink.jar, streampipes-processors-textmining-flink.jar, streampipes-processors-transformation-flink.jar, streampipes-sinks-databases-flink.jar define 27 overlapping classes and resources: 
[WARNING]   - META-INF/maven/org.jboss.logging/jboss-logging-annotations/pom.properties
[WARNING]   - META-INF/maven/org.jboss.logging/jboss-logging-annotations/pom.xml
[WARNING]   - org.jboss.logging.annotations.BaseUrl
[WARNING]   - org.jboss.logging.annotations.Cause
[WARNING]   - org.jboss.logging.annotations.ConstructType
[WARNING]   - org.jboss.logging.annotations.Field
[WARNING]   - org.jboss.logging.annotations.Fields
[WARNING]   - org.jboss.logging.annotations.FormatWith
[WARNING]   - org.jboss.logging.annotations.LogMessage
[WARNING]   - org.jboss.logging.annotations.LoggingClass
[WARNING]   - 17 more...
[WARNING] jackson-dataformat-yaml-2.14.1.jar, streampipes-sinks-databases-flink.jar define 22 overlapping classes and resources: 
[WARNING]   - META-INF/maven/com.fasterxml.jackson.dataformat/jackson-dataformat-yaml/pom.properties
[WARNING]   - META-INF/maven/com.fasterxml.jackson.dataformat/jackson-dataformat-yaml/pom.xml
[WARNING]   - com.fasterxml.jackson.dataformat.yaml.JacksonYAMLParseException
[WARNING]   - com.fasterxml.jackson.dataformat.yaml.PackageVersion
[WARNING]   - com.fasterxml.jackson.dataformat.yaml.UTF8Reader
[WARNING]   - com.fasterxml.jackson.dataformat.yaml.UTF8Writer
[WARNING]   - com.fasterxml.jackson.dataformat.yaml.YAMLFactory
[WARNING]   - com.fasterxml.jackson.dataformat.yaml.YAMLFactoryBuilder
[WARNING]   - com.fasterxml.jackson.dataformat.yaml.YAMLGenerator
[WARNING]   - com.fasterxml.jackson.dataformat.yaml.YAMLGenerator$Feature
[WARNING]   - 12 more...
[WARNING] aggs-matrix-stats-client-6.8.17.jar, commons-cli-1.3.1.jar, commons-codec-1.11.jar, commons-collections-3.2.2.jar, commons-compress-1.22.jar, commons-io-2.11.0.jar, commons-lang3-3.12.0.jar, commons-logging-1.2.jar, commons-math3-3.6.1.jar, elasticsearch-6.8.17.jar, elasticsearch-cli-6.8.17.jar, elasticsearch-core-6.8.17.jar, elasticsearch-rest-client-6.8.17.jar, elasticsearch-rest-high-level-client-6.8.17.jar, elasticsearch-secure-sm-6.8.17.jar, elasticsearch-x-content-6.8.17.jar, jakarta.inject-api-2.0.1.jar, javax.activation-api-1.2.0.jar, jaxb-api-2.4.0-b180725.0427.jar, jboss-logging-3.4.0.Final.jar, jboss-logging-annotations-2.2.1.Final.jar, jboss-logging-processor-2.2.1.Final.jar, jboss-threads-3.5.0.Final.jar, joda-time-2.10.10.jar, jtidy-r938.jar, lang-mustache-client-6.8.17.jar, lucene-analyzers-common-7.7.3.jar, lucene-backward-codecs-7.7.3.jar, lucene-core-7.7.3.jar, lucene-grouping-7.7.3.jar, lucene-highlighter-7.7.3.jar, lucene-join-7.7.3.jar, lucene-memory-7.7.3.jar, lucene-misc-7.7.3.jar, lucene-queries-7.7.3.jar, lucene-queryparser-7.7.3.jar, lucene-sandbox-7.7.3.jar, lucene-spatial-7.7.3.jar, lucene-spatial-extras-7.7.3.jar, lucene-spatial3d-7.7.3.jar, lucene-suggest-7.7.3.jar, parent-join-client-6.8.17.jar, rank-eval-client-6.8.17.jar, spring-boot-3.0.1.jar, spring-boot-autoconfigure-3.0.1.jar, spring-boot-starter-3.0.1.jar, spring-boot-starter-jersey-3.0.1.jar, spring-boot-starter-json-3.0.1.jar, spring-boot-starter-logging-3.0.1.jar, spring-boot-starter-oauth2-client-3.0.1.jar, spring-boot-starter-undertow-3.0.1.jar, spring-boot-starter-validation-3.0.1.jar, streampipes-processors-enricher-flink.jar, streampipes-processors-geo-flink.jar, streampipes-processors-pattern-detection-flink.jar, streampipes-processors-statistics-flink.jar, streampipes-processors-textmining-flink.jar, streampipes-processors-transformation-flink.jar, streampipes-sinks-databases-flink.jar define 1 overlapping resource: 
[WARNING]   - META-INF/LICENSE.txt
[WARNING] lucene-misc-7.7.3.jar, streampipes-sinks-databases-flink.jar define 55 overlapping classes: 
[WARNING]   - META-INF.versions.9.org.apache.lucene.document.InetAddressPoint$2
[WARNING]   - META-INF.versions.9.org.apache.lucene.document.InetAddressRange
[WARNING]   - org.apache.lucene.document.InetAddressPoint
[WARNING]   - org.apache.lucene.document.InetAddressPoint$1
[WARNING]   - org.apache.lucene.document.InetAddressPoint$2
[WARNING]   - org.apache.lucene.document.InetAddressPoint$3
[WARNING]   - org.apache.lucene.document.InetAddressPoint$4
[WARNING]   - org.apache.lucene.document.InetAddressRange
[WARNING]   - org.apache.lucene.document.InetAddressRange$1
[WARNING]   - org.apache.lucene.document.LazyDocument
[WARNING]   - 45 more...
[WARNING] streampipes-processors-enricher-flink.jar, streampipes-processors-geo-flink.jar, streampipes-processors-pattern-detection-flink.jar, streampipes-processors-statistics-flink.jar, streampipes-processors-textmining-flink.jar, streampipes-processors-transformation-flink.jar, streampipes-sinks-databases-flink.jar, undertow-servlet-2.3.2.Final.jar define 334 overlapping classes and resources: 
[WARNING]   - META-INF/maven/io.undertow/undertow-servlet/pom.properties
[WARNING]   - META-INF/maven/io.undertow/undertow-servlet/pom.xml
[WARNING]   - io.undertow.servlet.ExceptionLog
[WARNING]   - io.undertow.servlet.ServletExtension
[WARNING]   - io.undertow.servlet.Servlets
[WARNING]   - io.undertow.servlet.UndertowServletLogger
[WARNING]   - io.undertow.servlet.UndertowServletLogger_$logger
[WARNING]   - io.undertow.servlet.UndertowServletMessages
[WARNING]   - io.undertow.servlet.UndertowServletMessages_$bundle
[WARNING]   - io.undertow.servlet.api.AuthMethodConfig
[WARNING]   - 324 more...
[WARNING] elasticsearch-rest-client-6.8.17.jar, streampipes-sinks-databases-flink.jar define 44 overlapping classes: 
[WARNING]   - org.elasticsearch.client.DeadHostState
[WARNING]   - org.elasticsearch.client.DeadHostState$TimeSupplier
[WARNING]   - org.elasticsearch.client.DeadHostState$TimeSupplier$1
[WARNING]   - org.elasticsearch.client.HasAttributeNodeSelector
[WARNING]   - org.elasticsearch.client.HeapBufferedAsyncResponseConsumer
[WARNING]   - org.elasticsearch.client.HttpAsyncResponseConsumerFactory
[WARNING]   - org.elasticsearch.client.HttpAsyncResponseConsumerFactory$HeapBufferedResponseConsumerFactory
[WARNING]   - org.elasticsearch.client.HttpDeleteWithEntity
[WARNING]   - org.elasticsearch.client.HttpGetWithEntity
[WARNING]   - org.elasticsearch.client.JavaVersion
[WARNING]   - 34 more...
[WARNING] asm-tree-9.2.jar, streampipes-processors-enricher-flink.jar, streampipes-processors-geo-flink.jar, streampipes-processors-pattern-detection-flink.jar, streampipes-processors-statistics-flink.jar, streampipes-processors-textmining-flink.jar, streampipes-processors-transformation-flink.jar, streampipes-sinks-databases-flink.jar define 38 overlapping classes: 
[WARNING]   - org.objectweb.asm.tree.AbstractInsnNode
[WARNING]   - org.objectweb.asm.tree.AnnotationNode
[WARNING]   - org.objectweb.asm.tree.ClassNode
[WARNING]   - org.objectweb.asm.tree.FieldInsnNode
[WARNING]   - org.objectweb.asm.tree.FieldNode
[WARNING]   - org.objectweb.asm.tree.FrameNode
[WARNING]   - org.objectweb.asm.tree.IincInsnNode
[WARNING]   - org.objectweb.asm.tree.InnerClassNode
[WARNING]   - org.objectweb.asm.tree.InsnList
[WARNING]   - org.objectweb.asm.tree.InsnList$InsnListIterator
[WARNING]   - 28 more...
[WARNING] error_prone_annotations-2.2.0.jar, streampipes-processors-enricher-flink.jar, streampipes-processors-geo-flink.jar, streampipes-processors-pattern-detection-flink.jar, streampipes-processors-statistics-flink.jar, streampipes-processors-textmining-flink.jar, streampipes-processors-transformation-flink.jar, streampipes-sinks-databases-flink.jar define 24 overlapping classes and resources: 
[WARNING]   - META-INF/maven/com.google.errorprone/error_prone_annotations/pom.properties
[WARNING]   - META-INF/maven/com.google.errorprone/error_prone_annotations/pom.xml
[WARNING]   - com.google.errorprone.annotations.CanIgnoreReturnValue
[WARNING]   - com.google.errorprone.annotations.CheckReturnValue
[WARNING]   - com.google.errorprone.annotations.CompatibleWith
[WARNING]   - com.google.errorprone.annotations.CompileTimeConstant
[WARNING]   - com.google.errorprone.annotations.DoNotCall
[WARNING]   - com.google.errorprone.annotations.DoNotMock
[WARNING]   - com.google.errorprone.annotations.ForOverride
[WARNING]   - com.google.errorprone.annotations.FormatMethod
[WARNING]   - 14 more...
[WARNING] gson-2.10.jar, streampipes-processors-enricher-flink.jar, streampipes-processors-geo-flink.jar, streampipes-processors-pattern-detection-flink.jar, streampipes-processors-statistics-flink.jar, streampipes-processors-textmining-flink.jar, streampipes-processors-transformation-flink.jar, streampipes-sinks-databases-flink.jar define 217 overlapping classes: 
[WARNING]   - com.google.gson.ExclusionStrategy
[WARNING]   - com.google.gson.FieldAttributes
[WARNING]   - com.google.gson.FieldNamingPolicy
[WARNING]   - com.google.gson.FieldNamingPolicy$1
[WARNING]   - com.google.gson.FieldNamingPolicy$2
[WARNING]   - com.google.gson.FieldNamingPolicy$3
[WARNING]   - com.google.gson.FieldNamingPolicy$4
[WARNING]   - com.google.gson.FieldNamingPolicy$5
[WARNING]   - com.google.gson.FieldNamingPolicy$6
[WARNING]   - com.google.gson.FieldNamingPolicy$7
[WARNING]   - 207 more...
[WARNING] flink-optimizer_2.11-1.13.5.jar, streampipes-processors-enricher-flink.jar, streampipes-processors-geo-flink.jar, streampipes-processors-pattern-detection-flink.jar, streampipes-processors-statistics-flink.jar, streampipes-processors-textmining-flink.jar, streampipes-processors-transformation-flink.jar, streampipes-sinks-databases-flink.jar define 158 overlapping classes: 
[WARNING]   - org.apache.flink.optimizer.CompilerException
[WARNING]   - org.apache.flink.optimizer.CompilerPostPassException
[WARNING]   - org.apache.flink.optimizer.DataStatistics
[WARNING]   - org.apache.flink.optimizer.Optimizer
[WARNING]   - org.apache.flink.optimizer.costs.CostEstimator
[WARNING]   - org.apache.flink.optimizer.costs.CostEstimator$1
[WARNING]   - org.apache.flink.optimizer.costs.Costs
[WARNING]   - org.apache.flink.optimizer.costs.DefaultCostEstimator
[WARNING]   - org.apache.flink.optimizer.dag.AbstractPartialSolutionNode
[WARNING]   - org.apache.flink.optimizer.dag.BinaryUnionNode
[WARNING]   - 148 more...
[WARNING] kryo-2.24.0.jar, streampipes-processors-enricher-flink.jar, streampipes-processors-geo-flink.jar, streampipes-processors-pattern-detection-flink.jar, streampipes-processors-statistics-flink.jar, streampipes-processors-textmining-flink.jar, streampipes-processors-transformation-flink.jar, streampipes-sinks-databases-flink.jar define 197 overlapping classes and resources: 
[WARNING]   - META-INF/maven/com.esotericsoftware.kryo/kryo/pom.properties
[WARNING]   - META-INF/maven/com.esotericsoftware.kryo/kryo/pom.xml
[WARNING]   - META-INF/maven/com.esotericsoftware.reflectasm/reflectasm/pom.properties
[WARNING]   - META-INF/maven/com.esotericsoftware.reflectasm/reflectasm/pom.xml
[WARNING]   - com.esotericsoftware.kryo.ClassResolver
[WARNING]   - com.esotericsoftware.kryo.DefaultSerializer
[WARNING]   - com.esotericsoftware.kryo.Generics
[WARNING]   - com.esotericsoftware.kryo.Kryo
[WARNING]   - com.esotericsoftware.kryo.Kryo$DefaultInstantiatorStrategy
[WARNING]   - com.esotericsoftware.kryo.Kryo$DefaultInstantiatorStrategy$1
[WARNING]   - 187 more...
[WARNING] jjwt-impl-0.11.2.jar, streampipes-processors-enricher-flink.jar, streampipes-processors-geo-flink.jar, streampipes-processors-pattern-detection-flink.jar, streampipes-processors-statistics-flink.jar, streampipes-processors-textmining-flink.jar, streampipes-processors-transformation-flink.jar, streampipes-sinks-databases-flink.jar define 64 overlapping classes and resources: 
[WARNING]   - META-INF/maven/io.jsonwebtoken/jjwt-impl/pom.properties
[WARNING]   - META-INF/maven/io.jsonwebtoken/jjwt-impl/pom.xml
[WARNING]   - io.jsonwebtoken.impl.AbstractTextCodec
[WARNING]   - io.jsonwebtoken.impl.AndroidBase64Codec
[WARNING]   - io.jsonwebtoken.impl.Base64Codec
[WARNING]   - io.jsonwebtoken.impl.Base64UrlCodec
[WARNING]   - io.jsonwebtoken.impl.DefaultClaims
[WARNING]   - io.jsonwebtoken.impl.DefaultClock
[WARNING]   - io.jsonwebtoken.impl.DefaultHeader
[WARNING]   - io.jsonwebtoken.impl.DefaultJws
[WARNING]   - 54 more...
[WARNING] compiler-0.9.3.jar, streampipes-sinks-databases-flink.jar define 81 overlapping classes and resources: 
[WARNING]   - META-INF/maven/com.github.spullara.mustache.java/compiler/pom.properties
[WARNING]   - META-INF/maven/com.github.spullara.mustache.java/compiler/pom.xml
[WARNING]   - com.github.mustachejava.Binding
[WARNING]   - com.github.mustachejava.Code
[WARNING]   - com.github.mustachejava.DefaultMustacheFactory
[WARNING]   - com.github.mustachejava.DefaultMustacheFactory$1
[WARNING]   - com.github.mustachejava.DefaultMustacheVisitor
[WARNING]   - com.github.mustachejava.DefaultMustacheVisitor$1
[WARNING]   - com.github.mustachejava.DefaultMustacheVisitor$2
[WARNING]   - com.github.mustachejava.DeferringMustacheFactory
[WARNING]   - 71 more...
[WARNING] streampipes-processors-enricher-flink.jar, streampipes-processors-geo-flink.jar, streampipes-processors-pattern-detection-flink.jar, streampipes-processors-statistics-flink.jar, streampipes-processors-textmining-flink.jar, streampipes-processors-transformation-flink.jar, streampipes-service-extensions-0.92.0-SNAPSHOT.jar, streampipes-sinks-databases-flink.jar define 19 overlapping classes and resources: 
[WARNING]   - META-INF/maven/org.apache.streampipes/streampipes-service-extensions/pom.properties
[WARNING]   - META-INF/maven/org.apache.streampipes/streampipes-service-extensions/pom.xml
[WARNING]   - application.properties
[WARNING]   - banner.txt
[WARNING]   - org.apache.streampipes.service.extensions.ExtensionsModelSubmitter
[WARNING]   - org.apache.streampipes.service.extensions.ExtensionsResourceConfig
[WARNING]   - org.apache.streampipes.service.extensions.ExtensionsServiceShutdownHandler
[WARNING]   - org.apache.streampipes.service.extensions.ServiceTagProvider
[WARNING]   - org.apache.streampipes.service.extensions.StreamPipesExtensionsServiceBase
[WARNING]   - org.apache.streampipes.service.extensions.connect.ConnectRestClient
[WARNING]   - 9 more...
[WARNING] jersey-hk2-3.1.0.jar, streampipes-processors-enricher-flink.jar, streampipes-processors-geo-flink.jar, streampipes-processors-pattern-detection-flink.jar, streampipes-processors-statistics-flink.jar, streampipes-processors-textmining-flink.jar, streampipes-processors-transformation-flink.jar, streampipes-sinks-databases-flink.jar define 51 overlapping classes and resources: 
[WARNING]   - META-INF/maven/org.glassfish.jersey.inject/jersey-hk2/pom.properties
[WARNING]   - META-INF/maven/org.glassfish.jersey.inject/jersey-hk2/pom.xml
[WARNING]   - META-INF/native-image/org.glassfish.jersey.inject/jersey-hk2/reflect-config.json
[WARNING]   - META-INF/native-image/org.glassfish.jersey.inject/jersey-hk2/resource-config.json
[WARNING]   - org.glassfish.jersey.inject.hk2.AbstractHk2InjectionManager
[WARNING]   - org.glassfish.jersey.inject.hk2.ContextInjectionResolverImpl
[WARNING]   - org.glassfish.jersey.inject.hk2.ContextInjectionResolverImpl$1
[WARNING]   - org.glassfish.jersey.inject.hk2.ContextInjectionResolverImpl$2
[WARNING]   - org.glassfish.jersey.inject.hk2.ContextInjectionResolverImpl$3
[WARNING]   - org.glassfish.jersey.inject.hk2.ContextInjectionResolverImpl$Binder
[WARNING]   - 41 more...
[WARNING] HdrHistogram-2.1.9.jar, accessors-smart-2.4.8.jar, activemq-client-5.17.3.jar, aggs-matrix-stats-client-6.8.17.jar, akka-actor_2.11-2.5.21.jar, akka-protobuf_2.11-2.5.21.jar, akka-slf4j_2.11-2.5.21.jar, akka-stream_2.11-2.5.21.jar, animal-sniffer-annotations-1.17.jar, annotations-12.0.jar, aopalliance-repackaged-3.0.3.jar, asm-9.4.jar, asm-analysis-9.2.jar, asm-commons-9.2.jar, asm-tree-9.2.jar, asm-util-9.2.jar, checker-qual-2.5.2.jar, chill-java-0.7.6.jar, chill_2.11-0.7.6.jar, class-model-3.0.3.jar, classindex-3.9.jar, classmate-1.5.1.jar, commons-cli-1.3.1.jar, commons-codec-1.11.jar, commons-collections-3.2.2.jar, commons-compress-1.22.jar, commons-io-2.11.0.jar, commons-lang3-3.12.0.jar, commons-logging-1.2.jar, commons-math3-3.6.1.jar, compiler-0.9.3.jar, config-1.3.3.jar, consul-api-1.4.5.jar, content-type-2.2.jar, eddsa-0.3.0.jar, elasticsearch-6.8.17.jar, elasticsearch-cli-6.8.17.jar, elasticsearch-core-6.8.17.jar, elasticsearch-rest-client-6.8.17.jar, elasticsearch-rest-high-level-client-6.8.17.jar, elasticsearch-secure-sm-6.8.17.jar, elasticsearch-x-content-6.8.17.jar, error_prone_annotations-2.2.0.jar, failureaccess-1.0.1.jar, flink-annotations-1.13.5.jar, flink-cep-scala_2.11-1.13.5.jar, flink-cep_2.11-1.13.5.jar, flink-clients_2.11-1.13.5.jar, flink-connector-base-1.13.5.jar, flink-connector-kafka_2.11-1.13.5.jar, flink-core-1.13.5.jar, flink-file-sink-common-1.13.5.jar, flink-hadoop-fs-1.13.5.jar, flink-java-1.13.5.jar, flink-metrics-core-1.13.5.jar, flink-optimizer_2.11-1.13.5.jar, flink-queryable-state-client-java-1.13.5.jar, flink-runtime_2.11-1.13.5.jar, flink-shaded-asm-7-7.1-13.0.jar, flink-shaded-guava-18.0-13.0.jar, flink-shaded-jackson-2.12.1-13.0.jar, flink-shaded-netty-4.1.49.Final-13.0.jar, flink-shaded-zookeeper-3-3.4.14-13.0.jar, flink-streaming-java_2.11-1.13.5.jar, fluent-hc-4.5.13.jar, force-shading-1.13.5.jar, fst-2.57.jar, geojson-jackson-1.14.jar, geronimo-j2ee-management_1.1_spec-1.0.1.jar, geronimo-jms_1.1_spec-1.1.1.jar, grizzled-slf4j_2.11-1.3.2.jar, gson-2.10.jar, guava-27.1-jre.jar, hawtbuf-1.11.jar, hawtdispatch-1.21.jar, hawtdispatch-transport-1.21.jar, hibernate-validator-8.0.0.Final.jar, hk2-3.0.3.jar, hk2-api-3.0.3.jar, hk2-core-3.0.3.jar, hk2-locator-3.0.3.jar, hk2-runlevel-3.0.3.jar, hk2-utils-3.0.3.jar, hppc-0.7.1.jar, httpasyncclient-4.1.2.jar, httpclient-4.5.13.jar, httpcore-4.4.9.jar, httpcore-nio-4.4.9.jar, j2objc-annotations-1.3.jar, jackson-annotations-2.14.1.jar, jackson-core-2.14.1.jar, jackson-databind-2.14.1.jar, jackson-dataformat-cbor-2.14.1.jar, jackson-dataformat-smile-2.14.1.jar, jackson-dataformat-xml-2.14.1.jar, jackson-dataformat-yaml-2.14.1.jar, jackson-datatype-jdk8-2.14.1.jar, jackson-datatype-jsr310-2.14.1.jar, jackson-module-jakarta-xmlbind-annotations-2.14.1.jar, jackson-module-parameter-names-2.14.1.jar, jakarta.activation-api-1.2.2.jar, jakarta.annotation-api-2.1.1.jar, jakarta.inject-api-2.0.1.jar, jakarta.json-1.1.1.jar, jakarta.json-api-2.1.1.jar, jakarta.servlet-api-6.0.0.jar, jakarta.validation-api-3.0.2.jar, jakarta.websocket-api-2.1.0.jar, jakarta.websocket-client-api-2.1.0.jar, jakarta.ws.rs-api-3.1.0.jar, jakarta.xml.bind-api-4.0.0.jar, javassist-3.25.0-GA.jar, javax.activation-api-1.2.0.jar, jaxb-api-2.4.0-b180725.0427.jar, jboss-logging-3.4.0.Final.jar, jboss-logging-annotations-2.2.1.Final.jar, jboss-logging-processor-2.2.1.Final.jar, jboss-threads-3.5.0.Final.jar, jcip-annotations-1.0-1.jar, jdeparser-2.0.3.Final.jar, jersey-bean-validation-3.1.0.jar, jersey-client-3.1.0.jar, jersey-common-3.1.0.jar, jersey-container-servlet-3.1.0.jar, jersey-container-servlet-core-3.1.0.jar, jersey-entity-filtering-3.1.0.jar, jersey-hk2-3.1.0.jar, jersey-media-json-jackson-3.1.0.jar, jersey-media-multipart-3.1.0.jar, jersey-server-3.1.0.jar, jersey-spring6-3.1.0.jar, jjwt-api-0.11.2.jar, jjwt-impl-0.11.2.jar, jjwt-jackson-0.11.2.jar, jna-5.5.0.jar, jnats-2.16.1.jar, joda-time-2.10.10.jar, jopt-simple-5.0.2.jar, json-smart-2.4.8.jar, jsonic-1.2.11.jar, jsr305-3.0.2.jar, jtidy-r938.jar, jul-to-slf4j-2.0.6.jar, kafka-clients-3.3.1.jar, kryo-2.24.0.jar, lang-mustache-client-6.8.17.jar, lang-tag-1.7.jar, language-detector-0.6.jar, listenablefuture-9999.0-empty-to-avoid-conflict-with-guava.jar, log4j-api-2.19.0.jar, log4j-to-slf4j-2.19.0.jar, logback-classic-1.4.5.jar, logback-core-1.4.5.jar, lucene-analyzers-common-7.7.3.jar, lucene-backward-codecs-7.7.3.jar, lucene-core-7.7.3.jar, lucene-grouping-7.7.3.jar, lucene-highlighter-7.7.3.jar, lucene-join-7.7.3.jar, lucene-memory-7.7.3.jar, lucene-misc-7.7.3.jar, lucene-queries-7.7.3.jar, lucene-queryparser-7.7.3.jar, lucene-sandbox-7.7.3.jar, lucene-spatial-7.7.3.jar, lucene-spatial-extras-7.7.3.jar, lucene-spatial3d-7.7.3.jar, lucene-suggest-7.7.3.jar, lz4-java-1.8.0.jar, metrics-core-4.2.15.jar, micrometer-commons-1.10.2.jar, micrometer-observation-1.10.2.jar, mimepull-1.9.15.jar, minlog-1.2.jar, mqtt-client-1.12.jar, nekohtml-1.9.13.jar, nimbus-jose-jwt-9.30.1.jar, oauth2-oidc-sdk-9.43.1.jar, objenesis-3.3.jar, opennlp-tools-2.1.0.jar, osgi-resource-locator-1.0.3.jar, parent-join-client-6.8.17.jar, qudt-1.0.jar, rank-eval-client-6.8.17.jar, rdf4j-model-3.5.0.jar, rdf4j-model-api-3.5.0.jar, rdf4j-model-vocabulary-3.5.0.jar, rdf4j-rio-api-3.5.0.jar, rdf4j-rio-datatypes-3.5.0.jar, rdf4j-rio-languages-3.5.0.jar, rdf4j-rio-rdfxml-3.5.0.jar, rdf4j-rio-turtle-3.5.0.jar, rdf4j-util-3.5.0.jar, reactive-streams-1.0.2.jar, rendersnake-1.9.0.jar, scala-java8-compat_2.11-0.7.0.jar, scala-library-2.13.10.jar, scala-parser-combinators_2.11-1.1.1.jar, scopt_2.11-3.5.0.jar, servlet-api-2.4.jar, slf4j-api-2.0.6.jar, snakeyaml-1.26.jar, snappy-java-1.1.7.7.jar, spring-aop-6.0.3.jar, spring-beans-6.0.3.jar, spring-boot-3.0.1.jar, spring-boot-autoconfigure-3.0.1.jar, spring-boot-starter-3.0.1.jar, spring-boot-starter-jersey-3.0.1.jar, spring-boot-starter-json-3.0.1.jar, spring-boot-starter-logging-3.0.1.jar, spring-boot-starter-oauth2-client-3.0.1.jar, spring-boot-starter-undertow-3.0.1.jar, spring-boot-starter-validation-3.0.1.jar, spring-bridge-3.0.3.jar, spring-context-6.0.3.jar, spring-context-support-6.0.3.jar, spring-core-6.0.3.jar, spring-expression-6.0.3.jar, spring-jcl-6.0.3.jar, spring-security-config-6.0.1.jar, spring-security-core-6.0.1.jar, spring-security-crypto-6.0.1.jar, spring-security-oauth2-client-6.0.1.jar, spring-security-oauth2-core-6.0.1.jar, spring-security-oauth2-jose-6.0.1.jar, spring-security-web-6.0.1.jar, spring-web-6.0.3.jar, ssl-config-core_2.11-0.3.7.jar, stax2-api-4.2.1.jar, streampipes-client-0.92.0-SNAPSHOT.jar, streampipes-commons-0.92.0-SNAPSHOT.jar, streampipes-config-0.92.0-SNAPSHOT.jar, streampipes-dataformat-0.92.0-SNAPSHOT.jar, streampipes-dataformat-cbor-0.92.0-SNAPSHOT.jar, streampipes-dataformat-fst-0.92.0-SNAPSHOT.jar, streampipes-dataformat-json-0.92.0-SNAPSHOT.jar, streampipes-dataformat-smile-0.92.0-SNAPSHOT.jar, streampipes-extensions-api-0.92.0-SNAPSHOT.jar, streampipes-extensions-management-0.92.0-SNAPSHOT.jar, streampipes-logging-0.92.0-SNAPSHOT.jar, streampipes-measurement-units-0.92.0-SNAPSHOT.jar, streampipes-messaging-0.92.0-SNAPSHOT.jar, streampipes-messaging-jms-0.92.0-SNAPSHOT.jar, streampipes-messaging-kafka-0.92.0-SNAPSHOT.jar, streampipes-messaging-mqtt-0.92.0-SNAPSHOT.jar, streampipes-messaging-nats-0.92.0-SNAPSHOT.jar, streampipes-model-0.92.0-SNAPSHOT.jar, streampipes-model-client-0.92.0-SNAPSHOT.jar, streampipes-model-shared-0.92.0-SNAPSHOT.jar, streampipes-pipeline-elements-all-flink.jar, streampipes-processors-aggregation-flink-embed.jar, streampipes-processors-enricher-flink.jar, streampipes-processors-geo-flink.jar, streampipes-processors-pattern-detection-flink.jar, streampipes-processors-statistics-flink.jar, streampipes-processors-textmining-flink.jar, streampipes-processors-transformation-flink.jar, streampipes-rest-extensions-0.92.0-SNAPSHOT.jar, streampipes-rest-shared-0.92.0-SNAPSHOT.jar, streampipes-sdk-0.92.0-SNAPSHOT.jar, streampipes-sdk-bundle-0.92.0-SNAPSHOT.jar, streampipes-security-jwt-0.92.0-SNAPSHOT.jar, streampipes-serializers-json-0.92.0-SNAPSHOT.jar, streampipes-service-base-0.92.0-SNAPSHOT.jar, streampipes-service-discovery-0.92.0-SNAPSHOT.jar, streampipes-service-discovery-api-0.92.0-SNAPSHOT.jar, streampipes-service-discovery-consul-0.92.0-SNAPSHOT.jar, streampipes-service-extensions-0.92.0-SNAPSHOT.jar, streampipes-sinks-databases-flink.jar, streampipes-vocabulary-0.92.0-SNAPSHOT.jar, streampipes-wrapper-0.92.0-SNAPSHOT.jar, streampipes-wrapper-distributed-0.92.0-SNAPSHOT.jar, streampipes-wrapper-flink-0.92.0-SNAPSHOT.jar, t-digest-3.2.jar, tomcat-embed-el-10.1.4.jar, type-parser-0.7.0.jar, undertow-core-2.3.2.Final.jar, undertow-servlet-2.3.2.Final.jar, undertow-websockets-jsr-2.3.2.Final.jar, wildfly-client-config-1.0.1.Final.jar, wildfly-common-1.6.0.Final.jar, woodstox-core-6.4.0.jar, xercesImpl-2.12.2.jar, xml-apis-1.4.01.jar, xnio-api-3.8.8.Final.jar, xnio-nio-3.8.8.Final.jar, zstd-jni-1.4.3-1.jar define 1 overlapping resource: 
[WARNING]   - META-INF/MANIFEST.MF
[WARNING] parent-join-client-6.8.17.jar, streampipes-sinks-databases-flink.jar define 40 overlapping classes: 
[WARNING]   - org.elasticsearch.join.ParentJoinPlugin
[WARNING]   - org.elasticsearch.join.aggregations.Children
[WARNING]   - org.elasticsearch.join.aggregations.ChildrenAggregationBuilder
[WARNING]   - org.elasticsearch.join.aggregations.ChildrenAggregatorFactory
[WARNING]   - org.elasticsearch.join.aggregations.ChildrenAggregatorFactory$1
[WARNING]   - org.elasticsearch.join.aggregations.ChildrenToParentAggregator
[WARNING]   - org.elasticsearch.join.aggregations.InternalChildren
[WARNING]   - org.elasticsearch.join.aggregations.InternalParent
[WARNING]   - org.elasticsearch.join.aggregations.JoinAggregationBuilders
[WARNING]   - org.elasticsearch.join.aggregations.Parent
[WARNING]   - 30 more...
[WARNING] accessors-smart-2.4.8.jar, streampipes-processors-enricher-flink.jar, streampipes-processors-geo-flink.jar, streampipes-processors-pattern-detection-flink.jar, streampipes-processors-statistics-flink.jar, streampipes-processors-textmining-flink.jar, streampipes-processors-transformation-flink.jar, streampipes-sinks-databases-flink.jar define 15 overlapping classes and resources: 
[WARNING]   - META-INF/maven/net.minidev/accessors-smart/pom.properties
[WARNING]   - META-INF/maven/net.minidev/accessors-smart/pom.xml
[WARNING]   - net.minidev.asm.ASMUtil
[WARNING]   - net.minidev.asm.Accessor
[WARNING]   - net.minidev.asm.BasicFiledFilter
[WARNING]   - net.minidev.asm.BeansAccess
[WARNING]   - net.minidev.asm.BeansAccessBuilder
[WARNING]   - net.minidev.asm.BeansAccessConfig
[WARNING]   - net.minidev.asm.ConvertDate
[WARNING]   - net.minidev.asm.ConvertDate$StringCmpNS
[WARNING]   - 5 more...
[WARNING] spring-security-web-6.0.1.jar, streampipes-processors-enricher-flink.jar, streampipes-processors-geo-flink.jar, streampipes-processors-pattern-detection-flink.jar, streampipes-processors-statistics-flink.jar, streampipes-processors-textmining-flink.jar, streampipes-processors-transformation-flink.jar, streampipes-sinks-databases-flink.jar define 490 overlapping classes: 
[WARNING]   - org.springframework.security.web.AuthenticationEntryPoint
[WARNING]   - org.springframework.security.web.DefaultRedirectStrategy
[WARNING]   - org.springframework.security.web.DefaultSecurityFilterChain
[WARNING]   - org.springframework.security.web.FilterChainProxy
[WARNING]   - org.springframework.security.web.FilterChainProxy$FilterChainDecorator
[WARNING]   - org.springframework.security.web.FilterChainProxy$FilterChainValidator
[WARNING]   - org.springframework.security.web.FilterChainProxy$NullFilterChainValidator
[WARNING]   - org.springframework.security.web.FilterChainProxy$VirtualFilterChain
[WARNING]   - org.springframework.security.web.FilterChainProxy$VirtualFilterChainDecorator
[WARNING]   - org.springframework.security.web.FilterInvocation
[WARNING]   - 480 more...
[WARNING] jaxb-api-2.4.0-b180725.0427.jar, streampipes-processors-enricher-flink.jar, streampipes-processors-geo-flink.jar, streampipes-processors-pattern-detection-flink.jar, streampipes-processors-statistics-flink.jar, streampipes-processors-textmining-flink.jar, streampipes-processors-transformation-flink.jar, streampipes-sinks-databases-flink.jar define 116 overlapping classes and resources: 
[WARNING]   - META-INF.versions.9.javax.xml.bind.ModuleUtil
[WARNING]   - META-INF/maven/javax.xml.bind/jaxb-api/pom.properties
[WARNING]   - META-INF/maven/javax.xml.bind/jaxb-api/pom.xml
[WARNING]   - javax.xml.bind.Binder
[WARNING]   - javax.xml.bind.ContextFinder
[WARNING]   - javax.xml.bind.ContextFinder$1
[WARNING]   - javax.xml.bind.ContextFinder$2
[WARNING]   - javax.xml.bind.ContextFinder$3
[WARNING]   - javax.xml.bind.ContextFinder$4
[WARNING]   - javax.xml.bind.ContextFinder$5
[WARNING]   - 106 more...
[WARNING] streampipes-processors-enricher-flink.jar, streampipes-processors-geo-flink.jar, streampipes-processors-pattern-detection-flink.jar, streampipes-processors-statistics-flink.jar, streampipes-processors-textmining-flink.jar, streampipes-processors-transformation-flink.jar, streampipes-sinks-databases-flink.jar, undertow-websockets-jsr-2.3.2.Final.jar define 104 overlapping classes and resources: 
[WARNING]   - META-INF/maven/io.undertow/undertow-websockets-jsr/pom.properties
[WARNING]   - META-INF/maven/io.undertow/undertow-websockets-jsr/pom.xml
[WARNING]   - io.undertow.websockets.jsr.Bootstrap
[WARNING]   - io.undertow.websockets.jsr.Bootstrap$1
[WARNING]   - io.undertow.websockets.jsr.Bootstrap$WebSocketListener
[WARNING]   - io.undertow.websockets.jsr.ConfiguredClientEndpoint
[WARNING]   - io.undertow.websockets.jsr.ConfiguredServerEndpoint
[WARNING]   - io.undertow.websockets.jsr.DefaultContainerConfigurator
[WARNING]   - io.undertow.websockets.jsr.DefaultPongMessage
[WARNING]   - io.undertow.websockets.jsr.DefaultWebSocketClientSslProvider
[WARNING]   - 94 more...
[WARNING] elasticsearch-cli-6.8.17.jar, streampipes-sinks-databases-flink.jar define 9 overlapping classes: 
[WARNING]   - org.elasticsearch.cli.Command
[WARNING]   - org.elasticsearch.cli.ExitCodes
[WARNING]   - org.elasticsearch.cli.MultiCommand
[WARNING]   - org.elasticsearch.cli.SuppressForbidden
[WARNING]   - org.elasticsearch.cli.Terminal
[WARNING]   - org.elasticsearch.cli.Terminal$ConsoleTerminal
[WARNING]   - org.elasticsearch.cli.Terminal$SystemTerminal
[WARNING]   - org.elasticsearch.cli.Terminal$Verbosity
[WARNING]   - org.elasticsearch.cli.UserException
[WARNING] httpasyncclient-4.1.2.jar, streampipes-sinks-databases-flink.jar define 87 overlapping classes and resources: 
[WARNING]   - META-INF/maven/org.apache.httpcomponents/httpasyncclient/pom.properties
[WARNING]   - META-INF/maven/org.apache.httpcomponents/httpasyncclient/pom.xml
[WARNING]   - org.apache.http.impl.nio.client.AbstractClientExchangeHandler
[WARNING]   - org.apache.http.impl.nio.client.AbstractClientExchangeHandler$1
[WARNING]   - org.apache.http.impl.nio.client.AbstractHttpAsyncClient
[WARNING]   - org.apache.http.impl.nio.client.AbstractHttpAsyncClient$1
[WARNING]   - org.apache.http.impl.nio.client.CloseableHttpAsyncClient
[WARNING]   - org.apache.http.impl.nio.client.CloseableHttpAsyncClientBase
[WARNING]   - org.apache.http.impl.nio.client.CloseableHttpAsyncClientBase$1
[WARNING]   - org.apache.http.impl.nio.client.CloseableHttpAsyncClientBase$Status
[WARNING]   - 77 more...
[WARNING] jersey-container-servlet-3.1.0.jar, streampipes-processors-enricher-flink.jar, streampipes-processors-geo-flink.jar, streampipes-processors-pattern-detection-flink.jar, streampipes-processors-statistics-flink.jar, streampipes-processors-textmining-flink.jar, streampipes-processors-transformation-flink.jar, streampipes-sinks-databases-flink.jar define 11 overlapping classes and resources: 
[WARNING]   - META-INF/maven/org.glassfish.jersey.containers/jersey-container-servlet/pom.properties
[WARNING]   - META-INF/maven/org.glassfish.jersey.containers/jersey-container-servlet/pom.xml
[WARNING]   - org.glassfish.jersey.servlet.async.AsyncContextDelegateProviderImpl
[WARNING]   - org.glassfish.jersey.servlet.async.AsyncContextDelegateProviderImpl$1
[WARNING]   - org.glassfish.jersey.servlet.async.AsyncContextDelegateProviderImpl$ExtensionImpl
[WARNING]   - org.glassfish.jersey.servlet.init.FilterUrlMappingsProviderImpl
[WARNING]   - org.glassfish.jersey.servlet.init.JerseyServletContainerInitializer
[WARNING]   - org.glassfish.jersey.servlet.init.internal.LocalizationMessages
[WARNING]   - org.glassfish.jersey.servlet.init.internal.LocalizationMessages$1
[WARNING]   - org.glassfish.jersey.servlet.init.internal.LocalizationMessages$BundleSupplier
[WARNING]   - 1 more...
[WARNING] rdf4j-model-3.5.0.jar, streampipes-processors-enricher-flink.jar, streampipes-processors-geo-flink.jar, streampipes-processors-pattern-detection-flink.jar, streampipes-processors-statistics-flink.jar, streampipes-processors-textmining-flink.jar, streampipes-processors-transformation-flink.jar, streampipes-sinks-databases-flink.jar define 85 overlapping classes and resources: 
[WARNING]   - META-INF/maven/org.eclipse.rdf4j/rdf4j-model/pom.properties
[WARNING]   - META-INF/maven/org.eclipse.rdf4j/rdf4j-model/pom.xml
[WARNING]   - org.eclipse.rdf4j.IsolationLevel
[WARNING]   - org.eclipse.rdf4j.IsolationLevels
[WARNING]   - org.eclipse.rdf4j.OpenRDFException
[WARNING]   - org.eclipse.rdf4j.OpenRDFUtil
[WARNING]   - org.eclipse.rdf4j.RDF4JConfigException
[WARNING]   - org.eclipse.rdf4j.RDF4JException
[WARNING]   - org.eclipse.rdf4j.exceptions.ValidationException
[WARNING]   - org.eclipse.rdf4j.model.datatypes.XMLDatatypeUtil
[WARNING]   - 75 more...
[WARNING] hppc-0.7.1.jar, streampipes-sinks-databases-flink.jar define 903 overlapping classes and resources: 
[WARNING]   - META-INF/maven/com.carrotsearch/hppc/pom.properties
[WARNING]   - META-INF/maven/com.carrotsearch/hppc/pom.xml
[WARNING]   - com.carrotsearch.hppc.AbstractByteCollection
[WARNING]   - com.carrotsearch.hppc.AbstractByteCollection$1
[WARNING]   - com.carrotsearch.hppc.AbstractByteCollection$2
[WARNING]   - com.carrotsearch.hppc.AbstractByteCollection$3
[WARNING]   - com.carrotsearch.hppc.AbstractCharCollection
[WARNING]   - com.carrotsearch.hppc.AbstractCharCollection$1
[WARNING]   - com.carrotsearch.hppc.AbstractCharCollection$2
[WARNING]   - com.carrotsearch.hppc.AbstractCharCollection$3
[WARNING]   - 893 more...
[WARNING] streampipes-messaging-jms-0.92.0-SNAPSHOT.jar, streampipes-processors-enricher-flink.jar, streampipes-processors-geo-flink.jar, streampipes-processors-pattern-detection-flink.jar, streampipes-processors-statistics-flink.jar, streampipes-processors-textmining-flink.jar, streampipes-processors-transformation-flink.jar, streampipes-sinks-databases-flink.jar define 8 overlapping classes and resources: 
[WARNING]   - META-INF/maven/org.apache.streampipes/streampipes-messaging-jms/pom.properties
[WARNING]   - META-INF/maven/org.apache.streampipes/streampipes-messaging-jms/pom.xml
[WARNING]   - org.apache.streampipes.messaging.jms.ActiveMQConnectionProvider
[WARNING]   - org.apache.streampipes.messaging.jms.ActiveMQConsumer
[WARNING]   - org.apache.streampipes.messaging.jms.ActiveMQPublisher
[WARNING]   - org.apache.streampipes.messaging.jms.ActiveMQUtils
[WARNING]   - org.apache.streampipes.messaging.jms.SpJmsProtocol
[WARNING]   - org.apache.streampipes.messaging.jms.SpJmsProtocolFactory
[WARNING] spring-core-6.0.3.jar, streampipes-processors-enricher-flink.jar, streampipes-processors-geo-flink.jar, streampipes-processors-pattern-detection-flink.jar, streampipes-processors-statistics-flink.jar, streampipes-processors-textmining-flink.jar, streampipes-processors-transformation-flink.jar, streampipes-sinks-databases-flink.jar define 1088 overlapping classes and resources: 
[WARNING]   - META-INF/native-image/org.springframework/spring-core/native-image.properties
[WARNING]   - META-INF/spring-core.kotlin_module
[WARNING]   - org.springframework.aot.AotDetector
[WARNING]   - org.springframework.aot.generate.AccessControl
[WARNING]   - org.springframework.aot.generate.AccessControl$Visibility
[WARNING]   - org.springframework.aot.generate.AppendableConsumerInputStreamSource
[WARNING]   - org.springframework.aot.generate.ClassNameGenerator
[WARNING]   - org.springframework.aot.generate.DefaultGenerationContext
[WARNING]   - org.springframework.aot.generate.DefaultMethodReference
[WARNING]   - org.springframework.aot.generate.FileSystemGeneratedFiles
[WARNING]   - 1078 more...
[WARNING] jboss-logging-3.4.0.Final.jar, streampipes-processors-enricher-flink.jar, streampipes-processors-geo-flink.jar, streampipes-processors-pattern-detection-flink.jar, streampipes-processors-statistics-flink.jar, streampipes-processors-textmining-flink.jar, streampipes-processors-transformation-flink.jar, streampipes-sinks-databases-flink.jar define 36 overlapping classes and resources: 
[WARNING]   - META-INF/maven/org.jboss.logging/jboss-logging/pom.properties
[WARNING]   - META-INF/maven/org.jboss.logging/jboss-logging/pom.xml
[WARNING]   - org.jboss.logging.AbstractLoggerProvider
[WARNING]   - org.jboss.logging.AbstractLoggerProvider$Entry
[WARNING]   - org.jboss.logging.AbstractMdcLoggerProvider
[WARNING]   - org.jboss.logging.BasicLogger
[WARNING]   - org.jboss.logging.DelegatingBasicLogger
[WARNING]   - org.jboss.logging.JBossLogManagerLogger
[WARNING]   - org.jboss.logging.JBossLogManagerProvider
[WARNING]   - org.jboss.logging.JBossLogManagerProvider$1
[WARNING]   - 26 more...
[WARNING] activemq-client-5.17.3.jar, classmate-1.5.1.jar, flink-annotations-1.13.5.jar, flink-cep-scala_2.11-1.13.5.jar, flink-cep_2.11-1.13.5.jar, flink-clients_2.11-1.13.5.jar, flink-connector-base-1.13.5.jar, flink-connector-kafka_2.11-1.13.5.jar, flink-core-1.13.5.jar, flink-file-sink-common-1.13.5.jar, flink-hadoop-fs-1.13.5.jar, flink-java-1.13.5.jar, flink-metrics-core-1.13.5.jar, flink-optimizer_2.11-1.13.5.jar, flink-queryable-state-client-java-1.13.5.jar, flink-runtime_2.11-1.13.5.jar, flink-shaded-asm-7-7.1-13.0.jar, flink-shaded-guava-18.0-13.0.jar, flink-shaded-jackson-2.12.1-13.0.jar, flink-shaded-netty-4.1.49.Final-13.0.jar, flink-shaded-zookeeper-3-3.4.14-13.0.jar, flink-streaming-java_2.11-1.13.5.jar, fluent-hc-4.5.13.jar, force-shading-1.13.5.jar, geronimo-j2ee-management_1.1_spec-1.0.1.jar, geronimo-jms_1.1_spec-1.1.1.jar, httpasyncclient-4.1.2.jar, httpclient-4.5.13.jar, httpcore-4.4.9.jar, httpcore-nio-4.4.9.jar, jackson-annotations-2.14.1.jar, jackson-core-2.14.1.jar, jackson-databind-2.14.1.jar, jackson-dataformat-xml-2.14.1.jar, jackson-dataformat-yaml-2.14.1.jar, jackson-datatype-jsr310-2.14.1.jar, jna-5.5.0.jar, log4j-api-2.19.0.jar, log4j-to-slf4j-2.19.0.jar, micrometer-commons-1.10.2.jar, micrometer-observation-1.10.2.jar, objenesis-3.3.jar, opennlp-tools-2.1.0.jar, stax2-api-4.2.1.jar, streampipes-client-0.92.0-SNAPSHOT.jar, streampipes-commons-0.92.0-SNAPSHOT.jar, streampipes-config-0.92.0-SNAPSHOT.jar, streampipes-dataformat-0.92.0-SNAPSHOT.jar, streampipes-dataformat-cbor-0.92.0-SNAPSHOT.jar, streampipes-dataformat-fst-0.92.0-SNAPSHOT.jar, streampipes-dataformat-json-0.92.0-SNAPSHOT.jar, streampipes-dataformat-smile-0.92.0-SNAPSHOT.jar, streampipes-extensions-api-0.92.0-SNAPSHOT.jar, streampipes-extensions-management-0.92.0-SNAPSHOT.jar, streampipes-logging-0.92.0-SNAPSHOT.jar, streampipes-measurement-units-0.92.0-SNAPSHOT.jar, streampipes-messaging-0.92.0-SNAPSHOT.jar, streampipes-messaging-jms-0.92.0-SNAPSHOT.jar, streampipes-messaging-kafka-0.92.0-SNAPSHOT.jar, streampipes-messaging-mqtt-0.92.0-SNAPSHOT.jar, streampipes-messaging-nats-0.92.0-SNAPSHOT.jar, streampipes-model-0.92.0-SNAPSHOT.jar, streampipes-model-client-0.92.0-SNAPSHOT.jar, streampipes-model-shared-0.92.0-SNAPSHOT.jar, streampipes-pipeline-elements-all-flink.jar, streampipes-processors-aggregation-flink-embed.jar, streampipes-processors-enricher-flink.jar, streampipes-processors-geo-flink.jar, streampipes-processors-pattern-detection-flink.jar, streampipes-processors-statistics-flink.jar, streampipes-processors-textmining-flink.jar, streampipes-processors-transformation-flink.jar, streampipes-rest-extensions-0.92.0-SNAPSHOT.jar, streampipes-rest-shared-0.92.0-SNAPSHOT.jar, streampipes-sdk-0.92.0-SNAPSHOT.jar, streampipes-sdk-bundle-0.92.0-SNAPSHOT.jar, streampipes-security-jwt-0.92.0-SNAPSHOT.jar, streampipes-serializers-json-0.92.0-SNAPSHOT.jar, streampipes-service-base-0.92.0-SNAPSHOT.jar, streampipes-service-discovery-0.92.0-SNAPSHOT.jar, streampipes-service-discovery-api-0.92.0-SNAPSHOT.jar, streampipes-service-discovery-consul-0.92.0-SNAPSHOT.jar, streampipes-service-extensions-0.92.0-SNAPSHOT.jar, streampipes-sinks-databases-flink.jar, streampipes-vocabulary-0.92.0-SNAPSHOT.jar, streampipes-wrapper-0.92.0-SNAPSHOT.jar, streampipes-wrapper-distributed-0.92.0-SNAPSHOT.jar, streampipes-wrapper-flink-0.92.0-SNAPSHOT.jar, tomcat-embed-el-10.1.4.jar, woodstox-core-6.4.0.jar, xercesImpl-2.12.2.jar define 1 overlapping resource: 
[WARNING]   - META-INF/LICENSE
[WARNING] jakarta.websocket-client-api-2.1.0.jar, streampipes-processors-enricher-flink.jar, streampipes-processors-geo-flink.jar, streampipes-processors-pattern-detection-flink.jar, streampipes-processors-statistics-flink.jar, streampipes-processors-textmining-flink.jar, streampipes-processors-transformation-flink.jar, streampipes-sinks-databases-flink.jar define 47 overlapping classes and resources: 
[WARNING]   - META-INF/maven/jakarta.websocket/jakarta.websocket-client-api/pom.properties
[WARNING]   - META-INF/maven/jakarta.websocket/jakarta.websocket-client-api/pom.xml
[WARNING]   - jakarta.websocket.ClientEndpoint
[WARNING]   - jakarta.websocket.ClientEndpointConfig
[WARNING]   - jakarta.websocket.ClientEndpointConfig$Builder
[WARNING]   - jakarta.websocket.ClientEndpointConfig$Builder$1
[WARNING]   - jakarta.websocket.ClientEndpointConfig$Configurator
[WARNING]   - jakarta.websocket.CloseReason
[WARNING]   - jakarta.websocket.CloseReason$CloseCode
[WARNING]   - jakarta.websocket.CloseReason$CloseCodes
[WARNING]   - 37 more...
[WARNING] streampipes-processors-enricher-flink.jar, streampipes-processors-geo-flink.jar, streampipes-processors-pattern-detection-flink.jar, streampipes-processors-statistics-flink.jar, streampipes-processors-textmining-flink.jar, streampipes-processors-transformation-flink.jar, streampipes-sinks-databases-flink.jar, type-parser-0.7.0.jar define 33 overlapping classes: 
[WARNING]   - com.github.drapostolos.typeparser.DynamicParser
[WARNING]   - com.github.drapostolos.typeparser.DynamicParsers
[WARNING]   - com.github.drapostolos.typeparser.DynamicParsers$1
[WARNING]   - com.github.drapostolos.typeparser.DynamicParsers$ContainerType
[WARNING]   - com.github.drapostolos.typeparser.DynamicParsers$ContainerType$1
[WARNING]   - com.github.drapostolos.typeparser.DynamicParsers$ContainerType$2
[WARNING]   - com.github.drapostolos.typeparser.DynamicParsers$ContainerType$3
[WARNING]   - com.github.drapostolos.typeparser.DynamicParsers$ContainerType$4
[WARNING]   - com.github.drapostolos.typeparser.DynamicParsers$MandatoryOrOptionalDynamicParser
[WARNING]   - com.github.drapostolos.typeparser.DynamicParsers$NoneContainerType
[WARNING]   - 23 more...
[WARNING] asm-util-9.2.jar, streampipes-processors-enricher-flink.jar, streampipes-processors-geo-flink.jar, streampipes-processors-pattern-detection-flink.jar, streampipes-processors-statistics-flink.jar, streampipes-processors-textmining-flink.jar, streampipes-processors-transformation-flink.jar, streampipes-sinks-databases-flink.jar define 24 overlapping classes: 
[WARNING]   - org.objectweb.asm.util.ASMifier
[WARNING]   - org.objectweb.asm.util.ASMifierSupport
[WARNING]   - org.objectweb.asm.util.CheckAnnotationAdapter
[WARNING]   - org.objectweb.asm.util.CheckClassAdapter
[WARNING]   - org.objectweb.asm.util.CheckClassAdapter$1
[WARNING]   - org.objectweb.asm.util.CheckFieldAdapter
[WARNING]   - org.objectweb.asm.util.CheckMethodAdapter
[WARNING]   - org.objectweb.asm.util.CheckMethodAdapter$1
[WARNING]   - org.objectweb.asm.util.CheckMethodAdapter$Method
[WARNING]   - org.objectweb.asm.util.CheckModuleAdapter
[WARNING]   - 14 more...
[WARNING] jsr305-3.0.2.jar, streampipes-processors-enricher-flink.jar, streampipes-processors-geo-flink.jar, streampipes-processors-pattern-detection-flink.jar, streampipes-processors-statistics-flink.jar, streampipes-processors-textmining-flink.jar, streampipes-processors-transformation-flink.jar, streampipes-sinks-databases-flink.jar define 37 overlapping classes and resources: 
[WARNING]   - META-INF/maven/com.google.code.findbugs/jsr305/pom.properties
[WARNING]   - META-INF/maven/com.google.code.findbugs/jsr305/pom.xml
[WARNING]   - javax.annotation.CheckForNull
[WARNING]   - javax.annotation.CheckForSigned
[WARNING]   - javax.annotation.CheckReturnValue
[WARNING]   - javax.annotation.Detainted
[WARNING]   - javax.annotation.MatchesPattern
[WARNING]   - javax.annotation.MatchesPattern$Checker
[WARNING]   - javax.annotation.Nonnegative
[WARNING]   - javax.annotation.Nonnegative$Checker
[WARNING]   - 27 more...
[WARNING] logback-core-1.4.5.jar, streampipes-processors-enricher-flink.jar, streampipes-processors-geo-flink.jar, streampipes-processors-pattern-detection-flink.jar, streampipes-processors-statistics-flink.jar, streampipes-processors-textmining-flink.jar, streampipes-processors-transformation-flink.jar, streampipes-sinks-databases-flink.jar define 447 overlapping classes and resources: 
[WARNING]   - META-INF/maven/ch.qos.logback/logback-core/pom.properties
[WARNING]   - META-INF/maven/ch.qos.logback/logback-core/pom.xml
[WARNING]   - ch.qos.logback.core.Appender
[WARNING]   - ch.qos.logback.core.AppenderBase
[WARNING]   - ch.qos.logback.core.AsyncAppenderBase
[WARNING]   - ch.qos.logback.core.AsyncAppenderBase$Worker
[WARNING]   - ch.qos.logback.core.BasicStatusManager
[WARNING]   - ch.qos.logback.core.ConsoleAppender
[WARNING]   - ch.qos.logback.core.Context
[WARNING]   - ch.qos.logback.core.ContextBase
[WARNING]   - 437 more...
[WARNING] streampipes-processors-enricher-flink.jar, streampipes-processors-geo-flink.jar, streampipes-processors-pattern-detection-flink.jar, streampipes-processors-statistics-flink.jar, streampipes-processors-textmining-flink.jar, streampipes-processors-transformation-flink.jar, streampipes-rest-extensions-0.92.0-SNAPSHOT.jar, streampipes-sinks-databases-flink.jar define 21 overlapping classes and resources: 
[WARNING]   - META-INF/maven/org.apache.streampipes/streampipes-rest-extensions/pom.properties
[WARNING]   - META-INF/maven/org.apache.streampipes/streampipes-rest-extensions/pom.xml
[WARNING]   - org.apache.streampipes.rest.extensions.AbstractExtensionsResource
[WARNING]   - org.apache.streampipes.rest.extensions.AbstractPipelineElementResource
[WARNING]   - org.apache.streampipes.rest.extensions.WelcomePage
[WARNING]   - org.apache.streampipes.rest.extensions.connect.AdapterAssetResource
[WARNING]   - org.apache.streampipes.rest.extensions.connect.AdapterWorkerResource
[WARNING]   - org.apache.streampipes.rest.extensions.connect.GuessResource
[WARNING]   - org.apache.streampipes.rest.extensions.connect.HttpServerAdapterResource
[WARNING]   - org.apache.streampipes.rest.extensions.connect.RuntimeResolvableResource
[WARNING]   - 11 more...
[WARNING] log4j-to-slf4j-2.19.0.jar, streampipes-processors-enricher-flink.jar, streampipes-processors-geo-flink.jar, streampipes-processors-pattern-detection-flink.jar, streampipes-processors-statistics-flink.jar, streampipes-processors-textmining-flink.jar, streampipes-processors-transformation-flink.jar, streampipes-sinks-databases-flink.jar define 10 overlapping classes and resources: 
[WARNING]   - META-INF/maven/org.apache.logging.log4j/log4j-to-slf4j/pom.properties
[WARNING]   - META-INF/maven/org.apache.logging.log4j/log4j-to-slf4j/pom.xml
[WARNING]   - org.apache.logging.slf4j.Activator
[WARNING]   - org.apache.logging.slf4j.MDCContextMap
[WARNING]   - org.apache.logging.slf4j.SLF4JLogger
[WARNING]   - org.apache.logging.slf4j.SLF4JLogger$1
[WARNING]   - org.apache.logging.slf4j.SLF4JLoggerContext
[WARNING]   - org.apache.logging.slf4j.SLF4JLoggerContextFactory
[WARNING]   - org.apache.logging.slf4j.SLF4JProvider
[WARNING]   - org.apache.logging.slf4j.package-info
[WARNING] akka-stream_2.11-2.5.21.jar, streampipes-processors-enricher-flink.jar, streampipes-processors-geo-flink.jar, streampipes-processors-pattern-detection-flink.jar, streampipes-processors-statistics-flink.jar, streampipes-processors-textmining-flink.jar, streampipes-processors-transformation-flink.jar, streampipes-sinks-databases-flink.jar define 3696 overlapping classes: 
[WARNING]   - akka.stream.AbruptIOTerminationException
[WARNING]   - akka.stream.AbruptIOTerminationException$
[WARNING]   - akka.stream.AbruptStageTerminationException
[WARNING]   - akka.stream.AbruptTerminationException
[WARNING]   - akka.stream.AbruptTerminationException$
[WARNING]   - akka.stream.AbstractShape
[WARNING]   - akka.stream.ActorAttributes
[WARNING]   - akka.stream.ActorAttributes$
[WARNING]   - akka.stream.ActorAttributes$$anonfun$withSupervisionStrategy$1
[WARNING]   - akka.stream.ActorAttributes$Dispatcher
[WARNING]   - 3686 more...
[WARNING] streampipes-sinks-databases-flink.jar, t-digest-3.2.jar define 20 overlapping classes and resources: 
[WARNING]   - META-INF/maven/com.tdunning/t-digest/pom.properties
[WARNING]   - META-INF/maven/com.tdunning/t-digest/pom.xml
[WARNING]   - com.tdunning.math.stats.AVLGroupTree
[WARNING]   - com.tdunning.math.stats.AVLGroupTree$1
[WARNING]   - com.tdunning.math.stats.AVLGroupTree$2
[WARNING]   - com.tdunning.math.stats.AVLTreeDigest
[WARNING]   - com.tdunning.math.stats.AbstractTDigest
[WARNING]   - com.tdunning.math.stats.Centroid
[WARNING]   - com.tdunning.math.stats.FloatHistogram
[WARNING]   - com.tdunning.math.stats.Histogram
[WARNING]   - 10 more...
[WARNING] jopt-simple-5.0.2.jar, streampipes-sinks-databases-flink.jar define 63 overlapping classes and resources: 
[WARNING]   - META-INF/maven/net.sf.jopt-simple/jopt-simple/pom.properties
[WARNING]   - META-INF/maven/net.sf.jopt-simple/jopt-simple/pom.xml
[WARNING]   - joptsimple.AbstractOptionSpec
[WARNING]   - joptsimple.AlternativeLongOptionSpec
[WARNING]   - joptsimple.ArgumentAcceptingOptionSpec
[WARNING]   - joptsimple.ArgumentList
[WARNING]   - joptsimple.BuiltinHelpFormatter
[WARNING]   - joptsimple.BuiltinHelpFormatter$1
[WARNING]   - joptsimple.HelpFormatter
[WARNING]   - joptsimple.IllegalOptionSpecificationException
[WARNING]   - 53 more...
[WARNING] flink-java-1.13.5.jar, streampipes-processors-enricher-flink.jar, streampipes-processors-geo-flink.jar, streampipes-processors-pattern-detection-flink.jar, streampipes-processors-statistics-flink.jar, streampipes-processors-textmining-flink.jar, streampipes-processors-transformation-flink.jar, streampipes-sinks-databases-flink.jar define 274 overlapping classes: 
[WARNING]   - org.apache.flink.api.java.CollectionEnvironment
[WARNING]   - org.apache.flink.api.java.DataSet
[WARNING]   - org.apache.flink.api.java.DataSet$1
[WARNING]   - org.apache.flink.api.java.ExecutionEnvironment
[WARNING]   - org.apache.flink.api.java.ExecutionEnvironmentFactory
[WARNING]   - org.apache.flink.api.java.ExecutionPlanUtil
[WARNING]   - org.apache.flink.api.java.ExecutionPlanUtil$ExecutionPlanJSONGenerator
[WARNING]   - org.apache.flink.api.java.LocalEnvironment
[WARNING]   - org.apache.flink.api.java.RemoteEnvironment
[WARNING]   - org.apache.flink.api.java.RemoteEnvironmentConfigUtils
[WARNING]   - 264 more...
[WARNING] streampipes-model-0.92.0-SNAPSHOT.jar, streampipes-processors-enricher-flink.jar, streampipes-processors-geo-flink.jar, streampipes-processors-pattern-detection-flink.jar, streampipes-processors-statistics-flink.jar, streampipes-processors-textmining-flink.jar, streampipes-processors-transformation-flink.jar, streampipes-sinks-databases-flink.jar define 232 overlapping classes and resources: 
[WARNING]   - META-INF/maven/org.apache.streampipes/streampipes-model/pom.properties
[WARNING]   - META-INF/maven/org.apache.streampipes/streampipes-model/pom.xml
[WARNING]   - org.apache.streampipes.model.AdapterType
[WARNING]   - org.apache.streampipes.model.DataProcessorType
[WARNING]   - org.apache.streampipes.model.DataSinkType
[WARNING]   - org.apache.streampipes.model.Notification
[WARNING]   - org.apache.streampipes.model.NotificationCount
[WARNING]   - org.apache.streampipes.model.Response
[WARNING]   - org.apache.streampipes.model.SpDataSet
[WARNING]   - org.apache.streampipes.model.SpDataStream
[WARNING]   - 222 more...
[WARNING] akka-actor_2.11-2.5.21.jar, streampipes-processors-enricher-flink.jar, streampipes-processors-geo-flink.jar, streampipes-processors-pattern-detection-flink.jar, streampipes-processors-statistics-flink.jar, streampipes-processors-textmining-flink.jar, streampipes-processors-transformation-flink.jar, streampipes-sinks-databases-flink.jar define 2560 overlapping class and resource: 
[WARNING]   - akka.AkkaException
[WARNING]   - akka.AkkaVersion
[WARNING]   - akka.AkkaVersion$
[WARNING]   - akka.ConfigurationException
[WARNING]   - akka.Done
[WARNING]   - akka.Done$
[WARNING]   - akka.Main
[WARNING]   - akka.Main$
[WARNING]   - akka.Main$Terminator
[WARNING]   - akka.Main$Terminator$$anonfun$receive$1
[WARNING]   - 2550 more...
[WARNING] commons-compress-1.22.jar, streampipes-processors-enricher-flink.jar, streampipes-processors-geo-flink.jar, streampipes-processors-pattern-detection-flink.jar, streampipes-processors-statistics-flink.jar, streampipes-processors-textmining-flink.jar, streampipes-processors-transformation-flink.jar, streampipes-sinks-databases-flink.jar define 525 overlapping classes and resources: 
[WARNING]   - META-INF/maven/org.apache.commons/commons-compress/pom.properties
[WARNING]   - META-INF/maven/org.apache.commons/commons-compress/pom.xml
[WARNING]   - org.apache.commons.compress.MemoryLimitException
[WARNING]   - org.apache.commons.compress.PasswordRequiredException
[WARNING]   - org.apache.commons.compress.archivers.ArchiveEntry
[WARNING]   - org.apache.commons.compress.archivers.ArchiveException
[WARNING]   - org.apache.commons.compress.archivers.ArchiveInputStream
[WARNING]   - org.apache.commons.compress.archivers.ArchiveOutputStream
[WARNING]   - org.apache.commons.compress.archivers.ArchiveStreamFactory
[WARNING]   - org.apache.commons.compress.archivers.ArchiveStreamProvider
[WARNING]   - 515 more...
[WARNING] streampipes-logging-0.92.0-SNAPSHOT.jar, streampipes-processors-enricher-flink.jar, streampipes-processors-geo-flink.jar, streampipes-processors-pattern-detection-flink.jar, streampipes-processors-statistics-flink.jar, streampipes-processors-textmining-flink.jar, streampipes-processors-transformation-flink.jar, streampipes-sinks-databases-flink.jar define 8 overlapping classes and resources: 
[WARNING]   - META-INF/maven/org.apache.streampipes/streampipes-logging/pom.properties
[WARNING]   - META-INF/maven/org.apache.streampipes/streampipes-logging/pom.xml
[WARNING]   - org.apache.streampipes.logging.LoggerFactory
[WARNING]   - org.apache.streampipes.logging.api.Logger
[WARNING]   - org.apache.streampipes.logging.impl.EventStatisticLogger
[WARNING]   - org.apache.streampipes.logging.impl.PeLogger
[WARNING]   - org.apache.streampipes.logging.model.Log
[WARNING]   - org.apache.streampipes.logging.model.LogRequest
[WARNING] streampipes-client-0.92.0-SNAPSHOT.jar, streampipes-processors-enricher-flink.jar, streampipes-processors-geo-flink.jar, streampipes-processors-pattern-detection-flink.jar, streampipes-processors-statistics-flink.jar, streampipes-processors-textmining-flink.jar, streampipes-processors-transformation-flink.jar, streampipes-sinks-databases-flink.jar define 48 overlapping classes and resources: 
[WARNING]   - META-INF/maven/org.apache.streampipes/streampipes-client/pom.properties
[WARNING]   - META-INF/maven/org.apache.streampipes/streampipes-client/pom.xml
[WARNING]   - org.apache.streampipes.client.StreamPipesClient
[WARNING]   - org.apache.streampipes.client.StreamPipesCredentials
[WARNING]   - org.apache.streampipes.client.annotation.NotYetImplemented
[WARNING]   - org.apache.streampipes.client.api.AbstractClientApi
[WARNING]   - org.apache.streampipes.client.api.AbstractTypedClientApi
[WARNING]   - org.apache.streampipes.client.api.AdminApi
[WARNING]   - org.apache.streampipes.client.api.CRUDApi
[WARNING]   - org.apache.streampipes.client.api.CustomRequestApi
[WARNING]   - 38 more...
[WARNING] rdf4j-model-api-3.5.0.jar, streampipes-processors-enricher-flink.jar, streampipes-processors-geo-flink.jar, streampipes-processors-pattern-detection-flink.jar, streampipes-processors-statistics-flink.jar, streampipes-processors-textmining-flink.jar, streampipes-processors-transformation-flink.jar, streampipes-sinks-databases-flink.jar define 39 overlapping classes and resources: 
[WARNING]   - META-INF/maven/org.eclipse.rdf4j/rdf4j-model-api/pom.properties
[WARNING]   - META-INF/maven/org.eclipse.rdf4j/rdf4j-model-api/pom.xml
[WARNING]   - org.eclipse.rdf4j.common.annotation.Experimental
[WARNING]   - org.eclipse.rdf4j.common.annotation.InternalUseOnly
[WARNING]   - org.eclipse.rdf4j.model.BNode
[WARNING]   - org.eclipse.rdf4j.model.IRI
[WARNING]   - org.eclipse.rdf4j.model.Literal
[WARNING]   - org.eclipse.rdf4j.model.Model
[WARNING]   - org.eclipse.rdf4j.model.ModelFactory
[WARNING]   - org.eclipse.rdf4j.model.ModelNamespace
[WARNING]   - 29 more...
[WARNING] rdf4j-rio-rdfxml-3.5.0.jar, streampipes-processors-enricher-flink.jar, streampipes-processors-geo-flink.jar, streampipes-processors-pattern-detection-flink.jar, streampipes-processors-statistics-flink.jar, streampipes-processors-textmining-flink.jar, streampipes-processors-transformation-flink.jar, streampipes-sinks-databases-flink.jar define 15 overlapping classes and resources: 
[WARNING]   - META-INF/maven/org.eclipse.rdf4j/rdf4j-rio-rdfxml/pom.properties
[WARNING]   - META-INF/maven/org.eclipse.rdf4j/rdf4j-rio-rdfxml/pom.xml
[WARNING]   - org.eclipse.rdf4j.rio.rdfxml.Att
[WARNING]   - org.eclipse.rdf4j.rio.rdfxml.Atts
[WARNING]   - org.eclipse.rdf4j.rio.rdfxml.RDFXMLParser
[WARNING]   - org.eclipse.rdf4j.rio.rdfxml.RDFXMLParser$NodeElement
[WARNING]   - org.eclipse.rdf4j.rio.rdfxml.RDFXMLParser$PropertyElement
[WARNING]   - org.eclipse.rdf4j.rio.rdfxml.RDFXMLParserFactory
[WARNING]   - org.eclipse.rdf4j.rio.rdfxml.RDFXMLWriter
[WARNING]   - org.eclipse.rdf4j.rio.rdfxml.RDFXMLWriterFactory
[WARNING]   - 5 more...
[WARNING] lucene-spatial-7.7.3.jar, streampipes-sinks-databases-flink.jar define 4 overlapping classes: 
[WARNING]   - org.apache.lucene.spatial.package-info
[WARNING]   - org.apache.lucene.spatial.util.GeoRelationUtils
[WARNING]   - org.apache.lucene.spatial.util.MortonEncoder
[WARNING]   - org.apache.lucene.spatial.util.package-info
[WARNING] hk2-runlevel-3.0.3.jar, streampipes-processors-enricher-flink.jar, streampipes-processors-geo-flink.jar, streampipes-processors-pattern-detection-flink.jar, streampipes-processors-statistics-flink.jar, streampipes-processors-textmining-flink.jar, streampipes-processors-transformation-flink.jar, streampipes-sinks-databases-flink.jar define 41 overlapping classes and resources: 
[WARNING]   - META-INF/hk2-locator/default
[WARNING]   - META-INF/maven/org.glassfish.hk2/hk2-runlevel/pom.properties
[WARNING]   - META-INF/maven/org.glassfish.hk2/hk2-runlevel/pom.xml
[WARNING]   - org.glassfish.hk2.runlevel.ChangeableRunLevelFuture
[WARNING]   - org.glassfish.hk2.runlevel.CurrentlyRunningException
[WARNING]   - org.glassfish.hk2.runlevel.ErrorInformation
[WARNING]   - org.glassfish.hk2.runlevel.ErrorInformation$ErrorAction
[WARNING]   - org.glassfish.hk2.runlevel.ProgressStartedListener
[WARNING]   - org.glassfish.hk2.runlevel.RunLevel
[WARNING]   - org.glassfish.hk2.runlevel.RunLevelContext
[WARNING]   - 31 more...
[WARNING] asm-9.4.jar, streampipes-processors-enricher-flink.jar, streampipes-processors-geo-flink.jar, streampipes-processors-pattern-detection-flink.jar, streampipes-processors-statistics-flink.jar, streampipes-processors-textmining-flink.jar, streampipes-processors-transformation-flink.jar, streampipes-sinks-databases-flink.jar define 37 overlapping classes: 
[WARNING]   - org.objectweb.asm.AnnotationVisitor
[WARNING]   - org.objectweb.asm.AnnotationWriter
[WARNING]   - org.objectweb.asm.Attribute
[WARNING]   - org.objectweb.asm.Attribute$Set
[WARNING]   - org.objectweb.asm.ByteVector
[WARNING]   - org.objectweb.asm.ClassReader
[WARNING]   - org.objectweb.asm.ClassTooLargeException
[WARNING]   - org.objectweb.asm.ClassVisitor
[WARNING]   - org.objectweb.asm.ClassWriter
[WARNING]   - org.objectweb.asm.ConstantDynamic
[WARNING]   - 27 more...
[WARNING] streampipes-processors-enricher-flink.jar, streampipes-processors-geo-flink.jar, streampipes-processors-pattern-detection-flink.jar, streampipes-processors-statistics-flink.jar, streampipes-processors-textmining-flink.jar, streampipes-processors-transformation-flink.jar, streampipes-security-jwt-0.92.0-SNAPSHOT.jar, streampipes-sinks-databases-flink.jar define 8 overlapping classes and resources: 
[WARNING]   - META-INF/maven/org.apache.streampipes/streampipes-security-jwt/pom.properties
[WARNING]   - META-INF/maven/org.apache.streampipes/streampipes-security-jwt/pom.xml
[WARNING]   - org.apache.streampipes.security.jwt.JwtTokenGenerator
[WARNING]   - org.apache.streampipes.security.jwt.JwtTokenUtils
[WARNING]   - org.apache.streampipes.security.jwt.JwtTokenValidator
[WARNING]   - org.apache.streampipes.security.jwt.KeyGenerator
[WARNING]   - org.apache.streampipes.security.jwt.KeyUtils
[WARNING]   - org.apache.streampipes.security.jwt.PublicKeyResolver
[WARNING] aopalliance-repackaged-3.0.3.jar, streampipes-processors-enricher-flink.jar, streampipes-processors-geo-flink.jar, streampipes-processors-pattern-detection-flink.jar, streampipes-processors-statistics-flink.jar, streampipes-processors-textmining-flink.jar, streampipes-processors-transformation-flink.jar, streampipes-sinks-databases-flink.jar define 19 overlapping classes and resources: 
[WARNING]   - META-INF/maven/org.glassfish.hk2.external/aopalliance-repackaged/pom.properties
[WARNING]   - META-INF/maven/org.glassfish.hk2.external/aopalliance-repackaged/pom.xml
[WARNING]   - org.aopalliance.instrument.Instrumentation
[WARNING]   - org.aopalliance.instrument.InstrumentationError
[WARNING]   - org.aopalliance.instrument.Instrumentor
[WARNING]   - org.aopalliance.instrument.UndoNotSupportedException
[WARNING]   - org.aopalliance.intercept.FieldAccess
[WARNING]   - org.aopalliance.intercept.FieldInterceptor
[WARNING]   - org.aopalliance.reflect.Class
[WARNING]   - org.aopalliance.reflect.ClassLocator
[WARNING]   - 9 more...
[WARNING] jackson-dataformat-cbor-2.14.1.jar, streampipes-processors-enricher-flink.jar, streampipes-processors-geo-flink.jar, streampipes-processors-pattern-detection-flink.jar, streampipes-processors-statistics-flink.jar, streampipes-processors-textmining-flink.jar, streampipes-processors-transformation-flink.jar, streampipes-sinks-databases-flink.jar define 16 overlapping classes and resources: 
[WARNING]   - META-INF/maven/com.fasterxml.jackson.dataformat/jackson-dataformat-cbor/pom.properties
[WARNING]   - META-INF/maven/com.fasterxml.jackson.dataformat/jackson-dataformat-cbor/pom.xml
[WARNING]   - com.fasterxml.jackson.dataformat.cbor.CBORConstants
[WARNING]   - com.fasterxml.jackson.dataformat.cbor.CBORFactory
[WARNING]   - com.fasterxml.jackson.dataformat.cbor.CBORFactoryBuilder
[WARNING]   - com.fasterxml.jackson.dataformat.cbor.CBORGenerator
[WARNING]   - com.fasterxml.jackson.dataformat.cbor.CBORGenerator$Feature
[WARNING]   - com.fasterxml.jackson.dataformat.cbor.CBORParser
[WARNING]   - com.fasterxml.jackson.dataformat.cbor.CBORParser$Feature
[WARNING]   - com.fasterxml.jackson.dataformat.cbor.CBORParserBootstrapper
[WARNING]   - 6 more...
[WARNING] javax.activation-api-1.2.0.jar, streampipes-processors-enricher-flink.jar, streampipes-processors-geo-flink.jar, streampipes-processors-pattern-detection-flink.jar, streampipes-processors-statistics-flink.jar, streampipes-processors-textmining-flink.jar, streampipes-processors-transformation-flink.jar, streampipes-sinks-databases-flink.jar define 2 overlapping resources: 
[WARNING]   - META-INF/maven/javax.activation/javax.activation-api/pom.properties
[WARNING]   - META-INF/maven/javax.activation/javax.activation-api/pom.xml
[WARNING] jackson-core-2.14.1.jar, streampipes-processors-enricher-flink.jar, streampipes-processors-geo-flink.jar, streampipes-processors-pattern-detection-flink.jar, streampipes-processors-statistics-flink.jar, streampipes-processors-textmining-flink.jar, streampipes-processors-transformation-flink.jar, streampipes-sinks-databases-flink.jar define 162 overlapping classes and resources: 
[WARNING]   - META-INF/maven/com.fasterxml.jackson.core/jackson-core/pom.properties
[WARNING]   - META-INF/maven/com.fasterxml.jackson.core/jackson-core/pom.xml
[WARNING]   - com.fasterxml.jackson.core.Base64Variant
[WARNING]   - com.fasterxml.jackson.core.Base64Variant$PaddingReadBehaviour
[WARNING]   - com.fasterxml.jackson.core.Base64Variants
[WARNING]   - com.fasterxml.jackson.core.FormatFeature
[WARNING]   - com.fasterxml.jackson.core.FormatSchema
[WARNING]   - com.fasterxml.jackson.core.JacksonException
[WARNING]   - com.fasterxml.jackson.core.JsonEncoding
[WARNING]   - com.fasterxml.jackson.core.JsonFactory
[WARNING]   - 152 more...
[WARNING] jakarta.activation-api-1.2.2.jar, javax.activation-api-1.2.0.jar, streampipes-processors-enricher-flink.jar, streampipes-processors-geo-flink.jar, streampipes-processors-pattern-detection-flink.jar, streampipes-processors-statistics-flink.jar, streampipes-processors-textmining-flink.jar, streampipes-processors-transformation-flink.jar, streampipes-sinks-databases-flink.jar define 31 overlapping classes: 
[WARNING]   - javax.activation.ActivationDataFlavor
[WARNING]   - javax.activation.CommandInfo
[WARNING]   - javax.activation.CommandInfo$Beans
[WARNING]   - javax.activation.CommandInfo$Beans$1
[WARNING]   - javax.activation.CommandMap
[WARNING]   - javax.activation.CommandObject
[WARNING]   - javax.activation.DataContentHandler
[WARNING]   - javax.activation.DataContentHandlerFactory
[WARNING]   - javax.activation.DataHandler
[WARNING]   - javax.activation.DataHandler$1
[WARNING]   - 21 more...
[WARNING] chill-java-0.7.6.jar, streampipes-processors-enricher-flink.jar, streampipes-processors-geo-flink.jar, streampipes-processors-pattern-detection-flink.jar, streampipes-processors-statistics-flink.jar, streampipes-processors-textmining-flink.jar, streampipes-processors-transformation-flink.jar, streampipes-sinks-databases-flink.jar define 54 overlapping classes: 
[WARNING]   - com.twitter.chill.Base64
[WARNING]   - com.twitter.chill.Base64$1
[WARNING]   - com.twitter.chill.Base64$InputStream
[WARNING]   - com.twitter.chill.Base64$OutputStream
[WARNING]   - com.twitter.chill.ClassRegistrar
[WARNING]   - com.twitter.chill.IKryoRegistrar
[WARNING]   - com.twitter.chill.KryoInstantiator
[WARNING]   - com.twitter.chill.KryoInstantiator$1
[WARNING]   - com.twitter.chill.KryoInstantiator$2
[WARNING]   - com.twitter.chill.KryoInstantiator$3
[WARNING]   - 44 more...
[WARNING] streampipes-config-0.92.0-SNAPSHOT.jar, streampipes-processors-enricher-flink.jar, streampipes-processors-geo-flink.jar, streampipes-processors-pattern-detection-flink.jar, streampipes-processors-statistics-flink.jar, streampipes-processors-textmining-flink.jar, streampipes-processors-transformation-flink.jar, streampipes-sinks-databases-flink.jar define 10 overlapping classes and resources: 
[WARNING]   - META-INF/maven/org.apache.streampipes/streampipes-config/pom.properties
[WARNING]   - META-INF/maven/org.apache.streampipes/streampipes-config/pom.xml
[WARNING]   - org.apache.streampipes.config.backend.BackendConfig
[WARNING]   - org.apache.streampipes.config.backend.BackendConfigKeys
[WARNING]   - org.apache.streampipes.config.backend.DefaultMessagingSettings
[WARNING]   - org.apache.streampipes.config.backend.model.EmailConfig
[WARNING]   - org.apache.streampipes.config.backend.model.GeneralConfig
[WARNING]   - org.apache.streampipes.config.backend.model.JwtSigningMode
[WARNING]   - org.apache.streampipes.config.backend.model.LocalAuthConfig
[WARNING]   - org.apache.streampipes.config.backend.model.TransportStrategy
[WARNING] streampipes-processors-enricher-flink.jar, streampipes-processors-geo-flink.jar, streampipes-processors-pattern-detection-flink.jar, streampipes-processors-statistics-flink.jar, streampipes-processors-textmining-flink.jar, streampipes-processors-transformation-flink.jar, streampipes-service-base-0.92.0-SNAPSHOT.jar, streampipes-sinks-databases-flink.jar define 8 overlapping classes and resources: 
[WARNING]   - META-INF/maven/org.apache.streampipes/streampipes-service-base/pom.properties
[WARNING]   - META-INF/maven/org.apache.streampipes/streampipes-service-base/pom.xml
[WARNING]   - logback.xml
[WARNING]   - org.apache.streampipes.service.base.BaseNetworkingConfig
[WARNING]   - org.apache.streampipes.service.base.StreamPipesServiceBase
[WARNING]   - org.apache.streampipes.service.base.rest.BaseResourceConfig
[WARNING]   - org.apache.streampipes.service.base.rest.ServiceHealthResource
[WARNING]   - org.apache.streampipes.service.base.security.UnauthorizedRequestEntryPoint
[WARNING] rdf4j-rio-datatypes-3.5.0.jar, streampipes-processors-enricher-flink.jar, streampipes-processors-geo-flink.jar, streampipes-processors-pattern-detection-flink.jar, streampipes-processors-statistics-flink.jar, streampipes-processors-textmining-flink.jar, streampipes-processors-transformation-flink.jar, streampipes-sinks-databases-flink.jar define 7 overlapping classes and resources: 
[WARNING]   - META-INF/maven/org.eclipse.rdf4j/rdf4j-rio-datatypes/pom.properties
[WARNING]   - META-INF/maven/org.eclipse.rdf4j/rdf4j-rio-datatypes/pom.xml
[WARNING]   - org.eclipse.rdf4j.rio.datatypes.DBPediaDatatypeHandler
[WARNING]   - org.eclipse.rdf4j.rio.datatypes.GeoSPARQLDatatypeHandler
[WARNING]   - org.eclipse.rdf4j.rio.datatypes.RDFDatatypeHandler
[WARNING]   - org.eclipse.rdf4j.rio.datatypes.VirtuosoGeometryDatatypeHandler
[WARNING]   - org.eclipse.rdf4j.rio.datatypes.XMLSchemaDatatypeHandler
[WARNING] jersey-common-3.1.0.jar, streampipes-processors-enricher-flink.jar, streampipes-processors-geo-flink.jar, streampipes-processors-pattern-detection-flink.jar, streampipes-processors-statistics-flink.jar, streampipes-processors-textmining-flink.jar, streampipes-processors-transformation-flink.jar, streampipes-sinks-databases-flink.jar define 875 overlapping classes and resources: 
[WARNING]   - META-INF/maven/org.glassfish.jersey.core/jersey-common/pom.properties
[WARNING]   - META-INF/maven/org.glassfish.jersey.core/jersey-common/pom.xml
[WARNING]   - META-INF/native-image/org.glassfish.jersey.core/jersey-common/reflect-config.json
[WARNING]   - META-INF/native-image/org.glassfish.jersey.core/jersey-common/resource-config.json
[WARNING]   - org.glassfish.jersey.AbstractFeatureConfigurator
[WARNING]   - org.glassfish.jersey.Beta
[WARNING]   - org.glassfish.jersey.CommonProperties
[WARNING]   - org.glassfish.jersey.ExtendedConfig
[WARNING]   - org.glassfish.jersey.ExternalProperties
[WARNING]   - org.glassfish.jersey.InjectionManagerProvider
[WARNING]   - 865 more...
[WARNING] flink-file-sink-common-1.13.5.jar, streampipes-processors-enricher-flink.jar, streampipes-processors-geo-flink.jar, streampipes-processors-pattern-detection-flink.jar, streampipes-processors-statistics-flink.jar, streampipes-processors-textmining-flink.jar, streampipes-processors-transformation-flink.jar, streampipes-sinks-databases-flink.jar define 34 overlapping classes: 
[WARNING]   - org.apache.flink.streaming.api.functions.sink.filesystem.AbstractPartFileWriter
[WARNING]   - org.apache.flink.streaming.api.functions.sink.filesystem.BucketAssigner
[WARNING]   - org.apache.flink.streaming.api.functions.sink.filesystem.BucketAssigner$Context
[WARNING]   - org.apache.flink.streaming.api.functions.sink.filesystem.BucketWriter
[WARNING]   - org.apache.flink.streaming.api.functions.sink.filesystem.BucketWriter$PendingFile
[WARNING]   - org.apache.flink.streaming.api.functions.sink.filesystem.BulkBucketWriter
[WARNING]   - org.apache.flink.streaming.api.functions.sink.filesystem.BulkPartWriter
[WARNING]   - org.apache.flink.streaming.api.functions.sink.filesystem.InProgressFileWriter
[WARNING]   - org.apache.flink.streaming.api.functions.sink.filesystem.InProgressFileWriter$InProgressFileRecoverable
[WARNING]   - org.apache.flink.streaming.api.functions.sink.filesystem.InProgressFileWriter$PendingFileRecoverable
[WARNING]   - 24 more...
[WARNING] javassist-3.25.0-GA.jar, streampipes-processors-enricher-flink.jar, streampipes-processors-geo-flink.jar, streampipes-processors-pattern-detection-flink.jar, streampipes-processors-statistics-flink.jar, streampipes-processors-textmining-flink.jar, streampipes-processors-transformation-flink.jar, streampipes-sinks-databases-flink.jar define 427 overlapping classes and resources: 
[WARNING]   - META-INF/maven/org.javassist/javassist/pom.properties
[WARNING]   - META-INF/maven/org.javassist/javassist/pom.xml
[WARNING]   - javassist.ByteArrayClassPath
[WARNING]   - javassist.ByteArrayClassPath$1
[WARNING]   - javassist.ByteArrayClassPath$BytecodeURLConnection
[WARNING]   - javassist.ByteArrayClassPath$BytecodeURLStreamHandler
[WARNING]   - javassist.CannotCompileException
[WARNING]   - javassist.ClassClassPath
[WARNING]   - javassist.ClassMap
[WARNING]   - javassist.ClassPath
[WARNING]   - 417 more...
[WARNING] elasticsearch-secure-sm-6.8.17.jar, streampipes-sinks-databases-flink.jar define 5 overlapping classes: 
[WARNING]   - org.elasticsearch.secure_sm.SecureSM
[WARNING]   - org.elasticsearch.secure_sm.SecureSM$1
[WARNING]   - org.elasticsearch.secure_sm.SecureSM$2
[WARNING]   - org.elasticsearch.secure_sm.SuppressForbidden
[WARNING]   - org.elasticsearch.secure_sm.ThreadPermission
[WARNING] flink-hadoop-fs-1.13.5.jar, streampipes-processors-enricher-flink.jar, streampipes-processors-geo-flink.jar, streampipes-processors-pattern-detection-flink.jar, streampipes-processors-statistics-flink.jar, streampipes-processors-textmining-flink.jar, streampipes-processors-transformation-flink.jar, streampipes-sinks-databases-flink.jar define 14 overlapping classes: 
[WARNING]   - org.apache.flink.runtime.fs.hdfs.HadoopBlockLocation
[WARNING]   - org.apache.flink.runtime.fs.hdfs.HadoopDataInputStream
[WARNING]   - org.apache.flink.runtime.fs.hdfs.HadoopDataOutputStream
[WARNING]   - org.apache.flink.runtime.fs.hdfs.HadoopFileStatus
[WARNING]   - org.apache.flink.runtime.fs.hdfs.HadoopFileSystem
[WARNING]   - org.apache.flink.runtime.fs.hdfs.HadoopFsFactory
[WARNING]   - org.apache.flink.runtime.fs.hdfs.HadoopFsRecoverable
[WARNING]   - org.apache.flink.runtime.fs.hdfs.HadoopRecoverableFsDataOutputStream
[WARNING]   - org.apache.flink.runtime.fs.hdfs.HadoopRecoverableFsDataOutputStream$HadoopFsCommitter
[WARNING]   - org.apache.flink.runtime.fs.hdfs.HadoopRecoverableSerializer
[WARNING]   - 4 more...
[WARNING] elasticsearch-core-6.8.17.jar, streampipes-sinks-databases-flink.jar define 18 overlapping classes: 
[WARNING]   - META-INF.versions.9.org.elasticsearch.core.internal.io.Streams
[WARNING]   - org.elasticsearch.bootstrap.JarHell
[WARNING]   - org.elasticsearch.bootstrap.JarHell$1
[WARNING]   - org.elasticsearch.bootstrap.JavaVersion
[WARNING]   - org.elasticsearch.common.Booleans
[WARNING]   - org.elasticsearch.common.CharArrays
[WARNING]   - org.elasticsearch.common.CheckedFunction
[WARNING]   - org.elasticsearch.common.Glob
[WARNING]   - org.elasticsearch.common.Nullable
[WARNING]   - org.elasticsearch.common.SuppressForbidden
[WARNING]   - 8 more...
[WARNING] hk2-api-3.0.3.jar, streampipes-processors-enricher-flink.jar, streampipes-processors-geo-flink.jar, streampipes-processors-pattern-detection-flink.jar, streampipes-processors-statistics-flink.jar, streampipes-processors-textmining-flink.jar, streampipes-processors-transformation-flink.jar, streampipes-sinks-databases-flink.jar define 179 overlapping classes and resources: 
[WARNING]   - META-INF/maven/org.glassfish.hk2/hk2-api/pom.properties
[WARNING]   - META-INF/maven/org.glassfish.hk2/hk2-api/pom.xml
[WARNING]   - org.glassfish.hk2.api.AOPProxyCtl
[WARNING]   - org.glassfish.hk2.api.ActiveDescriptor
[WARNING]   - org.glassfish.hk2.api.AnnotationLiteral
[WARNING]   - org.glassfish.hk2.api.AnnotationLiteral$1
[WARNING]   - org.glassfish.hk2.api.AnnotationLiteral$2
[WARNING]   - org.glassfish.hk2.api.ClassAnalyzer
[WARNING]   - org.glassfish.hk2.api.Context
[WARNING]   - org.glassfish.hk2.api.ContractIndicator
[WARNING]   - 169 more...
[WARNING] flink-connector-base-1.13.5.jar, streampipes-processors-enricher-flink.jar, streampipes-processors-geo-flink.jar, streampipes-processors-pattern-detection-flink.jar, streampipes-processors-statistics-flink.jar, streampipes-processors-textmining-flink.jar, streampipes-processors-transformation-flink.jar, streampipes-sinks-databases-flink.jar define 43 overlapping classes: 
[WARNING]   - org.apache.flink.connector.base.source.hybrid.HybridSource
[WARNING]   - org.apache.flink.connector.base.source.hybrid.HybridSource$1
[WARNING]   - org.apache.flink.connector.base.source.hybrid.HybridSource$HybridSourceBuilder
[WARNING]   - org.apache.flink.connector.base.source.hybrid.HybridSource$PassthroughSourceFactory
[WARNING]   - org.apache.flink.connector.base.source.hybrid.HybridSource$SourceFactory
[WARNING]   - org.apache.flink.connector.base.source.hybrid.HybridSource$SourceListEntry
[WARNING]   - org.apache.flink.connector.base.source.hybrid.HybridSource$SourceSwitchContext
[WARNING]   - org.apache.flink.connector.base.source.hybrid.HybridSourceEnumeratorState
[WARNING]   - org.apache.flink.connector.base.source.hybrid.HybridSourceEnumeratorStateSerializer
[WARNING]   - org.apache.flink.connector.base.source.hybrid.HybridSourceReader
[WARNING]   - 33 more...
[WARNING] hk2-utils-3.0.3.jar, streampipes-processors-enricher-flink.jar, streampipes-processors-geo-flink.jar, streampipes-processors-pattern-detection-flink.jar, streampipes-processors-statistics-flink.jar, streampipes-processors-textmining-flink.jar, streampipes-processors-transformation-flink.jar, streampipes-sinks-databases-flink.jar define 82 overlapping classes and resources: 
[WARNING]   - META-INF/maven/org.glassfish.hk2/hk2-utils/pom.properties
[WARNING]   - META-INF/maven/org.glassfish.hk2/hk2-utils/pom.xml
[WARNING]   - org.glassfish.hk2.utilities.cache.Cache
[WARNING]   - org.glassfish.hk2.utilities.cache.Cache$1
[WARNING]   - org.glassfish.hk2.utilities.cache.Cache$CycleHandler
[WARNING]   - org.glassfish.hk2.utilities.cache.Cache$OriginThreadAwareFuture
[WARNING]   - org.glassfish.hk2.utilities.cache.Cache$OriginThreadAwareFuture$1
[WARNING]   - org.glassfish.hk2.utilities.cache.CacheEntry
[WARNING]   - org.glassfish.hk2.utilities.cache.CacheKeyFilter
[WARNING]   - org.glassfish.hk2.utilities.cache.CacheUtilities
[WARNING]   - 72 more...
[WARNING] objenesis-3.3.jar, streampipes-processors-enricher-flink.jar, streampipes-processors-geo-flink.jar, streampipes-processors-pattern-detection-flink.jar, streampipes-processors-statistics-flink.jar, streampipes-processors-textmining-flink.jar, streampipes-processors-transformation-flink.jar, streampipes-sinks-databases-flink.jar define 43 overlapping classes: 
[WARNING]   - org.objenesis.Objenesis
[WARNING]   - org.objenesis.ObjenesisBase
[WARNING]   - org.objenesis.ObjenesisException
[WARNING]   - org.objenesis.ObjenesisHelper
[WARNING]   - org.objenesis.ObjenesisSerializer
[WARNING]   - org.objenesis.ObjenesisStd
[WARNING]   - org.objenesis.instantiator.ObjectInstantiator
[WARNING]   - org.objenesis.instantiator.SerializationInstantiatorHelper
[WARNING]   - org.objenesis.instantiator.android.Android10Instantiator
[WARNING]   - org.objenesis.instantiator.android.Android17Instantiator
[WARNING]   - 33 more...
[WARNING] lang-mustache-client-6.8.17.jar, streampipes-sinks-databases-flink.jar define 34 overlapping classes: 
[WARNING]   - org.elasticsearch.script.mustache.CustomMustacheFactory
[WARNING]   - org.elasticsearch.script.mustache.CustomMustacheFactory$CustomCode
[WARNING]   - org.elasticsearch.script.mustache.CustomMustacheFactory$CustomJoinerCode
[WARNING]   - org.elasticsearch.script.mustache.CustomMustacheFactory$CustomMustacheVisitor
[WARNING]   - org.elasticsearch.script.mustache.CustomMustacheFactory$DefaultEncoder
[WARNING]   - org.elasticsearch.script.mustache.CustomMustacheFactory$Encoder
[WARNING]   - org.elasticsearch.script.mustache.CustomMustacheFactory$JoinerCode
[WARNING]   - org.elasticsearch.script.mustache.CustomMustacheFactory$JsonEscapeEncoder
[WARNING]   - org.elasticsearch.script.mustache.CustomMustacheFactory$ToJsonCode
[WARNING]   - org.elasticsearch.script.mustache.CustomMustacheFactory$UrlEncoder
[WARNING]   - 24 more...
[WARNING] jersey-client-3.1.0.jar, streampipes-processors-enricher-flink.jar, streampipes-processors-geo-flink.jar, streampipes-processors-pattern-detection-flink.jar, streampipes-processors-statistics-flink.jar, streampipes-processors-textmining-flink.jar, streampipes-processors-transformation-flink.jar, streampipes-sinks-databases-flink.jar define 173 overlapping classes and resources: 
[WARNING]   - META-INF/maven/org.glassfish.jersey.core/jersey-client/pom.properties
[WARNING]   - META-INF/maven/org.glassfish.jersey.core/jersey-client/pom.xml
[WARNING]   - META-INF/native-image/org.glassfish.jersey.core/jersey-client/reflect-config.json
[WARNING]   - META-INF/native-image/org.glassfish.jersey.core/jersey-client/resource-config.json
[WARNING]   - org.glassfish.jersey.client.AbortException
[WARNING]   - org.glassfish.jersey.client.AbstractNonSyncInvoker
[WARNING]   - org.glassfish.jersey.client.AbstractRxInvoker
[WARNING]   - org.glassfish.jersey.client.ChunkParser
[WARNING]   - org.glassfish.jersey.client.ChunkedInput
[WARNING]   - org.glassfish.jersey.client.ChunkedInput$1
[WARNING]   - 163 more...
[WARNING] elasticsearch-x-content-6.8.17.jar, streampipes-sinks-databases-flink.jar define 80 overlapping classes: 
[WARNING]   - org.elasticsearch.common.ParseField
[WARNING]   - org.elasticsearch.common.ParseField$CommonFields
[WARNING]   - org.elasticsearch.common.xcontent.AbstractObjectParser
[WARNING]   - org.elasticsearch.common.xcontent.AbstractObjectParser$IOSupplier
[WARNING]   - org.elasticsearch.common.xcontent.ConstructingObjectParser
[WARNING]   - org.elasticsearch.common.xcontent.ConstructingObjectParser$ConstructorArgInfo
[WARNING]   - org.elasticsearch.common.xcontent.ConstructingObjectParser$Target
[WARNING]   - org.elasticsearch.common.xcontent.ContextParser
[WARNING]   - org.elasticsearch.common.xcontent.DeprecationHandler
[WARNING]   - org.elasticsearch.common.xcontent.DeprecationHandler$1
[WARNING]   - 70 more...
[WARNING] snappy-java-1.1.7.7.jar, streampipes-processors-enricher-flink.jar, streampipes-processors-geo-flink.jar, streampipes-processors-pattern-detection-flink.jar, streampipes-processors-statistics-flink.jar, streampipes-processors-textmining-flink.jar, streampipes-processors-transformation-flink.jar, streampipes-sinks-databases-flink.jar define 69 overlapping classes and resources: 
[WARNING]   - org.xerial.snappy.BitShuffle
[WARNING]   - org.xerial.snappy.BitShuffleNative
[WARNING]   - org.xerial.snappy.BitShuffleType
[WARNING]   - org.xerial.snappy.OSInfo
[WARNING]   - org.xerial.snappy.PureJavaCrc32C
[WARNING]   - org.xerial.snappy.Snappy
[WARNING]   - org.xerial.snappy.SnappyApi
[WARNING]   - org.xerial.snappy.SnappyBundleActivator
[WARNING]   - org.xerial.snappy.SnappyCodec
[WARNING]   - org.xerial.snappy.SnappyError
[WARNING]   - 59 more...
[WARNING] rdf4j-rio-turtle-3.5.0.jar, streampipes-processors-enricher-flink.jar, streampipes-processors-geo-flink.jar, streampipes-processors-pattern-detection-flink.jar, streampipes-processors-statistics-flink.jar, streampipes-processors-textmining-flink.jar, streampipes-processors-transformation-flink.jar, streampipes-sinks-databases-flink.jar define 16 overlapping classes and resources: 
[WARNING]   - META-INF/maven/org.eclipse.rdf4j/rdf4j-rio-turtle/pom.properties
[WARNING]   - META-INF/maven/org.eclipse.rdf4j/rdf4j-rio-turtle/pom.xml
[WARNING]   - org.eclipse.rdf4j.rio.turtle.ArrangedWriter
[WARNING]   - org.eclipse.rdf4j.rio.turtle.ArrangedWriter$1
[WARNING]   - org.eclipse.rdf4j.rio.turtle.ArrangedWriter$SubjectInContext
[WARNING]   - org.eclipse.rdf4j.rio.turtle.TurtleParser
[WARNING]   - org.eclipse.rdf4j.rio.turtle.TurtleParserFactory
[WARNING]   - org.eclipse.rdf4j.rio.turtle.TurtleUtil
[WARNING]   - org.eclipse.rdf4j.rio.turtle.TurtleWriter
[WARNING]   - org.eclipse.rdf4j.rio.turtle.TurtleWriter$1
[WARNING]   - 6 more...
[WARNING] jersey-entity-filtering-3.1.0.jar, streampipes-processors-enricher-flink.jar, streampipes-processors-geo-flink.jar, streampipes-processors-pattern-detection-flink.jar, streampipes-processors-statistics-flink.jar, streampipes-processors-textmining-flink.jar, streampipes-processors-transformation-flink.jar, streampipes-sinks-databases-flink.jar define 62 overlapping classes and resources: 
[WARNING]   - META-INF/maven/org.glassfish.jersey.ext/jersey-entity-filtering/pom.properties
[WARNING]   - META-INF/maven/org.glassfish.jersey.ext/jersey-entity-filtering/pom.xml
[WARNING]   - org.glassfish.jersey.message.filtering.CommonScopeProvider
[WARNING]   - org.glassfish.jersey.message.filtering.DefaultEntityProcessor
[WARNING]   - org.glassfish.jersey.message.filtering.DefaultEntityProcessor$1
[WARNING]   - org.glassfish.jersey.message.filtering.EmptyEntityGraphImpl
[WARNING]   - org.glassfish.jersey.message.filtering.EmptyObjectGraph
[WARNING]   - org.glassfish.jersey.message.filtering.EntityFiltering
[WARNING]   - org.glassfish.jersey.message.filtering.EntityFilteringBinder
[WARNING]   - org.glassfish.jersey.message.filtering.EntityFilteringBinder$1
[WARNING]   - 52 more...
[WARNING] streampipes-model-client-0.92.0-SNAPSHOT.jar, streampipes-processors-enricher-flink.jar, streampipes-processors-geo-flink.jar, streampipes-processors-pattern-detection-flink.jar, streampipes-processors-statistics-flink.jar, streampipes-processors-textmining-flink.jar, streampipes-processors-transformation-flink.jar, streampipes-sinks-databases-flink.jar define 78 overlapping classes and resources: 
[WARNING]   - META-INF/maven/org.apache.streampipes/streampipes-model-client/pom.properties
[WARNING]   - META-INF/maven/org.apache.streampipes/streampipes-model-client/pom.xml
[WARNING]   - org.apache.streampipes.model.client.Category
[WARNING]   - org.apache.streampipes.model.client.RunningVisualization
[WARNING]   - org.apache.streampipes.model.client.assetdashboard.AssetDashboardConfig
[WARNING]   - org.apache.streampipes.model.client.assetdashboard.CanvasAttributes
[WARNING]   - org.apache.streampipes.model.client.assetdashboard.CanvasElement
[WARNING]   - org.apache.streampipes.model.client.assetdashboard.ImageInfo
[WARNING]   - org.apache.streampipes.model.client.connection.Connection
[WARNING]   - org.apache.streampipes.model.client.deployment.DeploymentConfiguration
[WARNING]   - 68 more...
[WARNING] gson-2.10.jar, jackson-core-2.14.1.jar, jackson-databind-2.14.1.jar, jackson-dataformat-cbor-2.14.1.jar, jackson-dataformat-smile-2.14.1.jar, jackson-dataformat-xml-2.14.1.jar, jackson-dataformat-yaml-2.14.1.jar, jackson-datatype-jdk8-2.14.1.jar, jackson-datatype-jsr310-2.14.1.jar, jackson-module-parameter-names-2.14.1.jar, log4j-api-2.19.0.jar, nimbus-jose-jwt-9.30.1.jar, slf4j-api-2.0.6.jar, streampipes-processors-enricher-flink.jar, streampipes-processors-geo-flink.jar, streampipes-processors-pattern-detection-flink.jar, streampipes-processors-statistics-flink.jar, streampipes-processors-textmining-flink.jar, streampipes-processors-transformation-flink.jar, streampipes-sinks-databases-flink.jar define 1 overlapping classes: 
[WARNING]   - META-INF.versions.9.module-info
[WARNING] scopt_2.11-3.5.0.jar, streampipes-processors-enricher-flink.jar, streampipes-processors-geo-flink.jar, streampipes-processors-pattern-detection-flink.jar, streampipes-processors-statistics-flink.jar, streampipes-processors-textmining-flink.jar, streampipes-processors-transformation-flink.jar, streampipes-sinks-databases-flink.jar define 126 overlapping classes: 
[WARNING]   - scopt.Arg
[WARNING]   - scopt.Arg$
[WARNING]   - scopt.Check
[WARNING]   - scopt.Check$
[WARNING]   - scopt.Cmd
[WARNING]   - scopt.Cmd$
[WARNING]   - scopt.Head
[WARNING]   - scopt.Head$
[WARNING]   - scopt.Note
[WARNING]   - scopt.Note$
[WARNING]   - 116 more...
[WARNING] hk2-locator-3.0.3.jar, streampipes-processors-enricher-flink.jar, streampipes-processors-geo-flink.jar, streampipes-processors-pattern-detection-flink.jar, streampipes-processors-statistics-flink.jar, streampipes-processors-textmining-flink.jar, streampipes-processors-transformation-flink.jar, streampipes-sinks-databases-flink.jar define 101 overlapping classes and resources: 
[WARNING]   - META-INF/maven/org.glassfish.hk2/hk2-locator/pom.properties
[WARNING]   - META-INF/maven/org.glassfish.hk2/hk2-locator/pom.xml
[WARNING]   - org.jvnet.hk2.external.generator.ServiceLocatorGeneratorImpl
[WARNING]   - org.jvnet.hk2.external.runtime.Hk2LocatorUtilities
[WARNING]   - org.jvnet.hk2.external.runtime.Hk2LocatorUtilities$1
[WARNING]   - org.jvnet.hk2.external.runtime.ServiceLocatorRuntimeBean
[WARNING]   - org.jvnet.hk2.internal.AnnotatedElementAnnotationInfo
[WARNING]   - org.jvnet.hk2.internal.AutoActiveDescriptor
[WARNING]   - org.jvnet.hk2.internal.CacheKey
[WARNING]   - org.jvnet.hk2.internal.CacheKey$1
[WARNING]   - 91 more...
[WARNING] language-detector-0.6.jar, streampipes-processors-textmining-flink.jar define 137 overlapping classes and resources: 
[WARNING]   - META-INF/maven/com.optimaize.languagedetector/language-detector/pom.properties
[WARNING]   - META-INF/maven/com.optimaize.languagedetector/language-detector/pom.xml
[WARNING]   - README.md
[WARNING]   - com.optimaize.langdetect.DetectedLanguage
[WARNING]   - com.optimaize.langdetect.LanguageDetector
[WARNING]   - com.optimaize.langdetect.LanguageDetectorBuilder
[WARNING]   - com.optimaize.langdetect.LanguageDetectorImpl
[WARNING]   - com.optimaize.langdetect.LanguageDetectorImpl$1
[WARNING]   - com.optimaize.langdetect.NgramFrequencyData
[WARNING]   - com.optimaize.langdetect.cybozu.CommandLineInterface
[WARNING]   - 127 more...
[WARNING] flink-runtime_2.11-1.13.5.jar, streampipes-processors-enricher-flink.jar, streampipes-processors-geo-flink.jar, streampipes-processors-pattern-detection-flink.jar, streampipes-processors-statistics-flink.jar, streampipes-processors-textmining-flink.jar, streampipes-processors-transformation-flink.jar, streampipes-sinks-databases-flink.jar define 5482 overlapping classes and resources: 
[WARNING]   - .flink-runtime.version.properties
[WARNING]   - META-INF/licenses/LICENSE.base64
[WARNING]   - META-INF/licenses/LICENSE.jsr166y
[WARNING]   - META-INF/licenses/LICENSE.jzlib
[WARNING]   - META-INF/licenses/LICENSE.webbit
[WARNING]   - akka.actor.RobustActorSystem
[WARNING]   - akka.actor.RobustActorSystem$
[WARNING]   - akka.actor.RobustActorSystem$$anonfun$1
[WARNING]   - akka.actor.RobustActorSystem$$anonfun$2
[WARNING]   - akka.actor.RobustActorSystem$$anonfun$3
[WARNING]   - 5472 more...
[WARNING] jersey-media-json-jackson-3.1.0.jar, streampipes-processors-enricher-flink.jar, streampipes-processors-geo-flink.jar, streampipes-processors-pattern-detection-flink.jar, streampipes-processors-statistics-flink.jar, streampipes-processors-textmining-flink.jar, streampipes-processors-transformation-flink.jar, streampipes-sinks-databases-flink.jar define 44 overlapping classes and resources: 
[WARNING]   - META-INF/maven/org.glassfish.jersey.media/jersey-media-json-jackson/pom.properties
[WARNING]   - META-INF/maven/org.glassfish.jersey.media/jersey-media-json-jackson/pom.xml
[WARNING]   - org.glassfish.jersey.jackson.JacksonFeature
[WARNING]   - org.glassfish.jersey.jackson.internal.DefaultJacksonJaxbJsonProvider
[WARNING]   - org.glassfish.jersey.jackson.internal.FilteringJacksonJaxbJsonProvider
[WARNING]   - org.glassfish.jersey.jackson.internal.FilteringJacksonJaxbJsonProvider$1
[WARNING]   - org.glassfish.jersey.jackson.internal.FilteringJacksonJaxbJsonProvider$FilteringObjectWriterModifier
[WARNING]   - org.glassfish.jersey.jackson.internal.FilteringJacksonJaxbJsonProvider$FilteringObjectWriterModifier$1
[WARNING]   - org.glassfish.jersey.jackson.internal.JacksonAutoDiscoverable
[WARNING]   - org.glassfish.jersey.jackson.internal.JacksonFilteringFeature
[WARNING]   - 34 more...
[WARNING] commons-logging-1.2.jar, streampipes-processors-enricher-flink.jar, streampipes-processors-geo-flink.jar, streampipes-processors-pattern-detection-flink.jar, streampipes-processors-statistics-flink.jar, streampipes-processors-textmining-flink.jar, streampipes-processors-transformation-flink.jar, streampipes-sinks-databases-flink.jar define 25 overlapping classes and resources: 
[WARNING]   - META-INF/maven/commons-logging/commons-logging/pom.properties
[WARNING]   - META-INF/maven/commons-logging/commons-logging/pom.xml
[WARNING]   - org.apache.commons.logging.LogConfigurationException
[WARNING]   - org.apache.commons.logging.LogFactory$2
[WARNING]   - org.apache.commons.logging.LogFactory$3
[WARNING]   - org.apache.commons.logging.LogFactory$4
[WARNING]   - org.apache.commons.logging.LogFactory$5
[WARNING]   - org.apache.commons.logging.LogFactory$6
[WARNING]   - org.apache.commons.logging.LogSource
[WARNING]   - org.apache.commons.logging.impl.AvalonLogger
[WARNING]   - 15 more...
[WARNING] jersey-spring6-3.1.0.jar, streampipes-processors-enricher-flink.jar, streampipes-processors-geo-flink.jar, streampipes-processors-pattern-detection-flink.jar, streampipes-processors-statistics-flink.jar, streampipes-processors-textmining-flink.jar, streampipes-processors-transformation-flink.jar, streampipes-sinks-databases-flink.jar define 27 overlapping classes and resources: 
[WARNING]   - META-INF.versions.17.org.glassfish.jersey.server.spring.AutowiredInjectResolver
[WARNING]   - META-INF.versions.17.org.glassfish.jersey.server.spring.LocalizationMessages
[WARNING]   - META-INF.versions.17.org.glassfish.jersey.server.spring.LocalizationMessages$1
[WARNING]   - META-INF.versions.17.org.glassfish.jersey.server.spring.LocalizationMessages$BundleSupplier
[WARNING]   - META-INF.versions.17.org.glassfish.jersey.server.spring.SpringComponentProvider
[WARNING]   - META-INF.versions.17.org.glassfish.jersey.server.spring.SpringComponentProvider$1
[WARNING]   - META-INF.versions.17.org.glassfish.jersey.server.spring.SpringComponentProvider$SpringManagedBeanFactory
[WARNING]   - META-INF.versions.17.org.glassfish.jersey.server.spring.SpringLifecycleListener
[WARNING]   - META-INF.versions.17.org.glassfish.jersey.server.spring.SpringWebApplicationInitializer
[WARNING]   - META-INF.versions.17.org.glassfish.jersey.server.spring.scope.JaxrsRequestAttributes
[WARNING]   - 17 more...
[WARNING] activemq-client-5.17.3.jar, streampipes-processors-enricher-flink.jar, streampipes-processors-geo-flink.jar, streampipes-processors-pattern-detection-flink.jar, streampipes-processors-statistics-flink.jar, streampipes-processors-textmining-flink.jar, streampipes-processors-transformation-flink.jar, streampipes-sinks-databases-flink.jar define 887 overlapping classes and resources: 
[WARNING]   - META-INF/maven/org.apache.activemq/activemq-client/pom.properties
[WARNING]   - META-INF/maven/org.apache.activemq/activemq-client/pom.xml
[WARNING]   - org.apache.activemq.ActiveMQConnection
[WARNING]   - org.apache.activemq.ActiveMQConnection$1
[WARNING]   - org.apache.activemq.ActiveMQConnection$2
[WARNING]   - org.apache.activemq.ActiveMQConnection$3
[WARNING]   - org.apache.activemq.ActiveMQConnection$3$1
[WARNING]   - org.apache.activemq.ActiveMQConnection$4
[WARNING]   - org.apache.activemq.ActiveMQConnection$5
[WARNING]   - org.apache.activemq.ActiveMQConnection$6
[WARNING]   - 877 more...
[WARNING] jboss-threads-3.5.0.Final.jar, streampipes-processors-enricher-flink.jar, streampipes-processors-geo-flink.jar, streampipes-processors-pattern-detection-flink.jar, streampipes-processors-statistics-flink.jar, streampipes-processors-textmining-flink.jar, streampipes-processors-transformation-flink.jar, streampipes-sinks-databases-flink.jar define 86 overlapping classes and resources: 
[WARNING]   - META-INF.versions.9.org.jboss.threads.JDKSpecific
[WARNING]   - META-INF/maven/org.jboss.threads/jboss-threads/pom.properties
[WARNING]   - META-INF/maven/org.jboss.threads/jboss-threads/pom.xml
[WARNING]   - org.jboss.threads.ContextClassLoaderSavingRunnable
[WARNING]   - org.jboss.threads.ContextHandler
[WARNING]   - org.jboss.threads.ContextHandler$1
[WARNING]   - org.jboss.threads.DeclaredFieldAction
[WARNING]   - org.jboss.threads.DelegatingExecutor
[WARNING]   - org.jboss.threads.DelegatingExecutorService
[WARNING]   - org.jboss.threads.DelegatingRunnable
[WARNING]   - 76 more...
[WARNING] jersey-media-multipart-3.1.0.jar, streampipes-processors-enricher-flink.jar, streampipes-processors-geo-flink.jar, streampipes-processors-pattern-detection-flink.jar, streampipes-processors-statistics-flink.jar, streampipes-processors-textmining-flink.jar, streampipes-processors-transformation-flink.jar, streampipes-sinks-databases-flink.jar define 56 overlapping classes and resources: 
[WARNING]   - META-INF/maven/org.glassfish.jersey.media/jersey-media-multipart/pom.properties
[WARNING]   - META-INF/maven/org.glassfish.jersey.media/jersey-media-multipart/pom.xml
[WARNING]   - org.glassfish.jersey.media.multipart.BodyPart
[WARNING]   - org.glassfish.jersey.media.multipart.BodyPartEntity
[WARNING]   - org.glassfish.jersey.media.multipart.BodyPartsList
[WARNING]   - org.glassfish.jersey.media.multipart.Boundary
[WARNING]   - org.glassfish.jersey.media.multipart.ContentDisposition
[WARNING]   - org.glassfish.jersey.media.multipart.ContentDisposition$ContentDispositionBuilder
[WARNING]   - org.glassfish.jersey.media.multipart.FormDataBodyPart
[WARNING]   - org.glassfish.jersey.media.multipart.FormDataContentDisposition
[WARNING]   - 46 more...
[WARNING] jackson-dataformat-smile-2.14.1.jar, streampipes-processors-enricher-flink.jar, streampipes-processors-geo-flink.jar, streampipes-processors-pattern-detection-flink.jar, streampipes-processors-statistics-flink.jar, streampipes-processors-textmining-flink.jar, streampipes-processors-transformation-flink.jar, streampipes-sinks-databases-flink.jar define 23 overlapping classes and resources: 
[WARNING]   - META-INF/maven/com.fasterxml.jackson.dataformat/jackson-dataformat-smile/pom.properties
[WARNING]   - META-INF/maven/com.fasterxml.jackson.dataformat/jackson-dataformat-smile/pom.xml
[WARNING]   - com.fasterxml.jackson.dataformat.smile.PackageVersion
[WARNING]   - com.fasterxml.jackson.dataformat.smile.SmileBufferRecycler
[WARNING]   - com.fasterxml.jackson.dataformat.smile.SmileConstants
[WARNING]   - com.fasterxml.jackson.dataformat.smile.SmileFactory
[WARNING]   - com.fasterxml.jackson.dataformat.smile.SmileFactoryBuilder
[WARNING]   - com.fasterxml.jackson.dataformat.smile.SmileGenerator
[WARNING]   - com.fasterxml.jackson.dataformat.smile.SmileGenerator$Feature
[WARNING]   - com.fasterxml.jackson.dataformat.smile.SmileGenerator$SharedStringNode
[WARNING]   - 13 more...
[WARNING] streampipes-dataformat-json-0.92.0-SNAPSHOT.jar, streampipes-processors-enricher-flink.jar, streampipes-processors-geo-flink.jar, streampipes-processors-pattern-detection-flink.jar, streampipes-processors-statistics-flink.jar, streampipes-processors-textmining-flink.jar, streampipes-processors-transformation-flink.jar, streampipes-sinks-databases-flink.jar define 4 overlapping classes and resources: 
[WARNING]   - META-INF/maven/org.apache.streampipes/streampipes-dataformat-json/pom.properties
[WARNING]   - META-INF/maven/org.apache.streampipes/streampipes-dataformat-json/pom.xml
[WARNING]   - org.apache.streampipes.dataformat.json.JsonDataFormatDefinition
[WARNING]   - org.apache.streampipes.dataformat.json.JsonDataFormatFactory
[WARNING] httpcore-nio-4.4.9.jar, streampipes-sinks-databases-flink.jar define 243 overlapping classes and resources: 
[WARNING]   - META-INF/maven/org.apache.httpcomponents/httpcore-nio/pom.properties
[WARNING]   - META-INF/maven/org.apache.httpcomponents/httpcore-nio/pom.xml
[WARNING]   - org.apache.http.impl.nio.DefaultClientIOEventDispatch
[WARNING]   - org.apache.http.impl.nio.DefaultHttpClientIODispatch
[WARNING]   - org.apache.http.impl.nio.DefaultHttpServerIODispatch
[WARNING]   - org.apache.http.impl.nio.DefaultNHttpClientConnection
[WARNING]   - org.apache.http.impl.nio.DefaultNHttpClientConnectionFactory
[WARNING]   - org.apache.http.impl.nio.DefaultNHttpServerConnection
[WARNING]   - org.apache.http.impl.nio.DefaultNHttpServerConnectionFactory
[WARNING]   - org.apache.http.impl.nio.DefaultServerIOEventDispatch
[WARNING]   - 233 more...
[WARNING] jcip-annotations-1.0-1.jar, streampipes-processors-enricher-flink.jar, streampipes-processors-geo-flink.jar, streampipes-processors-pattern-detection-flink.jar, streampipes-processors-statistics-flink.jar, streampipes-processors-textmining-flink.jar, streampipes-processors-transformation-flink.jar, streampipes-sinks-databases-flink.jar define 6 overlapping classes and resources: 
[WARNING]   - META-INF/maven/com.github.stephenc.jcip/jcip-annotations/pom.properties
[WARNING]   - META-INF/maven/com.github.stephenc.jcip/jcip-annotations/pom.xml
[WARNING]   - net.jcip.annotations.GuardedBy
[WARNING]   - net.jcip.annotations.Immutable
[WARNING]   - net.jcip.annotations.NotThreadSafe
[WARNING]   - net.jcip.annotations.ThreadSafe
[WARNING] spring-aop-6.0.3.jar, spring-beans-6.0.3.jar, spring-context-6.0.3.jar, spring-context-support-6.0.3.jar, spring-core-6.0.3.jar, spring-expression-6.0.3.jar, spring-jcl-6.0.3.jar, spring-web-6.0.3.jar, streampipes-processors-enricher-flink.jar, streampipes-processors-geo-flink.jar, streampipes-processors-pattern-detection-flink.jar, streampipes-processors-statistics-flink.jar, streampipes-processors-textmining-flink.jar, streampipes-processors-transformation-flink.jar, streampipes-sinks-databases-flink.jar define 2 overlapping resources: 
[WARNING]   - META-INF/license.txt
[WARNING]   - META-INF/notice.txt
[WARNING] osgi-resource-locator-1.0.3.jar, streampipes-processors-enricher-flink.jar, streampipes-processors-geo-flink.jar, streampipes-processors-pattern-detection-flink.jar, streampipes-processors-statistics-flink.jar, streampipes-processors-textmining-flink.jar, streampipes-processors-transformation-flink.jar, streampipes-sinks-databases-flink.jar define 14 overlapping classes and resources: 
[WARNING]   - META-INF/maven/org.glassfish.hk2/osgi-resource-locator/pom.properties
[WARNING]   - META-INF/maven/org.glassfish.hk2/osgi-resource-locator/pom.xml
[WARNING]   - org.glassfish.hk2.osgiresourcelocator.Activator
[WARNING]   - org.glassfish.hk2.osgiresourcelocator.ResourceFinder
[WARNING]   - org.glassfish.hk2.osgiresourcelocator.ResourceFinderImpl
[WARNING]   - org.glassfish.hk2.osgiresourcelocator.ServiceLoader
[WARNING]   - org.glassfish.hk2.osgiresourcelocator.ServiceLoader$ProviderFactory
[WARNING]   - org.glassfish.hk2.osgiresourcelocator.ServiceLoaderImpl
[WARNING]   - org.glassfish.hk2.osgiresourcelocator.ServiceLoaderImpl$1
[WARNING]   - org.glassfish.hk2.osgiresourcelocator.ServiceLoaderImpl$2
[WARNING]   - 4 more...
[WARNING] kafka-clients-3.3.1.jar, scala-library-2.13.10.jar, streampipes-processors-enricher-flink.jar, streampipes-processors-geo-flink.jar, streampipes-processors-pattern-detection-flink.jar, streampipes-processors-statistics-flink.jar, streampipes-processors-textmining-flink.jar, streampipes-processors-transformation-flink.jar, streampipes-sinks-databases-flink.jar define 1 overlapping resource: 
[WARNING]   - NOTICE
[WARNING] fluent-hc-4.5.13.jar, streampipes-processors-enricher-flink.jar, streampipes-processors-geo-flink.jar, streampipes-processors-pattern-detection-flink.jar, streampipes-processors-statistics-flink.jar, streampipes-processors-textmining-flink.jar, streampipes-processors-transformation-flink.jar, streampipes-sinks-databases-flink.jar define 16 overlapping classes and resources: 
[WARNING]   - META-INF/maven/org.apache.httpcomponents/fluent-hc/pom.properties
[WARNING]   - META-INF/maven/org.apache.httpcomponents/fluent-hc/pom.xml
[WARNING]   - org.apache.http.client.fluent.Async
[WARNING]   - org.apache.http.client.fluent.Async$ExecRunnable
[WARNING]   - org.apache.http.client.fluent.Content
[WARNING]   - org.apache.http.client.fluent.ContentResponseHandler
[WARNING]   - org.apache.http.client.fluent.Executor
[WARNING]   - org.apache.http.client.fluent.Form
[WARNING]   - org.apache.http.client.fluent.HttpHeader
[WARNING]   - org.apache.http.client.fluent.InternalByteArrayEntity
[WARNING]   - 6 more...
[WARNING] fst-2.57.jar, streampipes-processors-enricher-flink.jar, streampipes-processors-geo-flink.jar, streampipes-processors-pattern-detection-flink.jar, streampipes-processors-statistics-flink.jar, streampipes-processors-textmining-flink.jar, streampipes-processors-transformation-flink.jar, streampipes-sinks-databases-flink.jar define 222 overlapping classes and resources: 
[WARNING]   - META-INF/maven/de.ruedigermoeller/fst/pom.properties
[WARNING]   - META-INF/maven/de.ruedigermoeller/fst/pom.xml
[WARNING]   - org.nustaq.kson.ArgTypes
[WARNING]   - org.nustaq.kson.JSonSerializer
[WARNING]   - org.nustaq.kson.Kson
[WARNING]   - org.nustaq.kson.Kson$Test
[WARNING]   - org.nustaq.kson.KsonArgTypesResolver
[WARNING]   - org.nustaq.kson.KsonCharInput
[WARNING]   - org.nustaq.kson.KsonCharOutput
[WARNING]   - org.nustaq.kson.KsonDeserializer
[WARNING]   - 212 more...
[WARNING] hawtbuf-1.11.jar, streampipes-processors-enricher-flink.jar, streampipes-processors-geo-flink.jar, streampipes-processors-pattern-detection-flink.jar, streampipes-processors-statistics-flink.jar, streampipes-processors-textmining-flink.jar, streampipes-processors-transformation-flink.jar, streampipes-sinks-databases-flink.jar define 35 overlapping classes and resources: 
[WARNING]   - META-INF/maven/org.fusesource.hawtbuf/hawtbuf/pom.properties
[WARNING]   - META-INF/maven/org.fusesource.hawtbuf/hawtbuf/pom.xml
[WARNING]   - org.fusesource.hawtbuf.AbstractVarIntSupport
[WARNING]   - org.fusesource.hawtbuf.AsciiBuffer
[WARNING]   - org.fusesource.hawtbuf.Buffer
[WARNING]   - org.fusesource.hawtbuf.BufferEditor
[WARNING]   - org.fusesource.hawtbuf.BufferEditor$1
[WARNING]   - org.fusesource.hawtbuf.BufferEditor$BigEndianBufferEditor
[WARNING]   - org.fusesource.hawtbuf.BufferEditor$LittleEndianBufferEditor
[WARNING]   - org.fusesource.hawtbuf.BufferInputStream
[WARNING]   - 25 more...
[WARNING] akka-protobuf_2.11-2.5.21.jar, streampipes-processors-enricher-flink.jar, streampipes-processors-geo-flink.jar, streampipes-processors-pattern-detection-flink.jar, streampipes-processors-statistics-flink.jar, streampipes-processors-textmining-flink.jar, streampipes-processors-transformation-flink.jar, streampipes-sinks-databases-flink.jar define 246 overlapping classes: 
[WARNING]   - akka.protobuf.AbstractMessage
[WARNING]   - akka.protobuf.AbstractMessage$1
[WARNING]   - akka.protobuf.AbstractMessage$Builder
[WARNING]   - akka.protobuf.AbstractMessageLite
[WARNING]   - akka.protobuf.AbstractMessageLite$Builder
[WARNING]   - akka.protobuf.AbstractMessageLite$Builder$LimitedInputStream
[WARNING]   - akka.protobuf.AbstractParser
[WARNING]   - akka.protobuf.BlockingRpcChannel
[WARNING]   - akka.protobuf.BlockingService
[WARNING]   - akka.protobuf.BoundedByteString
[WARNING]   - 236 more...
[WARNING] commons-math3-3.6.1.jar, streampipes-processors-enricher-flink.jar, streampipes-processors-geo-flink.jar, streampipes-processors-pattern-detection-flink.jar, streampipes-processors-statistics-flink.jar, streampipes-processors-textmining-flink.jar, streampipes-processors-transformation-flink.jar, streampipes-sinks-databases-flink.jar define 1305 overlapping classes and resources: 
[WARNING]   - META-INF/maven/org.apache.commons/commons-math3/pom.properties
[WARNING]   - META-INF/maven/org.apache.commons/commons-math3/pom.xml
[WARNING]   - assets/org/apache/commons/math3/exception/util/LocalizedFormats_fr.properties
[WARNING]   - assets/org/apache/commons/math3/random/new-joe-kuo-6.1000
[WARNING]   - org.apache.commons.math3.Field
[WARNING]   - org.apache.commons.math3.FieldElement
[WARNING]   - org.apache.commons.math3.RealFieldElement
[WARNING]   - org.apache.commons.math3.analysis.BivariateFunction
[WARNING]   - org.apache.commons.math3.analysis.DifferentiableMultivariateFunction
[WARNING]   - org.apache.commons.math3.analysis.DifferentiableMultivariateVectorFunction
[WARNING]   - 1295 more...
[WARNING] lucene-memory-7.7.3.jar, streampipes-sinks-databases-flink.jar define 21 overlapping classes: 
[WARNING]   - META-INF.versions.9.org.apache.lucene.index.memory.MemoryIndex$Info
[WARNING]   - org.apache.lucene.index.memory.MemoryIndex
[WARNING]   - org.apache.lucene.index.memory.MemoryIndex$1
[WARNING]   - org.apache.lucene.index.memory.MemoryIndex$2
[WARNING]   - org.apache.lucene.index.memory.MemoryIndex$3
[WARNING]   - org.apache.lucene.index.memory.MemoryIndex$4
[WARNING]   - org.apache.lucene.index.memory.MemoryIndex$5
[WARNING]   - org.apache.lucene.index.memory.MemoryIndex$6
[WARNING]   - org.apache.lucene.index.memory.MemoryIndex$7
[WARNING]   - org.apache.lucene.index.memory.MemoryIndex$BinaryDocValuesProducer
[WARNING]   - 11 more...
[WARNING] flink-cep-scala_2.11-1.13.5.jar, streampipes-processors-textmining-flink.jar define 35 overlapping classes: 
[WARNING]   - org.apache.flink.cep.scala.CEP
[WARNING]   - org.apache.flink.cep.scala.CEP$
[WARNING]   - org.apache.flink.cep.scala.PatternStream
[WARNING]   - org.apache.flink.cep.scala.PatternStream$
[WARNING]   - org.apache.flink.cep.scala.PatternStream$$anon$1
[WARNING]   - org.apache.flink.cep.scala.PatternStream$$anon$10
[WARNING]   - org.apache.flink.cep.scala.PatternStream$$anon$2
[WARNING]   - org.apache.flink.cep.scala.PatternStream$$anon$3
[WARNING]   - org.apache.flink.cep.scala.PatternStream$$anon$4
[WARNING]   - org.apache.flink.cep.scala.PatternStream$$anon$5
[WARNING]   - 25 more...
[WARNING] jjwt-jackson-0.11.2.jar, streampipes-processors-enricher-flink.jar, streampipes-processors-geo-flink.jar, streampipes-processors-pattern-detection-flink.jar, streampipes-processors-statistics-flink.jar, streampipes-processors-textmining-flink.jar, streampipes-processors-transformation-flink.jar, streampipes-sinks-databases-flink.jar define 6 overlapping classes and resources: 
[WARNING]   - META-INF/maven/io.jsonwebtoken/jjwt-jackson/pom.properties
[WARNING]   - META-INF/maven/io.jsonwebtoken/jjwt-jackson/pom.xml
[WARNING]   - io.jsonwebtoken.jackson.io.JacksonDeserializer
[WARNING]   - io.jsonwebtoken.jackson.io.JacksonDeserializer$1
[WARNING]   - io.jsonwebtoken.jackson.io.JacksonDeserializer$MappedTypeDeserializer
[WARNING]   - io.jsonwebtoken.jackson.io.JacksonSerializer
[WARNING] streampipes-messaging-kafka-0.92.0-SNAPSHOT.jar, streampipes-processors-enricher-flink.jar, streampipes-processors-geo-flink.jar, streampipes-processors-pattern-detection-flink.jar, streampipes-processors-statistics-flink.jar, streampipes-processors-textmining-flink.jar, streampipes-processors-transformation-flink.jar, streampipes-sinks-databases-flink.jar define 16 overlapping classes and resources: 
[WARNING]   - META-INF/maven/org.apache.streampipes/streampipes-messaging-kafka/pom.properties
[WARNING]   - META-INF/maven/org.apache.streampipes/streampipes-messaging-kafka/pom.xml
[WARNING]   - org.apache.streampipes.messaging.kafka.SpKafkaConsumer
[WARNING]   - org.apache.streampipes.messaging.kafka.SpKafkaConsumer$1
[WARNING]   - org.apache.streampipes.messaging.kafka.SpKafkaProducer
[WARNING]   - org.apache.streampipes.messaging.kafka.SpKafkaProtocol
[WARNING]   - org.apache.streampipes.messaging.kafka.SpKafkaProtocolFactory
[WARNING]   - org.apache.streampipes.messaging.kafka.config.AbstractConfigFactory
[WARNING]   - org.apache.streampipes.messaging.kafka.config.ConsumerConfigFactory
[WARNING]   - org.apache.streampipes.messaging.kafka.config.KafkaConfigAppender
[WARNING]   - 6 more...
[WARNING] flink-queryable-state-client-java-1.13.5.jar, streampipes-processors-enricher-flink.jar, streampipes-processors-geo-flink.jar, streampipes-processors-pattern-detection-flink.jar, streampipes-processors-statistics-flink.jar, streampipes-processors-textmining-flink.jar, streampipes-processors-transformation-flink.jar, streampipes-sinks-databases-flink.jar define 51 overlapping classes: 
[WARNING]   - org.apache.flink.queryablestate.FutureUtils
[WARNING]   - org.apache.flink.queryablestate.KvStateID
[WARNING]   - org.apache.flink.queryablestate.client.QueryableStateClient
[WARNING]   - org.apache.flink.queryablestate.client.QueryableStateClient$StateFactory
[WARNING]   - org.apache.flink.queryablestate.client.VoidNamespace
[WARNING]   - org.apache.flink.queryablestate.client.VoidNamespaceSerializer
[WARNING]   - org.apache.flink.queryablestate.client.VoidNamespaceSerializer$VoidNamespaceSerializerSnapshot
[WARNING]   - org.apache.flink.queryablestate.client.VoidNamespaceTypeInfo
[WARNING]   - org.apache.flink.queryablestate.client.state.ImmutableAggregatingState
[WARNING]   - org.apache.flink.queryablestate.client.state.ImmutableListState
[WARNING]   - 41 more...
[WARNING] lucene-queries-7.7.3.jar, streampipes-sinks-databases-flink.jar define 208 overlapping classes: 
[WARNING]   - org.apache.lucene.queries.BoostingQuery
[WARNING]   - org.apache.lucene.queries.BoostingQuery$1
[WARNING]   - org.apache.lucene.queries.BoostingQuery$1$1
[WARNING]   - org.apache.lucene.queries.CommonTermsQuery
[WARNING]   - org.apache.lucene.queries.CustomScoreProvider
[WARNING]   - org.apache.lucene.queries.CustomScoreQuery
[WARNING]   - org.apache.lucene.queries.CustomScoreQuery$1
[WARNING]   - org.apache.lucene.queries.CustomScoreQuery$CustomScorer
[WARNING]   - org.apache.lucene.queries.CustomScoreQuery$CustomWeight
[WARNING]   - org.apache.lucene.queries.function.BoostedQuery
[WARNING]   - 198 more...
[WARNING] commons-cli-1.3.1.jar, streampipes-processors-enricher-flink.jar, streampipes-processors-geo-flink.jar, streampipes-processors-pattern-detection-flink.jar, streampipes-processors-statistics-flink.jar, streampipes-processors-textmining-flink.jar, streampipes-processors-transformation-flink.jar, streampipes-sinks-databases-flink.jar define 28 overlapping classes and resources: 
[WARNING]   - META-INF/maven/commons-cli/commons-cli/pom.properties
[WARNING]   - META-INF/maven/commons-cli/commons-cli/pom.xml
[WARNING]   - org.apache.commons.cli.AlreadySelectedException
[WARNING]   - org.apache.commons.cli.AmbiguousOptionException
[WARNING]   - org.apache.commons.cli.BasicParser
[WARNING]   - org.apache.commons.cli.CommandLine
[WARNING]   - org.apache.commons.cli.CommandLineParser
[WARNING]   - org.apache.commons.cli.DefaultParser
[WARNING]   - org.apache.commons.cli.GnuParser
[WARNING]   - org.apache.commons.cli.HelpFormatter
[WARNING]   - 18 more...
[WARNING] spring-boot-3.0.1.jar, streampipes-processors-enricher-flink.jar, streampipes-processors-geo-flink.jar, streampipes-processors-pattern-detection-flink.jar, streampipes-processors-statistics-flink.jar, streampipes-processors-textmining-flink.jar, streampipes-processors-transformation-flink.jar, streampipes-sinks-databases-flink.jar define 920 overlapping classes and resources: 
[WARNING]   - META-INF/org/apache/logging/log4j/core/config/plugins/Log4j2Plugins.dat
[WARNING]   - META-INF/spring-boot.kotlin_module
[WARNING]   - log4j2.springboot
[WARNING]   - org.springframework.boot.ApplicationArguments
[WARNING]   - org.springframework.boot.ApplicationContextFactory
[WARNING]   - org.springframework.boot.ApplicationEnvironment
[WARNING]   - org.springframework.boot.ApplicationRunner
[WARNING]   - org.springframework.boot.Banner
[WARNING]   - org.springframework.boot.Banner$Mode
[WARNING]   - org.springframework.boot.BeanDefinitionLoader
[WARNING]   - 910 more...
[WARNING] nekohtml-1.9.13.jar, streampipes-processors-transformation-flink.jar define 63 overlapping classes and resources: 
[WARNING]   - org.cyberneko.html.HTMLAugmentations
[WARNING]   - org.cyberneko.html.HTMLComponent
[WARNING]   - org.cyberneko.html.HTMLConfiguration
[WARNING]   - org.cyberneko.html.HTMLConfiguration$ErrorReporter
[WARNING]   - org.cyberneko.html.HTMLElements
[WARNING]   - org.cyberneko.html.HTMLElements$Element
[WARNING]   - org.cyberneko.html.HTMLElements$ElementList
[WARNING]   - org.cyberneko.html.HTMLEntities
[WARNING]   - org.cyberneko.html.HTMLEntities$IntProperties
[WARNING]   - org.cyberneko.html.HTMLEntities$IntProperties$Entry
[WARNING]   - 53 more...
[WARNING] jackson-datatype-jdk8-2.14.1.jar, streampipes-processors-enricher-flink.jar, streampipes-processors-geo-flink.jar, streampipes-processors-pattern-detection-flink.jar, streampipes-processors-statistics-flink.jar, streampipes-processors-textmining-flink.jar, streampipes-processors-transformation-flink.jar, streampipes-sinks-databases-flink.jar define 24 overlapping classes and resources: 
[WARNING]   - META-INF/maven/com.fasterxml.jackson.datatype/jackson-datatype-jdk8/pom.properties
[WARNING]   - META-INF/maven/com.fasterxml.jackson.datatype/jackson-datatype-jdk8/pom.xml
[WARNING]   - com.fasterxml.jackson.datatype.jdk8.BaseScalarOptionalDeserializer
[WARNING]   - com.fasterxml.jackson.datatype.jdk8.DoubleStreamSerializer
[WARNING]   - com.fasterxml.jackson.datatype.jdk8.IntStreamSerializer
[WARNING]   - com.fasterxml.jackson.datatype.jdk8.Jdk8BeanSerializerModifier
[WARNING]   - com.fasterxml.jackson.datatype.jdk8.Jdk8Deserializers
[WARNING]   - com.fasterxml.jackson.datatype.jdk8.Jdk8Module
[WARNING]   - com.fasterxml.jackson.datatype.jdk8.Jdk8OptionalBeanPropertyWriter
[WARNING]   - com.fasterxml.jackson.datatype.jdk8.Jdk8Serializers
[WARNING]   - 14 more...
[WARNING] scala-java8-compat_2.11-0.7.0.jar, streampipes-processors-enricher-flink.jar, streampipes-processors-geo-flink.jar, streampipes-processors-pattern-detection-flink.jar, streampipes-processors-statistics-flink.jar, streampipes-processors-textmining-flink.jar, streampipes-processors-transformation-flink.jar, streampipes-sinks-databases-flink.jar define 453 overlapping class and resource: 
[WARNING]   - scala-java8-compat.properties
[WARNING]   - scala.compat.java8.FunctionConverters.package
[WARNING]   - scala.compat.java8.FunctionConverters.package$
[WARNING]   - scala.compat.java8.FutureConverters
[WARNING]   - scala.compat.java8.FutureConverters$
[WARNING]   - scala.compat.java8.FutureConverters$$anonfun$fromExecutor$1
[WARNING]   - scala.compat.java8.FutureConverters$$anonfun$fromExecutorService$1
[WARNING]   - scala.compat.java8.FutureConverters$CompletionStageOps
[WARNING]   - scala.compat.java8.FutureConverters$CompletionStageOps$
[WARNING]   - scala.compat.java8.FutureConverters$FutureOps
[WARNING]   - 443 more...
[WARNING] flink-shaded-zookeeper-3-3.4.14-13.0.jar, nekohtml-1.9.13.jar, streampipes-processors-enricher-flink.jar, streampipes-processors-geo-flink.jar, streampipes-processors-pattern-detection-flink.jar, streampipes-processors-statistics-flink.jar, streampipes-processors-textmining-flink.jar, streampipes-processors-transformation-flink.jar, streampipes-sinks-databases-flink.jar define 1 overlapping resource: 
[WARNING]   - LICENSE.txt
[WARNING] HdrHistogram-2.1.9.jar, streampipes-sinks-databases-flink.jar define 61 overlapping classes and resources: 
[WARNING]   - META-INF/maven/org.hdrhistogram/HdrHistogram/pom.properties
[WARNING]   - META-INF/maven/org.hdrhistogram/HdrHistogram/pom.xml
[WARNING]   - org.HdrHistogram.AbstractHistogram
[WARNING]   - org.HdrHistogram.AbstractHistogram$1
[WARNING]   - org.HdrHistogram.AbstractHistogram$AllValues
[WARNING]   - org.HdrHistogram.AbstractHistogram$LinearBucketValues
[WARNING]   - org.HdrHistogram.AbstractHistogram$LogarithmicBucketValues
[WARNING]   - org.HdrHistogram.AbstractHistogram$Percentiles
[WARNING]   - org.HdrHistogram.AbstractHistogram$RecordedValues
[WARNING]   - org.HdrHistogram.AbstractHistogramBase
[WARNING]   - 51 more...
[WARNING] jackson-datatype-jsr310-2.14.1.jar, streampipes-processors-enricher-flink.jar, streampipes-processors-geo-flink.jar, streampipes-processors-pattern-detection-flink.jar, streampipes-processors-statistics-flink.jar, streampipes-processors-textmining-flink.jar, streampipes-processors-transformation-flink.jar, streampipes-sinks-databases-flink.jar define 60 overlapping classes and resources: 
[WARNING]   - META-INF/maven/com.fasterxml.jackson.datatype/jackson-datatype-jsr310/pom.properties
[WARNING]   - META-INF/maven/com.fasterxml.jackson.datatype/jackson-datatype-jsr310/pom.xml
[WARNING]   - com.fasterxml.jackson.datatype.jsr310.DecimalUtils
[WARNING]   - com.fasterxml.jackson.datatype.jsr310.JSR310Module
[WARNING]   - com.fasterxml.jackson.datatype.jsr310.JSR310Module$1
[WARNING]   - com.fasterxml.jackson.datatype.jsr310.JavaTimeModule
[WARNING]   - com.fasterxml.jackson.datatype.jsr310.JavaTimeModule$1
[WARNING]   - com.fasterxml.jackson.datatype.jsr310.PackageVersion
[WARNING]   - com.fasterxml.jackson.datatype.jsr310.deser.DurationDeserializer
[WARNING]   - com.fasterxml.jackson.datatype.jsr310.deser.InstantDeserializer
[WARNING]   - 50 more...
[WARNING] rdf4j-rio-api-3.5.0.jar, streampipes-processors-enricher-flink.jar, streampipes-processors-geo-flink.jar, streampipes-processors-pattern-detection-flink.jar, streampipes-processors-statistics-flink.jar, streampipes-processors-textmining-flink.jar, streampipes-processors-transformation-flink.jar, streampipes-sinks-databases-flink.jar define 76 overlapping classes and resources: 
[WARNING]   - META-INF/maven/org.eclipse.rdf4j/rdf4j-rio-api/pom.properties
[WARNING]   - META-INF/maven/org.eclipse.rdf4j/rdf4j-rio-api/pom.xml
[WARNING]   - org.eclipse.rdf4j.rio.DatatypeHandler
[WARNING]   - org.eclipse.rdf4j.rio.DatatypeHandlerRegistry
[WARNING]   - org.eclipse.rdf4j.rio.DatatypeHandlerRegistry$DatatypeHandlerRegistryHolder
[WARNING]   - org.eclipse.rdf4j.rio.LanguageHandler
[WARNING]   - org.eclipse.rdf4j.rio.LanguageHandlerRegistry
[WARNING]   - org.eclipse.rdf4j.rio.LanguageHandlerRegistry$LanguageHandlerRegistryHolder
[WARNING]   - org.eclipse.rdf4j.rio.ParseErrorListener
[WARNING]   - org.eclipse.rdf4j.rio.ParseLocationListener
[WARNING]   - 66 more...
[WARNING] rdf4j-rio-languages-3.5.0.jar, streampipes-processors-enricher-flink.jar, streampipes-processors-geo-flink.jar, streampipes-processors-pattern-detection-flink.jar, streampipes-processors-statistics-flink.jar, streampipes-processors-textmining-flink.jar, streampipes-processors-transformation-flink.jar, streampipes-sinks-databases-flink.jar define 4 overlapping classes and resources: 
[WARNING]   - META-INF/maven/org.eclipse.rdf4j/rdf4j-rio-languages/pom.properties
[WARNING]   - META-INF/maven/org.eclipse.rdf4j/rdf4j-rio-languages/pom.xml
[WARNING]   - org.eclipse.rdf4j.rio.languages.BCP47LanguageHandler
[WARNING]   - org.eclipse.rdf4j.rio.languages.RFC3066LanguageHandler
[WARNING] jakarta.ws.rs-api-3.1.0.jar, streampipes-processors-enricher-flink.jar, streampipes-processors-geo-flink.jar, streampipes-processors-pattern-detection-flink.jar, streampipes-processors-statistics-flink.jar, streampipes-processors-textmining-flink.jar, streampipes-processors-transformation-flink.jar, streampipes-sinks-databases-flink.jar define 151 overlapping classes and resources: 
[WARNING]   - META-INF/maven/jakarta.ws.rs/jakarta.ws.rs-api/pom.properties
[WARNING]   - META-INF/maven/jakarta.ws.rs/jakarta.ws.rs-api/pom.xml
[WARNING]   - jakarta.ws.rs.ApplicationPath
[WARNING]   - jakarta.ws.rs.BadRequestException
[WARNING]   - jakarta.ws.rs.BeanParam
[WARNING]   - jakarta.ws.rs.ClientErrorException
[WARNING]   - jakarta.ws.rs.ConstrainedTo
[WARNING]   - jakarta.ws.rs.Consumes
[WARNING]   - jakarta.ws.rs.CookieParam
[WARNING]   - jakarta.ws.rs.DELETE
[WARNING]   - 141 more...
[WARNING] aggs-matrix-stats-client-6.8.17.jar, streampipes-sinks-databases-flink.jar define 29 overlapping classes: 
[WARNING]   - org.elasticsearch.search.aggregations.MatrixStatsAggregationBuilders
[WARNING]   - org.elasticsearch.search.aggregations.matrix.MatrixAggregationPlugin
[WARNING]   - org.elasticsearch.search.aggregations.matrix.spi.MatrixStatsNamedXContentProvider
[WARNING]   - org.elasticsearch.search.aggregations.matrix.stats.InternalMatrixStats
[WARNING]   - org.elasticsearch.search.aggregations.matrix.stats.InternalMatrixStats$Fields
[WARNING]   - org.elasticsearch.search.aggregations.matrix.stats.MatrixStats
[WARNING]   - org.elasticsearch.search.aggregations.matrix.stats.MatrixStatsAggregationBuilder
[WARNING]   - org.elasticsearch.search.aggregations.matrix.stats.MatrixStatsAggregator
[WARNING]   - org.elasticsearch.search.aggregations.matrix.stats.MatrixStatsAggregator$1
[WARNING]   - org.elasticsearch.search.aggregations.matrix.stats.MatrixStatsAggregatorFactory
[WARNING]   - 19 more...
[WARNING] jakarta.activation-api-1.2.2.jar, streampipes-processors-enricher-flink.jar, streampipes-processors-geo-flink.jar, streampipes-processors-pattern-detection-flink.jar, streampipes-processors-statistics-flink.jar, streampipes-processors-textmining-flink.jar, streampipes-processors-transformation-flink.jar, streampipes-sinks-databases-flink.jar define 2 overlapping resources: 
[WARNING]   - META-INF/maven/jakarta.activation/jakarta.activation-api/pom.properties
[WARNING]   - META-INF/maven/jakarta.activation/jakarta.activation-api/pom.xml
[WARNING] hk2-3.0.3.jar, streampipes-processors-enricher-flink.jar, streampipes-processors-geo-flink.jar, streampipes-processors-pattern-detection-flink.jar, streampipes-processors-statistics-flink.jar, streampipes-processors-textmining-flink.jar, streampipes-processors-transformation-flink.jar, streampipes-sinks-databases-flink.jar define 2 overlapping resources: 
[WARNING]   - META-INF/maven/org.glassfish.hk2/hk2/pom.properties
[WARNING]   - META-INF/maven/org.glassfish.hk2/hk2/pom.xml
[WARNING] jakarta.json-1.1.1.jar, streampipes-processors-enricher-flink.jar, streampipes-processors-geo-flink.jar, streampipes-processors-pattern-detection-flink.jar, streampipes-processors-statistics-flink.jar, streampipes-processors-textmining-flink.jar, streampipes-processors-transformation-flink.jar, streampipes-sinks-databases-flink.jar define 72 overlapping classes and resources: 
[WARNING]   - META-INF/maven/org.eclipse.parsson/jakarta.json/pom.properties
[WARNING]   - META-INF/maven/org.eclipse.parsson/jakarta.json/pom.xml
[WARNING]   - META-INF/maven/org.eclipse.parsson/parsson/pom.properties
[WARNING]   - META-INF/maven/org.eclipse.parsson/parsson/pom.xml
[WARNING]   - org.eclipse.parsson.BufferPoolImpl
[WARNING]   - org.eclipse.parsson.JsonArrayBuilderImpl
[WARNING]   - org.eclipse.parsson.JsonArrayBuilderImpl$JsonArrayImpl
[WARNING]   - org.eclipse.parsson.JsonBuilderFactoryImpl
[WARNING]   - org.eclipse.parsson.JsonGeneratorFactoryImpl
[WARNING]   - org.eclipse.parsson.JsonGeneratorImpl
[WARNING]   - 62 more...
[WARNING] commons-lang3-3.12.0.jar, streampipes-processors-enricher-flink.jar, streampipes-processors-geo-flink.jar, streampipes-processors-pattern-detection-flink.jar, streampipes-processors-statistics-flink.jar, streampipes-processors-textmining-flink.jar, streampipes-processors-transformation-flink.jar, streampipes-sinks-databases-flink.jar define 347 overlapping classes and resources: 
[WARNING]   - META-INF/maven/org.apache.commons/commons-lang3/pom.properties
[WARNING]   - META-INF/maven/org.apache.commons/commons-lang3/pom.xml
[WARNING]   - org.apache.commons.lang3.AnnotationUtils
[WARNING]   - org.apache.commons.lang3.AnnotationUtils$1
[WARNING]   - org.apache.commons.lang3.ArchUtils
[WARNING]   - org.apache.commons.lang3.ArraySorter
[WARNING]   - org.apache.commons.lang3.ArrayUtils
[WARNING]   - org.apache.commons.lang3.BitField
[WARNING]   - org.apache.commons.lang3.BooleanUtils
[WARNING]   - org.apache.commons.lang3.CharEncoding
[WARNING]   - 337 more...
[WARNING] flink-connector-kafka_2.11-1.13.5.jar, streampipes-processors-enricher-flink.jar, streampipes-processors-geo-flink.jar, streampipes-processors-pattern-detection-flink.jar, streampipes-processors-statistics-flink.jar, streampipes-processors-textmining-flink.jar, streampipes-processors-transformation-flink.jar, streampipes-sinks-databases-flink.jar define 182 overlapping classes: 
[WARNING]   - org.apache.flink.connector.kafka.source.KafkaSource
[WARNING]   - org.apache.flink.connector.kafka.source.KafkaSource$1
[WARNING]   - org.apache.flink.connector.kafka.source.KafkaSourceBuilder
[WARNING]   - org.apache.flink.connector.kafka.source.KafkaSourceOptions
[WARNING]   - org.apache.flink.connector.kafka.source.enumerator.KafkaSourceEnumState
[WARNING]   - org.apache.flink.connector.kafka.source.enumerator.KafkaSourceEnumStateSerializer
[WARNING]   - org.apache.flink.connector.kafka.source.enumerator.KafkaSourceEnumerator
[WARNING]   - org.apache.flink.connector.kafka.source.enumerator.KafkaSourceEnumerator$1
[WARNING]   - org.apache.flink.connector.kafka.source.enumerator.KafkaSourceEnumerator$PartitionOffsetsRetrieverImpl
[WARNING]   - org.apache.flink.connector.kafka.source.enumerator.KafkaSourceEnumerator$PartitionSplitChange
[WARNING]   - 172 more...
[WARNING] joda-time-2.10.10.jar, streampipes-sinks-databases-flink.jar define 733 overlapping classes and resources: 
[WARNING]   - META-INF/maven/joda-time/joda-time/pom.properties
[WARNING]   - META-INF/maven/joda-time/joda-time/pom.xml
[WARNING]   - org.joda.time.Chronology
[WARNING]   - org.joda.time.DateMidnight
[WARNING]   - org.joda.time.DateMidnight$Property
[WARNING]   - org.joda.time.DateTime
[WARNING]   - org.joda.time.DateTime$Property
[WARNING]   - org.joda.time.DateTimeComparator
[WARNING]   - org.joda.time.DateTimeConstants
[WARNING]   - org.joda.time.DateTimeField
[WARNING]   - 723 more...
[WARNING] spring-boot-3.0.1.jar, spring-boot-autoconfigure-3.0.1.jar, streampipes-processors-enricher-flink.jar, streampipes-processors-geo-flink.jar, streampipes-processors-pattern-detection-flink.jar, streampipes-processors-statistics-flink.jar, streampipes-processors-textmining-flink.jar, streampipes-processors-transformation-flink.jar, streampipes-sinks-databases-flink.jar define 2 overlapping resources: 
[WARNING]   - META-INF/additional-spring-configuration-metadata.json
[WARNING]   - META-INF/spring-configuration-metadata.json
[WARNING] lang-tag-1.7.jar, streampipes-processors-enricher-flink.jar, streampipes-processors-geo-flink.jar, streampipes-processors-pattern-detection-flink.jar, streampipes-processors-statistics-flink.jar, streampipes-processors-textmining-flink.jar, streampipes-processors-transformation-flink.jar, streampipes-sinks-databases-flink.jar define 6 overlapping classes and resources: 
[WARNING]   - META-INF/maven/com.nimbusds/lang-tag/pom.properties
[WARNING]   - META-INF/maven/com.nimbusds/lang-tag/pom.xml
[WARNING]   - com.nimbusds.langtag.LangTag
[WARNING]   - com.nimbusds.langtag.LangTagException
[WARNING]   - com.nimbusds.langtag.LangTagUtils
[WARNING]   - com.nimbusds.langtag.ReadOnlyLangTag
[WARNING] jjwt-api-0.11.2.jar, streampipes-processors-enricher-flink.jar, streampipes-processors-geo-flink.jar, streampipes-processors-pattern-detection-flink.jar, streampipes-processors-statistics-flink.jar, streampipes-processors-textmining-flink.jar, streampipes-processors-transformation-flink.jar, streampipes-sinks-databases-flink.jar define 83 overlapping classes and resources: 
[WARNING]   - META-INF/maven/io.jsonwebtoken/jjwt-api/pom.properties
[WARNING]   - META-INF/maven/io.jsonwebtoken/jjwt-api/pom.xml
[WARNING]   - io.jsonwebtoken.ClaimJwtException
[WARNING]   - io.jsonwebtoken.Claims
[WARNING]   - io.jsonwebtoken.ClaimsMutator
[WARNING]   - io.jsonwebtoken.Clock
[WARNING]   - io.jsonwebtoken.CompressionCodec
[WARNING]   - io.jsonwebtoken.CompressionCodecResolver
[WARNING]   - io.jsonwebtoken.CompressionCodecs
[WARNING]   - io.jsonwebtoken.CompressionException
[WARNING]   - 73 more...
[WARNING] rdf4j-util-3.5.0.jar, streampipes-processors-enricher-flink.jar, streampipes-processors-geo-flink.jar, streampipes-processors-pattern-detection-flink.jar, streampipes-processors-statistics-flink.jar, streampipes-processors-textmining-flink.jar, streampipes-processors-transformation-flink.jar, streampipes-sinks-databases-flink.jar define 77 overlapping classes and resources: 
[WARNING]   - META-INF/maven/org.eclipse.rdf4j/rdf4j-util/pom.properties
[WARNING]   - META-INF/maven/org.eclipse.rdf4j/rdf4j-util/pom.xml
[WARNING]   - org.eclipse.rdf4j.common.io.ByteArrayUtil
[WARNING]   - org.eclipse.rdf4j.common.io.ByteSink
[WARNING]   - org.eclipse.rdf4j.common.io.CharSink
[WARNING]   - org.eclipse.rdf4j.common.io.FileUtil
[WARNING]   - org.eclipse.rdf4j.common.io.GZipUtil
[WARNING]   - org.eclipse.rdf4j.common.io.IOUtil
[WARNING]   - org.eclipse.rdf4j.common.io.IndentingWriter
[WARNING]   - org.eclipse.rdf4j.common.io.MavenUtil
[WARNING]   - 67 more...
[WARNING] lucene-sandbox-7.7.3.jar, streampipes-sinks-databases-flink.jar define 162 overlapping classes: 
[WARNING]   - META-INF.versions.9.org.apache.lucene.geo.Rectangle2D
[WARNING]   - org.apache.lucene.codecs.idversion.IDVersionPostingsFormat
[WARNING]   - org.apache.lucene.codecs.idversion.IDVersionPostingsReader
[WARNING]   - org.apache.lucene.codecs.idversion.IDVersionPostingsWriter
[WARNING]   - org.apache.lucene.codecs.idversion.IDVersionSegmentTermsEnum
[WARNING]   - org.apache.lucene.codecs.idversion.IDVersionSegmentTermsEnumFrame
[WARNING]   - org.apache.lucene.codecs.idversion.IDVersionTermState
[WARNING]   - org.apache.lucene.codecs.idversion.SingleDocsEnum
[WARNING]   - org.apache.lucene.codecs.idversion.SinglePostingsEnum
[WARNING]   - org.apache.lucene.codecs.idversion.VersionBlockTreeTermsReader
[WARNING]   - 152 more...
[WARNING] reactive-streams-1.0.2.jar, streampipes-processors-enricher-flink.jar, streampipes-processors-geo-flink.jar, streampipes-processors-pattern-detection-flink.jar, streampipes-processors-statistics-flink.jar, streampipes-processors-textmining-flink.jar, streampipes-processors-transformation-flink.jar, streampipes-sinks-databases-flink.jar define 4 overlapping classes: 
[WARNING]   - org.reactivestreams.Processor
[WARNING]   - org.reactivestreams.Publisher
[WARNING]   - org.reactivestreams.Subscriber
[WARNING]   - org.reactivestreams.Subscription
[WARNING] streampipes-processors-enricher-flink.jar, streampipes-processors-geo-flink.jar, streampipes-processors-pattern-detection-flink.jar, streampipes-processors-statistics-flink.jar, streampipes-processors-textmining-flink.jar, streampipes-processors-transformation-flink.jar, streampipes-sdk-0.92.0-SNAPSHOT.jar, streampipes-sinks-databases-flink.jar define 56 overlapping classes and resources: 
[WARNING]   - META-INF/maven/org.apache.streampipes/streampipes-sdk/pom.properties
[WARNING]   - META-INF/maven/org.apache.streampipes/streampipes-sdk/pom.xml
[WARNING]   - org.apache.streampipes.sdk.StaticProperties
[WARNING]   - org.apache.streampipes.sdk.builder.AbstractConfigurablePipelineElementBuilder
[WARNING]   - org.apache.streampipes.sdk.builder.AbstractPipelineElementBuilder
[WARNING]   - org.apache.streampipes.sdk.builder.AbstractProcessingElementBuilder
[WARNING]   - org.apache.streampipes.sdk.builder.BoundPipelineElementBuilder
[WARNING]   - org.apache.streampipes.sdk.builder.DataSetBuilder
[WARNING]   - org.apache.streampipes.sdk.builder.DataSinkBuilder
[WARNING]   - org.apache.streampipes.sdk.builder.DataStreamBuilder
[WARNING]   - 46 more...
[WARNING] jersey-bean-validation-3.1.0.jar, streampipes-processors-enricher-flink.jar, streampipes-processors-geo-flink.jar, streampipes-processors-pattern-detection-flink.jar, streampipes-processors-statistics-flink.jar, streampipes-processors-textmining-flink.jar, streampipes-processors-transformation-flink.jar, streampipes-sinks-databases-flink.jar define 29 overlapping classes and resources: 
[WARNING]   - META-INF/maven/org.glassfish.jersey.ext/jersey-bean-validation/pom.properties
[WARNING]   - META-INF/maven/org.glassfish.jersey.ext/jersey-bean-validation/pom.xml
[WARNING]   - org.glassfish.jersey.server.validation.ValidationConfig
[WARNING]   - org.glassfish.jersey.server.validation.ValidationError
[WARNING]   - org.glassfish.jersey.server.validation.ValidationErrorData
[WARNING]   - org.glassfish.jersey.server.validation.ValidationFeature
[WARNING]   - org.glassfish.jersey.server.validation.internal.CompositeInjectingConstraintValidatorFactory
[WARNING]   - org.glassfish.jersey.server.validation.internal.DefaultConfiguredValidator
[WARNING]   - org.glassfish.jersey.server.validation.internal.InjectingConstraintValidatorFactory
[WARNING]   - org.glassfish.jersey.server.validation.internal.LocalizationMessages
[WARNING]   - 19 more...
[WARNING] lucene-backward-codecs-7.7.3.jar, streampipes-sinks-databases-flink.jar define 62 overlapping classes: 
[WARNING]   - org.apache.lucene.codecs.Placeholder
[WARNING]   - org.apache.lucene.codecs.lucene50.Lucene50SegmentInfoFormat
[WARNING]   - org.apache.lucene.codecs.lucene53.Lucene53NormsFormat
[WARNING]   - org.apache.lucene.codecs.lucene53.Lucene53NormsProducer
[WARNING]   - org.apache.lucene.codecs.lucene53.Lucene53NormsProducer$1
[WARNING]   - org.apache.lucene.codecs.lucene53.Lucene53NormsProducer$2
[WARNING]   - org.apache.lucene.codecs.lucene53.Lucene53NormsProducer$3
[WARNING]   - org.apache.lucene.codecs.lucene53.Lucene53NormsProducer$4
[WARNING]   - org.apache.lucene.codecs.lucene53.Lucene53NormsProducer$5
[WARNING]   - org.apache.lucene.codecs.lucene53.Lucene53NormsProducer$NormsEntry
[WARNING]   - 52 more...
[WARNING] gson-2.10.jar, nimbus-jose-jwt-9.30.1.jar, streampipes-processors-enricher-flink.jar, streampipes-processors-geo-flink.jar, streampipes-processors-pattern-detection-flink.jar, streampipes-processors-statistics-flink.jar, streampipes-processors-textmining-flink.jar, streampipes-processors-transformation-flink.jar, streampipes-sinks-databases-flink.jar define 2 overlapping resources: 
[WARNING]   - META-INF/maven/com.google.code.gson/gson/pom.properties
[WARNING]   - META-INF/maven/com.google.code.gson/gson/pom.xml
[WARNING] streampipes-processors-enricher-flink.jar, streampipes-processors-geo-flink.jar, streampipes-processors-pattern-detection-flink.jar, streampipes-processors-statistics-flink.jar, streampipes-processors-textmining-flink.jar, streampipes-processors-transformation-flink.jar, streampipes-sinks-databases-flink.jar, streampipes-vocabulary-0.92.0-SNAPSHOT.jar define 16 overlapping classes and resources: 
[WARNING]   - META-INF/maven/org.apache.streampipes/streampipes-vocabulary/pom.properties
[WARNING]   - META-INF/maven/org.apache.streampipes/streampipes-vocabulary/pom.xml
[WARNING]   - org.apache.streampipes.vocabulary.FOAF
[WARNING]   - org.apache.streampipes.vocabulary.GR
[WARNING]   - org.apache.streampipes.vocabulary.Geo
[WARNING]   - org.apache.streampipes.vocabulary.Geonames
[WARNING]   - org.apache.streampipes.vocabulary.MessageFormat
[WARNING]   - org.apache.streampipes.vocabulary.RDF
[WARNING]   - org.apache.streampipes.vocabulary.RDFS
[WARNING]   - org.apache.streampipes.vocabulary.SO
[WARNING]   - 6 more...
[WARNING] spring-security-config-6.0.1.jar, streampipes-processors-enricher-flink.jar, streampipes-processors-geo-flink.jar, streampipes-processors-pattern-detection-flink.jar, streampipes-processors-statistics-flink.jar, streampipes-processors-textmining-flink.jar, streampipes-processors-transformation-flink.jar, streampipes-sinks-databases-flink.jar define 569 overlapping classes and resources: 
[WARNING]   - META-INF/spring-security-config.kotlin_module
[WARNING]   - org.springframework.security.config.BeanIds
[WARNING]   - org.springframework.security.config.Customizer
[WARNING]   - org.springframework.security.config.DebugBeanDefinitionParser
[WARNING]   - org.springframework.security.config.Elements
[WARNING]   - org.springframework.security.config.SecurityNamespaceHandler
[WARNING]   - org.springframework.security.config.annotation.AbstractConfiguredSecurityBuilder
[WARNING]   - org.springframework.security.config.annotation.AbstractConfiguredSecurityBuilder$BuildState
[WARNING]   - org.springframework.security.config.annotation.AbstractSecurityBuilder
[WARNING]   - org.springframework.security.config.annotation.AlreadyBuiltException
[WARNING]   - 559 more...
[WARNING] jakarta.xml.bind-api-4.0.0.jar, streampipes-processors-enricher-flink.jar, streampipes-processors-geo-flink.jar, streampipes-processors-pattern-detection-flink.jar, streampipes-processors-statistics-flink.jar, streampipes-processors-textmining-flink.jar, streampipes-processors-transformation-flink.jar, streampipes-sinks-databases-flink.jar define 116 overlapping classes and resources: 
[WARNING]   - META-INF/maven/jakarta.xml.bind/jakarta.xml.bind-api/pom.properties
[WARNING]   - META-INF/maven/jakarta.xml.bind/jakarta.xml.bind-api/pom.xml
[WARNING]   - jakarta.xml.bind.Binder
[WARNING]   - jakarta.xml.bind.ContextFinder
[WARNING]   - jakarta.xml.bind.ContextFinder$1
[WARNING]   - jakarta.xml.bind.ContextFinder$2
[WARNING]   - jakarta.xml.bind.ContextFinder$3
[WARNING]   - jakarta.xml.bind.ContextFinder$4
[WARNING]   - jakarta.xml.bind.ContextFinder$5
[WARNING]   - jakarta.xml.bind.DataBindingException
[WARNING]   - 106 more...
[WARNING] kafka-clients-3.3.1.jar, language-detector-0.6.jar, scala-library-2.13.10.jar, streampipes-processors-enricher-flink.jar, streampipes-processors-geo-flink.jar, streampipes-processors-pattern-detection-flink.jar, streampipes-processors-statistics-flink.jar, streampipes-processors-textmining-flink.jar, streampipes-processors-transformation-flink.jar, streampipes-sinks-databases-flink.jar define 1 overlapping resource: 
[WARNING]   - LICENSE
[WARNING] streampipes-messaging-0.92.0-SNAPSHOT.jar, streampipes-processors-enricher-flink.jar, streampipes-processors-geo-flink.jar, streampipes-processors-pattern-detection-flink.jar, streampipes-processors-statistics-flink.jar, streampipes-processors-textmining-flink.jar, streampipes-processors-transformation-flink.jar, streampipes-sinks-databases-flink.jar define 8 overlapping classes and resources: 
[WARNING]   - META-INF/maven/org.apache.streampipes/streampipes-messaging/pom.properties
[WARNING]   - META-INF/maven/org.apache.streampipes/streampipes-messaging/pom.xml
[WARNING]   - org.apache.streampipes.messaging.EventConsumer
[WARNING]   - org.apache.streampipes.messaging.EventProducer
[WARNING]   - org.apache.streampipes.messaging.InternalEventProcessor
[WARNING]   - org.apache.streampipes.messaging.SpProtocolDefinition
[WARNING]   - org.apache.streampipes.messaging.SpProtocolDefinitionFactory
[WARNING]   - org.apache.streampipes.messaging.SpProtocolManager
[WARNING] streampipes-commons-0.92.0-SNAPSHOT.jar, streampipes-processors-enricher-flink.jar, streampipes-processors-geo-flink.jar, streampipes-processors-pattern-detection-flink.jar, streampipes-processors-statistics-flink.jar, streampipes-processors-textmining-flink.jar, streampipes-processors-transformation-flink.jar, streampipes-sinks-databases-flink.jar define 52 overlapping classes and resources: 
[WARNING]   - META-INF/maven/org.apache.streampipes/streampipes-commons/pom.properties
[WARNING]   - META-INF/maven/org.apache.streampipes/streampipes-commons/pom.xml
[WARNING]   - org.apache.streampipes.commons.MD5
[WARNING]   - org.apache.streampipes.commons.Utils
[WARNING]   - org.apache.streampipes.commons.constants.CustomEnvs
[WARNING]   - org.apache.streampipes.commons.constants.CustomEnvs$AllEnvs
[WARNING]   - org.apache.streampipes.commons.constants.DefaultEnvValues
[WARNING]   - org.apache.streampipes.commons.constants.Envs
[WARNING]   - org.apache.streampipes.commons.constants.GenericDocTypes
[WARNING]   - org.apache.streampipes.commons.constants.GlobalStreamPipesConstants
[WARNING]   - 42 more...
[WARNING] streampipes-processors-enricher-flink.jar, streampipes-processors-geo-flink.jar, streampipes-processors-pattern-detection-flink.jar, streampipes-processors-statistics-flink.jar, streampipes-processors-textmining-flink.jar, streampipes-processors-transformation-flink.jar, streampipes-service-discovery-0.92.0-SNAPSHOT.jar, streampipes-sinks-databases-flink.jar define 3 overlapping classes and resources: 
[WARNING]   - META-INF/maven/org.apache.streampipes/streampipes-service-discovery/pom.properties
[WARNING]   - META-INF/maven/org.apache.streampipes/streampipes-service-discovery/pom.xml
[WARNING]   - org.apache.streampipes.svcdiscovery.SpServiceDiscovery
[WARNING] streampipes-processors-enricher-flink.jar, streampipes-processors-geo-flink.jar, streampipes-processors-pattern-detection-flink.jar, streampipes-processors-statistics-flink.jar, streampipes-processors-textmining-flink.jar, streampipes-processors-transformation-flink.jar, streampipes-service-discovery-consul-0.92.0-SNAPSHOT.jar, streampipes-sinks-databases-flink.jar define 8 overlapping classes and resources: 
[WARNING]   - META-INF/maven/org.apache.streampipes/streampipes-service-discovery-consul/pom.properties
[WARNING]   - META-INF/maven/org.apache.streampipes/streampipes-service-discovery-consul/pom.xml
[WARNING]   - org.apache.streampipes.svcdiscovery.consul.AbstractConsulService
[WARNING]   - org.apache.streampipes.svcdiscovery.consul.ConsulHealthServiceManager
[WARNING]   - org.apache.streampipes.svcdiscovery.consul.ConsulProvider
[WARNING]   - org.apache.streampipes.svcdiscovery.consul.ConsulSpConfig
[WARNING]   - org.apache.streampipes.svcdiscovery.consul.SpConsulKvManagement
[WARNING]   - org.apache.streampipes.svcdiscovery.consul.SpConsulServiceDiscovery
[WARNING] lucene-analyzers-common-7.7.3.jar, streampipes-sinks-databases-flink.jar define 616 overlapping classes and resources: 
[WARNING]   - org.apache.lucene.analysis.ar.ArabicAnalyzer
[WARNING]   - org.apache.lucene.analysis.ar.ArabicAnalyzer$DefaultSetHolder
[WARNING]   - org.apache.lucene.analysis.ar.ArabicNormalizationFilter
[WARNING]   - org.apache.lucene.analysis.ar.ArabicNormalizationFilterFactory
[WARNING]   - org.apache.lucene.analysis.ar.ArabicNormalizer
[WARNING]   - org.apache.lucene.analysis.ar.ArabicStemFilter
[WARNING]   - org.apache.lucene.analysis.ar.ArabicStemFilterFactory
[WARNING]   - org.apache.lucene.analysis.ar.ArabicStemmer
[WARNING]   - org.apache.lucene.analysis.ar.package-info
[WARNING]   - org.apache.lucene.analysis.bg.BulgarianAnalyzer
[WARNING]   - 606 more...
[WARNING] streampipes-messaging-mqtt-0.92.0-SNAPSHOT.jar, streampipes-processors-enricher-flink.jar, streampipes-processors-geo-flink.jar, streampipes-processors-pattern-detection-flink.jar, streampipes-processors-statistics-flink.jar, streampipes-processors-textmining-flink.jar, streampipes-processors-transformation-flink.jar, streampipes-sinks-databases-flink.jar define 8 overlapping classes and resources: 
[WARNING]   - META-INF/maven/org.apache.streampipes/streampipes-messaging-mqtt/pom.properties
[WARNING]   - META-INF/maven/org.apache.streampipes/streampipes-messaging-mqtt/pom.xml
[WARNING]   - org.apache.streampipes.messaging.mqtt.AbstractMqttConnector
[WARNING]   - org.apache.streampipes.messaging.mqtt.MqttConsumer
[WARNING]   - org.apache.streampipes.messaging.mqtt.MqttConsumer$ConsumerThread
[WARNING]   - org.apache.streampipes.messaging.mqtt.MqttPublisher
[WARNING]   - org.apache.streampipes.messaging.mqtt.SpMqttProtocol
[WARNING]   - org.apache.streampipes.messaging.mqtt.SpMqttProtocolFactory
[WARNING] spring-aop-6.0.3.jar, spring-beans-6.0.3.jar, spring-boot-3.0.1.jar, spring-boot-autoconfigure-3.0.1.jar, spring-context-6.0.3.jar, spring-context-support-6.0.3.jar, spring-core-6.0.3.jar, spring-security-config-6.0.1.jar, spring-security-core-6.0.1.jar, spring-security-oauth2-client-6.0.1.jar, spring-security-web-6.0.1.jar, spring-web-6.0.3.jar, streampipes-processors-enricher-flink.jar, streampipes-processors-geo-flink.jar, streampipes-processors-pattern-detection-flink.jar, streampipes-processors-statistics-flink.jar, streampipes-processors-textmining-flink.jar, streampipes-processors-transformation-flink.jar, streampipes-sinks-databases-flink.jar define 1 overlapping resource: 
[WARNING]   - META-INF/spring/aot.factories
[WARNING] aopalliance-repackaged-3.0.3.jar, class-model-3.0.3.jar, hk2-3.0.3.jar, hk2-api-3.0.3.jar, hk2-core-3.0.3.jar, hk2-locator-3.0.3.jar, hk2-runlevel-3.0.3.jar, hk2-utils-3.0.3.jar, jakarta.activation-api-1.2.2.jar, jakarta.annotation-api-2.1.1.jar, jakarta.json-1.1.1.jar, jakarta.json-api-2.1.1.jar, jakarta.websocket-api-2.1.0.jar, jakarta.websocket-client-api-2.1.0.jar, jakarta.ws.rs-api-3.1.0.jar, jakarta.xml.bind-api-4.0.0.jar, jersey-bean-validation-3.1.0.jar, jersey-client-3.1.0.jar, jersey-common-3.1.0.jar, jersey-container-servlet-3.1.0.jar, jersey-container-servlet-core-3.1.0.jar, jersey-entity-filtering-3.1.0.jar, jersey-hk2-3.1.0.jar, jersey-media-json-jackson-3.1.0.jar, jersey-media-multipart-3.1.0.jar, jersey-server-3.1.0.jar, jersey-spring6-3.1.0.jar, mimepull-1.9.15.jar, spring-bridge-3.0.3.jar, streampipes-processors-enricher-flink.jar, streampipes-processors-geo-flink.jar, streampipes-processors-pattern-detection-flink.jar, streampipes-processors-statistics-flink.jar, streampipes-processors-textmining-flink.jar, streampipes-processors-transformation-flink.jar, streampipes-sinks-databases-flink.jar define 1 overlapping resource: 
[WARNING]   - META-INF/LICENSE.md
[WARNING] rendersnake-1.9.0.jar, streampipes-processors-enricher-flink.jar, streampipes-processors-geo-flink.jar, streampipes-processors-pattern-detection-flink.jar, streampipes-processors-statistics-flink.jar, streampipes-processors-textmining-flink.jar, streampipes-processors-transformation-flink.jar, streampipes-sinks-databases-flink.jar define 48 overlapping classes and resources: 
[WARNING]   - META-INF/maven/org.rendersnake/rendersnake/pom.properties
[WARNING]   - META-INF/maven/org.rendersnake/rendersnake/pom.xml
[WARNING]   - org.rendersnake.CanvasMacros
[WARNING]   - org.rendersnake.DocType
[WARNING]   - org.rendersnake.HtmlAttributes
[WARNING]   - org.rendersnake.HtmlAttributesFactory
[WARNING]   - org.rendersnake.HtmlCanvas
[WARNING]   - org.rendersnake.PageContext
[WARNING]   - org.rendersnake.Renderable
[WARNING]   - org.rendersnake.RenderableWrapper
[WARNING]   - 38 more...
[WARNING] geronimo-j2ee-management_1.1_spec-1.0.1.jar, streampipes-processors-enricher-flink.jar, streampipes-processors-geo-flink.jar, streampipes-processors-pattern-detection-flink.jar, streampipes-processors-statistics-flink.jar, streampipes-processors-textmining-flink.jar, streampipes-processors-transformation-flink.jar, streampipes-sinks-databases-flink.jar define 35 overlapping classes and resources: 
[WARNING]   - META-INF/maven/org.apache.geronimo.specs/geronimo-j2ee-management_1.1_spec/pom.properties
[WARNING]   - META-INF/maven/org.apache.geronimo.specs/geronimo-j2ee-management_1.1_spec/pom.xml
[WARNING]   - javax.management.j2ee.ListenerRegistration
[WARNING]   - javax.management.j2ee.Management
[WARNING]   - javax.management.j2ee.ManagementHome
[WARNING]   - javax.management.j2ee.statistics.BoundaryStatistic
[WARNING]   - javax.management.j2ee.statistics.BoundedRangeStatistic
[WARNING]   - javax.management.j2ee.statistics.CountStatistic
[WARNING]   - javax.management.j2ee.statistics.EJBStats
[WARNING]   - javax.management.j2ee.statistics.EntityBeanStats
[WARNING]   - 25 more...
[WARNING] jdeparser-2.0.3.Final.jar, streampipes-processors-enricher-flink.jar, streampipes-processors-geo-flink.jar, streampipes-processors-pattern-detection-flink.jar, streampipes-processors-statistics-flink.jar, streampipes-processors-textmining-flink.jar, streampipes-processors-transformation-flink.jar, streampipes-sinks-databases-flink.jar define 211 overlapping classes and resources: 
[WARNING]   - META-INF/maven/org.jboss.jdeparser/jdeparser/pom.properties
[WARNING]   - META-INF/maven/org.jboss.jdeparser/jdeparser/pom.xml
[WARNING]   - org.jboss.jdeparser.AbstractJAssignableExpr
[WARNING]   - org.jboss.jdeparser.AbstractJCall
[WARNING]   - org.jboss.jdeparser.AbstractJClassDef
[WARNING]   - org.jboss.jdeparser.AbstractJComment
[WARNING]   - org.jboss.jdeparser.AbstractJComment$1
[WARNING]   - org.jboss.jdeparser.AbstractJDocComment
[WARNING]   - org.jboss.jdeparser.AbstractJDocCommentable
[WARNING]   - org.jboss.jdeparser.AbstractJExpr
[WARNING]   - 201 more...
[WARNING] flink-shaded-jackson-2.12.1-13.0.jar, streampipes-processors-enricher-flink.jar, streampipes-processors-geo-flink.jar, streampipes-processors-pattern-detection-flink.jar, streampipes-processors-statistics-flink.jar, streampipes-processors-textmining-flink.jar, streampipes-processors-transformation-flink.jar, streampipes-sinks-databases-flink.jar define 1163 overlapping classes: 
[WARNING]   - org.apache.flink.shaded.jackson2.com.fasterxml.jackson.annotation.JacksonAnnotation
[WARNING]   - org.apache.flink.shaded.jackson2.com.fasterxml.jackson.annotation.JacksonAnnotationValue
[WARNING]   - org.apache.flink.shaded.jackson2.com.fasterxml.jackson.annotation.JacksonAnnotationsInside
[WARNING]   - org.apache.flink.shaded.jackson2.com.fasterxml.jackson.annotation.JacksonInject
[WARNING]   - org.apache.flink.shaded.jackson2.com.fasterxml.jackson.annotation.JacksonInject$Value
[WARNING]   - org.apache.flink.shaded.jackson2.com.fasterxml.jackson.annotation.JsonAlias
[WARNING]   - org.apache.flink.shaded.jackson2.com.fasterxml.jackson.annotation.JsonAnyGetter
[WARNING]   - org.apache.flink.shaded.jackson2.com.fasterxml.jackson.annotation.JsonAnySetter
[WARNING]   - org.apache.flink.shaded.jackson2.com.fasterxml.jackson.annotation.JsonAutoDetect
[WARNING]   - org.apache.flink.shaded.jackson2.com.fasterxml.jackson.annotation.JsonAutoDetect$1
[WARNING]   - 1153 more...
[WARNING] geronimo-jms_1.1_spec-1.1.1.jar, streampipes-processors-enricher-flink.jar, streampipes-processors-geo-flink.jar, streampipes-processors-pattern-detection-flink.jar, streampipes-processors-statistics-flink.jar, streampipes-processors-textmining-flink.jar, streampipes-processors-transformation-flink.jar, streampipes-sinks-databases-flink.jar define 60 overlapping classes and resources: 
[WARNING]   - META-INF/maven/org.apache.geronimo.specs/geronimo-jms_1.1_spec/pom.properties
[WARNING]   - META-INF/maven/org.apache.geronimo.specs/geronimo-jms_1.1_spec/pom.xml
[WARNING]   - javax.jms.BytesMessage
[WARNING]   - javax.jms.Connection
[WARNING]   - javax.jms.ConnectionConsumer
[WARNING]   - javax.jms.ConnectionFactory
[WARNING]   - javax.jms.ConnectionMetaData
[WARNING]   - javax.jms.DeliveryMode
[WARNING]   - javax.jms.Destination
[WARNING]   - javax.jms.ExceptionListener
[WARNING]   - 50 more...
[WARNING] jersey-server-3.1.0.jar, streampipes-processors-enricher-flink.jar, streampipes-processors-geo-flink.jar, streampipes-processors-pattern-detection-flink.jar, streampipes-processors-statistics-flink.jar, streampipes-processors-textmining-flink.jar, streampipes-processors-transformation-flink.jar, streampipes-sinks-databases-flink.jar define 633 overlapping classes and resources: 
[WARNING]   - META-INF/maven/org.glassfish.jersey.core/jersey-server/pom.properties
[WARNING]   - META-INF/maven/org.glassfish.jersey.core/jersey-server/pom.xml
[WARNING]   - META-INF/native-image/org.glassfish.jersey.core/jersey-server/reflect-config.json
[WARNING]   - META-INF/native-image/org.glassfish.jersey.core/jersey-server/resource-config.json
[WARNING]   - com.sun.research.ws.wadl.Application
[WARNING]   - com.sun.research.ws.wadl.Doc
[WARNING]   - com.sun.research.ws.wadl.Grammars
[WARNING]   - com.sun.research.ws.wadl.HTTPMethods
[WARNING]   - com.sun.research.ws.wadl.Include
[WARNING]   - com.sun.research.ws.wadl.Link
[WARNING]   - 623 more...
[WARNING] flink-shaded-guava-18.0-13.0.jar, streampipes-processors-enricher-flink.jar, streampipes-processors-geo-flink.jar, streampipes-processors-pattern-detection-flink.jar, streampipes-processors-statistics-flink.jar, streampipes-processors-textmining-flink.jar, streampipes-processors-transformation-flink.jar, streampipes-sinks-databases-flink.jar define 1690 overlapping classes: 
[WARNING]   - org.apache.flink.shaded.guava18.com.google.common.annotations.Beta
[WARNING]   - org.apache.flink.shaded.guava18.com.google.common.annotations.GwtCompatible
[WARNING]   - org.apache.flink.shaded.guava18.com.google.common.annotations.GwtIncompatible
[WARNING]   - org.apache.flink.shaded.guava18.com.google.common.annotations.VisibleForTesting
[WARNING]   - org.apache.flink.shaded.guava18.com.google.common.base.Absent
[WARNING]   - org.apache.flink.shaded.guava18.com.google.common.base.AbstractIterator
[WARNING]   - org.apache.flink.shaded.guava18.com.google.common.base.AbstractIterator$1
[WARNING]   - org.apache.flink.shaded.guava18.com.google.common.base.AbstractIterator$State
[WARNING]   - org.apache.flink.shaded.guava18.com.google.common.base.Ascii
[WARNING]   - org.apache.flink.shaded.guava18.com.google.common.base.CaseFormat
[WARNING]   - 1680 more...
[WARNING] annotations-12.0.jar, streampipes-processors-textmining-flink.jar define 30 overlapping classes: 
[WARNING]   - org.intellij.lang.annotations.Identifier
[WARNING]   - org.intellij.lang.annotations.JdkConstants
[WARNING]   - org.intellij.lang.annotations.JdkConstants$AdjustableOrientation
[WARNING]   - org.intellij.lang.annotations.JdkConstants$BoxLayoutAxis
[WARNING]   - org.intellij.lang.annotations.JdkConstants$CalendarMonth
[WARNING]   - org.intellij.lang.annotations.JdkConstants$CursorType
[WARNING]   - org.intellij.lang.annotations.JdkConstants$FlowLayoutAlignment
[WARNING]   - org.intellij.lang.annotations.JdkConstants$FontStyle
[WARNING]   - org.intellij.lang.annotations.JdkConstants$HorizontalAlignment
[WARNING]   - org.intellij.lang.annotations.JdkConstants$InputEventMask
[WARNING]   - 20 more...
[WARNING] streampipes-processors-enricher-flink.jar, streampipes-processors-geo-flink.jar, streampipes-processors-pattern-detection-flink.jar, streampipes-processors-statistics-flink.jar, streampipes-processors-textmining-flink.jar, streampipes-processors-transformation-flink.jar, streampipes-sinks-databases-flink.jar, zstd-jni-1.4.3-1.jar define 28 overlapping classes and resources: 
[WARNING]   - aix/ppc64/libzstd-jni.so
[WARNING]   - com.github.luben.zstd.SharedDictBase
[WARNING]   - com.github.luben.zstd.Zstd
[WARNING]   - com.github.luben.zstd.ZstdDictCompress
[WARNING]   - com.github.luben.zstd.ZstdDictDecompress
[WARNING]   - com.github.luben.zstd.ZstdDictTrainer
[WARNING]   - com.github.luben.zstd.ZstdDirectBufferCompressingStream
[WARNING]   - com.github.luben.zstd.ZstdDirectBufferDecompressingStream
[WARNING]   - com.github.luben.zstd.ZstdException
[WARNING]   - com.github.luben.zstd.ZstdInputStream
[WARNING]   - 18 more...
[WARNING] httpcore-4.4.9.jar, streampipes-processors-enricher-flink.jar, streampipes-processors-geo-flink.jar, streampipes-processors-pattern-detection-flink.jar, streampipes-processors-statistics-flink.jar, streampipes-processors-textmining-flink.jar, streampipes-processors-transformation-flink.jar, streampipes-sinks-databases-flink.jar define 255 overlapping classes and resources: 
[WARNING]   - META-INF/maven/org.apache.httpcomponents/httpcore/pom.properties
[WARNING]   - META-INF/maven/org.apache.httpcomponents/httpcore/pom.xml
[WARNING]   - org.apache.http.ConnectionClosedException
[WARNING]   - org.apache.http.ConnectionReuseStrategy
[WARNING]   - org.apache.http.Consts
[WARNING]   - org.apache.http.ContentTooLongException
[WARNING]   - org.apache.http.ExceptionLogger
[WARNING]   - org.apache.http.ExceptionLogger$1
[WARNING]   - org.apache.http.ExceptionLogger$2
[WARNING]   - org.apache.http.FormattedHeader
[WARNING]   - 245 more...
[WARNING] rank-eval-client-6.8.17.jar, streampipes-sinks-databases-flink.jar define 28 overlapping classes: 
[WARNING]   - org.elasticsearch.index.rankeval.DiscountedCumulativeGain
[WARNING]   - org.elasticsearch.index.rankeval.DiscountedCumulativeGain$Detail
[WARNING]   - org.elasticsearch.index.rankeval.EvalQueryQuality
[WARNING]   - org.elasticsearch.index.rankeval.EvalQueryQuality$1
[WARNING]   - org.elasticsearch.index.rankeval.EvalQueryQuality$ParsedEvalQueryQuality
[WARNING]   - org.elasticsearch.index.rankeval.EvaluationMetric
[WARNING]   - org.elasticsearch.index.rankeval.ExpectedReciprocalRank
[WARNING]   - org.elasticsearch.index.rankeval.ExpectedReciprocalRank$Detail
[WARNING]   - org.elasticsearch.index.rankeval.MeanReciprocalRank
[WARNING]   - org.elasticsearch.index.rankeval.MeanReciprocalRank$Detail
[WARNING]   - 18 more...
[WARNING] spring-boot-autoconfigure-3.0.1.jar, streampipes-processors-enricher-flink.jar, streampipes-processors-geo-flink.jar, streampipes-processors-pattern-detection-flink.jar, streampipes-processors-statistics-flink.jar, streampipes-processors-textmining-flink.jar, streampipes-processors-transformation-flink.jar, streampipes-sinks-databases-flink.jar define 1154 overlapping classes and resources: 
[WARNING]   - META-INF/spring-autoconfigure-metadata.properties
[WARNING]   - META-INF/spring/org.springframework.boot.autoconfigure.AutoConfiguration.imports
[WARNING]   - org.springframework.boot.autoconfigure.AbstractDependsOnBeanFactoryPostProcessor
[WARNING]   - org.springframework.boot.autoconfigure.AutoConfiguration
[WARNING]   - org.springframework.boot.autoconfigure.AutoConfigurationExcludeFilter
[WARNING]   - org.springframework.boot.autoconfigure.AutoConfigurationImportEvent
[WARNING]   - org.springframework.boot.autoconfigure.AutoConfigurationImportFilter
[WARNING]   - org.springframework.boot.autoconfigure.AutoConfigurationImportListener
[WARNING]   - org.springframework.boot.autoconfigure.AutoConfigurationImportSelector
[WARNING]   - org.springframework.boot.autoconfigure.AutoConfigurationImportSelector$AutoConfigurationEntry
[WARNING]   - 1144 more...
[WARNING] micrometer-commons-1.10.2.jar, streampipes-processors-enricher-flink.jar, streampipes-processors-geo-flink.jar, streampipes-processors-pattern-detection-flink.jar, streampipes-processors-statistics-flink.jar, streampipes-processors-textmining-flink.jar, streampipes-processors-transformation-flink.jar, streampipes-sinks-databases-flink.jar define 30 overlapping class and resource: 
[WARNING]   - META-INF/micrometer-commons.properties
[WARNING]   - io.micrometer.common.ImmutableKeyValue
[WARNING]   - io.micrometer.common.KeyValue
[WARNING]   - io.micrometer.common.KeyValues
[WARNING]   - io.micrometer.common.KeyValues$1
[WARNING]   - io.micrometer.common.KeyValues$ArrayIterator
[WARNING]   - io.micrometer.common.ValidatedKeyValue
[WARNING]   - io.micrometer.common.docs.KeyName
[WARNING]   - io.micrometer.common.docs.package-info
[WARNING]   - io.micrometer.common.lang.NonNull
[WARNING]   - 20 more...
[WARNING] spring-bridge-3.0.3.jar, streampipes-processors-enricher-flink.jar, streampipes-processors-geo-flink.jar, streampipes-processors-pattern-detection-flink.jar, streampipes-processors-statistics-flink.jar, streampipes-processors-textmining-flink.jar, streampipes-processors-transformation-flink.jar, streampipes-sinks-databases-flink.jar define 11 overlapping classes and resources: 
[WARNING]   - META-INF/maven/org.glassfish.hk2/spring-bridge/pom.properties
[WARNING]   - META-INF/maven/org.glassfish.hk2/spring-bridge/pom.xml
[WARNING]   - org.jvnet.hk2.spring.bridge.api.SpringBridge
[WARNING]   - org.jvnet.hk2.spring.bridge.api.SpringIntoHK2Bridge
[WARNING]   - org.jvnet.hk2.spring.bridge.api.SpringScope
[WARNING]   - org.jvnet.hk2.spring.bridge.api.SpringScopeImpl
[WARNING]   - org.jvnet.hk2.spring.bridge.internal.SpringBridgeImpl
[WARNING]   - org.jvnet.hk2.spring.bridge.internal.SpringIntoHK2BridgeImpl
[WARNING]   - org.jvnet.hk2.spring.bridge.internal.SpringScopeContext
[WARNING]   - org.jvnet.hk2.spring.bridge.internal.SpringServiceHK2Bean
[WARNING]   - 1 more...
[WARNING] asm-commons-9.2.jar, streampipes-processors-enricher-flink.jar, streampipes-processors-geo-flink.jar, streampipes-processors-pattern-detection-flink.jar, streampipes-processors-statistics-flink.jar, streampipes-processors-textmining-flink.jar, streampipes-processors-transformation-flink.jar, streampipes-sinks-databases-flink.jar define 27 overlapping classes: 
[WARNING]   - org.objectweb.asm.commons.AdviceAdapter
[WARNING]   - org.objectweb.asm.commons.AnalyzerAdapter
[WARNING]   - org.objectweb.asm.commons.AnnotationRemapper
[WARNING]   - org.objectweb.asm.commons.ClassRemapper
[WARNING]   - org.objectweb.asm.commons.CodeSizeEvaluator
[WARNING]   - org.objectweb.asm.commons.FieldRemapper
[WARNING]   - org.objectweb.asm.commons.GeneratorAdapter
[WARNING]   - org.objectweb.asm.commons.InstructionAdapter
[WARNING]   - org.objectweb.asm.commons.JSRInlinerAdapter
[WARNING]   - org.objectweb.asm.commons.JSRInlinerAdapter$Instantiation
[WARNING]   - 17 more...
[WARNING] lz4-java-1.8.0.jar, streampipes-processors-enricher-flink.jar, streampipes-processors-geo-flink.jar, streampipes-processors-pattern-detection-flink.jar, streampipes-processors-statistics-flink.jar, streampipes-processors-textmining-flink.jar, streampipes-processors-transformation-flink.jar, streampipes-sinks-databases-flink.jar define 88 overlapping classes and resources: 
[WARNING]   - net.jpountz.lz4.LZ4BlockInputStream
[WARNING]   - net.jpountz.lz4.LZ4BlockOutputStream
[WARNING]   - net.jpountz.lz4.LZ4ByteBufferUtils
[WARNING]   - net.jpountz.lz4.LZ4ByteBufferUtils$Match
[WARNING]   - net.jpountz.lz4.LZ4Compressor
[WARNING]   - net.jpountz.lz4.LZ4CompressorWithLength
[WARNING]   - net.jpountz.lz4.LZ4Constants
[WARNING]   - net.jpountz.lz4.LZ4Decompressor
[WARNING]   - net.jpountz.lz4.LZ4DecompressorWithLength
[WARNING]   - net.jpountz.lz4.LZ4Exception
[WARNING]   - 78 more...
[WARNING] activemq-client-5.17.3.jar, classmate-1.5.1.jar, flink-annotations-1.13.5.jar, flink-cep-scala_2.11-1.13.5.jar, flink-cep_2.11-1.13.5.jar, flink-clients_2.11-1.13.5.jar, flink-connector-base-1.13.5.jar, flink-connector-kafka_2.11-1.13.5.jar, flink-core-1.13.5.jar, flink-file-sink-common-1.13.5.jar, flink-hadoop-fs-1.13.5.jar, flink-java-1.13.5.jar, flink-metrics-core-1.13.5.jar, flink-optimizer_2.11-1.13.5.jar, flink-queryable-state-client-java-1.13.5.jar, flink-runtime_2.11-1.13.5.jar, flink-shaded-asm-7-7.1-13.0.jar, flink-shaded-guava-18.0-13.0.jar, flink-shaded-jackson-2.12.1-13.0.jar, flink-shaded-netty-4.1.49.Final-13.0.jar, flink-shaded-zookeeper-3-3.4.14-13.0.jar, flink-streaming-java_2.11-1.13.5.jar, fluent-hc-4.5.13.jar, force-shading-1.13.5.jar, geronimo-j2ee-management_1.1_spec-1.0.1.jar, geronimo-jms_1.1_spec-1.1.1.jar, httpasyncclient-4.1.2.jar, httpclient-4.5.13.jar, httpcore-4.4.9.jar, httpcore-nio-4.4.9.jar, jackson-core-2.14.1.jar, jackson-databind-2.14.1.jar, jackson-dataformat-xml-2.14.1.jar, jackson-dataformat-yaml-2.14.1.jar, log4j-api-2.19.0.jar, log4j-to-slf4j-2.19.0.jar, micrometer-commons-1.10.2.jar, micrometer-observation-1.10.2.jar, objenesis-3.3.jar, opennlp-tools-2.1.0.jar, streampipes-client-0.92.0-SNAPSHOT.jar, streampipes-commons-0.92.0-SNAPSHOT.jar, streampipes-config-0.92.0-SNAPSHOT.jar, streampipes-dataformat-0.92.0-SNAPSHOT.jar, streampipes-dataformat-cbor-0.92.0-SNAPSHOT.jar, streampipes-dataformat-fst-0.92.0-SNAPSHOT.jar, streampipes-dataformat-json-0.92.0-SNAPSHOT.jar, streampipes-dataformat-smile-0.92.0-SNAPSHOT.jar, streampipes-extensions-api-0.92.0-SNAPSHOT.jar, streampipes-extensions-management-0.92.0-SNAPSHOT.jar, streampipes-logging-0.92.0-SNAPSHOT.jar, streampipes-measurement-units-0.92.0-SNAPSHOT.jar, streampipes-messaging-0.92.0-SNAPSHOT.jar, streampipes-messaging-jms-0.92.0-SNAPSHOT.jar, streampipes-messaging-kafka-0.92.0-SNAPSHOT.jar, streampipes-messaging-mqtt-0.92.0-SNAPSHOT.jar, streampipes-messaging-nats-0.92.0-SNAPSHOT.jar, streampipes-model-0.92.0-SNAPSHOT.jar, streampipes-model-client-0.92.0-SNAPSHOT.jar, streampipes-model-shared-0.92.0-SNAPSHOT.jar, streampipes-pipeline-elements-all-flink.jar, streampipes-processors-aggregation-flink-embed.jar, streampipes-processors-enricher-flink.jar, streampipes-processors-geo-flink.jar, streampipes-processors-pattern-detection-flink.jar, streampipes-processors-statistics-flink.jar, streampipes-processors-textmining-flink.jar, streampipes-processors-transformation-flink.jar, streampipes-rest-extensions-0.92.0-SNAPSHOT.jar, streampipes-rest-shared-0.92.0-SNAPSHOT.jar, streampipes-sdk-0.92.0-SNAPSHOT.jar, streampipes-sdk-bundle-0.92.0-SNAPSHOT.jar, streampipes-security-jwt-0.92.0-SNAPSHOT.jar, streampipes-serializers-json-0.92.0-SNAPSHOT.jar, streampipes-service-base-0.92.0-SNAPSHOT.jar, streampipes-service-discovery-0.92.0-SNAPSHOT.jar, streampipes-service-discovery-api-0.92.0-SNAPSHOT.jar, streampipes-service-discovery-consul-0.92.0-SNAPSHOT.jar, streampipes-service-extensions-0.92.0-SNAPSHOT.jar, streampipes-sinks-databases-flink.jar, streampipes-vocabulary-0.92.0-SNAPSHOT.jar, streampipes-wrapper-0.92.0-SNAPSHOT.jar, streampipes-wrapper-distributed-0.92.0-SNAPSHOT.jar, streampipes-wrapper-flink-0.92.0-SNAPSHOT.jar, tomcat-embed-el-10.1.4.jar, xercesImpl-2.12.2.jar define 1 overlapping resource: 
[WARNING]   - META-INF/NOTICE
[WARNING] streampipes-messaging-nats-0.92.0-SNAPSHOT.jar, streampipes-processors-enricher-flink.jar, streampipes-processors-geo-flink.jar, streampipes-processors-pattern-detection-flink.jar, streampipes-processors-statistics-flink.jar, streampipes-processors-textmining-flink.jar, streampipes-processors-transformation-flink.jar, streampipes-sinks-databases-flink.jar define 8 overlapping classes and resources: 
[WARNING]   - META-INF/maven/org.apache.streampipes/streampipes-messaging-nats/pom.properties
[WARNING]   - META-INF/maven/org.apache.streampipes/streampipes-messaging-nats/pom.xml
[WARNING]   - org.apache.streampipes.messaging.nats.AbstractNatsConnector
[WARNING]   - org.apache.streampipes.messaging.nats.NatsConsumer
[WARNING]   - org.apache.streampipes.messaging.nats.NatsPublisher
[WARNING]   - org.apache.streampipes.messaging.nats.NatsUtils
[WARNING]   - org.apache.streampipes.messaging.nats.SpNatsProtocol
[WARNING]   - org.apache.streampipes.messaging.nats.SpNatsProtocolFactory
[WARNING] streampipes-processors-enricher-flink.jar, streampipes-processors-geo-flink.jar, streampipes-processors-pattern-detection-flink.jar, streampipes-processors-statistics-flink.jar, streampipes-processors-textmining-flink.jar, streampipes-processors-transformation-flink.jar, streampipes-sinks-databases-flink.jar, xnio-nio-3.8.8.Final.jar define 58 overlapping classes and resources: 
[WARNING]   - META-INF/maven/org.jboss.xnio/xnio-nio/pom.properties
[WARNING]   - META-INF/maven/org.jboss.xnio/xnio-nio/pom.xml
[WARNING]   - org.xnio.nio.AbstractNioChannel
[WARNING]   - org.xnio.nio.AbstractNioStreamConnection
[WARNING]   - org.xnio.nio.ChannelClosed
[WARNING]   - org.xnio.nio.Log
[WARNING]   - org.xnio.nio.Log_$logger
[WARNING]   - org.xnio.nio.NioHandle
[WARNING]   - org.xnio.nio.NioHandle$1
[WARNING]   - org.xnio.nio.NioPipeSinkConduit
[WARNING]   - 48 more...
[WARNING] lucene-spatial-extras-7.7.3.jar, streampipes-sinks-databases-flink.jar define 146 overlapping classes: 
[WARNING]   - org.apache.lucene.spatial.ShapeValues
[WARNING]   - org.apache.lucene.spatial.ShapeValuesSource
[WARNING]   - org.apache.lucene.spatial.SpatialStrategy
[WARNING]   - org.apache.lucene.spatial.bbox.BBoxOverlapRatioValueSource
[WARNING]   - org.apache.lucene.spatial.bbox.BBoxSimilarityValueSource
[WARNING]   - org.apache.lucene.spatial.bbox.BBoxSimilarityValueSource$1
[WARNING]   - org.apache.lucene.spatial.bbox.BBoxStrategy
[WARNING]   - org.apache.lucene.spatial.bbox.BBoxValueSource
[WARNING]   - org.apache.lucene.spatial.bbox.BBoxValueSource$1
[WARNING]   - org.apache.lucene.spatial.bbox.package-info
[WARNING]   - 136 more...
[WARNING] scala-library-2.13.10.jar, streampipes-processors-enricher-flink.jar, streampipes-processors-geo-flink.jar, streampipes-processors-pattern-detection-flink.jar, streampipes-processors-statistics-flink.jar, streampipes-processors-textmining-flink.jar, streampipes-processors-transformation-flink.jar, streampipes-sinks-databases-flink.jar define 2887 overlapping classes and resources: 
[WARNING]   - library.properties
[WARNING]   - rootdoc.txt
[WARNING]   - scala.$eq$colon$eq
[WARNING]   - scala.$less$colon$less
[WARNING]   - scala.$less$colon$less$
[WARNING]   - scala.$less$colon$less$$anon$1
[WARNING]   - scala.AnyVal
[WARNING]   - scala.AnyValCompanion
[WARNING]   - scala.App
[WARNING]   - scala.Array
[WARNING]   - 2877 more...
[WARNING] spring-aop-6.0.3.jar, spring-beans-6.0.3.jar, spring-context-6.0.3.jar, streampipes-processors-enricher-flink.jar, streampipes-processors-geo-flink.jar, streampipes-processors-pattern-detection-flink.jar, streampipes-processors-statistics-flink.jar, streampipes-processors-textmining-flink.jar, streampipes-processors-transformation-flink.jar, streampipes-sinks-databases-flink.jar define 1 overlapping resource: 
[WARNING]   - META-INF/spring.tooling
[WARNING] maven-shade-plugin has detected that some class files are
[WARNING] present in two or more JARs. When this happens, only one
[WARNING] single version of the class is copied to the uber jar.
[WARNING] Usually this is not harmful and you can skip these warnings,
[WARNING] otherwise try to manually exclude artifacts based on
[WARNING] mvn dependency:tree -Ddetail=true and the above output.
[WARNING] See https://maven.apache.org/plugins/maven-shade-plugin/
[INFO] Replacing original artifact with shaded artifact.
[INFO] Replacing /Users/arian/edu/kth/softfund_dd2480/assignment4/DD2480-Assignment-4/streampipes-extensions/streampipes-pipeline-elements-all-flink/target/streampipes-pipeline-elements-all-flink.jar with /Users/arian/edu/kth/softfund_dd2480/assignment4/DD2480-Assignment-4/streampipes-extensions/streampipes-pipeline-elements-all-flink/target/streampipes-pipeline-elements-all-flink-0.92.0-SNAPSHOT-shaded.jar
[INFO] 
[INFO] --< org.apache.streampipes:streampipes-pipeline-elements-data-simulator >--
[INFO] Building streampipes-pipeline-elements-data-simulator 0.92.0-SNAPSHOT [88/94]
[INFO] --------------------------------[ jar ]---------------------------------
[INFO] 
[INFO] --- maven-clean-plugin:3.2.0:clean (default-clean) @ streampipes-pipeline-elements-data-simulator ---
[INFO] 
[INFO] --- maven-enforcer-plugin:3.1.0:enforce (enforce-maven-version) @ streampipes-pipeline-elements-data-simulator ---
[INFO] 
[INFO] --- maven-enforcer-plugin:3.1.0:enforce (enforce-java-version) @ streampipes-pipeline-elements-data-simulator ---
[INFO] 
[INFO] --- maven-enforcer-plugin:3.1.0:enforce (check-at-least-java-17) @ streampipes-pipeline-elements-data-simulator ---
[INFO] 
[INFO] --- maven-enforcer-plugin:3.1.0:enforce (enforce-version-convergence) @ streampipes-pipeline-elements-data-simulator ---
[INFO] 
[INFO] --- maven-checkstyle-plugin:3.2.1:check (validate) @ streampipes-pipeline-elements-data-simulator ---
[INFO] 
[INFO] --- maven-remote-resources-plugin:1.7.0:process (process-resource-bundles) @ streampipes-pipeline-elements-data-simulator ---
[INFO] Preparing remote bundle org.apache:apache-jar-resource-bundle:1.4
[INFO] Copying 3 resources from 1 bundle.
[INFO] 
[INFO] --- maven-resources-plugin:3.3.0:resources (default-resources) @ streampipes-pipeline-elements-data-simulator ---
[INFO] skip non existing resourceDirectory /Users/arian/edu/kth/softfund_dd2480/assignment4/DD2480-Assignment-4/streampipes-extensions/streampipes-pipeline-elements-data-simulator/src/main/resources
[INFO] Copying 3 resources
[INFO] 
[INFO] --- maven-compiler-plugin:3.10.1:compile (default-compile) @ streampipes-pipeline-elements-data-simulator ---
[INFO] Changes detected - recompiling the module!
[INFO] Compiling 2 source files to /Users/arian/edu/kth/softfund_dd2480/assignment4/DD2480-Assignment-4/streampipes-extensions/streampipes-pipeline-elements-data-simulator/target/classes
[INFO] 
[INFO] --- maven-resources-plugin:3.3.0:testResources (default-testResources) @ streampipes-pipeline-elements-data-simulator ---
[INFO] skip non existing resourceDirectory /Users/arian/edu/kth/softfund_dd2480/assignment4/DD2480-Assignment-4/streampipes-extensions/streampipes-pipeline-elements-data-simulator/src/test/resources
[INFO] Copying 3 resources
[INFO] 
[INFO] --- maven-compiler-plugin:3.10.1:testCompile (default-testCompile) @ streampipes-pipeline-elements-data-simulator ---
[INFO] No sources to compile
[INFO] 
[INFO] --- maven-surefire-plugin:2.22.2:test (default-test) @ streampipes-pipeline-elements-data-simulator ---
[INFO] 
[INFO] --- maven-jar-plugin:3.3.0:jar (default-jar) @ streampipes-pipeline-elements-data-simulator ---
[INFO] Building jar: /Users/arian/edu/kth/softfund_dd2480/assignment4/DD2480-Assignment-4/streampipes-extensions/streampipes-pipeline-elements-data-simulator/target/streampipes-pipeline-elements-data-simulator-0.92.0-SNAPSHOT.jar
[INFO] 
[INFO] --- maven-site-plugin:3.12.1:attach-descriptor (attach-descriptor) @ streampipes-pipeline-elements-data-simulator ---
[INFO] Skipping because packaging 'jar' is not pom.
[INFO] 
[INFO] --- maven-javadoc-plugin:3.4.1:jar (attach-javadocs) @ streampipes-pipeline-elements-data-simulator ---
[INFO] No previous run data found, generating javadoc.
[INFO] Building jar: /Users/arian/edu/kth/softfund_dd2480/assignment4/DD2480-Assignment-4/streampipes-extensions/streampipes-pipeline-elements-data-simulator/target/streampipes-pipeline-elements-data-simulator-0.92.0-SNAPSHOT-javadoc.jar
[INFO] 
[INFO] >>> maven-source-plugin:3.0.1:jar (attach-sources) > generate-sources @ streampipes-pipeline-elements-data-simulator >>>
[INFO] 
[INFO] --- maven-enforcer-plugin:3.1.0:enforce (enforce-maven-version) @ streampipes-pipeline-elements-data-simulator ---
[INFO] 
[INFO] --- maven-enforcer-plugin:3.1.0:enforce (enforce-java-version) @ streampipes-pipeline-elements-data-simulator ---
[INFO] 
[INFO] --- maven-enforcer-plugin:3.1.0:enforce (check-at-least-java-17) @ streampipes-pipeline-elements-data-simulator ---
[INFO] 
[INFO] --- maven-enforcer-plugin:3.1.0:enforce (enforce-version-convergence) @ streampipes-pipeline-elements-data-simulator ---
[INFO] 
[INFO] --- maven-checkstyle-plugin:3.2.1:check (validate) @ streampipes-pipeline-elements-data-simulator ---
[INFO] 
[INFO] <<< maven-source-plugin:3.0.1:jar (attach-sources) < generate-sources @ streampipes-pipeline-elements-data-simulator <<<
[INFO] 
[INFO] 
[INFO] --- maven-source-plugin:3.0.1:jar (attach-sources) @ streampipes-pipeline-elements-data-simulator ---
[INFO] Building jar: /Users/arian/edu/kth/softfund_dd2480/assignment4/DD2480-Assignment-4/streampipes-extensions/streampipes-pipeline-elements-data-simulator/target/streampipes-pipeline-elements-data-simulator-0.92.0-SNAPSHOT-sources.jar
[INFO] 
[INFO] -------------< org.apache.streampipes:streampipes-sources >-------------
[INFO] Building streampipes-sources 0.92.0-SNAPSHOT                     [89/94]
[INFO] --------------------------------[ jar ]---------------------------------
[INFO] 
[INFO] --- maven-clean-plugin:3.2.0:clean (default-clean) @ streampipes-sources ---
[INFO] 
[INFO] --- maven-enforcer-plugin:3.1.0:enforce (enforce-maven-version) @ streampipes-sources ---
[INFO] 
[INFO] --- maven-enforcer-plugin:3.1.0:enforce (enforce-java-version) @ streampipes-sources ---
[INFO] 
[INFO] --- maven-enforcer-plugin:3.1.0:enforce (check-at-least-java-17) @ streampipes-sources ---
[INFO] 
[INFO] --- maven-enforcer-plugin:3.1.0:enforce (enforce-version-convergence) @ streampipes-sources ---
[INFO] 
[INFO] --- maven-checkstyle-plugin:3.2.1:check (validate) @ streampipes-sources ---
[INFO] 
[INFO] --- maven-remote-resources-plugin:1.7.0:process (process-resource-bundles) @ streampipes-sources ---
[INFO] Preparing remote bundle org.apache:apache-jar-resource-bundle:1.4
[INFO] Copying 3 resources from 1 bundle.
[INFO] 
[INFO] --- maven-resources-plugin:3.3.0:resources (default-resources) @ streampipes-sources ---
[INFO] skip non existing resourceDirectory /Users/arian/edu/kth/softfund_dd2480/assignment4/DD2480-Assignment-4/streampipes-sources/src/main/resources
[INFO] Copying 3 resources
[INFO] 
[INFO] --- maven-compiler-plugin:3.10.1:compile (default-compile) @ streampipes-sources ---
[INFO] Changes detected - recompiling the module!
[INFO] Compiling 2 source files to /Users/arian/edu/kth/softfund_dd2480/assignment4/DD2480-Assignment-4/streampipes-sources/target/classes
[INFO] 
[INFO] --- maven-resources-plugin:3.3.0:testResources (default-testResources) @ streampipes-sources ---
[INFO] skip non existing resourceDirectory /Users/arian/edu/kth/softfund_dd2480/assignment4/DD2480-Assignment-4/streampipes-sources/src/test/resources
[INFO] Copying 3 resources
[INFO] 
[INFO] --- maven-compiler-plugin:3.10.1:testCompile (default-testCompile) @ streampipes-sources ---
[INFO] No sources to compile
[INFO] 
[INFO] --- maven-surefire-plugin:2.22.2:test (default-test) @ streampipes-sources ---
[INFO] 
[INFO] --- maven-jar-plugin:3.3.0:jar (default-jar) @ streampipes-sources ---
[INFO] Building jar: /Users/arian/edu/kth/softfund_dd2480/assignment4/DD2480-Assignment-4/streampipes-sources/target/streampipes-sources-0.92.0-SNAPSHOT.jar
[INFO] 
[INFO] --- maven-site-plugin:3.12.1:attach-descriptor (attach-descriptor) @ streampipes-sources ---
[INFO] Skipping because packaging 'jar' is not pom.
[INFO] 
[INFO] --- maven-javadoc-plugin:3.4.1:jar (attach-javadocs) @ streampipes-sources ---
[INFO] No previous run data found, generating javadoc.
[INFO] Building jar: /Users/arian/edu/kth/softfund_dd2480/assignment4/DD2480-Assignment-4/streampipes-sources/target/streampipes-sources-0.92.0-SNAPSHOT-javadoc.jar
[INFO] 
[INFO] >>> maven-source-plugin:3.2.1:jar (attach-sources) > generate-sources @ streampipes-sources >>>
[INFO] 
[INFO] --- maven-enforcer-plugin:3.1.0:enforce (enforce-maven-version) @ streampipes-sources ---
[INFO] 
[INFO] --- maven-enforcer-plugin:3.1.0:enforce (enforce-java-version) @ streampipes-sources ---
[INFO] 
[INFO] --- maven-enforcer-plugin:3.1.0:enforce (check-at-least-java-17) @ streampipes-sources ---
[INFO] 
[INFO] --- maven-enforcer-plugin:3.1.0:enforce (enforce-version-convergence) @ streampipes-sources ---
[INFO] 
[INFO] --- maven-checkstyle-plugin:3.2.1:check (validate) @ streampipes-sources ---
[INFO] 
[INFO] <<< maven-source-plugin:3.2.1:jar (attach-sources) < generate-sources @ streampipes-sources <<<
[INFO] 
[INFO] 
[INFO] --- maven-source-plugin:3.2.1:jar (attach-sources) @ streampipes-sources ---
[INFO] Building jar: /Users/arian/edu/kth/softfund_dd2480/assignment4/DD2480-Assignment-4/streampipes-sources/target/streampipes-sources-0.92.0-SNAPSHOT-sources.jar
[INFO] 
[INFO] ---< org.apache.streampipes:streampipes-sources-watertank-simulator >---
[INFO] Building streampipes-sources-watertank-simulator 0.92.0-SNAPSHOT [90/94]
[INFO] --------------------------------[ jar ]---------------------------------
[INFO] 
[INFO] --- maven-clean-plugin:3.2.0:clean (default-clean) @ streampipes-sources-watertank-simulator ---
[INFO] 
[INFO] --- maven-enforcer-plugin:3.1.0:enforce (enforce-maven-version) @ streampipes-sources-watertank-simulator ---
[INFO] 
[INFO] --- maven-enforcer-plugin:3.1.0:enforce (enforce-java-version) @ streampipes-sources-watertank-simulator ---
[INFO] 
[INFO] --- maven-enforcer-plugin:3.1.0:enforce (check-at-least-java-17) @ streampipes-sources-watertank-simulator ---
[INFO] 
[INFO] --- maven-enforcer-plugin:3.1.0:enforce (enforce-version-convergence) @ streampipes-sources-watertank-simulator ---
[INFO] 
[INFO] --- maven-checkstyle-plugin:3.2.1:check (validate) @ streampipes-sources-watertank-simulator ---
[INFO] 
[INFO] --- maven-remote-resources-plugin:1.7.0:process (process-resource-bundles) @ streampipes-sources-watertank-simulator ---
[INFO] Preparing remote bundle org.apache:apache-jar-resource-bundle:1.4
[INFO] Copying 3 resources from 1 bundle.
[INFO] 
[INFO] --- maven-resources-plugin:3.3.0:resources (default-resources) @ streampipes-sources-watertank-simulator ---
[INFO] Copying 21 resources
[INFO] Copying 3 resources
[INFO] 
[INFO] --- maven-compiler-plugin:3.10.1:compile (default-compile) @ streampipes-sources-watertank-simulator ---
[INFO] Changes detected - recompiling the module!
[INFO] Compiling 9 source files to /Users/arian/edu/kth/softfund_dd2480/assignment4/DD2480-Assignment-4/streampipes-extensions/streampipes-sources-watertank-simulator/target/classes
[INFO] 
[INFO] --- maven-resources-plugin:3.3.0:testResources (default-testResources) @ streampipes-sources-watertank-simulator ---
[INFO] skip non existing resourceDirectory /Users/arian/edu/kth/softfund_dd2480/assignment4/DD2480-Assignment-4/streampipes-extensions/streampipes-sources-watertank-simulator/src/test/resources
[INFO] Copying 3 resources
[INFO] 
[INFO] --- maven-compiler-plugin:3.10.1:testCompile (default-testCompile) @ streampipes-sources-watertank-simulator ---
[INFO] No sources to compile
[INFO] 
[INFO] --- maven-surefire-plugin:2.22.2:test (default-test) @ streampipes-sources-watertank-simulator ---
[INFO] 
[INFO] --- maven-jar-plugin:3.3.0:jar (default-jar) @ streampipes-sources-watertank-simulator ---
[INFO] Building jar: /Users/arian/edu/kth/softfund_dd2480/assignment4/DD2480-Assignment-4/streampipes-extensions/streampipes-sources-watertank-simulator/target/streampipes-sources-watertank-simulator.jar
[INFO] 
[INFO] --- maven-site-plugin:3.12.1:attach-descriptor (attach-descriptor) @ streampipes-sources-watertank-simulator ---
[INFO] Skipping because packaging 'jar' is not pom.
[INFO] 
[INFO] --- maven-javadoc-plugin:3.4.1:jar (attach-javadocs) @ streampipes-sources-watertank-simulator ---
[ERROR] Error fetching link: /Users/arian/edu/kth/softfund_dd2480/assignment4/DD2480-Assignment-4/streampipes-sdk-bundle/target/apidocs. Ignored it.
[INFO] No previous run data found, generating javadoc.
[INFO] Building jar: /Users/arian/edu/kth/softfund_dd2480/assignment4/DD2480-Assignment-4/streampipes-extensions/streampipes-sources-watertank-simulator/target/streampipes-sources-watertank-simulator-javadoc.jar
[INFO] 
[INFO] >>> maven-source-plugin:3.0.1:jar (attach-sources) > generate-sources @ streampipes-sources-watertank-simulator >>>
[INFO] 
[INFO] --- maven-enforcer-plugin:3.1.0:enforce (enforce-maven-version) @ streampipes-sources-watertank-simulator ---
[INFO] 
[INFO] --- maven-enforcer-plugin:3.1.0:enforce (enforce-java-version) @ streampipes-sources-watertank-simulator ---
[INFO] 
[INFO] --- maven-enforcer-plugin:3.1.0:enforce (check-at-least-java-17) @ streampipes-sources-watertank-simulator ---
[INFO] 
[INFO] --- maven-enforcer-plugin:3.1.0:enforce (enforce-version-convergence) @ streampipes-sources-watertank-simulator ---
[INFO] 
[INFO] --- maven-checkstyle-plugin:3.2.1:check (validate) @ streampipes-sources-watertank-simulator ---
[INFO] 
[INFO] <<< maven-source-plugin:3.0.1:jar (attach-sources) < generate-sources @ streampipes-sources-watertank-simulator <<<
[INFO] 
[INFO] 
[INFO] --- maven-source-plugin:3.0.1:jar (attach-sources) @ streampipes-sources-watertank-simulator ---
[INFO] Building jar: /Users/arian/edu/kth/softfund_dd2480/assignment4/DD2480-Assignment-4/streampipes-extensions/streampipes-sources-watertank-simulator/target/streampipes-sources-watertank-simulator-sources.jar
[INFO] 
[INFO] --- maven-jar-plugin:3.3.0:jar (default) @ streampipes-sources-watertank-simulator ---
[INFO] Building jar: /Users/arian/edu/kth/softfund_dd2480/assignment4/DD2480-Assignment-4/streampipes-extensions/streampipes-sources-watertank-simulator/target/streampipes-sources-watertank-simulator-embed.jar
[INFO] 
[INFO] --- spring-boot-maven-plugin:3.0.1:repackage (default) @ streampipes-sources-watertank-simulator ---
[INFO] Replacing main artifact with repackaged archive
[INFO] 
[INFO] ----< org.apache.streampipes:streampipes-sources-vehicle-simulator >----
[INFO] Building streampipes-sources-vehicle-simulator 0.92.0-SNAPSHOT   [91/94]
[INFO] --------------------------------[ jar ]---------------------------------
[INFO] 
[INFO] --- maven-clean-plugin:3.2.0:clean (default-clean) @ streampipes-sources-vehicle-simulator ---
[INFO] 
[INFO] --- maven-enforcer-plugin:3.1.0:enforce (enforce-maven-version) @ streampipes-sources-vehicle-simulator ---
[INFO] 
[INFO] --- maven-enforcer-plugin:3.1.0:enforce (enforce-java-version) @ streampipes-sources-vehicle-simulator ---
[INFO] 
[INFO] --- maven-enforcer-plugin:3.1.0:enforce (check-at-least-java-17) @ streampipes-sources-vehicle-simulator ---
[INFO] 
[INFO] --- maven-enforcer-plugin:3.1.0:enforce (enforce-version-convergence) @ streampipes-sources-vehicle-simulator ---
[INFO] 
[INFO] --- maven-remote-resources-plugin:1.7.0:process (process-resource-bundles) @ streampipes-sources-vehicle-simulator ---
[INFO] Preparing remote bundle org.apache:apache-jar-resource-bundle:1.4
[INFO] Copying 3 resources from 1 bundle.
[INFO] 
[INFO] --- maven-resources-plugin:3.3.0:resources (default-resources) @ streampipes-sources-vehicle-simulator ---
[INFO] Copying 2 resources
[INFO] Copying 3 resources
[INFO] 
[INFO] --- maven-compiler-plugin:3.10.1:compile (default-compile) @ streampipes-sources-vehicle-simulator ---
[INFO] Changes detected - recompiling the module!
[INFO] Compiling 4 source files to /Users/arian/edu/kth/softfund_dd2480/assignment4/DD2480-Assignment-4/streampipes-extensions/streampipes-sources-vehicle-simulator/target/classes
[INFO] /Users/arian/edu/kth/softfund_dd2480/assignment4/DD2480-Assignment-4/streampipes-extensions/streampipes-sources-vehicle-simulator/src/main/java/org/apache/streampipes/sources/vehicle/simulator/vehicle/streams/VehicleStream.java: /Users/arian/edu/kth/softfund_dd2480/assignment4/DD2480-Assignment-4/streampipes-extensions/streampipes-sources-vehicle-simulator/src/main/java/org/apache/streampipes/sources/vehicle/simulator/vehicle/streams/VehicleStream.java uses or overrides a deprecated API that is marked for removal.
[INFO] /Users/arian/edu/kth/softfund_dd2480/assignment4/DD2480-Assignment-4/streampipes-extensions/streampipes-sources-vehicle-simulator/src/main/java/org/apache/streampipes/sources/vehicle/simulator/vehicle/streams/VehicleStream.java: Recompile with -Xlint:removal for details.
[INFO] 
[INFO] --- maven-resources-plugin:3.3.0:testResources (default-testResources) @ streampipes-sources-vehicle-simulator ---
[INFO] skip non existing resourceDirectory /Users/arian/edu/kth/softfund_dd2480/assignment4/DD2480-Assignment-4/streampipes-extensions/streampipes-sources-vehicle-simulator/src/test/resources
[INFO] Copying 3 resources
[INFO] 
[INFO] --- maven-compiler-plugin:3.10.1:testCompile (default-testCompile) @ streampipes-sources-vehicle-simulator ---
[INFO] No sources to compile
[INFO] 
[INFO] --- maven-surefire-plugin:2.22.2:test (default-test) @ streampipes-sources-vehicle-simulator ---
[INFO] 
[INFO] --- maven-jar-plugin:3.3.0:jar (default-jar) @ streampipes-sources-vehicle-simulator ---
[INFO] Building jar: /Users/arian/edu/kth/softfund_dd2480/assignment4/DD2480-Assignment-4/streampipes-extensions/streampipes-sources-vehicle-simulator/target/streampipes-sources-vehicle-simulator.jar
[INFO] 
[INFO] --- maven-site-plugin:3.12.1:attach-descriptor (attach-descriptor) @ streampipes-sources-vehicle-simulator ---
[INFO] Skipping because packaging 'jar' is not pom.
[INFO] 
[INFO] --- maven-javadoc-plugin:3.4.1:jar (attach-javadocs) @ streampipes-sources-vehicle-simulator ---
[ERROR] Error fetching link: /Users/arian/edu/kth/softfund_dd2480/assignment4/DD2480-Assignment-4/streampipes-sdk-bundle/target/apidocs. Ignored it.
[INFO] No previous run data found, generating javadoc.
[INFO] Building jar: /Users/arian/edu/kth/softfund_dd2480/assignment4/DD2480-Assignment-4/streampipes-extensions/streampipes-sources-vehicle-simulator/target/streampipes-sources-vehicle-simulator-javadoc.jar
[INFO] 
[INFO] >>> maven-source-plugin:3.0.1:jar (attach-sources) > generate-sources @ streampipes-sources-vehicle-simulator >>>
[INFO] 
[INFO] --- maven-enforcer-plugin:3.1.0:enforce (enforce-maven-version) @ streampipes-sources-vehicle-simulator ---
[INFO] 
[INFO] --- maven-enforcer-plugin:3.1.0:enforce (enforce-java-version) @ streampipes-sources-vehicle-simulator ---
[INFO] 
[INFO] --- maven-enforcer-plugin:3.1.0:enforce (check-at-least-java-17) @ streampipes-sources-vehicle-simulator ---
[INFO] 
[INFO] --- maven-enforcer-plugin:3.1.0:enforce (enforce-version-convergence) @ streampipes-sources-vehicle-simulator ---
[INFO] 
[INFO] <<< maven-source-plugin:3.0.1:jar (attach-sources) < generate-sources @ streampipes-sources-vehicle-simulator <<<
[INFO] 
[INFO] 
[INFO] --- maven-source-plugin:3.0.1:jar (attach-sources) @ streampipes-sources-vehicle-simulator ---
[INFO] Building jar: /Users/arian/edu/kth/softfund_dd2480/assignment4/DD2480-Assignment-4/streampipes-extensions/streampipes-sources-vehicle-simulator/target/streampipes-sources-vehicle-simulator-sources.jar
[INFO] 
[INFO] --- maven-jar-plugin:3.3.0:jar (default) @ streampipes-sources-vehicle-simulator ---
[INFO] Building jar: /Users/arian/edu/kth/softfund_dd2480/assignment4/DD2480-Assignment-4/streampipes-extensions/streampipes-sources-vehicle-simulator/target/streampipes-sources-vehicle-simulator-embed.jar
[INFO] 
[INFO] --- spring-boot-maven-plugin:3.0.1:repackage (default) @ streampipes-sources-vehicle-simulator ---
[INFO] Replacing main artifact with repackaged archive
[INFO] 
[INFO] ------< org.apache.streampipes:streampipes-wrapper-kafka-streams >------
[INFO] Building streampipes-wrapper-kafka-streams 0.92.0-SNAPSHOT       [92/94]
[INFO] --------------------------------[ jar ]---------------------------------
[INFO] 
[INFO] --- maven-clean-plugin:3.2.0:clean (default-clean) @ streampipes-wrapper-kafka-streams ---
[INFO] 
[INFO] --- maven-enforcer-plugin:3.1.0:enforce (enforce-maven-version) @ streampipes-wrapper-kafka-streams ---
[INFO] 
[INFO] --- maven-enforcer-plugin:3.1.0:enforce (enforce-java-version) @ streampipes-wrapper-kafka-streams ---
[INFO] 
[INFO] --- maven-enforcer-plugin:3.1.0:enforce (check-at-least-java-17) @ streampipes-wrapper-kafka-streams ---
[INFO] 
[INFO] --- maven-enforcer-plugin:3.1.0:enforce (enforce-version-convergence) @ streampipes-wrapper-kafka-streams ---
[INFO] 
[INFO] --- maven-checkstyle-plugin:3.2.1:check (validate) @ streampipes-wrapper-kafka-streams ---
[INFO] 
[INFO] --- maven-remote-resources-plugin:1.7.0:process (process-resource-bundles) @ streampipes-wrapper-kafka-streams ---
[INFO] Preparing remote bundle org.apache:apache-jar-resource-bundle:1.4
[INFO] Copying 3 resources from 1 bundle.
[INFO] 
[INFO] --- maven-resources-plugin:3.3.0:resources (default-resources) @ streampipes-wrapper-kafka-streams ---
[INFO] skip non existing resourceDirectory /Users/arian/edu/kth/softfund_dd2480/assignment4/DD2480-Assignment-4/streampipes-wrapper-kafka-streams/src/main/resources
[INFO] Copying 3 resources
[INFO] 
[INFO] --- maven-compiler-plugin:3.10.1:compile (default-compile) @ streampipes-wrapper-kafka-streams ---
[INFO] Changes detected - recompiling the module!
[INFO] Compiling 7 source files to /Users/arian/edu/kth/softfund_dd2480/assignment4/DD2480-Assignment-4/streampipes-wrapper-kafka-streams/target/classes
[INFO] /Users/arian/edu/kth/softfund_dd2480/assignment4/DD2480-Assignment-4/streampipes-wrapper-kafka-streams/src/main/java/org/apache/streampipes/wrapper/kafka/converter/JsonToMapFormat.java: /Users/arian/edu/kth/softfund_dd2480/assignment4/DD2480-Assignment-4/streampipes-wrapper-kafka-streams/src/main/java/org/apache/streampipes/wrapper/kafka/converter/JsonToMapFormat.java uses or overrides a deprecated API.
[INFO] /Users/arian/edu/kth/softfund_dd2480/assignment4/DD2480-Assignment-4/streampipes-wrapper-kafka-streams/src/main/java/org/apache/streampipes/wrapper/kafka/converter/JsonToMapFormat.java: Recompile with -Xlint:deprecation for details.
[INFO] /Users/arian/edu/kth/softfund_dd2480/assignment4/DD2480-Assignment-4/streampipes-wrapper-kafka-streams/src/main/java/org/apache/streampipes/wrapper/kafka/KafkaStreamsDataProcessorRuntime.java: Some input files use or override a deprecated API that is marked for removal.
[INFO] /Users/arian/edu/kth/softfund_dd2480/assignment4/DD2480-Assignment-4/streampipes-wrapper-kafka-streams/src/main/java/org/apache/streampipes/wrapper/kafka/KafkaStreamsDataProcessorRuntime.java: Recompile with -Xlint:removal for details.
[INFO] /Users/arian/edu/kth/softfund_dd2480/assignment4/DD2480-Assignment-4/streampipes-wrapper-kafka-streams/src/main/java/org/apache/streampipes/wrapper/kafka/KafkaStreamsRuntime.java: Some input files use unchecked or unsafe operations.
[INFO] /Users/arian/edu/kth/softfund_dd2480/assignment4/DD2480-Assignment-4/streampipes-wrapper-kafka-streams/src/main/java/org/apache/streampipes/wrapper/kafka/KafkaStreamsRuntime.java: Recompile with -Xlint:unchecked for details.
[INFO] 
[INFO] --- maven-resources-plugin:3.3.0:testResources (default-testResources) @ streampipes-wrapper-kafka-streams ---
[INFO] skip non existing resourceDirectory /Users/arian/edu/kth/softfund_dd2480/assignment4/DD2480-Assignment-4/streampipes-wrapper-kafka-streams/src/test/resources
[INFO] Copying 3 resources
[INFO] 
[INFO] --- maven-compiler-plugin:3.10.1:testCompile (default-testCompile) @ streampipes-wrapper-kafka-streams ---
[INFO] No sources to compile
[INFO] 
[INFO] --- maven-surefire-plugin:2.22.2:test (default-test) @ streampipes-wrapper-kafka-streams ---
[INFO] 
[INFO] --- maven-jar-plugin:3.3.0:jar (default-jar) @ streampipes-wrapper-kafka-streams ---
[INFO] Building jar: /Users/arian/edu/kth/softfund_dd2480/assignment4/DD2480-Assignment-4/streampipes-wrapper-kafka-streams/target/streampipes-wrapper-kafka-streams-0.92.0-SNAPSHOT.jar
[INFO] 
[INFO] --- maven-site-plugin:3.12.1:attach-descriptor (attach-descriptor) @ streampipes-wrapper-kafka-streams ---
[INFO] Skipping because packaging 'jar' is not pom.
[INFO] 
[INFO] --- maven-javadoc-plugin:3.4.1:jar (attach-javadocs) @ streampipes-wrapper-kafka-streams ---
[INFO] No previous run data found, generating javadoc.
[INFO] Building jar: /Users/arian/edu/kth/softfund_dd2480/assignment4/DD2480-Assignment-4/streampipes-wrapper-kafka-streams/target/streampipes-wrapper-kafka-streams-0.92.0-SNAPSHOT-javadoc.jar
[INFO] 
[INFO] >>> maven-source-plugin:3.2.1:jar (attach-sources) > generate-sources @ streampipes-wrapper-kafka-streams >>>
[INFO] 
[INFO] --- maven-enforcer-plugin:3.1.0:enforce (enforce-maven-version) @ streampipes-wrapper-kafka-streams ---
[INFO] 
[INFO] --- maven-enforcer-plugin:3.1.0:enforce (enforce-java-version) @ streampipes-wrapper-kafka-streams ---
[INFO] 
[INFO] --- maven-enforcer-plugin:3.1.0:enforce (check-at-least-java-17) @ streampipes-wrapper-kafka-streams ---
[INFO] 
[INFO] --- maven-enforcer-plugin:3.1.0:enforce (enforce-version-convergence) @ streampipes-wrapper-kafka-streams ---
[INFO] 
[INFO] --- maven-checkstyle-plugin:3.2.1:check (validate) @ streampipes-wrapper-kafka-streams ---
[INFO] 
[INFO] <<< maven-source-plugin:3.2.1:jar (attach-sources) < generate-sources @ streampipes-wrapper-kafka-streams <<<
[INFO] 
[INFO] 
[INFO] --- maven-source-plugin:3.2.1:jar (attach-sources) @ streampipes-wrapper-kafka-streams ---
[INFO] Building jar: /Users/arian/edu/kth/softfund_dd2480/assignment4/DD2480-Assignment-4/streampipes-wrapper-kafka-streams/target/streampipes-wrapper-kafka-streams-0.92.0-SNAPSHOT-sources.jar
[INFO] 
[INFO] ---------< org.apache.streampipes:streampipes-wrapper-python >----------
[INFO] Building streampipes-wrapper-python 0.92.0-SNAPSHOT              [93/94]
[INFO] --------------------------------[ jar ]---------------------------------
[INFO] 
[INFO] --- maven-clean-plugin:3.2.0:clean (default-clean) @ streampipes-wrapper-python ---
[INFO] 
[INFO] --- maven-enforcer-plugin:3.1.0:enforce (enforce-maven-version) @ streampipes-wrapper-python ---
[INFO] 
[INFO] --- maven-enforcer-plugin:3.1.0:enforce (enforce-java-version) @ streampipes-wrapper-python ---
[INFO] 
[INFO] --- maven-enforcer-plugin:3.1.0:enforce (check-at-least-java-17) @ streampipes-wrapper-python ---
[INFO] 
[INFO] --- maven-enforcer-plugin:3.1.0:enforce (enforce-version-convergence) @ streampipes-wrapper-python ---
[INFO] 
[INFO] --- maven-checkstyle-plugin:3.2.1:check (validate) @ streampipes-wrapper-python ---
[INFO] 
[INFO] --- maven-remote-resources-plugin:1.7.0:process (process-resource-bundles) @ streampipes-wrapper-python ---
[INFO] Preparing remote bundle org.apache:apache-jar-resource-bundle:1.4
[INFO] Copying 3 resources from 1 bundle.
[INFO] 
[INFO] --- maven-resources-plugin:3.3.0:resources (default-resources) @ streampipes-wrapper-python ---
[INFO] skip non existing resourceDirectory /Users/arian/edu/kth/softfund_dd2480/assignment4/DD2480-Assignment-4/streampipes-wrapper-python/src/main/resources
[INFO] Copying 3 resources
[INFO] 
[INFO] --- maven-compiler-plugin:3.10.1:compile (default-compile) @ streampipes-wrapper-python ---
[INFO] No sources to compile
[INFO] 
[INFO] --- maven-resources-plugin:3.3.0:testResources (default-testResources) @ streampipes-wrapper-python ---
[INFO] skip non existing resourceDirectory /Users/arian/edu/kth/softfund_dd2480/assignment4/DD2480-Assignment-4/streampipes-wrapper-python/src/test/resources
[INFO] Copying 3 resources
[INFO] 
[INFO] --- maven-compiler-plugin:3.10.1:testCompile (default-testCompile) @ streampipes-wrapper-python ---
[INFO] No sources to compile
[INFO] 
[INFO] --- maven-surefire-plugin:2.22.2:test (default-test) @ streampipes-wrapper-python ---
[INFO] 
[INFO] --- maven-jar-plugin:3.3.0:jar (default-jar) @ streampipes-wrapper-python ---
[INFO] Building jar: /Users/arian/edu/kth/softfund_dd2480/assignment4/DD2480-Assignment-4/streampipes-wrapper-python/target/streampipes-wrapper-python-0.92.0-SNAPSHOT.jar
[INFO] 
[INFO] --- maven-site-plugin:3.12.1:attach-descriptor (attach-descriptor) @ streampipes-wrapper-python ---
[INFO] Skipping because packaging 'jar' is not pom.
[INFO] 
[INFO] --- maven-javadoc-plugin:3.4.1:jar (attach-javadocs) @ streampipes-wrapper-python ---
[INFO] 
[INFO] >>> maven-source-plugin:3.2.1:jar (attach-sources) > generate-sources @ streampipes-wrapper-python >>>
[INFO] 
[INFO] --- maven-enforcer-plugin:3.1.0:enforce (enforce-maven-version) @ streampipes-wrapper-python ---
[INFO] 
[INFO] --- maven-enforcer-plugin:3.1.0:enforce (enforce-java-version) @ streampipes-wrapper-python ---
[INFO] 
[INFO] --- maven-enforcer-plugin:3.1.0:enforce (check-at-least-java-17) @ streampipes-wrapper-python ---
[INFO] 
[INFO] --- maven-enforcer-plugin:3.1.0:enforce (enforce-version-convergence) @ streampipes-wrapper-python ---
[INFO] 
[INFO] --- maven-checkstyle-plugin:3.2.1:check (validate) @ streampipes-wrapper-python ---
[INFO] 
[INFO] <<< maven-source-plugin:3.2.1:jar (attach-sources) < generate-sources @ streampipes-wrapper-python <<<
[INFO] 
[INFO] 
[INFO] --- maven-source-plugin:3.2.1:jar (attach-sources) @ streampipes-wrapper-python ---
[INFO] Building jar: /Users/arian/edu/kth/softfund_dd2480/assignment4/DD2480-Assignment-4/streampipes-wrapper-python/target/streampipes-wrapper-python-0.92.0-SNAPSHOT-sources.jar
[INFO] 
[INFO] --------< org.apache.streampipes:streampipes-integration-tests >--------
[INFO] Building StreamPipes Integration Tests 0.92.0-SNAPSHOT           [94/94]
[INFO] --------------------------------[ jar ]---------------------------------
[INFO] 
[INFO] --- maven-clean-plugin:3.2.0:clean (default-clean) @ streampipes-integration-tests ---
[INFO] Deleting /Users/arian/edu/kth/softfund_dd2480/assignment4/DD2480-Assignment-4/streampipes-integration-tests/target
[INFO] 
[INFO] --- maven-enforcer-plugin:3.1.0:enforce (enforce-maven-version) @ streampipes-integration-tests ---
[INFO] 
[INFO] --- maven-enforcer-plugin:3.1.0:enforce (enforce-java-version) @ streampipes-integration-tests ---
[INFO] 
[INFO] --- maven-enforcer-plugin:3.1.0:enforce (check-at-least-java-17) @ streampipes-integration-tests ---
[INFO] 
[INFO] --- maven-enforcer-plugin:3.1.0:enforce (enforce-version-convergence) @ streampipes-integration-tests ---
[INFO] 
[INFO] --- maven-checkstyle-plugin:3.2.1:check (validate) @ streampipes-integration-tests ---
[INFO] 
[INFO] --- maven-remote-resources-plugin:1.7.0:process (process-resource-bundles) @ streampipes-integration-tests ---
[INFO] Preparing remote bundle org.apache:apache-jar-resource-bundle:1.4
[INFO] Copying 3 resources from 1 bundle.
[INFO] 
[INFO] --- maven-resources-plugin:3.3.0:resources (default-resources) @ streampipes-integration-tests ---
[INFO] skip non existing resourceDirectory /Users/arian/edu/kth/softfund_dd2480/assignment4/DD2480-Assignment-4/streampipes-integration-tests/src/main/resources
[INFO] Copying 3 resources
[INFO] 
[INFO] --- maven-compiler-plugin:3.10.1:compile (default-compile) @ streampipes-integration-tests ---
[INFO] No sources to compile
[INFO] 
[INFO] --- maven-resources-plugin:3.3.0:testResources (default-testResources) @ streampipes-integration-tests ---
[INFO] Copying 1 resource
[INFO] Copying 3 resources
[INFO] 
[INFO] --- maven-compiler-plugin:3.10.1:testCompile (default-testCompile) @ streampipes-integration-tests ---
[INFO] Changes detected - recompiling the module!
[INFO] Compiling 9 source files to /Users/arian/edu/kth/softfund_dd2480/assignment4/DD2480-Assignment-4/streampipes-integration-tests/target/test-classes
[INFO] /Users/arian/edu/kth/softfund_dd2480/assignment4/DD2480-Assignment-4/streampipes-integration-tests/src/test/java/org/apache/streampipes/integration/svcdiscovery/AbstractConsulTest.java: /Users/arian/edu/kth/softfund_dd2480/assignment4/DD2480-Assignment-4/streampipes-integration-tests/src/test/java/org/apache/streampipes/integration/svcdiscovery/AbstractConsulTest.java uses or overrides a deprecated API that is marked for removal.
[INFO] /Users/arian/edu/kth/softfund_dd2480/assignment4/DD2480-Assignment-4/streampipes-integration-tests/src/test/java/org/apache/streampipes/integration/svcdiscovery/AbstractConsulTest.java: Recompile with -Xlint:removal for details.
[INFO] 
[INFO] --- maven-surefire-plugin:2.22.2:test (default-test) @ streampipes-integration-tests ---
[INFO] 
[INFO] -------------------------------------------------------
[INFO]  T E S T S
[INFO] -------------------------------------------------------
[INFO] Running org.apache.streampipes.integration.adapters.AdaptersTest
18:32:18.373 [main] INFO  o.t.utility.ImageNameSubstitutor - Image name substitution will be performed by: DefaultImageNameSubstitutor (composite of 'ConfigurationFileImageNameSubstitutor' and 'PrefixingImageNameSubstitutor')
18:32:18.430 [main] INFO  o.t.d.DockerClientProviderStrategy - Loaded org.testcontainers.dockerclient.UnixSocketClientProviderStrategy from ~/.testcontainers.properties, will try it first
18:32:19.094 [main] INFO  o.t.d.DockerClientProviderStrategy - Found Docker environment with local Unix socket (unix:///var/run/docker.sock)
18:32:19.095 [main] INFO  o.testcontainers.DockerClientFactory - Docker host IP address is localhost
18:32:19.127 [main] INFO  o.testcontainers.DockerClientFactory - Connected to docker: 
  Server Version: 20.10.17
  API Version: 1.41
  Operating System: Docker Desktop
  Total Memory: 7960 MB
18:32:19.162 [main] INFO  🐳 [testcontainers/ryuk:0.3.4] - Creating container for image: testcontainers/ryuk:0.3.4
18:32:19.368 [main] INFO  o.t.utility.RegistryAuthLocator - Credential helper/store (docker-credential-desktop) does not have credentials for https://index.docker.io/v1/
18:32:19.517 [main] INFO  🐳 [testcontainers/ryuk:0.3.4] - Container testcontainers/ryuk:0.3.4 is starting: c4d155377c3eceb1f34d6b5b640030dda5b980795343f953fe751b21b342f126
18:32:19.989 [main] INFO  🐳 [testcontainers/ryuk:0.3.4] - Container testcontainers/ryuk:0.3.4 started in PT0.853575S
18:32:19.998 [main] INFO  o.t.utility.RyukResourceReaper - Ryuk started - will monitor and terminate Testcontainers containers on JVM exit
18:32:19.998 [main] INFO  o.testcontainers.DockerClientFactory - Checking the system...
18:32:19.999 [main] INFO  o.testcontainers.DockerClientFactory - ✔︎ Docker server version should be at least 1.6.0
18:32:20.000 [main] INFO  🐳 [apachepulsar/pulsar-test-latest-version:latest] - Creating container for image: apachepulsar/pulsar-test-latest-version:latest
18:32:20.087 [main] INFO  🐳 [apachepulsar/pulsar-test-latest-version:latest] - Container apachepulsar/pulsar-test-latest-version:latest is starting: 04d154b52cb3017ebcad4d23c9ffc05d80fb636563db2036876662f378b4b8fc
18:32:20.545 [main] INFO  o.t.c.wait.strategy.HttpWaitStrategy - /angry_jennings: Waiting for 300 seconds for URL: http://localhost:49242/admin/v2/namespaces/public/default (where port 49242 maps to container port 8080)
18:32:30.986 [main] INFO  🐳 [apachepulsar/pulsar-test-latest-version:latest] - Container apachepulsar/pulsar-test-latest-version:latest started in PT10.986401S
18:32:31.317 [main] WARN  o.a.p.s.i.n.r.d.DnsServerAddressStreamProviders - Can not find org.apache.pulsar.shade.io.netty.resolver.dns.macos.MacOSDnsServerAddressStreamProvider in the classpath, fallback to system defaults. This may result in incorrect DNS resolutions on MacOS.
18:32:31.322 [main] WARN  o.a.p.c.util.netty.DnsResolverUtil - Cannot get DNS TTL settings from sun.net.InetAddressCachePolicy class
java.lang.IllegalAccessException: class org.apache.pulsar.common.util.netty.DnsResolverUtil cannot access class sun.net.InetAddressCachePolicy (in module java.base) because module java.base does not export sun.net to unnamed module @617faa95
	at java.base/jdk.internal.reflect.Reflection.newIllegalAccessException(Reflection.java:420)
	at java.base/java.lang.reflect.AccessibleObject.checkAccess(AccessibleObject.java:709)
	at java.base/java.lang.reflect.Method.invoke(Method.java:569)
	at org.apache.pulsar.common.util.netty.DnsResolverUtil.<clinit>(DnsResolverUtil.java:46)
	at org.apache.pulsar.client.impl.ConnectionPool.createAddressResolver(ConnectionPool.java:118)
	at org.apache.pulsar.client.impl.ConnectionPool.lambda$new$1(ConnectionPool.java:106)
	at java.base/java.util.Optional.orElseGet(Optional.java:364)
	at org.apache.pulsar.client.impl.ConnectionPool.<init>(ConnectionPool.java:106)
	at org.apache.pulsar.client.impl.ConnectionPool.<init>(ConnectionPool.java:75)
	at org.apache.pulsar.client.impl.ConnectionPool.<init>(ConnectionPool.java:70)
	at org.apache.pulsar.client.impl.PulsarClientImpl.<init>(PulsarClientImpl.java:187)
	at org.apache.pulsar.client.impl.PulsarClientImpl.<init>(PulsarClientImpl.java:145)
	at org.apache.pulsar.client.impl.ClientBuilderImpl.build(ClientBuilderImpl.java:67)
	at org.apache.streampipes.connect.iiot.protocol.stream.pulsar.PulsarUtils.makePulsarClient(PulsarUtils.java:31)
	at org.apache.streampipes.connect.iiot.protocol.stream.pulsar.PulsarProtocol.run(PulsarProtocol.java:135)
	at org.apache.streampipes.extensions.management.connect.adapter.model.generic.GenericAdapter.startAdapter(GenericAdapter.java:68)
	at org.apache.streampipes.integration.adapters.AdapterTesterBase.startAdapter(AdapterTesterBase.java:37)
	at org.apache.streampipes.integration.adapters.AdaptersTest.testAdapter(AdaptersTest.java:31)
	at org.apache.streampipes.integration.adapters.AdaptersTest.testPulsarAdapter(AdaptersTest.java:39)
	at java.base/jdk.internal.reflect.DirectMethodHandleAccessor.invoke(DirectMethodHandleAccessor.java:104)
	at java.base/java.lang.reflect.Method.invoke(Method.java:578)
	at org.junit.runners.model.FrameworkMethod$1.runReflectiveCall(FrameworkMethod.java:59)
	at org.junit.internal.runners.model.ReflectiveCallable.run(ReflectiveCallable.java:12)
	at org.junit.runners.model.FrameworkMethod.invokeExplosively(FrameworkMethod.java:56)
	at org.junit.internal.runners.statements.InvokeMethod.evaluate(InvokeMethod.java:17)
	at org.junit.runners.ParentRunner$3.evaluate(ParentRunner.java:306)
	at org.junit.runners.BlockJUnit4ClassRunner$1.evaluate(BlockJUnit4ClassRunner.java:100)
	at org.junit.runners.ParentRunner.runLeaf(ParentRunner.java:366)
	at org.junit.runners.BlockJUnit4ClassRunner.runChild(BlockJUnit4ClassRunner.java:103)
	at org.junit.runners.BlockJUnit4ClassRunner.runChild(BlockJUnit4ClassRunner.java:63)
	at org.junit.runners.ParentRunner$4.run(ParentRunner.java:331)
	at org.junit.runners.ParentRunner$1.schedule(ParentRunner.java:79)
	at org.junit.runners.ParentRunner.runChildren(ParentRunner.java:329)
	at org.junit.runners.ParentRunner.access$100(ParentRunner.java:66)
	at org.junit.runners.ParentRunner$2.evaluate(ParentRunner.java:293)
	at org.junit.runners.ParentRunner$3.evaluate(ParentRunner.java:306)
	at org.junit.runners.ParentRunner.run(ParentRunner.java:413)
	at org.apache.maven.surefire.junit4.JUnit4Provider.execute(JUnit4Provider.java:365)
	at org.apache.maven.surefire.junit4.JUnit4Provider.executeWithRerun(JUnit4Provider.java:273)
	at org.apache.maven.surefire.junit4.JUnit4Provider.executeTestSet(JUnit4Provider.java:238)
	at org.apache.maven.surefire.junit4.JUnit4Provider.invoke(JUnit4Provider.java:159)
	at org.apache.maven.surefire.booter.ForkedBooter.invokeProviderInSameClassLoader(ForkedBooter.java:384)
	at org.apache.maven.surefire.booter.ForkedBooter.runSuitesInProcess(ForkedBooter.java:345)
	at org.apache.maven.surefire.booter.ForkedBooter.execute(ForkedBooter.java:126)
	at org.apache.maven.surefire.booter.ForkedBooter.main(ForkedBooter.java:418)
18:32:31.487 [pulsar-client-io-1-1] INFO  o.a.p.client.impl.ConnectionPool - [[id: 0x1046130f, L:/127.0.0.1:49263 - R:localhost/127.0.0.1:49241]] Connected to server
18:32:31.794 [pulsar-client-io-1-1] INFO  o.a.p.c.i.ConsumerStatsRecorderImpl - Starting Pulsar consumer status recorder with config: {"topicNames":["test-topic"],"topicsPattern":null,"subscriptionName":"test-sub","subscriptionType":"Exclusive","subscriptionProperties":null,"subscriptionMode":"Durable","receiverQueueSize":1000,"acknowledgementsGroupTimeMicros":100000,"negativeAckRedeliveryDelayMicros":60000000,"maxTotalReceiverQueueSizeAcrossPartitions":50000,"consumerName":null,"ackTimeoutMillis":0,"tickDurationMillis":1000,"priorityLevel":0,"maxPendingChunkedMessage":10,"autoAckOldestChunkedMessageOnQueueFull":false,"expireTimeOfIncompleteChunkedMessageMillis":60000,"cryptoFailureAction":"FAIL","properties":{},"readCompacted":false,"subscriptionInitialPosition":"Latest","patternAutoDiscoveryPeriod":60,"regexSubscriptionMode":"PersistentOnly","deadLetterPolicy":null,"retryEnable":false,"autoUpdatePartitions":true,"autoUpdatePartitionsIntervalSeconds":60,"replicateSubscriptionState":false,"resetIncludeHead":false,"keySharedPolicy":null,"batchIndexAckEnabled":false,"ackReceiptEnabled":false,"poolMessages":false,"startPaused":false,"maxPendingChuckedMessage":10}
18:32:31.808 [pulsar-client-io-1-1] INFO  o.a.p.c.i.ConsumerStatsRecorderImpl - Pulsar client config: {"serviceUrl":"pulsar://localhost:49241","authPluginClassName":null,"authParams":null,"authParamMap":null,"operationTimeoutMs":30000,"lookupTimeoutMs":30000,"statsIntervalSeconds":60,"numIoThreads":1,"numListenerThreads":1,"connectionsPerBroker":1,"useTcpNoDelay":true,"useTls":false,"tlsTrustCertsFilePath":"","tlsAllowInsecureConnection":false,"tlsHostnameVerificationEnable":false,"concurrentLookupRequest":5000,"maxLookupRequest":50000,"maxLookupRedirects":20,"maxNumberOfRejectedRequestPerConnection":50,"keepAliveIntervalSeconds":30,"connectionTimeoutMs":10000,"requestTimeoutMs":60000,"initialBackoffIntervalNanos":100000000,"maxBackoffIntervalNanos":60000000000,"enableBusyWait":false,"listenerName":null,"useKeyStoreTls":false,"sslProvider":null,"tlsTrustStoreType":"JKS","tlsTrustStorePath":null,"tlsTrustStorePassword":null,"tlsCiphers":[],"tlsProtocols":[],"memoryLimitBytes":67108864,"proxyServiceUrl":null,"proxyProtocol":null,"enableTransaction":false,"dnsLookupBindAddress":null,"dnsLookupBindPort":0,"socks5ProxyAddress":null,"socks5ProxyUsername":null,"socks5ProxyPassword":null}
18:32:31.858 [pulsar-client-io-1-1] INFO  o.a.p.client.impl.ConnectionPool - [[id: 0x8c7bf258, L:/127.0.0.1:49264 - R:localhost/127.0.0.1:49241]] Connected to server
18:32:31.859 [pulsar-client-io-1-1] INFO  o.a.pulsar.client.impl.ClientCnx - [id: 0x8c7bf258, L:/127.0.0.1:49264 - R:localhost/127.0.0.1:49241] Connected through proxy to target broker at 04d154b52cb3:6650
18:32:31.864 [pulsar-client-io-1-1] INFO  o.a.pulsar.client.impl.ConsumerImpl - [test-topic][test-sub] Subscribing to topic on cnx [id: 0x8c7bf258, L:/127.0.0.1:49264 - R:localhost/127.0.0.1:49241], consumerId 0
18:32:32.334 [pulsar-client-io-1-1] INFO  o.a.pulsar.client.impl.ConsumerImpl - [test-topic][test-sub] Subscribed to topic on localhost/127.0.0.1:49241 -- consumer: 0
18:32:32.340 [pulsar-client-io-6-1] INFO  o.a.p.client.impl.ConnectionPool - [[id: 0x2ccb659d, L:/127.0.0.1:49265 - R:localhost/127.0.0.1:49241]] Connected to server
18:32:32.368 [pulsar-client-io-6-1] INFO  o.a.p.c.i.ProducerStatsRecorderImpl - Starting Pulsar producer perf with config: {"topicName":"test-topic","producerName":null,"sendTimeoutMs":30000,"blockIfQueueFull":false,"maxPendingMessages":0,"maxPendingMessagesAcrossPartitions":0,"messageRoutingMode":"RoundRobinPartition","hashingScheme":"JavaStringHash","cryptoFailureAction":"FAIL","batchingMaxPublishDelayMicros":1000,"batchingPartitionSwitchFrequencyByPublishDelay":10,"batchingMaxMessages":1000,"batchingMaxBytes":131072,"batchingEnabled":true,"chunkingEnabled":false,"compressionType":"NONE","initialSequenceId":null,"autoUpdatePartitions":true,"autoUpdatePartitionsIntervalSeconds":60,"multiSchema":true,"accessMode":"Shared","lazyStartPartitionedProducers":false,"properties":{},"initialSubscriptionName":null}
18:32:32.371 [pulsar-client-io-6-1] INFO  o.a.p.c.i.ProducerStatsRecorderImpl - Pulsar client config: {"serviceUrl":"pulsar://localhost:49241","authPluginClassName":null,"authParams":null,"authParamMap":null,"operationTimeoutMs":30000,"lookupTimeoutMs":30000,"statsIntervalSeconds":60,"numIoThreads":1,"numListenerThreads":1,"connectionsPerBroker":1,"useTcpNoDelay":true,"useTls":false,"tlsTrustCertsFilePath":"","tlsAllowInsecureConnection":false,"tlsHostnameVerificationEnable":false,"concurrentLookupRequest":5000,"maxLookupRequest":50000,"maxLookupRedirects":20,"maxNumberOfRejectedRequestPerConnection":50,"keepAliveIntervalSeconds":30,"connectionTimeoutMs":10000,"requestTimeoutMs":60000,"initialBackoffIntervalNanos":100000000,"maxBackoffIntervalNanos":60000000000,"enableBusyWait":false,"listenerName":null,"useKeyStoreTls":false,"sslProvider":null,"tlsTrustStoreType":"JKS","tlsTrustStorePath":null,"tlsTrustStorePassword":null,"tlsCiphers":[],"tlsProtocols":[],"memoryLimitBytes":67108864,"proxyServiceUrl":null,"proxyProtocol":null,"enableTransaction":false,"dnsLookupBindAddress":null,"dnsLookupBindPort":0,"socks5ProxyAddress":null,"socks5ProxyUsername":null,"socks5ProxyPassword":null}
18:32:32.377 [pulsar-client-io-6-1] INFO  o.a.p.client.impl.ConnectionPool - [[id: 0x8da4e9ff, L:/127.0.0.1:49266 - R:localhost/127.0.0.1:49241]] Connected to server
18:32:32.378 [pulsar-client-io-6-1] INFO  o.a.pulsar.client.impl.ClientCnx - [id: 0x8da4e9ff, L:/127.0.0.1:49266 - R:localhost/127.0.0.1:49241] Connected through proxy to target broker at 04d154b52cb3:6650
18:32:32.385 [pulsar-client-io-6-1] INFO  o.a.pulsar.client.impl.ProducerImpl - [test-topic] [null] Creating producer on cnx [id: 0x8da4e9ff, L:/127.0.0.1:49266 - R:localhost/127.0.0.1:49241]
18:32:32.417 [pulsar-client-io-6-1] INFO  o.a.pulsar.client.impl.ProducerImpl - [test-topic] [standalone-0-0] Created producer on cnx [id: 0x8da4e9ff, L:/127.0.0.1:49266 - R:localhost/127.0.0.1:49241]
18:32:32.435 [pulsar-client-io-6-1] WARN  c.s.circe.checksum.Crc32cIntChecksum - Failed to load Circe JNI library. Falling back to Java based CRC32c provider
18:32:32.960 [main] INFO  o.a.p.c.i.ProducerStatsRecorderImpl - [test-topic] [standalone-0-0] Pending messages: 0 --- Publish throughput: 5.11 msg/s --- 0.00 Mbit/s --- Latency: med: 529.000 ms - 95pct: 533.000 ms - 99pct: 533.000 ms - 99.9pct: 533.000 ms - max: 533.000 ms --- BatchSize: med: 2.000 - 95pct: 2.000 - 99pct: 2.000 - 99.9pct: 2.000 - max: 2.000 --- MsgSize: med: 70.000 bytes - 95pct: 70.000 bytes - 99pct: 70.000 bytes - 99.9pct: 70.000 bytes - max: 70.000 bytes --- Ack received rate: 5.11 ack/s --- Failed messages: 0 --- Pending messages: 0
18:32:33.018 [pulsar-client-io-6-1] INFO  o.a.pulsar.client.impl.ProducerImpl - [test-topic] [standalone-0-0] Closed Producer
18:32:33.019 [main] INFO  o.a.p.client.impl.PulsarClientImpl - Client closing. URL: pulsar://localhost:49241
18:32:33.023 [pulsar-client-io-6-1] INFO  o.a.pulsar.client.impl.ClientCnx - [id: 0x2ccb659d, L:/127.0.0.1:49265 ! R:localhost/127.0.0.1:49241] Disconnected
18:32:33.027 [pulsar-client-io-6-1] INFO  o.a.pulsar.client.impl.ClientCnx - [id: 0x8da4e9ff, L:/127.0.0.1:49266 ! R:localhost/127.0.0.1:49241] Disconnected
18:32:35.277 [pulsar-client-io-1-1] INFO  o.a.pulsar.client.impl.ClientCnx - [id: 0x1046130f, L:/127.0.0.1:49263 ! R:localhost/127.0.0.1:49241] Disconnected
18:32:35.277 [pulsar-client-io-1-1] INFO  o.a.pulsar.client.impl.ClientCnx - [id: 0x8c7bf258, L:/127.0.0.1:49264 ! R:localhost/127.0.0.1:49241] Disconnected
18:32:35.277 [pulsar-client-io-1-1] INFO  o.a.p.client.impl.ConnectionHandler - [test-topic] [test-sub] Closed connection [id: 0x8c7bf258, L:/127.0.0.1:49264 ! R:localhost/127.0.0.1:49241] -- Will try again in 0.1 s
18:32:35.379 [pulsar-timer-5-1] INFO  o.a.p.client.impl.ConnectionHandler - [test-topic] [test-sub] Reconnecting after timeout
18:32:35.383 [pulsar-client-io-1-1] WARN  o.a.p.client.impl.ConnectionPool - Failed to open connection to localhost/<unresolved>:49241 : org.apache.pulsar.shade.io.netty.channel.AbstractChannel$AnnotatedConnectException: Connection refused: localhost/127.0.0.1:49241
18:32:35.384 [pulsar-client-io-1-1] WARN  o.a.p.client.impl.ConnectionHandler - [test-topic] [test-sub] Error connecting to broker: org.apache.pulsar.client.api.PulsarClientException: java.util.concurrent.CompletionException: org.apache.pulsar.shade.io.netty.channel.AbstractChannel$AnnotatedConnectException: Connection refused: localhost/127.0.0.1:49241
18:32:35.384 [pulsar-client-io-1-1] WARN  o.a.p.client.impl.ConnectionHandler - [test-topic] [test-sub] Could not get connection to broker: org.apache.pulsar.client.api.PulsarClientException: java.util.concurrent.CompletionException: org.apache.pulsar.shade.io.netty.channel.AbstractChannel$AnnotatedConnectException: Connection refused: localhost/127.0.0.1:49241 -- Will try again in 0.2 s
18:32:35.449 [main] INFO  o.a.pulsar.client.impl.ConsumerImpl - [test-topic] [test-sub] Closed Consumer (not connected)
[INFO] Tests run: 1, Failures: 0, Errors: 0, Skipped: 0, Time elapsed: 17.426 s - in org.apache.streampipes.integration.adapters.AdaptersTest
[INFO] Running org.apache.streampipes.integration.svcdiscovery.ConsulSpServiceDiscoveryTest
18:32:35.454 [main] INFO  🐳 [consul:1.14.3] - Creating container for image: consul:1.14.3
18:32:35.486 [main] INFO  🐳 [consul:1.14.3] - Container consul:1.14.3 is starting: 97476f237eaeba354518c42a33f8723683c16ef96bc07cef088707cbb9d75dac
18:32:35.587 [pulsar-timer-5-1] INFO  o.a.p.client.impl.ConnectionHandler - [test-topic] [test-sub] Reconnecting after connection was closed
18:32:35.587 [pulsar-timer-5-1] INFO  o.a.p.client.impl.ConnectionHandler - [test-topic] [test-sub] Ignoring reconnection request (state: Closed)
18:32:35.803 [main] INFO  o.t.c.wait.strategy.HttpWaitStrategy - /festive_joliot: Waiting for 60 seconds for URL: http://localhost:49268/v1/status/leader (where port 49268 maps to container port 8500)
18:32:36.816 [main] INFO  🐳 [consul:1.14.3] - Container consul:1.14.3 started in PT1.36257S
18:32:37.553 [main] INFO  o.a.s.s.consul.ConsulProvider - Checking if consul is available on host localhost and port 49268
18:32:37.554 [main] INFO  o.a.s.s.consul.ConsulProvider - Successfully connected to Consul on host localhost
18:32:37.789 [main] INFO  o.a.s.s.c.SpConsulServiceDiscovery - Successfully registered service at Consul: abc
18:32:37.797 [main] INFO  o.a.s.s.c.SpConsulServiceDiscovery - Successfully registered service at Consul: def
18:32:37.797 [main] INFO  o.a.s.s.c.SpConsulServiceDiscovery - Load pipeline element service status
18:32:37.814 [main] INFO  o.a.s.s.c.SpConsulServiceDiscovery - Service id: abc service status: PASSING
18:32:37.814 [main] INFO  o.a.s.s.c.SpConsulServiceDiscovery - Deregister service: abc
18:32:37.818 [main] INFO  o.a.s.s.c.SpConsulServiceDiscovery - Deregister service: def
18:32:37.834 [main] INFO  o.a.s.s.c.SpConsulServiceDiscovery - Successfully registered service at Consul: abc
18:32:37.848 [main] INFO  o.a.s.s.c.SpConsulServiceDiscovery - Deregister service: abc
[INFO] Tests run: 2, Failures: 0, Errors: 0, Skipped: 0, Time elapsed: 5.425 s - in org.apache.streampipes.integration.svcdiscovery.ConsulSpServiceDiscoveryTest
[INFO] Running org.apache.streampipes.integration.svcdiscovery.ConsulSpConfigTest
[INFO] Tests run: 4, Failures: 0, Errors: 0, Skipped: 0, Time elapsed: 0.115 s - in org.apache.streampipes.integration.svcdiscovery.ConsulSpConfigTest
[INFO] Running org.apache.streampipes.integration.svcdiscovery.ConsulKvManagementTest
18:32:41.008 [main] INFO  o.a.s.s.consul.SpConsulKvManagement - Updated config - key:a/test value: {"key":"a/test","value":"abc","isPassword":false}
18:32:41.013 [main] INFO  o.a.s.s.consul.SpConsulKvManagement - Updated config - key:a/test2 value: {"key":"a/test2","value":"def","isPassword":false}
[INFO] Tests run: 1, Failures: 0, Errors: 0, Skipped: 0, Time elapsed: 0.013 s - in org.apache.streampipes.integration.svcdiscovery.ConsulKvManagementTest
[INFO] 
[INFO] Results:
[INFO] 
[INFO] Tests run: 8, Failures: 0, Errors: 0, Skipped: 0
[INFO] 
[INFO] 
[INFO] --- maven-jar-plugin:3.3.0:jar (default-jar) @ streampipes-integration-tests ---
[INFO] Building jar: /Users/arian/edu/kth/softfund_dd2480/assignment4/DD2480-Assignment-4/streampipes-integration-tests/target/streampipes-integration-tests-0.92.0-SNAPSHOT.jar
[INFO] 
[INFO] --- maven-site-plugin:3.12.1:attach-descriptor (attach-descriptor) @ streampipes-integration-tests ---
[INFO] Skipping because packaging 'jar' is not pom.
[INFO] 
[INFO] --- maven-javadoc-plugin:3.4.1:jar (attach-javadocs) @ streampipes-integration-tests ---
[INFO] 
[INFO] >>> maven-source-plugin:3.2.1:jar (attach-sources) > generate-sources @ streampipes-integration-tests >>>
[INFO] 
[INFO] --- maven-enforcer-plugin:3.1.0:enforce (enforce-maven-version) @ streampipes-integration-tests ---
[INFO] 
[INFO] --- maven-enforcer-plugin:3.1.0:enforce (enforce-java-version) @ streampipes-integration-tests ---
[INFO] 
[INFO] --- maven-enforcer-plugin:3.1.0:enforce (check-at-least-java-17) @ streampipes-integration-tests ---
[INFO] 
[INFO] --- maven-enforcer-plugin:3.1.0:enforce (enforce-version-convergence) @ streampipes-integration-tests ---
[INFO] 
[INFO] --- maven-checkstyle-plugin:3.2.1:check (validate) @ streampipes-integration-tests ---
[INFO] 
[INFO] <<< maven-source-plugin:3.2.1:jar (attach-sources) < generate-sources @ streampipes-integration-tests <<<
[INFO] 
[INFO] 
[INFO] --- maven-source-plugin:3.2.1:jar (attach-sources) @ streampipes-integration-tests ---
[INFO] Building jar: /Users/arian/edu/kth/softfund_dd2480/assignment4/DD2480-Assignment-4/streampipes-integration-tests/target/streampipes-integration-tests-0.92.0-SNAPSHOT-sources.jar
[INFO] ------------------------------------------------------------------------
[INFO] Reactor Summary for Apache StreamPipes 0.92.0-SNAPSHOT:
[INFO] 
[INFO] Apache StreamPipes ................................. SUCCESS [  2.320 s]
[INFO] streampipes-archetype-extensions-jvm ............... SUCCESS [  2.168 s]
[INFO] streampipes-archetype-pe-sinks-flink ............... SUCCESS [  0.100 s]
[INFO] streampipes-archetype-pe-processors-flink .......... SUCCESS [  0.112 s]
[INFO] StreamPipes Commons ................................ SUCCESS [  4.058 s]
[INFO] streampipes-service-discovery-api .................. SUCCESS [  2.646 s]
[INFO] StreamPipes Logging ................................ SUCCESS [  2.547 s]
[INFO] streampipes-model-shared ........................... SUCCESS [  2.005 s]
[INFO] streampipes-vocabulary ............................. SUCCESS [  3.226 s]
[INFO] streampipes-model .................................. SUCCESS [ 12.936 s]
[INFO] streampipes-model-client ........................... SUCCESS [  4.120 s]
[INFO] streampipes-test-utils ............................. SUCCESS [  2.623 s]
[INFO] streampipes-serializers-json ....................... SUCCESS [  3.555 s]
[INFO] streampipes-service-discovery-consul ............... SUCCESS [  3.038 s]
[INFO] streampipes-service-discovery ...................... SUCCESS [  2.370 s]
[INFO] streampipes-service-base ........................... SUCCESS [  4.094 s]
[INFO] streampipes-config ................................. SUCCESS [  2.104 s]
[INFO] streampipes-messaging .............................. SUCCESS [  1.815 s]
[INFO] streampipes-messaging-kafka ........................ SUCCESS [  2.196 s]
[INFO] streampipes-dataformat ............................. SUCCESS [  1.783 s]
[INFO] streampipes-dataformat-json ........................ SUCCESS [  1.878 s]
[INFO] streampipes-dataformat-cbor ........................ SUCCESS [  1.723 s]
[INFO] streampipes-dataformat-fst ......................... SUCCESS [  1.578 s]
[INFO] streampipes-security-jwt ........................... SUCCESS [  1.764 s]
[INFO] streampipes-client ................................. SUCCESS [  3.789 s]
[INFO] streampipes-data-explorer-commons .................. SUCCESS [  2.431 s]
[INFO] streampipes-storage-api ............................ SUCCESS [  2.153 s]
[INFO] streampipes-storage-couchdb ........................ SUCCESS [  4.059 s]
[INFO] streampipes-storage-management ..................... SUCCESS [  1.634 s]
[INFO] streampipes-data-explorer .......................... SUCCESS [  4.905 s]
[INFO] streampipes-sdk .................................... SUCCESS [  5.184 s]
[INFO] streampipes-extensions-api ......................... SUCCESS [  2.249 s]
[INFO] streampipes-dataformat-smile ....................... SUCCESS [  1.678 s]
[INFO] streampipes-measurement-units ...................... SUCCESS [  3.586 s]
[INFO] streampipes-messaging-jms .......................... SUCCESS [  1.975 s]
[INFO] streampipes-messaging-mqtt ......................... SUCCESS [  1.847 s]
[INFO] streampipes-messaging-nats ......................... SUCCESS [  1.786 s]
[INFO] streampipes-extensions-management .................. SUCCESS [  7.176 s]
[INFO] streampipes-user-management ........................ SUCCESS [  3.547 s]
[INFO] streampipes-mail ................................... SUCCESS [  2.713 s]
[INFO] streampipes-resource-management .................... SUCCESS [  4.656 s]
[INFO] streampipes-pipeline-management .................... SUCCESS [ 10.015 s]
[INFO] streampipes-data-export ............................ SUCCESS [  4.688 s]
[INFO] streampipes-rest-shared ............................ SUCCESS [  2.106 s]
[INFO] streampipes-rest-core-base ......................... SUCCESS [  2.538 s]
[INFO] streampipes-connect-management ..................... SUCCESS [  4.487 s]
[INFO] StreamPipes REST API ............................... SUCCESS [  5.173 s]
[INFO] streampipes-platform-services ...................... SUCCESS [  2.585 s]
[INFO] StreamPipes Core ................................... SUCCESS [  5.514 s]
[INFO] streampipes-rest-extensions ........................ SUCCESS [  2.900 s]
[INFO] streampipes-service-extensions ..................... SUCCESS [  3.134 s]
[INFO] Apache StreamPipes Maven Plugin .................... SUCCESS [  5.625 s]
[INFO] streampipes-extensions ............................. SUCCESS [  0.092 s]
[INFO] streampipes-pipeline-elements-shared ............... SUCCESS [  2.139 s]
[INFO] streampipes-connect-adapters ....................... SUCCESS [  6.280 s]
[INFO] streampipes-connect-adapters-iiot .................. SUCCESS [  4.501 s]
[INFO] streampipes-sdk-bundle ............................. SUCCESS [  0.493 s]
[INFO] streampipes-wrapper ................................ SUCCESS [  2.914 s]
[INFO] StreamPipes Wrapper for Standalone Pipeline Element Implementations SUCCESS [  3.321 s]
[INFO] streampipes-processors-filters-jvm ................. SUCCESS [  7.073 s]
[INFO] streampipes-connectors-influx ...................... SUCCESS [  2.797 s]
[INFO] streampipes-wrapper-siddhi ......................... SUCCESS [  4.944 s]
[INFO] streampipes-processors-filters-siddhi .............. SUCCESS [  7.092 s]
[INFO] streampipes-processors-transformation-jvm .......... SUCCESS [  8.684 s]
[INFO] streampipes-sinks-brokers-jvm ...................... SUCCESS [  8.308 s]
[INFO] streampipes-sinks-databases-jvm .................... SUCCESS [ 10.600 s]
[INFO] streampipes-sinks-internal-jvm ..................... SUCCESS [  3.569 s]
[INFO] streampipes-sinks-notifications-jvm ................ SUCCESS [  3.733 s]
[INFO] streampipes-processors-enricher-jvm ................ SUCCESS [  3.724 s]
[INFO] streampipes-processors-change-detection-jvm ........ SUCCESS [  2.953 s]
[INFO] streampipes-extensions-all-iiot .................... SUCCESS [  5.970 s]
[INFO] streampipes-processors-image-processing-jvm ........ SUCCESS [  2.873 s]
[INFO] streampipes-processors-text-mining-jvm ............. SUCCESS [  4.995 s]
[INFO] streampipes-processors-geo-jvm ..................... SUCCESS [  5.086 s]
[INFO] streampipes-pipeline-elements-all-jvm .............. SUCCESS [  6.534 s]
[INFO] streampipes-extensions-all-jvm ..................... SUCCESS [  5.350 s]
[INFO] streampipes-wrapper-distributed .................... SUCCESS [  2.405 s]
[INFO] StreamPipes Wrapper for Apache Flink ............... SUCCESS [  4.022 s]
[INFO] streampipes-processors-aggregation-flink ........... SUCCESS [ 14.765 s]
[INFO] streampipes-processors-enricher-flink .............. SUCCESS [ 12.660 s]
[INFO] streampipes-processors-geo-flink ................... SUCCESS [ 12.622 s]
[INFO] streampipes-processors-pattern-detection-flink ..... SUCCESS [ 14.921 s]
[INFO] streampipes-processors-statistics-flink ............ SUCCESS [ 15.209 s]
[INFO] streampipes-processors-text-mining-flink ........... SUCCESS [ 14.260 s]
[INFO] streampipes-processors-transformation-flink ........ SUCCESS [ 15.372 s]
[INFO] streampipes-sinks-databases-flink .................. SUCCESS [ 15.412 s]
[INFO] streampipes-pipeline-elements-all-flink ............ SUCCESS [ 20.252 s]
[INFO] streampipes-pipeline-elements-data-simulator ....... SUCCESS [  2.909 s]
[INFO] streampipes-sources ................................ SUCCESS [  1.896 s]
[INFO] streampipes-sources-watertank-simulator ............ SUCCESS [  4.009 s]
[INFO] streampipes-sources-vehicle-simulator .............. SUCCESS [  3.709 s]
[INFO] streampipes-wrapper-kafka-streams .................. SUCCESS [  2.666 s]
[INFO] streampipes-wrapper-python ......................... SUCCESS [  0.030 s]
[INFO] StreamPipes Integration Tests ...................... SUCCESS [ 25.447 s]
[INFO] ------------------------------------------------------------------------
[INFO] BUILD SUCCESS
[INFO] ------------------------------------------------------------------------
[INFO] Total time:  07:48 min
[INFO] Finished at: 2023-03-05T18:32:41+01:00
[INFO] ------------------------------------------------------------------------
